[0.640s] DEBUG:colcon:Command line arguments: ['/usr/bin/colcon', 'build', '--packages-select', 'saye_description']
[0.640s] DEBUG:colcon:Parsed command line arguments: Namespace(log_base=None, log_level=None, verb_name='build', build_base='build', install_base='install', merge_install=False, symlink_install=False, test_result_base=None, continue_on_error=False, executor='parallel', parallel_workers=16, event_handlers=None, ignore_user_meta=False, metas=['./colcon.meta'], base_paths=['.'], packages_ignore=None, packages_ignore_regex=None, paths=None, packages_up_to=None, packages_up_to_regex=None, packages_above=None, packages_above_and_dependencies=None, packages_above_depth=None, packages_select_by_dep=None, packages_skip_by_dep=None, packages_skip_up_to=None, packages_select_build_failed=False, packages_skip_build_finished=False, packages_select_test_failures=False, packages_skip_test_passed=False, packages_select=['saye_description'], packages_skip=None, packages_select_regex=None, packages_skip_regex=None, packages_start=None, packages_end=None, allow_overriding=[], cmake_args=None, cmake_target=None, cmake_target_skip_unavailable=False, cmake_clean_cache=False, cmake_clean_first=False, cmake_force_configure=False, ament_cmake_args=None, catkin_cmake_args=None, catkin_skip_building_tests=False, verb_parser=<colcon_defaults.argument_parser.defaults.DefaultArgumentsDecorator object at 0x78b093373d10>, verb_extension=<colcon_core.verb.build.BuildVerb object at 0x78b0942426c0>, main=<bound method BuildVerb.main of <colcon_core.verb.build.BuildVerb object at 0x78b0942426c0>>)
[0.730s] Level 1:colcon.colcon_core.package_discovery:discover_packages(colcon_meta) check parameters
[0.730s] Level 1:colcon.colcon_core.package_discovery:discover_packages(recursive) check parameters
[0.731s] Level 1:colcon.colcon_core.package_discovery:discover_packages(ignore) check parameters
[0.731s] Level 1:colcon.colcon_core.package_discovery:discover_packages(path) check parameters
[0.731s] Level 1:colcon.colcon_core.package_discovery:discover_packages(colcon_meta) discover
[0.731s] Level 1:colcon.colcon_core.package_discovery:discover_packages(recursive) discover
[0.731s] INFO:colcon.colcon_core.package_discovery:Crawling recursively for packages in '/home/yiyi/ackermann_sim'
[0.731s] Level 1:colcon.colcon_core.package_identification:_identify(.) by extensions ['ignore', 'ignore_ament_install']
[0.731s] Level 1:colcon.colcon_core.package_identification:_identify(.) by extension 'ignore'
[0.732s] Level 1:colcon.colcon_core.package_identification:_identify(.) by extension 'ignore_ament_install'
[0.732s] Level 1:colcon.colcon_core.package_identification:_identify(.) by extensions ['colcon_pkg']
[0.732s] Level 1:colcon.colcon_core.package_identification:_identify(.) by extension 'colcon_pkg'
[0.732s] Level 1:colcon.colcon_core.package_identification:_identify(.) by extensions ['colcon_meta']
[0.732s] Level 1:colcon.colcon_core.package_identification:_identify(.) by extension 'colcon_meta'
[0.732s] Level 1:colcon.colcon_core.package_identification:_identify(.) by extensions ['ros']
[0.732s] Level 1:colcon.colcon_core.package_identification:_identify(.) by extension 'ros'
[0.779s] Level 1:colcon.colcon_core.package_identification:_identify(.) by extensions ['cmake', 'python']
[0.779s] Level 1:colcon.colcon_core.package_identification:_identify(.) by extension 'cmake'
[0.779s] Level 1:colcon.colcon_core.package_identification:_identify(.) by extension 'python'
[0.780s] Level 1:colcon.colcon_core.package_identification:_identify(.) by extensions ['python_setup_py']
[0.780s] Level 1:colcon.colcon_core.package_identification:_identify(.) by extension 'python_setup_py'
[0.780s] Level 1:colcon.colcon_core.package_identification:_identify(build) by extensions ['ignore', 'ignore_ament_install']
[0.780s] Level 1:colcon.colcon_core.package_identification:_identify(build) by extension 'ignore'
[0.780s] Level 1:colcon.colcon_core.package_identification:_identify(build) ignored
[0.780s] Level 1:colcon.colcon_core.package_identification:_identify(install) by extensions ['ignore', 'ignore_ament_install']
[0.780s] Level 1:colcon.colcon_core.package_identification:_identify(install) by extension 'ignore'
[0.781s] Level 1:colcon.colcon_core.package_identification:_identify(install) ignored
[0.781s] Level 1:colcon.colcon_core.package_identification:_identify(log) by extensions ['ignore', 'ignore_ament_install']
[0.781s] Level 1:colcon.colcon_core.package_identification:_identify(log) by extension 'ignore'
[0.781s] Level 1:colcon.colcon_core.package_identification:_identify(log) ignored
[0.781s] Level 1:colcon.colcon_core.package_identification:_identify(ros_logs) by extensions ['ignore', 'ignore_ament_install']
[0.781s] Level 1:colcon.colcon_core.package_identification:_identify(ros_logs) by extension 'ignore'
[0.781s] Level 1:colcon.colcon_core.package_identification:_identify(ros_logs) by extension 'ignore_ament_install'
[0.782s] Level 1:colcon.colcon_core.package_identification:_identify(ros_logs) by extensions ['colcon_pkg']
[0.782s] Level 1:colcon.colcon_core.package_identification:_identify(ros_logs) by extension 'colcon_pkg'
[0.782s] Level 1:colcon.colcon_core.package_identification:_identify(ros_logs) by extensions ['colcon_meta']
[0.782s] Level 1:colcon.colcon_core.package_identification:_identify(ros_logs) by extension 'colcon_meta'
[0.782s] Level 1:colcon.colcon_core.package_identification:_identify(ros_logs) by extensions ['ros']
[0.782s] Level 1:colcon.colcon_core.package_identification:_identify(ros_logs) by extension 'ros'
[0.782s] Level 1:colcon.colcon_core.package_identification:_identify(ros_logs) by extensions ['cmake', 'python']
[0.782s] Level 1:colcon.colcon_core.package_identification:_identify(ros_logs) by extension 'cmake'
[0.782s] Level 1:colcon.colcon_core.package_identification:_identify(ros_logs) by extension 'python'
[0.782s] Level 1:colcon.colcon_core.package_identification:_identify(ros_logs) by extensions ['python_setup_py']
[0.782s] Level 1:colcon.colcon_core.package_identification:_identify(ros_logs) by extension 'python_setup_py'
[0.782s] Level 1:colcon.colcon_core.package_identification:_identify(ros_logs/2025-10-24-11-44-08-209871-yiyi-67974) by extensions ['ignore', 'ignore_ament_install']
[0.782s] Level 1:colcon.colcon_core.package_identification:_identify(ros_logs/2025-10-24-11-44-08-209871-yiyi-67974) by extension 'ignore'
[0.783s] Level 1:colcon.colcon_core.package_identification:_identify(ros_logs/2025-10-24-11-44-08-209871-yiyi-67974) by extension 'ignore_ament_install'
[0.783s] Level 1:colcon.colcon_core.package_identification:_identify(ros_logs/2025-10-24-11-44-08-209871-yiyi-67974) by extensions ['colcon_pkg']
[0.783s] Level 1:colcon.colcon_core.package_identification:_identify(ros_logs/2025-10-24-11-44-08-209871-yiyi-67974) by extension 'colcon_pkg'
[0.783s] Level 1:colcon.colcon_core.package_identification:_identify(ros_logs/2025-10-24-11-44-08-209871-yiyi-67974) by extensions ['colcon_meta']
[0.783s] Level 1:colcon.colcon_core.package_identification:_identify(ros_logs/2025-10-24-11-44-08-209871-yiyi-67974) by extension 'colcon_meta'
[0.783s] Level 1:colcon.colcon_core.package_identification:_identify(ros_logs/2025-10-24-11-44-08-209871-yiyi-67974) by extensions ['ros']
[0.783s] Level 1:colcon.colcon_core.package_identification:_identify(ros_logs/2025-10-24-11-44-08-209871-yiyi-67974) by extension 'ros'
[0.783s] Level 1:colcon.colcon_core.package_identification:_identify(ros_logs/2025-10-24-11-44-08-209871-yiyi-67974) by extensions ['cmake', 'python']
[0.783s] Level 1:colcon.colcon_core.package_identification:_identify(ros_logs/2025-10-24-11-44-08-209871-yiyi-67974) by extension 'cmake'
[0.783s] Level 1:colcon.colcon_core.package_identification:_identify(ros_logs/2025-10-24-11-44-08-209871-yiyi-67974) by extension 'python'
[0.783s] Level 1:colcon.colcon_core.package_identification:_identify(ros_logs/2025-10-24-11-44-08-209871-yiyi-67974) by extensions ['python_setup_py']
[0.783s] Level 1:colcon.colcon_core.package_identification:_identify(ros_logs/2025-10-24-11-44-08-209871-yiyi-67974) by extension 'python_setup_py'
[0.783s] Level 1:colcon.colcon_core.package_identification:_identify(ros_logs/2025-10-24-14-59-23-245801-yiyi-3597) by extensions ['ignore', 'ignore_ament_install']
[0.783s] Level 1:colcon.colcon_core.package_identification:_identify(ros_logs/2025-10-24-14-59-23-245801-yiyi-3597) by extension 'ignore'
[0.783s] Level 1:colcon.colcon_core.package_identification:_identify(ros_logs/2025-10-24-14-59-23-245801-yiyi-3597) by extension 'ignore_ament_install'
[0.784s] Level 1:colcon.colcon_core.package_identification:_identify(ros_logs/2025-10-24-14-59-23-245801-yiyi-3597) by extensions ['colcon_pkg']
[0.784s] Level 1:colcon.colcon_core.package_identification:_identify(ros_logs/2025-10-24-14-59-23-245801-yiyi-3597) by extension 'colcon_pkg'
[0.784s] Level 1:colcon.colcon_core.package_identification:_identify(ros_logs/2025-10-24-14-59-23-245801-yiyi-3597) by extensions ['colcon_meta']
[0.784s] Level 1:colcon.colcon_core.package_identification:_identify(ros_logs/2025-10-24-14-59-23-245801-yiyi-3597) by extension 'colcon_meta'
[0.784s] Level 1:colcon.colcon_core.package_identification:_identify(ros_logs/2025-10-24-14-59-23-245801-yiyi-3597) by extensions ['ros']
[0.784s] Level 1:colcon.colcon_core.package_identification:_identify(ros_logs/2025-10-24-14-59-23-245801-yiyi-3597) by extension 'ros'
[0.784s] Level 1:colcon.colcon_core.package_identification:_identify(ros_logs/2025-10-24-14-59-23-245801-yiyi-3597) by extensions ['cmake', 'python']
[0.784s] Level 1:colcon.colcon_core.package_identification:_identify(ros_logs/2025-10-24-14-59-23-245801-yiyi-3597) by extension 'cmake'
[0.784s] Level 1:colcon.colcon_core.package_identification:_identify(ros_logs/2025-10-24-14-59-23-245801-yiyi-3597) by extension 'python'
[0.784s] Level 1:colcon.colcon_core.package_identification:_identify(ros_logs/2025-10-24-14-59-23-245801-yiyi-3597) by extensions ['python_setup_py']
[0.784s] Level 1:colcon.colcon_core.package_identification:_identify(ros_logs/2025-10-24-14-59-23-245801-yiyi-3597) by extension 'python_setup_py'
[0.784s] Level 1:colcon.colcon_core.package_identification:_identify(ros_logs/2025-10-24-18-10-36-096974-yiyi-139307) by extensions ['ignore', 'ignore_ament_install']
[0.784s] Level 1:colcon.colcon_core.package_identification:_identify(ros_logs/2025-10-24-18-10-36-096974-yiyi-139307) by extension 'ignore'
[0.784s] Level 1:colcon.colcon_core.package_identification:_identify(ros_logs/2025-10-24-18-10-36-096974-yiyi-139307) by extension 'ignore_ament_install'
[0.785s] Level 1:colcon.colcon_core.package_identification:_identify(ros_logs/2025-10-24-18-10-36-096974-yiyi-139307) by extensions ['colcon_pkg']
[0.785s] Level 1:colcon.colcon_core.package_identification:_identify(ros_logs/2025-10-24-18-10-36-096974-yiyi-139307) by extension 'colcon_pkg'
[0.785s] Level 1:colcon.colcon_core.package_identification:_identify(ros_logs/2025-10-24-18-10-36-096974-yiyi-139307) by extensions ['colcon_meta']
[0.785s] Level 1:colcon.colcon_core.package_identification:_identify(ros_logs/2025-10-24-18-10-36-096974-yiyi-139307) by extension 'colcon_meta'
[0.785s] Level 1:colcon.colcon_core.package_identification:_identify(ros_logs/2025-10-24-18-10-36-096974-yiyi-139307) by extensions ['ros']
[0.785s] Level 1:colcon.colcon_core.package_identification:_identify(ros_logs/2025-10-24-18-10-36-096974-yiyi-139307) by extension 'ros'
[0.785s] Level 1:colcon.colcon_core.package_identification:_identify(ros_logs/2025-10-24-18-10-36-096974-yiyi-139307) by extensions ['cmake', 'python']
[0.785s] Level 1:colcon.colcon_core.package_identification:_identify(ros_logs/2025-10-24-18-10-36-096974-yiyi-139307) by extension 'cmake'
[0.785s] Level 1:colcon.colcon_core.package_identification:_identify(ros_logs/2025-10-24-18-10-36-096974-yiyi-139307) by extension 'python'
[0.785s] Level 1:colcon.colcon_core.package_identification:_identify(ros_logs/2025-10-24-18-10-36-096974-yiyi-139307) by extensions ['python_setup_py']
[0.785s] Level 1:colcon.colcon_core.package_identification:_identify(ros_logs/2025-10-24-18-10-36-096974-yiyi-139307) by extension 'python_setup_py'
[0.785s] Level 1:colcon.colcon_core.package_identification:_identify(ros_logs/2025-10-24-18-17-33-103458-yiyi-144431) by extensions ['ignore', 'ignore_ament_install']
[0.785s] Level 1:colcon.colcon_core.package_identification:_identify(ros_logs/2025-10-24-18-17-33-103458-yiyi-144431) by extension 'ignore'
[0.786s] Level 1:colcon.colcon_core.package_identification:_identify(ros_logs/2025-10-24-18-17-33-103458-yiyi-144431) by extension 'ignore_ament_install'
[0.786s] Level 1:colcon.colcon_core.package_identification:_identify(ros_logs/2025-10-24-18-17-33-103458-yiyi-144431) by extensions ['colcon_pkg']
[0.786s] Level 1:colcon.colcon_core.package_identification:_identify(ros_logs/2025-10-24-18-17-33-103458-yiyi-144431) by extension 'colcon_pkg'
[0.786s] Level 1:colcon.colcon_core.package_identification:_identify(ros_logs/2025-10-24-18-17-33-103458-yiyi-144431) by extensions ['colcon_meta']
[0.786s] Level 1:colcon.colcon_core.package_identification:_identify(ros_logs/2025-10-24-18-17-33-103458-yiyi-144431) by extension 'colcon_meta'
[0.786s] Level 1:colcon.colcon_core.package_identification:_identify(ros_logs/2025-10-24-18-17-33-103458-yiyi-144431) by extensions ['ros']
[0.786s] Level 1:colcon.colcon_core.package_identification:_identify(ros_logs/2025-10-24-18-17-33-103458-yiyi-144431) by extension 'ros'
[0.786s] Level 1:colcon.colcon_core.package_identification:_identify(ros_logs/2025-10-24-18-17-33-103458-yiyi-144431) by extensions ['cmake', 'python']
[0.786s] Level 1:colcon.colcon_core.package_identification:_identify(ros_logs/2025-10-24-18-17-33-103458-yiyi-144431) by extension 'cmake'
[0.786s] Level 1:colcon.colcon_core.package_identification:_identify(ros_logs/2025-10-24-18-17-33-103458-yiyi-144431) by extension 'python'
[0.786s] Level 1:colcon.colcon_core.package_identification:_identify(ros_logs/2025-10-24-18-17-33-103458-yiyi-144431) by extensions ['python_setup_py']
[0.786s] Level 1:colcon.colcon_core.package_identification:_identify(ros_logs/2025-10-24-18-17-33-103458-yiyi-144431) by extension 'python_setup_py'
[0.787s] Level 1:colcon.colcon_core.package_identification:_identify(ros_logs/2025-10-24-18-36-50-129632-yiyi-158281) by extensions ['ignore', 'ignore_ament_install']
[0.787s] Level 1:colcon.colcon_core.package_identification:_identify(ros_logs/2025-10-24-18-36-50-129632-yiyi-158281) by extension 'ignore'
[0.787s] Level 1:colcon.colcon_core.package_identification:_identify(ros_logs/2025-10-24-18-36-50-129632-yiyi-158281) by extension 'ignore_ament_install'
[0.787s] Level 1:colcon.colcon_core.package_identification:_identify(ros_logs/2025-10-24-18-36-50-129632-yiyi-158281) by extensions ['colcon_pkg']
[0.787s] Level 1:colcon.colcon_core.package_identification:_identify(ros_logs/2025-10-24-18-36-50-129632-yiyi-158281) by extension 'colcon_pkg'
[0.787s] Level 1:colcon.colcon_core.package_identification:_identify(ros_logs/2025-10-24-18-36-50-129632-yiyi-158281) by extensions ['colcon_meta']
[0.787s] Level 1:colcon.colcon_core.package_identification:_identify(ros_logs/2025-10-24-18-36-50-129632-yiyi-158281) by extension 'colcon_meta'
[0.787s] Level 1:colcon.colcon_core.package_identification:_identify(ros_logs/2025-10-24-18-36-50-129632-yiyi-158281) by extensions ['ros']
[0.787s] Level 1:colcon.colcon_core.package_identification:_identify(ros_logs/2025-10-24-18-36-50-129632-yiyi-158281) by extension 'ros'
[0.787s] Level 1:colcon.colcon_core.package_identification:_identify(ros_logs/2025-10-24-18-36-50-129632-yiyi-158281) by extensions ['cmake', 'python']
[0.788s] Level 1:colcon.colcon_core.package_identification:_identify(ros_logs/2025-10-24-18-36-50-129632-yiyi-158281) by extension 'cmake'
[0.788s] Level 1:colcon.colcon_core.package_identification:_identify(ros_logs/2025-10-24-18-36-50-129632-yiyi-158281) by extension 'python'
[0.788s] Level 1:colcon.colcon_core.package_identification:_identify(ros_logs/2025-10-24-18-36-50-129632-yiyi-158281) by extensions ['python_setup_py']
[0.788s] Level 1:colcon.colcon_core.package_identification:_identify(ros_logs/2025-10-24-18-36-50-129632-yiyi-158281) by extension 'python_setup_py'
[0.788s] Level 1:colcon.colcon_core.package_identification:_identify(ros_logs/gz) by extensions ['ignore', 'ignore_ament_install']
[0.788s] Level 1:colcon.colcon_core.package_identification:_identify(ros_logs/gz) by extension 'ignore'
[0.788s] Level 1:colcon.colcon_core.package_identification:_identify(ros_logs/gz) by extension 'ignore_ament_install'
[0.788s] Level 1:colcon.colcon_core.package_identification:_identify(ros_logs/gz) by extensions ['colcon_pkg']
[0.788s] Level 1:colcon.colcon_core.package_identification:_identify(ros_logs/gz) by extension 'colcon_pkg'
[0.789s] Level 1:colcon.colcon_core.package_identification:_identify(ros_logs/gz) by extensions ['colcon_meta']
[0.789s] Level 1:colcon.colcon_core.package_identification:_identify(ros_logs/gz) by extension 'colcon_meta'
[0.789s] Level 1:colcon.colcon_core.package_identification:_identify(ros_logs/gz) by extensions ['ros']
[0.789s] Level 1:colcon.colcon_core.package_identification:_identify(ros_logs/gz) by extension 'ros'
[0.789s] Level 1:colcon.colcon_core.package_identification:_identify(ros_logs/gz) by extensions ['cmake', 'python']
[0.789s] Level 1:colcon.colcon_core.package_identification:_identify(ros_logs/gz) by extension 'cmake'
[0.789s] Level 1:colcon.colcon_core.package_identification:_identify(ros_logs/gz) by extension 'python'
[0.789s] Level 1:colcon.colcon_core.package_identification:_identify(ros_logs/gz) by extensions ['python_setup_py']
[0.789s] Level 1:colcon.colcon_core.package_identification:_identify(ros_logs/gz) by extension 'python_setup_py'
[0.789s] Level 1:colcon.colcon_core.package_identification:_identify(src) by extensions ['ignore', 'ignore_ament_install']
[0.790s] Level 1:colcon.colcon_core.package_identification:_identify(src) by extension 'ignore'
[0.790s] Level 1:colcon.colcon_core.package_identification:_identify(src) by extension 'ignore_ament_install'
[0.790s] Level 1:colcon.colcon_core.package_identification:_identify(src) by extensions ['colcon_pkg']
[0.790s] Level 1:colcon.colcon_core.package_identification:_identify(src) by extension 'colcon_pkg'
[0.790s] Level 1:colcon.colcon_core.package_identification:_identify(src) by extensions ['colcon_meta']
[0.790s] Level 1:colcon.colcon_core.package_identification:_identify(src) by extension 'colcon_meta'
[0.790s] Level 1:colcon.colcon_core.package_identification:_identify(src) by extensions ['ros']
[0.790s] Level 1:colcon.colcon_core.package_identification:_identify(src) by extension 'ros'
[0.790s] Level 1:colcon.colcon_core.package_identification:_identify(src) by extensions ['cmake', 'python']
[0.790s] Level 1:colcon.colcon_core.package_identification:_identify(src) by extension 'cmake'
[0.790s] Level 1:colcon.colcon_core.package_identification:_identify(src) by extension 'python'
[0.790s] Level 1:colcon.colcon_core.package_identification:_identify(src) by extensions ['python_setup_py']
[0.790s] Level 1:colcon.colcon_core.package_identification:_identify(src) by extension 'python_setup_py'
[0.790s] Level 1:colcon.colcon_core.package_identification:_identify(src/ackermann-vehicle-gzsim-ros2) by extensions ['ignore', 'ignore_ament_install']
[0.791s] Level 1:colcon.colcon_core.package_identification:_identify(src/ackermann-vehicle-gzsim-ros2) by extension 'ignore'
[0.791s] Level 1:colcon.colcon_core.package_identification:_identify(src/ackermann-vehicle-gzsim-ros2) by extension 'ignore_ament_install'
[0.791s] Level 1:colcon.colcon_core.package_identification:_identify(src/ackermann-vehicle-gzsim-ros2) by extensions ['colcon_pkg']
[0.791s] Level 1:colcon.colcon_core.package_identification:_identify(src/ackermann-vehicle-gzsim-ros2) by extension 'colcon_pkg'
[0.791s] Level 1:colcon.colcon_core.package_identification:_identify(src/ackermann-vehicle-gzsim-ros2) by extensions ['colcon_meta']
[0.791s] Level 1:colcon.colcon_core.package_identification:_identify(src/ackermann-vehicle-gzsim-ros2) by extension 'colcon_meta'
[0.791s] Level 1:colcon.colcon_core.package_identification:_identify(src/ackermann-vehicle-gzsim-ros2) by extensions ['ros']
[0.791s] Level 1:colcon.colcon_core.package_identification:_identify(src/ackermann-vehicle-gzsim-ros2) by extension 'ros'
[0.791s] Level 1:colcon.colcon_core.package_identification:_identify(src/ackermann-vehicle-gzsim-ros2) by extensions ['cmake', 'python']
[0.791s] Level 1:colcon.colcon_core.package_identification:_identify(src/ackermann-vehicle-gzsim-ros2) by extension 'cmake'
[0.791s] Level 1:colcon.colcon_core.package_identification:_identify(src/ackermann-vehicle-gzsim-ros2) by extension 'python'
[0.791s] Level 1:colcon.colcon_core.package_identification:_identify(src/ackermann-vehicle-gzsim-ros2) by extensions ['python_setup_py']
[0.791s] Level 1:colcon.colcon_core.package_identification:_identify(src/ackermann-vehicle-gzsim-ros2) by extension 'python_setup_py'
[0.791s] Level 1:colcon.colcon_core.package_identification:_identify(src/ackermann-vehicle-gzsim-ros2/saye_behaviortree) by extensions ['ignore', 'ignore_ament_install']
[0.792s] Level 1:colcon.colcon_core.package_identification:_identify(src/ackermann-vehicle-gzsim-ros2/saye_behaviortree) by extension 'ignore'
[0.792s] Level 1:colcon.colcon_core.package_identification:_identify(src/ackermann-vehicle-gzsim-ros2/saye_behaviortree) by extension 'ignore_ament_install'
[0.792s] Level 1:colcon.colcon_core.package_identification:_identify(src/ackermann-vehicle-gzsim-ros2/saye_behaviortree) by extensions ['colcon_pkg']
[0.792s] Level 1:colcon.colcon_core.package_identification:_identify(src/ackermann-vehicle-gzsim-ros2/saye_behaviortree) by extension 'colcon_pkg'
[0.792s] Level 1:colcon.colcon_core.package_identification:_identify(src/ackermann-vehicle-gzsim-ros2/saye_behaviortree) by extensions ['colcon_meta']
[0.792s] Level 1:colcon.colcon_core.package_identification:_identify(src/ackermann-vehicle-gzsim-ros2/saye_behaviortree) by extension 'colcon_meta'
[0.792s] Level 1:colcon.colcon_core.package_identification:_identify(src/ackermann-vehicle-gzsim-ros2/saye_behaviortree) by extensions ['ros']
[0.792s] Level 1:colcon.colcon_core.package_identification:_identify(src/ackermann-vehicle-gzsim-ros2/saye_behaviortree) by extension 'ros'
[0.796s] DEBUG:colcon.colcon_core.package_identification:Package 'src/ackermann-vehicle-gzsim-ros2/saye_behaviortree' with type 'ros.ament_cmake' and name 'saye_behaviortree'
[0.796s] Level 1:colcon.colcon_core.package_identification:_identify(src/ackermann-vehicle-gzsim-ros2/saye_bringup) by extensions ['ignore', 'ignore_ament_install']
[0.797s] Level 1:colcon.colcon_core.package_identification:_identify(src/ackermann-vehicle-gzsim-ros2/saye_bringup) by extension 'ignore'
[0.797s] Level 1:colcon.colcon_core.package_identification:_identify(src/ackermann-vehicle-gzsim-ros2/saye_bringup) by extension 'ignore_ament_install'
[0.797s] Level 1:colcon.colcon_core.package_identification:_identify(src/ackermann-vehicle-gzsim-ros2/saye_bringup) by extensions ['colcon_pkg']
[0.797s] Level 1:colcon.colcon_core.package_identification:_identify(src/ackermann-vehicle-gzsim-ros2/saye_bringup) by extension 'colcon_pkg'
[0.797s] Level 1:colcon.colcon_core.package_identification:_identify(src/ackermann-vehicle-gzsim-ros2/saye_bringup) by extensions ['colcon_meta']
[0.797s] Level 1:colcon.colcon_core.package_identification:_identify(src/ackermann-vehicle-gzsim-ros2/saye_bringup) by extension 'colcon_meta'
[0.797s] Level 1:colcon.colcon_core.package_identification:_identify(src/ackermann-vehicle-gzsim-ros2/saye_bringup) by extensions ['ros']
[0.797s] Level 1:colcon.colcon_core.package_identification:_identify(src/ackermann-vehicle-gzsim-ros2/saye_bringup) by extension 'ros'
[0.799s] DEBUG:colcon.colcon_core.package_identification:Package 'src/ackermann-vehicle-gzsim-ros2/saye_bringup' with type 'ros.ament_cmake' and name 'saye_bringup'
[0.799s] Level 1:colcon.colcon_core.package_identification:_identify(src/ackermann-vehicle-gzsim-ros2/saye_bringup_my) by extensions ['ignore', 'ignore_ament_install']
[0.799s] Level 1:colcon.colcon_core.package_identification:_identify(src/ackermann-vehicle-gzsim-ros2/saye_bringup_my) by extension 'ignore'
[0.799s] Level 1:colcon.colcon_core.package_identification:_identify(src/ackermann-vehicle-gzsim-ros2/saye_bringup_my) by extension 'ignore_ament_install'
[0.800s] Level 1:colcon.colcon_core.package_identification:_identify(src/ackermann-vehicle-gzsim-ros2/saye_bringup_my) by extensions ['colcon_pkg']
[0.800s] Level 1:colcon.colcon_core.package_identification:_identify(src/ackermann-vehicle-gzsim-ros2/saye_bringup_my) by extension 'colcon_pkg'
[0.800s] Level 1:colcon.colcon_core.package_identification:_identify(src/ackermann-vehicle-gzsim-ros2/saye_bringup_my) by extensions ['colcon_meta']
[0.800s] Level 1:colcon.colcon_core.package_identification:_identify(src/ackermann-vehicle-gzsim-ros2/saye_bringup_my) by extension 'colcon_meta'
[0.800s] Level 1:colcon.colcon_core.package_identification:_identify(src/ackermann-vehicle-gzsim-ros2/saye_bringup_my) by extensions ['ros']
[0.800s] Level 1:colcon.colcon_core.package_identification:_identify(src/ackermann-vehicle-gzsim-ros2/saye_bringup_my) by extension 'ros'
[0.802s] DEBUG:colcon.colcon_core.package_identification:Package 'src/ackermann-vehicle-gzsim-ros2/saye_bringup_my' with type 'ros.ament_cmake' and name 'saye_bringup_my'
[0.802s] Level 1:colcon.colcon_core.package_identification:_identify(src/ackermann-vehicle-gzsim-ros2/saye_control) by extensions ['ignore', 'ignore_ament_install']
[0.803s] Level 1:colcon.colcon_core.package_identification:_identify(src/ackermann-vehicle-gzsim-ros2/saye_control) by extension 'ignore'
[0.803s] Level 1:colcon.colcon_core.package_identification:_identify(src/ackermann-vehicle-gzsim-ros2/saye_control) by extension 'ignore_ament_install'
[0.803s] Level 1:colcon.colcon_core.package_identification:_identify(src/ackermann-vehicle-gzsim-ros2/saye_control) by extensions ['colcon_pkg']
[0.803s] Level 1:colcon.colcon_core.package_identification:_identify(src/ackermann-vehicle-gzsim-ros2/saye_control) by extension 'colcon_pkg'
[0.803s] Level 1:colcon.colcon_core.package_identification:_identify(src/ackermann-vehicle-gzsim-ros2/saye_control) by extensions ['colcon_meta']
[0.803s] Level 1:colcon.colcon_core.package_identification:_identify(src/ackermann-vehicle-gzsim-ros2/saye_control) by extension 'colcon_meta'
[0.803s] Level 1:colcon.colcon_core.package_identification:_identify(src/ackermann-vehicle-gzsim-ros2/saye_control) by extensions ['ros']
[0.803s] Level 1:colcon.colcon_core.package_identification:_identify(src/ackermann-vehicle-gzsim-ros2/saye_control) by extension 'ros'
[0.805s] DEBUG:colcon.colcon_core.package_identification:Package 'src/ackermann-vehicle-gzsim-ros2/saye_control' with type 'ros.ament_cmake' and name 'saye_control'
[0.805s] Level 1:colcon.colcon_core.package_identification:_identify(src/ackermann-vehicle-gzsim-ros2/saye_description) by extensions ['ignore', 'ignore_ament_install']
[0.805s] Level 1:colcon.colcon_core.package_identification:_identify(src/ackermann-vehicle-gzsim-ros2/saye_description) by extension 'ignore'
[0.805s] Level 1:colcon.colcon_core.package_identification:_identify(src/ackermann-vehicle-gzsim-ros2/saye_description) by extension 'ignore_ament_install'
[0.805s] Level 1:colcon.colcon_core.package_identification:_identify(src/ackermann-vehicle-gzsim-ros2/saye_description) by extensions ['colcon_pkg']
[0.805s] Level 1:colcon.colcon_core.package_identification:_identify(src/ackermann-vehicle-gzsim-ros2/saye_description) by extension 'colcon_pkg'
[0.805s] Level 1:colcon.colcon_core.package_identification:_identify(src/ackermann-vehicle-gzsim-ros2/saye_description) by extensions ['colcon_meta']
[0.805s] Level 1:colcon.colcon_core.package_identification:_identify(src/ackermann-vehicle-gzsim-ros2/saye_description) by extension 'colcon_meta'
[0.806s] Level 1:colcon.colcon_core.package_identification:_identify(src/ackermann-vehicle-gzsim-ros2/saye_description) by extensions ['ros']
[0.806s] Level 1:colcon.colcon_core.package_identification:_identify(src/ackermann-vehicle-gzsim-ros2/saye_description) by extension 'ros'
[0.807s] DEBUG:colcon.colcon_core.package_identification:Package 'src/ackermann-vehicle-gzsim-ros2/saye_description' with type 'ros.ament_cmake' and name 'saye_description'
[0.807s] Level 1:colcon.colcon_core.package_identification:_identify(src/ackermann-vehicle-gzsim-ros2/saye_localization) by extensions ['ignore', 'ignore_ament_install']
[0.807s] Level 1:colcon.colcon_core.package_identification:_identify(src/ackermann-vehicle-gzsim-ros2/saye_localization) by extension 'ignore'
[0.807s] Level 1:colcon.colcon_core.package_identification:_identify(src/ackermann-vehicle-gzsim-ros2/saye_localization) by extension 'ignore_ament_install'
[0.808s] Level 1:colcon.colcon_core.package_identification:_identify(src/ackermann-vehicle-gzsim-ros2/saye_localization) by extensions ['colcon_pkg']
[0.808s] Level 1:colcon.colcon_core.package_identification:_identify(src/ackermann-vehicle-gzsim-ros2/saye_localization) by extension 'colcon_pkg'
[0.808s] Level 1:colcon.colcon_core.package_identification:_identify(src/ackermann-vehicle-gzsim-ros2/saye_localization) by extensions ['colcon_meta']
[0.808s] Level 1:colcon.colcon_core.package_identification:_identify(src/ackermann-vehicle-gzsim-ros2/saye_localization) by extension 'colcon_meta'
[0.808s] Level 1:colcon.colcon_core.package_identification:_identify(src/ackermann-vehicle-gzsim-ros2/saye_localization) by extensions ['ros']
[0.808s] Level 1:colcon.colcon_core.package_identification:_identify(src/ackermann-vehicle-gzsim-ros2/saye_localization) by extension 'ros'
[0.809s] DEBUG:colcon.colcon_core.package_identification:Package 'src/ackermann-vehicle-gzsim-ros2/saye_localization' with type 'ros.ament_cmake' and name 'saye_localization'
[0.810s] Level 1:colcon.colcon_core.package_identification:_identify(src/ackermann-vehicle-gzsim-ros2/saye_mppi) by extensions ['ignore', 'ignore_ament_install']
[0.810s] Level 1:colcon.colcon_core.package_identification:_identify(src/ackermann-vehicle-gzsim-ros2/saye_mppi) by extension 'ignore'
[0.810s] Level 1:colcon.colcon_core.package_identification:_identify(src/ackermann-vehicle-gzsim-ros2/saye_mppi) by extension 'ignore_ament_install'
[0.810s] Level 1:colcon.colcon_core.package_identification:_identify(src/ackermann-vehicle-gzsim-ros2/saye_mppi) by extensions ['colcon_pkg']
[0.810s] Level 1:colcon.colcon_core.package_identification:_identify(src/ackermann-vehicle-gzsim-ros2/saye_mppi) by extension 'colcon_pkg'
[0.810s] Level 1:colcon.colcon_core.package_identification:_identify(src/ackermann-vehicle-gzsim-ros2/saye_mppi) by extensions ['colcon_meta']
[0.810s] Level 1:colcon.colcon_core.package_identification:_identify(src/ackermann-vehicle-gzsim-ros2/saye_mppi) by extension 'colcon_meta'
[0.810s] Level 1:colcon.colcon_core.package_identification:_identify(src/ackermann-vehicle-gzsim-ros2/saye_mppi) by extensions ['ros']
[0.810s] Level 1:colcon.colcon_core.package_identification:_identify(src/ackermann-vehicle-gzsim-ros2/saye_mppi) by extension 'ros'
[0.811s] DEBUG:colcon.colcon_core.package_identification:Package 'src/ackermann-vehicle-gzsim-ros2/saye_mppi' with type 'ros.ament_cmake' and name 'saye_mppi'
[0.812s] Level 1:colcon.colcon_core.package_identification:_identify(src/ackermann-vehicle-gzsim-ros2/saye_msgs) by extensions ['ignore', 'ignore_ament_install']
[0.812s] Level 1:colcon.colcon_core.package_identification:_identify(src/ackermann-vehicle-gzsim-ros2/saye_msgs) by extension 'ignore'
[0.812s] Level 1:colcon.colcon_core.package_identification:_identify(src/ackermann-vehicle-gzsim-ros2/saye_msgs) by extension 'ignore_ament_install'
[0.812s] Level 1:colcon.colcon_core.package_identification:_identify(src/ackermann-vehicle-gzsim-ros2/saye_msgs) by extensions ['colcon_pkg']
[0.812s] Level 1:colcon.colcon_core.package_identification:_identify(src/ackermann-vehicle-gzsim-ros2/saye_msgs) by extension 'colcon_pkg'
[0.812s] Level 1:colcon.colcon_core.package_identification:_identify(src/ackermann-vehicle-gzsim-ros2/saye_msgs) by extensions ['colcon_meta']
[0.812s] Level 1:colcon.colcon_core.package_identification:_identify(src/ackermann-vehicle-gzsim-ros2/saye_msgs) by extension 'colcon_meta'
[0.812s] Level 1:colcon.colcon_core.package_identification:_identify(src/ackermann-vehicle-gzsim-ros2/saye_msgs) by extensions ['ros']
[0.813s] Level 1:colcon.colcon_core.package_identification:_identify(src/ackermann-vehicle-gzsim-ros2/saye_msgs) by extension 'ros'
[0.814s] DEBUG:colcon.colcon_core.package_identification:Package 'src/ackermann-vehicle-gzsim-ros2/saye_msgs' with type 'ros.ament_cmake' and name 'saye_msgs'
[0.814s] Level 1:colcon.colcon_core.package_identification:_identify(src/ackermann-vehicle-gzsim-ros2/saye_prediction) by extensions ['ignore', 'ignore_ament_install']
[0.815s] Level 1:colcon.colcon_core.package_identification:_identify(src/ackermann-vehicle-gzsim-ros2/saye_prediction) by extension 'ignore'
[0.815s] Level 1:colcon.colcon_core.package_identification:_identify(src/ackermann-vehicle-gzsim-ros2/saye_prediction) by extension 'ignore_ament_install'
[0.815s] Level 1:colcon.colcon_core.package_identification:_identify(src/ackermann-vehicle-gzsim-ros2/saye_prediction) by extensions ['colcon_pkg']
[0.815s] Level 1:colcon.colcon_core.package_identification:_identify(src/ackermann-vehicle-gzsim-ros2/saye_prediction) by extension 'colcon_pkg'
[0.815s] Level 1:colcon.colcon_core.package_identification:_identify(src/ackermann-vehicle-gzsim-ros2/saye_prediction) by extensions ['colcon_meta']
[0.815s] Level 1:colcon.colcon_core.package_identification:_identify(src/ackermann-vehicle-gzsim-ros2/saye_prediction) by extension 'colcon_meta'
[0.815s] Level 1:colcon.colcon_core.package_identification:_identify(src/ackermann-vehicle-gzsim-ros2/saye_prediction) by extensions ['ros']
[0.815s] Level 1:colcon.colcon_core.package_identification:_identify(src/ackermann-vehicle-gzsim-ros2/saye_prediction) by extension 'ros'
[0.819s] DEBUG:colcon.colcon_core.package_identification:Package 'src/ackermann-vehicle-gzsim-ros2/saye_prediction' with type 'ros.ament_cmake' and name 'saye_prediction'
[0.819s] Level 1:colcon.colcon_core.package_discovery:discover_packages(recursive) using defaults
[0.819s] Level 1:colcon.colcon_core.package_discovery:discover_packages(ignore) discover
[0.819s] Level 1:colcon.colcon_core.package_discovery:discover_packages(ignore) using defaults
[0.819s] Level 1:colcon.colcon_core.package_discovery:discover_packages(path) discover
[0.819s] Level 1:colcon.colcon_core.package_discovery:discover_packages(path) using defaults
[0.855s] INFO:colcon.colcon_core.package_selection:Skipping not selected package 'saye_behaviortree' in 'src/ackermann-vehicle-gzsim-ros2/saye_behaviortree'
[0.855s] INFO:colcon.colcon_core.package_selection:Skipping not selected package 'saye_localization' in 'src/ackermann-vehicle-gzsim-ros2/saye_localization'
[0.855s] INFO:colcon.colcon_core.package_selection:Skipping not selected package 'saye_mppi' in 'src/ackermann-vehicle-gzsim-ros2/saye_mppi'
[0.855s] INFO:colcon.colcon_core.package_selection:Skipping not selected package 'saye_msgs' in 'src/ackermann-vehicle-gzsim-ros2/saye_msgs'
[0.855s] INFO:colcon.colcon_core.package_selection:Skipping not selected package 'saye_bringup' in 'src/ackermann-vehicle-gzsim-ros2/saye_bringup'
[0.855s] INFO:colcon.colcon_core.package_selection:Skipping not selected package 'saye_bringup_my' in 'src/ackermann-vehicle-gzsim-ros2/saye_bringup_my'
[0.855s] INFO:colcon.colcon_core.package_selection:Skipping not selected package 'saye_control' in 'src/ackermann-vehicle-gzsim-ros2/saye_control'
[0.855s] INFO:colcon.colcon_core.package_selection:Skipping not selected package 'saye_prediction' in 'src/ackermann-vehicle-gzsim-ros2/saye_prediction'
[0.856s] Level 1:colcon.colcon_core.package_discovery:discover_packages(prefix_path) check parameters
[0.856s] Level 1:colcon.colcon_core.package_discovery:discover_packages(prefix_path) discover
[0.862s] DEBUG:colcon.colcon_installed_package_information.package_discovery:Found 9 installed packages in /home/yiyi/ackermann_sim/install
[0.865s] DEBUG:colcon.colcon_installed_package_information.package_discovery:Found 380 installed packages in /opt/ros/jazzy
[0.869s] Level 1:colcon.colcon_core.package_discovery:discover_packages(prefix_path) using defaults
[0.964s] WARNING:colcon.colcon_core.package_selection:Some selected packages are already built in one or more underlay workspaces:
	'saye_description' is in: /home/yiyi/ackermann_sim/install/saye_description
If a package in a merged underlay workspace is overridden and it installs headers, then all packages in the overlay must sort their include directories by workspace order. Failure to do so may result in build failures or undefined behavior at run time.
If the overridden package is used by another package in any underlay, then the overriding package in the overlay must be API and ABI compatible or undefined behavior at run time may occur.

If you understand the risks and want to override a package anyways, add the following to the command line:
	--allow-overriding saye_description

This may be promoted to an error in a future release of colcon-override-check.
[0.967s] Level 5:colcon.colcon_core.verb:set package 'saye_description' build argument 'cmake_args' from command line to 'None'
[0.967s] Level 5:colcon.colcon_core.verb:set package 'saye_description' build argument 'cmake_target' from command line to 'None'
[0.967s] Level 5:colcon.colcon_core.verb:set package 'saye_description' build argument 'cmake_target_skip_unavailable' from command line to 'False'
[0.967s] Level 5:colcon.colcon_core.verb:set package 'saye_description' build argument 'cmake_clean_cache' from command line to 'False'
[0.967s] Level 5:colcon.colcon_core.verb:set package 'saye_description' build argument 'cmake_clean_first' from command line to 'False'
[0.967s] Level 5:colcon.colcon_core.verb:set package 'saye_description' build argument 'cmake_force_configure' from command line to 'False'
[0.967s] Level 5:colcon.colcon_core.verb:set package 'saye_description' build argument 'ament_cmake_args' from command line to 'None'
[0.967s] Level 5:colcon.colcon_core.verb:set package 'saye_description' build argument 'catkin_cmake_args' from command line to 'None'
[0.967s] Level 5:colcon.colcon_core.verb:set package 'saye_description' build argument 'catkin_skip_building_tests' from command line to 'False'
[0.967s] DEBUG:colcon.colcon_core.verb:Building package 'saye_description' with the following arguments: {'ament_cmake_args': None, 'build_base': '/home/yiyi/ackermann_sim/build/saye_description', 'catkin_cmake_args': None, 'catkin_skip_building_tests': False, 'cmake_args': None, 'cmake_clean_cache': False, 'cmake_clean_first': False, 'cmake_force_configure': False, 'cmake_target': None, 'cmake_target_skip_unavailable': False, 'install_base': '/home/yiyi/ackermann_sim/install/saye_description', 'merge_install': False, 'path': '/home/yiyi/ackermann_sim/src/ackermann-vehicle-gzsim-ros2/saye_description', 'symlink_install': False, 'test_result_base': None}
[0.968s] INFO:colcon.colcon_core.executor:Executing jobs using 'parallel' executor
[0.971s] DEBUG:colcon.colcon_parallel_executor.executor.parallel:run_until_complete
[0.971s] INFO:colcon.colcon_ros.task.ament_cmake.build:Building ROS package in '/home/yiyi/ackermann_sim/src/ackermann-vehicle-gzsim-ros2/saye_description' with build type 'ament_cmake'
[0.972s] INFO:colcon.colcon_cmake.task.cmake.build:Building CMake package in '/home/yiyi/ackermann_sim/src/ackermann-vehicle-gzsim-ros2/saye_description'
[0.976s] INFO:colcon.colcon_core.plugin_system:Skipping extension 'colcon_core.shell.bat': Not used on non-Windows systems
[0.976s] INFO:colcon.colcon_core.shell:Skip shell extension 'powershell' for command environment: Not usable outside of PowerShell
[0.977s] DEBUG:colcon.colcon_core.shell:Skip shell extension 'dsv' for command environment
[0.999s] DEBUG:colcon.colcon_core.event_handler.log_command:Invoking command in '/home/yiyi/ackermann_sim/build/saye_description': CMAKE_PREFIX_PATH=${CMAKE_PREFIX_PATH}:/opt/ros/jazzy /usr/bin/cmake --build /home/yiyi/ackermann_sim/build/saye_description -- -j16 -l16
[1.262s] DEBUG:colcon.colcon_core.event_handler.log_command:Invoked command in '/home/yiyi/ackermann_sim/build/saye_description' returned '0': CMAKE_PREFIX_PATH=${CMAKE_PREFIX_PATH}:/opt/ros/jazzy /usr/bin/cmake --build /home/yiyi/ackermann_sim/build/saye_description -- -j16 -l16
[1.292s] DEBUG:colcon.colcon_core.event_handler.log_command:Invoking command in '/home/yiyi/ackermann_sim/build/saye_description': CMAKE_PREFIX_PATH=${CMAKE_PREFIX_PATH}:/opt/ros/jazzy /usr/bin/cmake --install /home/yiyi/ackermann_sim/build/saye_description
[1.334s] Level 1:colcon.colcon_core.environment:create_environment_scripts_only(saye_description)
[1.335s] DEBUG:colcon.colcon_core.event_handler.log_command:Invoked command in '/home/yiyi/ackermann_sim/build/saye_description' returned '0': CMAKE_PREFIX_PATH=${CMAKE_PREFIX_PATH}:/opt/ros/jazzy /usr/bin/cmake --install /home/yiyi/ackermann_sim/build/saye_description
[1.340s] Level 1:colcon.colcon_core.environment:checking '/home/yiyi/ackermann_sim/install/saye_description' for CMake module files
[1.342s] Level 1:colcon.colcon_core.environment:checking '/home/yiyi/ackermann_sim/install/saye_description' for CMake config files
[1.342s] Level 1:colcon.colcon_core.shell:create_environment_hook('saye_description', 'cmake_prefix_path')
[1.342s] INFO:colcon.colcon_core.shell:Creating environment hook '/home/yiyi/ackermann_sim/install/saye_description/share/saye_description/hook/cmake_prefix_path.ps1'
[1.343s] INFO:colcon.colcon_core.shell:Creating environment descriptor '/home/yiyi/ackermann_sim/install/saye_description/share/saye_description/hook/cmake_prefix_path.dsv'
[1.345s] INFO:colcon.colcon_core.shell:Creating environment hook '/home/yiyi/ackermann_sim/install/saye_description/share/saye_description/hook/cmake_prefix_path.sh'
[1.348s] Level 1:colcon.colcon_core.environment:checking '/home/yiyi/ackermann_sim/install/saye_description/lib'
[1.348s] Level 1:colcon.colcon_core.shell:create_environment_hook('saye_description', 'ld_library_path_lib')
[1.348s] INFO:colcon.colcon_core.shell:Creating environment hook '/home/yiyi/ackermann_sim/install/saye_description/share/saye_description/hook/ld_library_path_lib.ps1'
[1.349s] INFO:colcon.colcon_core.shell:Creating environment descriptor '/home/yiyi/ackermann_sim/install/saye_description/share/saye_description/hook/ld_library_path_lib.dsv'
[1.350s] INFO:colcon.colcon_core.shell:Creating environment hook '/home/yiyi/ackermann_sim/install/saye_description/share/saye_description/hook/ld_library_path_lib.sh'
[1.351s] Level 1:colcon.colcon_core.environment:checking '/home/yiyi/ackermann_sim/install/saye_description/bin'
[1.351s] Level 1:colcon.colcon_core.environment:checking '/home/yiyi/ackermann_sim/install/saye_description/lib/pkgconfig/saye_description.pc'
[1.351s] Level 1:colcon.colcon_core.environment:checking '/home/yiyi/ackermann_sim/install/saye_description/lib/python3.12/site-packages'
[1.352s] Level 1:colcon.colcon_core.environment:checking '/home/yiyi/ackermann_sim/install/saye_description/bin'
[1.352s] INFO:colcon.colcon_core.shell:Creating package script '/home/yiyi/ackermann_sim/install/saye_description/share/saye_description/package.ps1'
[1.354s] INFO:colcon.colcon_core.shell:Creating package descriptor '/home/yiyi/ackermann_sim/install/saye_description/share/saye_description/package.dsv'
[1.355s] INFO:colcon.colcon_core.shell:Creating package script '/home/yiyi/ackermann_sim/install/saye_description/share/saye_description/package.sh'
[1.357s] INFO:colcon.colcon_core.shell:Creating package script '/home/yiyi/ackermann_sim/install/saye_description/share/saye_description/package.bash'
[1.357s] INFO:colcon.colcon_core.shell:Creating package script '/home/yiyi/ackermann_sim/install/saye_description/share/saye_description/package.zsh'
[1.358s] Level 1:colcon.colcon_core.environment:create_file_with_runtime_dependencies(/home/yiyi/ackermann_sim/install/saye_description/share/colcon-core/packages/saye_description)
[1.359s] Level 1:colcon.colcon_core.environment:create_environment_scripts_only(saye_description)
[1.359s] Level 1:colcon.colcon_core.environment:checking '/home/yiyi/ackermann_sim/install/saye_description' for CMake module files
[1.360s] Level 1:colcon.colcon_core.environment:checking '/home/yiyi/ackermann_sim/install/saye_description' for CMake config files
[1.361s] Level 1:colcon.colcon_core.shell:create_environment_hook('saye_description', 'cmake_prefix_path')
[1.361s] INFO:colcon.colcon_core.shell:Creating environment hook '/home/yiyi/ackermann_sim/install/saye_description/share/saye_description/hook/cmake_prefix_path.ps1'
[1.362s] INFO:colcon.colcon_core.shell:Creating environment descriptor '/home/yiyi/ackermann_sim/install/saye_description/share/saye_description/hook/cmake_prefix_path.dsv'
[1.363s] INFO:colcon.colcon_core.shell:Creating environment hook '/home/yiyi/ackermann_sim/install/saye_description/share/saye_description/hook/cmake_prefix_path.sh'
[1.364s] Level 1:colcon.colcon_core.environment:checking '/home/yiyi/ackermann_sim/install/saye_description/lib'
[1.364s] Level 1:colcon.colcon_core.shell:create_environment_hook('saye_description', 'ld_library_path_lib')
[1.364s] INFO:colcon.colcon_core.shell:Creating environment hook '/home/yiyi/ackermann_sim/install/saye_description/share/saye_description/hook/ld_library_path_lib.ps1'
[1.365s] INFO:colcon.colcon_core.shell:Creating environment descriptor '/home/yiyi/ackermann_sim/install/saye_description/share/saye_description/hook/ld_library_path_lib.dsv'
[1.366s] INFO:colcon.colcon_core.shell:Creating environment hook '/home/yiyi/ackermann_sim/install/saye_description/share/saye_description/hook/ld_library_path_lib.sh'
[1.366s] Level 1:colcon.colcon_core.environment:checking '/home/yiyi/ackermann_sim/install/saye_description/bin'
[1.366s] Level 1:colcon.colcon_core.environment:checking '/home/yiyi/ackermann_sim/install/saye_description/lib/pkgconfig/saye_description.pc'
[1.367s] Level 1:colcon.colcon_core.environment:checking '/home/yiyi/ackermann_sim/install/saye_description/lib/python3.12/site-packages'
[1.367s] Level 1:colcon.colcon_core.environment:checking '/home/yiyi/ackermann_sim/install/saye_description/bin'
[1.368s] INFO:colcon.colcon_core.shell:Creating package script '/home/yiyi/ackermann_sim/install/saye_description/share/saye_description/package.ps1'
[1.369s] INFO:colcon.colcon_core.shell:Creating package descriptor '/home/yiyi/ackermann_sim/install/saye_description/share/saye_description/package.dsv'
[1.370s] INFO:colcon.colcon_core.shell:Creating package script '/home/yiyi/ackermann_sim/install/saye_description/share/saye_description/package.sh'
[1.371s] INFO:colcon.colcon_core.shell:Creating package script '/home/yiyi/ackermann_sim/install/saye_description/share/saye_description/package.bash'
[1.372s] INFO:colcon.colcon_core.shell:Creating package script '/home/yiyi/ackermann_sim/install/saye_description/share/saye_description/package.zsh'
[1.372s] Level 1:colcon.colcon_core.environment:create_file_with_runtime_dependencies(/home/yiyi/ackermann_sim/install/saye_description/share/colcon-core/packages/saye_description)
[1.373s] DEBUG:colcon.colcon_parallel_executor.executor.parallel:closing loop
[1.373s] DEBUG:colcon.colcon_parallel_executor.executor.parallel:loop closed
[1.373s] DEBUG:colcon.colcon_parallel_executor.executor.parallel:run_until_complete finished with '0'
[1.373s] DEBUG:colcon.colcon_core.event_reactor:joining thread
[1.586s] INFO:colcon.colcon_core.plugin_system:Skipping extension 'colcon_notification.desktop_notification.notify_send': Could not find 'notify-send'
[1.586s] INFO:colcon.colcon_core.plugin_system:Skipping extension 'colcon_notification.desktop_notification.terminal_notifier': Not used on non-Darwin systems
[1.586s] INFO:colcon.colcon_core.plugin_system:Skipping extension 'colcon_notification.desktop_notification.win32': Not used on non-Windows systems
[1.586s] INFO:colcon.colcon_notification.desktop_notification:Sending desktop notification using 'notify2'
[1.589s] DEBUG:colcon.colcon_notification.desktop_notification.notify2:Failed to initialize notify2: org.freedesktop.DBus.Error.ServiceUnknown: The name org.freedesktop.Notifications was not provided by any .service files
[1.590s] DEBUG:colcon.colcon_core.event_reactor:joined thread
[1.590s] INFO:colcon.colcon_core.shell:Creating prefix script '/home/yiyi/ackermann_sim/install/local_setup.ps1'
[1.591s] INFO:colcon.colcon_core.shell:Creating prefix util module '/home/yiyi/ackermann_sim/install/_local_setup_util_ps1.py'
[1.594s] INFO:colcon.colcon_core.shell:Creating prefix chain script '/home/yiyi/ackermann_sim/install/setup.ps1'
[1.596s] INFO:colcon.colcon_core.shell:Creating prefix script '/home/yiyi/ackermann_sim/install/local_setup.sh'
[1.597s] INFO:colcon.colcon_core.shell:Creating prefix util module '/home/yiyi/ackermann_sim/install/_local_setup_util_sh.py'
[1.598s] INFO:colcon.colcon_core.shell:Creating prefix chain script '/home/yiyi/ackermann_sim/install/setup.sh'
[1.601s] INFO:colcon.colcon_core.shell:Creating prefix script '/home/yiyi/ackermann_sim/install/local_setup.bash'
[1.602s] INFO:colcon.colcon_core.shell:Creating prefix chain script '/home/yiyi/ackermann_sim/install/setup.bash'
[1.604s] INFO:colcon.colcon_core.shell:Creating prefix script '/home/yiyi/ackermann_sim/install/local_setup.zsh'
[1.605s] INFO:colcon.colcon_core.shell:Creating prefix chain script '/home/yiyi/ackermann_sim/install/setup.zsh'
