[0.541s] Invoking command in '/home/yiyi/ackermann_sim/build/saye_rapa_mppi': CMAKE_PREFIX_PATH=/home/yiyi/ackermann_sim/install/saye_msgs:/home/yiyi/ackermann_sim/install/saye_prediction:/home/yiyi/ackermann_sim/install/saye_control:/home/yiyi/ackermann_sim/install/saye_mppi:/home/yiyi/ackermann_sim/install/saye_localization:/home/yiyi/ackermann_sim/install/saye_bringup_my:/home/yiyi/ackermann_sim/install/saye_bringup:/home/yiyi/ackermann_sim/install/saye_description:/home/yiyi/ackermann_sim/install/saye_behaviortree:/opt/ros/jazzy/opt/gz_sim_vendor:/opt/ros/jazzy/opt/gz_sensors_vendor:/opt/ros/jazzy/opt/gz_physics_vendor:/opt/ros/jazzy/opt/sdformat_vendor:/opt/ros/jazzy/opt/gz_gui_vendor:/opt/ros/jazzy/opt/gz_transport_vendor:/opt/ros/jazzy/opt/gz_rendering_vendor:/opt/ros/jazzy/opt/gz_plugin_vendor:/opt/ros/jazzy/opt/gz_fuel_tools_vendor:/opt/ros/jazzy/opt/gz_msgs_vendor:/opt/ros/jazzy/opt/gz_common_vendor:/opt/ros/jazzy/opt/gz_math_vendor:/opt/ros/jazzy/opt/gz_utils_vendor:/opt/ros/jazzy/opt/gz_tools_vendor:/opt/ros/jazzy/opt/gz_ogre_next_vendor:/opt/ros/jazzy/opt/gz_dartsim_vendor:/opt/ros/jazzy/opt/gz_cmake_vendor:/opt/ros/jazzy PYTHONPATH=/home/yiyi/ackermann_sim/install/saye_msgs/lib/python3.12/site-packages:/home/yiyi/ackermann_sim/install/saye_prediction/lib/python3.12/site-packages:/home/yiyi/ackermann_sim/install/saye_mppi/lib/python3.12/site-packages:/opt/ros/jazzy/lib/python3.12/site-packages /usr/bin/cmake --build /home/yiyi/ackermann_sim/build/saye_rapa_mppi -- -j16 -l16
[0.675s] [ 50%] Building CXX object CMakeFiles/saye_rapa_mppi.dir/src/risk_aware_critic.cpp.o
[6.142s] /home/yiyi/ackermann_sim/src/ackermann-vehicle-gzsim-ros2/saye_rapa_mppi/src/risk_aware_critic.cpp: In member function ‘virtual void saye_rapa_mppi::RiskAwareCritic::initialize()’:
[6.142s] /home/yiyi/ackermann_sim/src/ackermann-vehicle-gzsim-ros2/saye_rapa_mppi/src/risk_aware_critic.cpp:8:22: error: base operand of ‘->’ has non-pointer type ‘rclcpp_lifecycle::LifecycleNode::WeakPtr’ {aka ‘std::weak_ptr<rclcpp_lifecycle::LifecycleNode>’}
[6.142s]     8 |   auto node = parent_->shared_from_this();
[6.142s]       |                      ^~
[6.152s] /home/yiyi/ackermann_sim/src/ackermann-vehicle-gzsim-ros2/saye_rapa_mppi/src/risk_aware_critic.cpp:10:18: error: ‘getParam’ was not declared in this scope
[6.152s]    10 |   cost_weight_ = getParam(node, "cost_weight", 1.0);
[6.152s]       |                  ^~~~~~~~
[6.152s] /home/yiyi/ackermann_sim/src/ackermann-vehicle-gzsim-ros2/saye_rapa_mppi/src/risk_aware_critic.cpp:14:42: error: expected primary-expression before ‘>’ token
[6.152s]    14 |     saye_msgs::msg::PedestrianPredictions>(
[6.152s]       |                                          ^
[6.153s] /home/yiyi/ackermann_sim/src/ackermann-vehicle-gzsim-ros2/saye_rapa_mppi/src/risk_aware_critic.cpp:15:5: warning: left operand of comma operator has no effect [-Wunused-value]
[6.153s]    15 |     "/pedestrian_predictions",
[6.153s]       |     ^~~~~~~~~~~~~~~~~~~~~~~~~
[6.161s] /home/yiyi/ackermann_sim/src/ackermann-vehicle-gzsim-ros2/saye_rapa_mppi/src/risk_aware_critic.cpp: In member function ‘virtual void saye_rapa_mppi::RiskAwareCritic::score(mppi::CriticData&)’:
[6.161s] /home/yiyi/ackermann_sim/src/ackermann-vehicle-gzsim-ros2/saye_rapa_mppi/src/risk_aware_critic.cpp:33:48: warning: unused parameter ‘data’ [-Wunused-parameter]
[6.161s]    33 | void RiskAwareCritic::score(mppi::CriticData & data)
[6.161s]       |                             ~~~~~~~~~~~~~~~~~~~^~~~
[8.190s] gmake[2]: *** [CMakeFiles/saye_rapa_mppi.dir/build.make:76: CMakeFiles/saye_rapa_mppi.dir/src/risk_aware_critic.cpp.o] Error 1
[8.190s] gmake[1]: *** [CMakeFiles/Makefile2:137: CMakeFiles/saye_rapa_mppi.dir/all] Error 2
[8.191s] gmake: *** [Makefile:146: all] Error 2
[8.194s] Invoked command in '/home/yiyi/ackermann_sim/build/saye_rapa_mppi' returned '2': CMAKE_PREFIX_PATH=/home/yiyi/ackermann_sim/install/saye_msgs:/home/yiyi/ackermann_sim/install/saye_prediction:/home/yiyi/ackermann_sim/install/saye_control:/home/yiyi/ackermann_sim/install/saye_mppi:/home/yiyi/ackermann_sim/install/saye_localization:/home/yiyi/ackermann_sim/install/saye_bringup_my:/home/yiyi/ackermann_sim/install/saye_bringup:/home/yiyi/ackermann_sim/install/saye_description:/home/yiyi/ackermann_sim/install/saye_behaviortree:/opt/ros/jazzy/opt/gz_sim_vendor:/opt/ros/jazzy/opt/gz_sensors_vendor:/opt/ros/jazzy/opt/gz_physics_vendor:/opt/ros/jazzy/opt/sdformat_vendor:/opt/ros/jazzy/opt/gz_gui_vendor:/opt/ros/jazzy/opt/gz_transport_vendor:/opt/ros/jazzy/opt/gz_rendering_vendor:/opt/ros/jazzy/opt/gz_plugin_vendor:/opt/ros/jazzy/opt/gz_fuel_tools_vendor:/opt/ros/jazzy/opt/gz_msgs_vendor:/opt/ros/jazzy/opt/gz_common_vendor:/opt/ros/jazzy/opt/gz_math_vendor:/opt/ros/jazzy/opt/gz_utils_vendor:/opt/ros/jazzy/opt/gz_tools_vendor:/opt/ros/jazzy/opt/gz_ogre_next_vendor:/opt/ros/jazzy/opt/gz_dartsim_vendor:/opt/ros/jazzy/opt/gz_cmake_vendor:/opt/ros/jazzy PYTHONPATH=/home/yiyi/ackermann_sim/install/saye_msgs/lib/python3.12/site-packages:/home/yiyi/ackermann_sim/install/saye_prediction/lib/python3.12/site-packages:/home/yiyi/ackermann_sim/install/saye_mppi/lib/python3.12/site-packages:/opt/ros/jazzy/lib/python3.12/site-packages /usr/bin/cmake --build /home/yiyi/ackermann_sim/build/saye_rapa_mppi -- -j16 -l16
