-- The C compiler identification is GNU 13.3.0
-- The CXX compiler identification is GNU 13.3.0
-- Detecting C compiler ABI info
-- Detecting C compiler ABI info - done
-- Check for working C compiler: /usr/bin/cc - skipped
-- Detecting C compile features
-- Detecting C compile features - done
-- Detecting CXX compiler ABI info
-- Detecting CXX compiler ABI info - done
-- Check for working CXX compiler: /usr/bin/c++ - skipped
-- Detecting CXX compile features
-- Detecting CXX compile features - done
-- Found ament_cmake: 2.5.4 (/opt/ros/jazzy/share/ament_cmake/cmake)
-- Found Python3: /usr/bin/python3 (found version "3.12.3") found components: Interpreter 
-- Found rclpy: 7.1.5 (/opt/ros/jazzy/share/rclpy/cmake)
-- Found std_msgs: 5.3.6 (/opt/ros/jazzy/share/std_msgs/cmake)
-- Found rosidl_generator_c: 4.6.6 (/opt/ros/jazzy/share/rosidl_generator_c/cmake)
-- Found rosidl_generator_cpp: 4.6.6 (/opt/ros/jazzy/share/rosidl_generator_cpp/cmake)
-- Using all available rosidl_typesupport_c: rosidl_typesupport_fastrtps_c;rosidl_typesupport_introspection_c
-- Using all available rosidl_typesupport_cpp: rosidl_typesupport_fastrtps_cpp;rosidl_typesupport_introspection_cpp
-- Found geometry_msgs: 5.3.6 (/opt/ros/jazzy/share/geometry_msgs/cmake)
-- Found sensor_msgs: 5.3.6 (/opt/ros/jazzy/share/sensor_msgs/cmake)
-- Found nav_msgs: 5.3.6 (/opt/ros/jazzy/share/nav_msgs/cmake)
-- Found saye_msgs: 0.0.0 (/home/yiyi/ackermann_sim/install/saye_msgs/share/saye_msgs/cmake)
-- Found visualization_msgs: 5.3.6 (/opt/ros/jazzy/share/visualization_msgs/cmake)
-- Found ament_lint_auto: 0.17.3 (/opt/ros/jazzy/share/ament_lint_auto/cmake)
-- Added test 'flake8' to check Python code syntax and style conventions
-- Configured 'flake8' exclude dirs and/or files: 
-- Added test 'lint_cmake' to check CMake code style
-- Added test 'pep257' to check Python code against some of the docstring style conventions in PEP 257
-- Added test 'xmllint' to check XML markup files
-- Configuring done (7.5s)
-- Generating done (0.0s)
-- Build files have been written to: /home/yiyi/ackermann_sim/build/saye_prediction
Built target ament_cmake_python_copy_saye_prediction
running egg_info
creating saye_prediction.egg-info
writing saye_prediction.egg-info/PKG-INFO
writing dependency_links to saye_prediction.egg-info/dependency_links.txt
writing top-level names to saye_prediction.egg-info/top_level.txt
writing manifest file 'saye_prediction.egg-info/SOURCES.txt'
reading manifest file 'saye_prediction.egg-info/SOURCES.txt'
writing manifest file 'saye_prediction.egg-info/SOURCES.txt'
Built target ament_cmake_python_build_saye_prediction_egg
-- Install configuration: ""
-- Installing: /home/yiyi/ackermann_sim/install/saye_prediction/share/saye_prediction/environment/pythonpath.sh
-- Installing: /home/yiyi/ackermann_sim/install/saye_prediction/share/saye_prediction/environment/pythonpath.dsv
-- Installing: /home/yiyi/ackermann_sim/install/saye_prediction/lib/python3.12/site-packages/saye_prediction-0.0.1-py3.12.egg-info
-- Installing: /home/yiyi/ackermann_sim/install/saye_prediction/lib/python3.12/site-packages/saye_prediction-0.0.1-py3.12.egg-info/PKG-INFO
-- Installing: /home/yiyi/ackermann_sim/install/saye_prediction/lib/python3.12/site-packages/saye_prediction-0.0.1-py3.12.egg-info/SOURCES.txt
-- Installing: /home/yiyi/ackermann_sim/install/saye_prediction/lib/python3.12/site-packages/saye_prediction-0.0.1-py3.12.egg-info/top_level.txt
-- Installing: /home/yiyi/ackermann_sim/install/saye_prediction/lib/python3.12/site-packages/saye_prediction-0.0.1-py3.12.egg-info/dependency_links.txt
-- Installing: /home/yiyi/ackermann_sim/install/saye_prediction/lib/python3.12/site-packages/saye_prediction
-- Installing: /home/yiyi/ackermann_sim/install/saye_prediction/lib/python3.12/site-packages/saye_prediction/prediction_verifier.py
-- Installing: /home/yiyi/ackermann_sim/install/saye_prediction/lib/python3.12/site-packages/saye_prediction/__init__.py
-- Installing: /home/yiyi/ackermann_sim/install/saye_prediction/lib/python3.12/site-packages/saye_prediction/prediction_visualizer.py
-- Installing: /home/yiyi/ackermann_sim/install/saye_prediction/lib/python3.12/site-packages/saye_prediction/ground_truth_predictor.py
Listing '/home/yiyi/ackermann_sim/install/saye_prediction/lib/python3.12/site-packages/saye_prediction'...
Compiling '/home/yiyi/ackermann_sim/install/saye_prediction/lib/python3.12/site-packages/saye_prediction/__init__.py'...
Compiling '/home/yiyi/ackermann_sim/install/saye_prediction/lib/python3.12/site-packages/saye_prediction/ground_truth_predictor.py'...
Compiling '/home/yiyi/ackermann_sim/install/saye_prediction/lib/python3.12/site-packages/saye_prediction/prediction_verifier.py'...
Compiling '/home/yiyi/ackermann_sim/install/saye_prediction/lib/python3.12/site-packages/saye_prediction/prediction_visualizer.py'...
-- Installing: /home/yiyi/ackermann_sim/install/saye_prediction/lib/saye_prediction/ground_truth_predictor
-- Installing: /home/yiyi/ackermann_sim/install/saye_prediction/lib/saye_prediction/prediction_visualizer
-- Installing: /home/yiyi/ackermann_sim/install/saye_prediction/lib/saye_prediction/prediction_verifier
-- Installing: /home/yiyi/ackermann_sim/install/saye_prediction/share/saye_prediction/launch
-- Installing: /home/yiyi/ackermann_sim/install/saye_prediction/share/saye_prediction/launch/ground_truth_prediction.launch.py
-- Installing: /home/yiyi/ackermann_sim/install/saye_prediction/share/saye_prediction/config
-- Installing: /home/yiyi/ackermann_sim/install/saye_prediction/share/saye_prediction/config/ground_truth_predictor.yaml
-- Installing: /home/yiyi/ackermann_sim/install/saye_prediction/share/saye_prediction/config/scenario1_actors.yaml
-- Installing: /home/yiyi/ackermann_sim/install/saye_prediction/share/ament_index/resource_index/package_run_dependencies/saye_prediction
-- Installing: /home/yiyi/ackermann_sim/install/saye_prediction/share/ament_index/resource_index/parent_prefix_path/saye_prediction
-- Installing: /home/yiyi/ackermann_sim/install/saye_prediction/share/saye_prediction/environment/ament_prefix_path.sh
-- Installing: /home/yiyi/ackermann_sim/install/saye_prediction/share/saye_prediction/environment/ament_prefix_path.dsv
-- Installing: /home/yiyi/ackermann_sim/install/saye_prediction/share/saye_prediction/environment/path.sh
-- Installing: /home/yiyi/ackermann_sim/install/saye_prediction/share/saye_prediction/environment/path.dsv
-- Installing: /home/yiyi/ackermann_sim/install/saye_prediction/share/saye_prediction/local_setup.bash
-- Installing: /home/yiyi/ackermann_sim/install/saye_prediction/share/saye_prediction/local_setup.sh
-- Installing: /home/yiyi/ackermann_sim/install/saye_prediction/share/saye_prediction/local_setup.zsh
-- Installing: /home/yiyi/ackermann_sim/install/saye_prediction/share/saye_prediction/local_setup.dsv
-- Installing: /home/yiyi/ackermann_sim/install/saye_prediction/share/saye_prediction/package.dsv
-- Installing: /home/yiyi/ackermann_sim/install/saye_prediction/share/ament_index/resource_index/packages/saye_prediction
-- Installing: /home/yiyi/ackermann_sim/install/saye_prediction/share/saye_prediction/cmake/saye_predictionConfig.cmake
-- Installing: /home/yiyi/ackermann_sim/install/saye_prediction/share/saye_prediction/cmake/saye_predictionConfig-version.cmake
-- Installing: /home/yiyi/ackermann_sim/install/saye_prediction/share/saye_prediction/package.xml
