[0.162s] Invoking command in '/home/yiyi/ackermann_sim/build/saye_bringup': CMAKE_PREFIX_PATH=/home/yiyi/ackermann_sim/install/saye_description:/home/yiyi/ackermann_sim/install/saye_control:/home/yiyi/ackermann_sim/install/saye_msgs:/home/yiyi/ackermann_sim/install/saye_localization:/home/yiyi/ackermann_sim/install/saye_bringup:/home/yiyi/ackermann_sim/install/saye_behaviortree:/opt/ros/jazzy/opt/gz_sim_vendor:/opt/ros/jazzy/opt/gz_sensors_vendor:/opt/ros/jazzy/opt/gz_physics_vendor:/opt/ros/jazzy/opt/sdformat_vendor:/opt/ros/jazzy/opt/gz_gui_vendor:/opt/ros/jazzy/opt/gz_transport_vendor:/opt/ros/jazzy/opt/gz_rendering_vendor:/opt/ros/jazzy/opt/gz_plugin_vendor:/opt/ros/jazzy/opt/gz_fuel_tools_vendor:/opt/ros/jazzy/opt/gz_msgs_vendor:/opt/ros/jazzy/opt/gz_common_vendor:/opt/ros/jazzy/opt/gz_math_vendor:/opt/ros/jazzy/opt/gz_utils_vendor:/opt/ros/jazzy/opt/gz_tools_vendor:/opt/ros/jazzy/opt/gz_ogre_next_vendor:/opt/ros/jazzy/opt/gz_dartsim_vendor:/opt/ros/jazzy/opt/gz_cmake_vendor:/opt/ros/jazzy GZ_SIM_RESOURCE_PATH=/home/yiyi/ackermann_sim/install/saye_description/share/saye_description/models /usr/bin/cmake --build /home/yiyi/ackermann_sim/build/saye_bringup -- -j16 -l16
[0.222s] Invoked command in '/home/yiyi/ackermann_sim/build/saye_bringup' returned '0': CMAKE_PREFIX_PATH=/home/yiyi/ackermann_sim/install/saye_description:/home/yiyi/ackermann_sim/install/saye_control:/home/yiyi/ackermann_sim/install/saye_msgs:/home/yiyi/ackermann_sim/install/saye_localization:/home/yiyi/ackermann_sim/install/saye_bringup:/home/yiyi/ackermann_sim/install/saye_behaviortree:/opt/ros/jazzy/opt/gz_sim_vendor:/opt/ros/jazzy/opt/gz_sensors_vendor:/opt/ros/jazzy/opt/gz_physics_vendor:/opt/ros/jazzy/opt/sdformat_vendor:/opt/ros/jazzy/opt/gz_gui_vendor:/opt/ros/jazzy/opt/gz_transport_vendor:/opt/ros/jazzy/opt/gz_rendering_vendor:/opt/ros/jazzy/opt/gz_plugin_vendor:/opt/ros/jazzy/opt/gz_fuel_tools_vendor:/opt/ros/jazzy/opt/gz_msgs_vendor:/opt/ros/jazzy/opt/gz_common_vendor:/opt/ros/jazzy/opt/gz_math_vendor:/opt/ros/jazzy/opt/gz_utils_vendor:/opt/ros/jazzy/opt/gz_tools_vendor:/opt/ros/jazzy/opt/gz_ogre_next_vendor:/opt/ros/jazzy/opt/gz_dartsim_vendor:/opt/ros/jazzy/opt/gz_cmake_vendor:/opt/ros/jazzy GZ_SIM_RESOURCE_PATH=/home/yiyi/ackermann_sim/install/saye_description/share/saye_description/models /usr/bin/cmake --build /home/yiyi/ackermann_sim/build/saye_bringup -- -j16 -l16
[0.237s] Invoking command in '/home/yiyi/ackermann_sim/build/saye_bringup': CMAKE_PREFIX_PATH=/home/yiyi/ackermann_sim/install/saye_description:/home/yiyi/ackermann_sim/install/saye_control:/home/yiyi/ackermann_sim/install/saye_msgs:/home/yiyi/ackermann_sim/install/saye_localization:/home/yiyi/ackermann_sim/install/saye_bringup:/home/yiyi/ackermann_sim/install/saye_behaviortree:/opt/ros/jazzy/opt/gz_sim_vendor:/opt/ros/jazzy/opt/gz_sensors_vendor:/opt/ros/jazzy/opt/gz_physics_vendor:/opt/ros/jazzy/opt/sdformat_vendor:/opt/ros/jazzy/opt/gz_gui_vendor:/opt/ros/jazzy/opt/gz_transport_vendor:/opt/ros/jazzy/opt/gz_rendering_vendor:/opt/ros/jazzy/opt/gz_plugin_vendor:/opt/ros/jazzy/opt/gz_fuel_tools_vendor:/opt/ros/jazzy/opt/gz_msgs_vendor:/opt/ros/jazzy/opt/gz_common_vendor:/opt/ros/jazzy/opt/gz_math_vendor:/opt/ros/jazzy/opt/gz_utils_vendor:/opt/ros/jazzy/opt/gz_tools_vendor:/opt/ros/jazzy/opt/gz_ogre_next_vendor:/opt/ros/jazzy/opt/gz_dartsim_vendor:/opt/ros/jazzy/opt/gz_cmake_vendor:/opt/ros/jazzy GZ_SIM_RESOURCE_PATH=/home/yiyi/ackermann_sim/install/saye_description/share/saye_description/models /usr/bin/cmake --install /home/yiyi/ackermann_sim/build/saye_bringup
[0.250s] -- Install configuration: ""
[0.250s] -- Up-to-date: /home/yiyi/ackermann_sim/install/saye_bringup/share/saye_bringup//launch
[0.251s] -- Up-to-date: /home/yiyi/ackermann_sim/install/saye_bringup/share/saye_bringup//launch/slam.launch.py
[0.251s] -- Up-to-date: /home/yiyi/ackermann_sim/install/saye_bringup/share/saye_bringup//launch/amcl.launch.py
[0.251s] -- Up-to-date: /home/yiyi/ackermann_sim/install/saye_bringup/share/saye_bringup//launch/navigation_bringup.launch.py
[0.251s] -- Installing: /home/yiyi/ackermann_sim/install/saye_bringup/share/saye_bringup//launch/saye_spawn.launch.py
[0.252s] -- Up-to-date: /home/yiyi/ackermann_sim/install/saye_bringup/share/saye_bringup//maps
[0.252s] -- Up-to-date: /home/yiyi/ackermann_sim/install/saye_bringup/share/saye_bringup//maps/map.yaml
[0.252s] -- Up-to-date: /home/yiyi/ackermann_sim/install/saye_bringup/share/saye_bringup//maps/map.pgm
[0.252s] -- Up-to-date: /home/yiyi/ackermann_sim/install/saye_bringup/share/saye_bringup//rviz
[0.252s] -- Up-to-date: /home/yiyi/ackermann_sim/install/saye_bringup/share/saye_bringup//rviz/navigation.rviz
[0.252s] -- Up-to-date: /home/yiyi/ackermann_sim/install/saye_bringup/share/saye_bringup//rviz/saye.rviz
[0.253s] -- Up-to-date: /home/yiyi/ackermann_sim/install/saye_bringup/share/saye_bringup//config
[0.253s] -- Up-to-date: /home/yiyi/ackermann_sim/install/saye_bringup/share/saye_bringup//config/ros_gz_bridge.yaml
[0.253s] -- Up-to-date: /home/yiyi/ackermann_sim/install/saye_bringup/share/saye_bringup//config/slam.yaml
[0.253s] -- Up-to-date: /home/yiyi/ackermann_sim/install/saye_bringup/share/saye_bringup//config/amcl.yaml
[0.253s] -- Up-to-date: /home/yiyi/ackermann_sim/install/saye_bringup/share/saye_bringup//config/navigation.yaml
[0.253s] -- Installing: /home/yiyi/ackermann_sim/install/saye_bringup/share/saye_bringup//config/nav2_params.yaml
[0.253s] -- Up-to-date: /home/yiyi/ackermann_sim/install/saye_bringup/share/ament_index/resource_index/package_run_dependencies/saye_bringup
[0.253s] -- Up-to-date: /home/yiyi/ackermann_sim/install/saye_bringup/share/ament_index/resource_index/parent_prefix_path/saye_bringup
[0.253s] -- Up-to-date: /home/yiyi/ackermann_sim/install/saye_bringup/share/saye_bringup/environment/ament_prefix_path.sh
[0.253s] -- Up-to-date: /home/yiyi/ackermann_sim/install/saye_bringup/share/saye_bringup/environment/ament_prefix_path.dsv
[0.253s] -- Up-to-date: /home/yiyi/ackermann_sim/install/saye_bringup/share/saye_bringup/environment/path.sh
[0.253s] -- Up-to-date: /home/yiyi/ackermann_sim/install/saye_bringup/share/saye_bringup/environment/path.dsv
[0.253s] -- Up-to-date: /home/yiyi/ackermann_sim/install/saye_bringup/share/saye_bringup/local_setup.bash
[0.253s] -- Up-to-date: /home/yiyi/ackermann_sim/install/saye_bringup/share/saye_bringup/local_setup.sh
[0.253s] -- Up-to-date: /home/yiyi/ackermann_sim/install/saye_bringup/share/saye_bringup/local_setup.zsh
[0.254s] -- Up-to-date: /home/yiyi/ackermann_sim/install/saye_bringup/share/saye_bringup/local_setup.dsv
[0.254s] -- Installing: /home/yiyi/ackermann_sim/install/saye_bringup/share/saye_bringup/package.dsv
[0.254s] -- Up-to-date: /home/yiyi/ackermann_sim/install/saye_bringup/share/ament_index/resource_index/packages/saye_bringup
[0.254s] -- Up-to-date: /home/yiyi/ackermann_sim/install/saye_bringup/share/saye_bringup/cmake/saye_bringupConfig.cmake
[0.254s] -- Up-to-date: /home/yiyi/ackermann_sim/install/saye_bringup/share/saye_bringup/cmake/saye_bringupConfig-version.cmake
[0.254s] -- Up-to-date: /home/yiyi/ackermann_sim/install/saye_bringup/share/saye_bringup/package.xml
[0.256s] Invoked command in '/home/yiyi/ackermann_sim/build/saye_bringup' returned '0': CMAKE_PREFIX_PATH=/home/yiyi/ackermann_sim/install/saye_description:/home/yiyi/ackermann_sim/install/saye_control:/home/yiyi/ackermann_sim/install/saye_msgs:/home/yiyi/ackermann_sim/install/saye_localization:/home/yiyi/ackermann_sim/install/saye_bringup:/home/yiyi/ackermann_sim/install/saye_behaviortree:/opt/ros/jazzy/opt/gz_sim_vendor:/opt/ros/jazzy/opt/gz_sensors_vendor:/opt/ros/jazzy/opt/gz_physics_vendor:/opt/ros/jazzy/opt/sdformat_vendor:/opt/ros/jazzy/opt/gz_gui_vendor:/opt/ros/jazzy/opt/gz_transport_vendor:/opt/ros/jazzy/opt/gz_rendering_vendor:/opt/ros/jazzy/opt/gz_plugin_vendor:/opt/ros/jazzy/opt/gz_fuel_tools_vendor:/opt/ros/jazzy/opt/gz_msgs_vendor:/opt/ros/jazzy/opt/gz_common_vendor:/opt/ros/jazzy/opt/gz_math_vendor:/opt/ros/jazzy/opt/gz_utils_vendor:/opt/ros/jazzy/opt/gz_tools_vendor:/opt/ros/jazzy/opt/gz_ogre_next_vendor:/opt/ros/jazzy/opt/gz_dartsim_vendor:/opt/ros/jazzy/opt/gz_cmake_vendor:/opt/ros/jazzy GZ_SIM_RESOURCE_PATH=/home/yiyi/ackermann_sim/install/saye_description/share/saye_description/models /usr/bin/cmake --install /home/yiyi/ackermann_sim/build/saye_bringup
