[0.020s] Invoking command in '/home/yiyi/ackermann_sim/build/saye_description': CMAKE_PREFIX_PATH=${CMAKE_PREFIX_PATH}:/opt/ros/jazzy /usr/bin/cmake --build /home/yiyi/ackermann_sim/build/saye_description -- -j16 -l16
[0.076s] -- Found ament_cmake: 2.5.4 (/opt/ros/jazzy/share/ament_cmake/cmake)
[0.462s] -- Found ament_index_cpp: 1.8.1 (/opt/ros/jazzy/share/ament_index_cpp/cmake)
[0.462s] -- Looking for gz-plugin2 -- found version 2.0.4
[0.471s] -- Searching for dependencies of gz-plugin2
[0.471s] -- Looking for gz-utils2 -- found version 2.2.1
[0.471s] -- Searching for dependencies of gz-utils2
[0.472s] -- Searching for <gz-utils2> component [cli]
[0.472s] -- Looking for gz-utils2-cli -- found version 2.2.1
[0.473s] -- Searching for dependencies of gz-utils2-cli
[0.474s] -- Looking for gz-sim8 -- found version 8.9.0
[0.475s] -- Searching for dependencies of gz-sim8
[0.475s] -- Looking for sdformat14 -- found version 14.8.0
[0.475s] -- Searching for dependencies of sdformat14
[0.484s] -- Checking for module 'tinyxml2'
[0.514s] --   Found tinyxml2, version 10.0.0
[0.580s] -- Looking for gz-math7 -- found version 7.5.2
[0.580s] -- Searching for dependencies of gz-math7
[0.581s] -- Looking for gz-utils2 -- found version 2.2.1
[0.584s] -- Looking for gz-utils2 -- found version 2.2.1
[0.584s] -- Looking for gz-plugin2 -- found version 2.0.4
[0.584s] -- Searching for dependencies of gz-plugin2
[0.585s] -- Looking for gz-utils2 -- found version 2.2.1
[0.585s] -- Searching for <gz-plugin2> component [loader]
[0.586s] -- Looking for gz-plugin2-loader -- found version 2.0.4
[0.586s] -- Searching for dependencies of gz-plugin2-loader
[0.587s] -- Searching for <gz-plugin2> component [register]
[0.589s] -- Looking for gz-plugin2-register -- found version 2.0.4
[0.589s] -- Searching for dependencies of gz-plugin2-register
[0.589s] -- Looking for gz-transport13 -- found version 13.4.1
[0.590s] -- Searching for dependencies of gz-transport13
[8.068s] -- Config-file not installed for ZeroMQ -- checking for pkg-config
[8.076s] -- Checking for module 'libzmq >= 4'
[8.107s] --   Found libzmq, version 4.3.5
[8.207s] -- Checking for module 'uuid'
[8.236s] --   Found uuid, version 2.39.3
[8.306s] -- Looking for gz-utils2 -- found version 2.2.1
[8.306s] -- Looking for gz-msgs10 -- found version 10.3.2
[8.306s] -- Searching for dependencies of gz-msgs10
[12.031s] -- Looking for gz-utils2 -- found version 2.2.1
[12.032s] -- Looking for gz-math7 -- found version 7.5.2
[12.042s] -- Searching for <gz-transport13> component [log]
[12.042s] -- Looking for gz-transport13-log -- found version 13.4.1
[12.043s] -- Searching for dependencies of gz-transport13-log
[12.043s] -- Searching for <gz-transport13> component [parameters]
[12.044s] -- Looking for gz-transport13-parameters -- found version 13.4.1
[12.044s] -- Searching for dependencies of gz-transport13-parameters
[12.045s] -- Looking for gz-msgs10 -- found version 10.3.2
[12.046s] -- Looking for gz-common5 -- found version 5.7.1
[12.046s] -- Searching for dependencies of gz-common5
[12.046s] -- Looking for gz-utils2 -- found version 2.2.1
[12.046s] -- Looking for dlfcn.h - found
[12.047s] -- Looking for libdl - found
[12.058s] -- Searching for <gz-common5> component [av]
[12.058s] -- Looking for gz-common5-av -- found version 5.7.1
[12.059s] -- Searching for dependencies of gz-common5-av
[12.066s] -- Checking for module 'libswscale'
[12.095s] --   Found libswscale, version 7.5.100
[12.170s] -- Checking for module 'libavdevice >= 56.4.100'
[12.197s] --   Found libavdevice, version 60.3.100
[12.290s] -- Checking for module 'libavformat'
[12.318s] --   Found libavformat, version 60.16.100
[12.397s] -- Checking for module 'libavcodec'
[12.427s] --   Found libavcodec, version 60.31.102
[12.506s] -- Checking for module 'libavutil'
[12.534s] --   Found libavutil, version 58.29.100
[12.600s] -- Searching for <gz-common5> component [events]
[12.600s] -- Looking for gz-common5-events -- found version 5.7.1
[12.601s] -- Searching for dependencies of gz-common5-events
[12.601s] -- Looking for gz-math7 -- found version 7.5.2
[12.601s] -- Searching for <gz-common5> component [graphics]
[12.602s] -- Looking for gz-common5-graphics -- found version 5.7.1
[12.602s] -- Searching for dependencies of gz-common5-graphics
[12.602s] -- Looking for gz-math7 -- found version 7.5.2
[12.606s] -- Searching for <gz-common5> component [io]
[12.606s] -- Looking for gz-common5-io -- found version 5.7.1
[12.606s] -- Searching for dependencies of gz-common5-io
[12.607s] -- Searching for <gz-common5> component [profiler]
[12.607s] -- Looking for gz-common5-profiler -- found version 5.7.1
[12.608s] -- Searching for dependencies of gz-common5-profiler
[12.609s] -- Looking for gz-fuel_tools9 -- found version 9.1.1
[12.609s] -- Searching for dependencies of gz-fuel_tools9
[16.202s] -- Checking for module 'jsoncpp'
[16.231s] --   Found jsoncpp, version 1.9.5
[19.239s] -- Checking for module 'yaml-0.1'
[19.266s] --   Found yaml-0.1, version 0.2.5
[19.339s] -- Checking for module 'libzip'
[19.367s] --   Found libzip, version 1.7.3
[19.434s] -- Looking for gz-utils2 -- found version 2.2.1
[19.434s] -- Looking for gz-common5 -- found version 5.7.1
[19.434s] -- Searching for dependencies of gz-common5
[19.435s] -- Looking for gz-utils2 -- found version 2.2.1
[19.435s] -- Looking for dlfcn.h - found
[19.435s] -- Looking for libdl - found
[19.446s] -- Searching for <gz-common5> component [testing]
[19.447s] -- Looking for gz-common5-testing -- found version 5.7.1
[19.447s] -- Searching for dependencies of gz-common5-testing
[19.448s] -- Looking for gz-math7 -- found version 7.5.2
[19.449s] -- Looking for gz-msgs10 -- found version 10.3.2
[19.450s] -- Looking for gz-gui8 -- found version 8.4.0
[19.450s] -- Searching for dependencies of gz-gui8
[22.477s] -- Looking for gz-utils2 -- found version 2.2.1
[22.478s] -- Looking for gz-math7 -- found version 7.5.2
[22.478s] -- Looking for gz-common5 -- found version 5.7.1
[22.479s] -- Looking for gz-plugin2 -- found version 2.0.4
[22.479s] -- Looking for gz-transport13 -- found version 13.4.1
[22.480s] -- Looking for gz-rendering8 -- found version 8.2.2
[22.480s] -- Searching for dependencies of gz-rendering8
[22.480s] -- Looking for gz-math7 -- found version 7.5.2
[22.481s] -- Searching for dependencies of gz-math7
[22.481s] -- Looking for gz-utils2 -- found version 2.2.1
[22.481s] -- Searching for <gz-math7> component [eigen3]
[22.482s] -- Looking for gz-math7-eigen3 -- found version 7.5.2
[22.482s] -- Searching for dependencies of gz-math7-eigen3
[22.484s] -- Looking for gz-common5 -- found version 5.7.1
[22.485s] -- Searching for dependencies of gz-common5
[22.485s] -- Looking for gz-utils2 -- found version 2.2.1
[22.485s] -- Looking for dlfcn.h - found
[22.485s] -- Looking for libdl - found
[22.496s] -- Searching for <gz-common5> component [graphics]
[22.496s] -- Searching for <gz-common5> component [events]
[22.496s] -- Searching for <gz-common5> component [geospatial]
[22.497s] -- Looking for gz-common5-geospatial -- found version 5.7.1
[22.497s] -- Searching for dependencies of gz-common5-geospatial
[22.497s] -- Looking for gz-math7 -- found version 7.5.2
[22.497s] -- Looking for gz-common5 -- found version 5.7.1
[22.499s] -- Looking for gz-plugin2 -- found version 2.0.4
[22.499s] -- Searching for dependencies of gz-plugin2
[22.500s] -- Looking for gz-utils2 -- found version 2.2.1
[22.500s] -- Searching for <gz-plugin2> component [all]
[22.500s] -- Looking for all libraries of gz-plugin2 -- found version 2.0.4
[22.501s] -- Looking for gz-plugin2 -- found version 2.0.4
[22.502s] -- Looking for gz-utils2 -- found version 2.2.1
[22.648s] -- Looking for gz-msgs10 -- found version 10.3.2
[22.960s] -- Looking for gz-physics7 -- found version 7.5.0
[22.960s] -- Searching for dependencies of gz-physics7
[22.960s] -- Looking for gz-common5 -- found version 5.7.1
[22.961s] -- Looking for gz-math7 -- found version 7.5.2
[22.961s] -- Looking for gz-plugin2 -- found version 2.0.4
[22.962s] -- Looking for gz-utils2 -- found version 2.2.1
[22.963s] -- Searching for <gz-physics7> component [heightmap]
[22.964s] -- Looking for gz-physics7-heightmap -- found version 7.5.0
[22.964s] -- Searching for dependencies of gz-physics7-heightmap
[22.965s] -- Looking for gz-common5 -- found version 5.7.1
[22.965s] -- Searching for <gz-physics7> component [mesh]
[22.966s] -- Looking for gz-physics7-mesh -- found version 7.5.0
[22.966s] -- Searching for dependencies of gz-physics7-mesh
[22.966s] -- Looking for gz-common5 -- found version 5.7.1
[22.967s] -- Searching for <gz-physics7> component [sdf]
[22.967s] -- Looking for gz-physics7-sdf -- found version 7.5.0
[22.968s] -- Searching for dependencies of gz-physics7-sdf
[22.968s] -- Looking for sdformat14 -- found version 14.8.0
[22.969s] -- Looking for gz-sensors8 -- found version 8.2.2
[22.970s] -- Searching for dependencies of gz-sensors8
[25.938s] -- Looking for gz-math7 -- found version 7.5.2
[25.940s] -- Looking for gz-common5 -- found version 5.7.1
[25.940s] -- Looking for gz-transport13 -- found version 13.4.1
[25.940s] -- Looking for gz-rendering8 -- found version 8.2.2
[25.940s] -- Looking for gz-msgs10 -- found version 10.3.2
[25.940s] -- Looking for sdformat14 -- found version 14.8.0
[25.942s] -- Searching for <gz-sensors8> component [air_pressure]
[25.945s] -- Looking for gz-sensors8-air_pressure -- found version 8.2.2
[25.945s] -- Searching for dependencies of gz-sensors8-air_pressure
[25.945s] -- Searching for <gz-sensors8> component [air_speed]
[25.945s] -- Looking for gz-sensors8-air_speed -- found version 8.2.2
[25.945s] -- Searching for dependencies of gz-sensors8-air_speed
[25.947s] -- Searching for <gz-sensors8> component [altimeter]
[25.947s] -- Looking for gz-sensors8-altimeter -- found version 8.2.2
[25.948s] -- Searching for dependencies of gz-sensors8-altimeter
[25.948s] -- Searching for <gz-sensors8> component [imu]
[25.949s] -- Looking for gz-sensors8-imu -- found version 8.2.2
[25.949s] -- Searching for dependencies of gz-sensors8-imu
[25.949s] -- Searching for <gz-sensors8> component [force_torque]
[25.950s] -- Looking for gz-sensors8-force_torque -- found version 8.2.2
[25.950s] -- Searching for dependencies of gz-sensors8-force_torque
[25.951s] -- Searching for <gz-sensors8> component [logical_camera]
[25.951s] -- Looking for gz-sensors8-logical_camera -- found version 8.2.2
[25.951s] -- Searching for dependencies of gz-sensors8-logical_camera
[25.952s] -- Searching for <gz-sensors8> component [magnetometer]
[25.953s] -- Looking for gz-sensors8-magnetometer -- found version 8.2.2
[25.953s] -- Searching for dependencies of gz-sensors8-magnetometer
[25.953s] -- Searching for <gz-sensors8> component [navsat]
[25.954s] -- Looking for gz-sensors8-navsat -- found version 8.2.2
[25.954s] -- Searching for dependencies of gz-sensors8-navsat
[25.955s] -- Searching for <gz-sensors8> component [dvl]
[25.955s] -- Looking for gz-sensors8-dvl -- found version 8.2.2
[25.955s] -- Searching for dependencies of gz-sensors8-dvl
[25.956s] -- Looking for gz-sensors8 -- found version 8.2.2
[25.956s] -- Searching for dependencies of gz-sensors8
[28.918s] -- Looking for gz-math7 -- found version 7.5.2
[28.918s] -- Looking for gz-common5 -- found version 5.7.1
[28.919s] -- Looking for gz-transport13 -- found version 13.4.1
[28.920s] -- Looking for gz-rendering8 -- found version 8.2.2
[28.920s] -- Looking for gz-msgs10 -- found version 10.3.2
[28.921s] -- Looking for sdformat14 -- found version 14.8.0
[28.921s] -- Searching for <gz-sensors8> component [rendering]
[28.921s] -- Looking for gz-sensors8-rendering -- found version 8.2.2
[28.922s] -- Searching for dependencies of gz-sensors8-rendering
[28.923s] -- Searching for <gz-sensors8> component [rendering]
[28.923s] -- Searching for <gz-sensors8> component [lidar]
[28.924s] -- Looking for gz-sensors8-lidar -- found version 8.2.2
[28.924s] -- Searching for dependencies of gz-sensors8-lidar
[28.924s] -- Looking for gz-sensors8 -- found version 8.2.2
[28.925s] -- Searching for <gz-sensors8> component [gpu_lidar]
[28.926s] -- Looking for gz-sensors8-gpu_lidar -- found version 8.2.2
[28.926s] -- Searching for dependencies of gz-sensors8-gpu_lidar
[28.926s] -- Looking for gz-sensors8 -- found version 8.2.2
[28.927s] -- Searching for <gz-sensors8> component [camera]
[28.927s] -- Looking for gz-sensors8-camera -- found version 8.2.2
[28.928s] -- Searching for dependencies of gz-sensors8-camera
[28.928s] -- Looking for gz-sensors8 -- found version 8.2.2
[28.929s] -- Searching for <gz-sensors8> component [boundingbox_camera]
[28.929s] -- Looking for gz-sensors8-boundingbox_camera -- found version 8.2.2
[28.929s] -- Searching for dependencies of gz-sensors8-boundingbox_camera
[28.930s] -- Searching for <gz-sensors8> component [segmentation_camera]
[28.930s] -- Looking for gz-sensors8-segmentation_camera -- found version 8.2.2
[28.931s] -- Searching for dependencies of gz-sensors8-segmentation_camera
[28.931s] -- Searching for <gz-sensors8> component [depth_camera]
[28.932s] -- Looking for gz-sensors8-depth_camera -- found version 8.2.2
[28.932s] -- Searching for dependencies of gz-sensors8-depth_camera
[28.933s] -- Looking for gz-sensors8 -- found version 8.2.2
[28.934s] -- Searching for <gz-sensors8> component [rgbd_camera]
[28.934s] -- Looking for gz-sensors8-rgbd_camera -- found version 8.2.2
[28.934s] -- Searching for dependencies of gz-sensors8-rgbd_camera
[28.935s] -- Looking for gz-sensors8 -- found version 8.2.2
[28.936s] -- Searching for <gz-sensors8> component [thermal_camera]
[28.936s] -- Looking for gz-sensors8-thermal_camera -- found version 8.2.2
[28.936s] -- Searching for dependencies of gz-sensors8-thermal_camera
[28.937s] -- Looking for gz-sensors8 -- found version 8.2.2
[28.937s] -- Searching for <gz-sensors8> component [wide_angle_camera]
[28.938s] -- Looking for gz-sensors8-wide_angle_camera -- found version 8.2.2
[28.938s] -- Searching for dependencies of gz-sensors8-wide_angle_camera
[28.939s] -- Looking for gz-rendering8 -- found version 8.2.2
[28.940s] -- Looking for gz-math7 -- found version 7.5.2
[28.940s] -- Looking for gz-utils2 -- found version 2.2.1
[31.907s] -- Looking for gz-transport13 -- found version 13.4.1
[31.907s] -- Found robot_state_publisher: 3.3.3 (/opt/ros/jazzy/share/robot_state_publisher/cmake)
[32.077s] -- Found rosidl_generator_c: 4.6.6 (/opt/ros/jazzy/share/rosidl_generator_c/cmake)
[32.088s] -- Found rosidl_generator_cpp: 4.6.6 (/opt/ros/jazzy/share/rosidl_generator_cpp/cmake)
[32.104s] -- Using all available rosidl_typesupport_c: rosidl_typesupport_fastrtps_c;rosidl_typesupport_introspection_c
[32.122s] -- Using all available rosidl_typesupport_cpp: rosidl_typesupport_fastrtps_cpp;rosidl_typesupport_introspection_cpp
[32.207s] -- Found rmw_implementation_cmake: 7.3.2 (/opt/ros/jazzy/share/rmw_implementation_cmake/cmake)
[32.209s] -- Found rmw_fastrtps_cpp: 8.4.3 (/opt/ros/jazzy/share/rmw_fastrtps_cpp/cmake)
[32.912s] -- Using RMW implementation 'rmw_fastrtps_cpp' as default
[33.671s] -- Found xacro: 2.1.1 (/opt/ros/jazzy/share/xacro/cmake)
[33.672s] -- Looking for sdformat14 -- found version 14.8.0
[33.673s] -- Found ament_lint_auto: 0.17.3 (/opt/ros/jazzy/share/ament_lint_auto/cmake)
[33.996s] -- Added test 'cppcheck' to perform static code analysis on C / C++ code
[33.997s] -- Configured cppcheck include dirs: /home/yiyi/ackermann_sim/src/ackermann-vehicle-gzsim-ros2/saye_description/plugins/pedestrian_manager/include;/home/yiyi/ackermann_sim/src/ackermann-vehicle-gzsim-ros2/saye_description/plugins/actor_pose_publisher/include
[33.997s] -- Configured cppcheck exclude dirs and/or files: 
[33.998s] -- Added test 'flake8' to check Python code syntax and style conventions
[33.998s] -- Configured 'flake8' exclude dirs and/or files: 
[34.001s] -- Added test 'lint_cmake' to check CMake code style
[34.002s] -- Added test 'pep257' to check Python code against some of the docstring style conventions in PEP 257
[34.014s] -- Added test 'uncrustify' to check C / C++ code style
[34.014s] -- Configured uncrustify additional arguments: 
[34.015s] -- Added test 'xmllint' to check XML markup files
[34.017s] -- Configuring done (33.9s)
[34.060s] -- Generating done (0.0s)
[34.070s] -- Build files have been written to: /home/yiyi/ackermann_sim/build/saye_description
[34.140s] [ 58%] Built target generate_worlds
[34.155s] [ 66%] Building CXX object CMakeFiles/actor_pose_publisher_system.dir/plugins/actor_pose_publisher/src/test_actor_driver_system.cpp.o
[34.158s] [ 83%] Built target pedestrian_manager_system
[37.774s] /home/yiyi/ackermann_sim/src/ackermann-vehicle-gzsim-ros2/saye_description/plugins/actor_pose_publisher/src/test_actor_driver_system.cpp: In member function ‘virtual void saye_description::TestActorDriverSystem::PreUpdate(const gz::sim::v8::UpdateInfo&, gz::sim::v8::EntityComponentManager&)’:
[37.774s] /home/yiyi/ackermann_sim/src/ackermann-vehicle-gzsim-ros2/saye_description/plugins/actor_pose_publisher/src/test_actor_driver_system.cpp:81:56: error: ‘halfPi’ is not a member of ‘gz::math’
[37.774s]    81 |   pose.Rot().SetFromEuler({0.0, 0.0, angle + gz::math::halfPi});
[37.774s]       |                                                        ^~~~~~
[37.774s] /home/yiyi/ackermann_sim/src/ackermann-vehicle-gzsim-ros2/saye_description/plugins/actor_pose_publisher/src/test_actor_driver_system.cpp:81:26: error: no matching function for call to ‘gz::math::v7::Quaternion<double>::SetFromEuler(<brace-enclosed initializer list>)’
[37.774s]    81 |   pose.Rot().SetFromEuler({0.0, 0.0, angle + gz::math::halfPi});
[37.774s]       |   ~~~~~~~~~~~~~~~~~~~~~~~^~~~~~~~~~~~~~~~~~~~~~~~~~~~~~~~~~~~~~
[37.777s] In file included from /opt/ros/jazzy/opt/gz_math_vendor/include/gz/math7/gz/math/Pose3.hh:20,
[37.778s]                  from /opt/ros/jazzy/opt/sdformat_vendor/include/gz/sdformat14/sdf/Param.hh:38,
[37.778s]                  from /opt/ros/jazzy/opt/sdformat_vendor/include/gz/sdformat14/sdf/Element.hh:29,
[37.778s]                  from /opt/ros/jazzy/opt/gz_sim_vendor/include/gz/sim8/gz/sim/System.hh:31,
[37.778s]                  from /home/yiyi/ackermann_sim/src/ackermann-vehicle-gzsim-ros2/saye_description/plugins/actor_pose_publisher/include/saye_description/test_actor_driver_system.hpp:6,
[37.778s]                  from /home/yiyi/ackermann_sim/src/ackermann-vehicle-gzsim-ros2/saye_description/plugins/actor_pose_publisher/src/test_actor_driver_system.cpp:1:
[37.778s] /opt/ros/jazzy/opt/gz_math_vendor/include/gz/math7/gz/math/Quaternion.hh:384:18: note: candidate: ‘void gz::math::v7::Quaternion<T>::SetFromEuler(const gz::math::v7::Vector3<T>&) [with T = double]’
[37.778s]   384 |     public: void SetFromEuler(const Vector3<T> &_vec)
[37.778s]       |                  ^~~~~~~~~~~~
[37.779s] /opt/ros/jazzy/opt/gz_math_vendor/include/gz/math7/gz/math/Quaternion.hh:384:49: note:   no known conversion for argument 1 from ‘<brace-enclosed initializer list>’ to ‘const gz::math::v7::Vector3<double>&’
[37.779s]   384 |     public: void SetFromEuler(const Vector3<T> &_vec)
[37.779s]       |                               ~~~~~~~~~~~~~~~~~~^~~~
[37.779s] /opt/ros/jazzy/opt/gz_math_vendor/include/gz/math7/gz/math/Quaternion.hh:403:18: note: candidate: ‘void gz::math::v7::Quaternion<T>::SetFromEuler(T, T, T) [with T = double]’
[37.779s]   403 |     public: void SetFromEuler(T _roll, T _pitch, T _yaw)
[37.779s]       |                  ^~~~~~~~~~~~
[37.779s] /opt/ros/jazzy/opt/gz_math_vendor/include/gz/math7/gz/math/Quaternion.hh:403:18: note:   candidate expects 3 arguments, 1 provided
[38.883s] gmake[2]: *** [CMakeFiles/actor_pose_publisher_system.dir/build.make:90: CMakeFiles/actor_pose_publisher_system.dir/plugins/actor_pose_publisher/src/test_actor_driver_system.cpp.o] Error 1
[38.884s] gmake[1]: *** [CMakeFiles/Makefile2:193: CMakeFiles/actor_pose_publisher_system.dir/all] Error 2
[38.884s] gmake: *** [Makefile:146: all] Error 2
[38.889s] Invoked command in '/home/yiyi/ackermann_sim/build/saye_description' returned '2': CMAKE_PREFIX_PATH=${CMAKE_PREFIX_PATH}:/opt/ros/jazzy /usr/bin/cmake --build /home/yiyi/ackermann_sim/build/saye_description -- -j16 -l16
