[ 50%] Building CXX object CMakeFiles/pedestrian_manager_system.dir/plugins/pedestrian_manager/src/pedestrian_manager_system.cpp.o
/home/yiyi/ackermann_sim/src/ackermann-vehicle-gzsim-ros2/saye_description/plugins/pedestrian_manager/src/pedestrian_manager_system.cpp: In member function ‘virtual void saye_description::PedestrianManagerSystem::Configure(const gz::sim::v8::Entity&, const std::shared_ptr<const sdf::v14::Element>&, gz::sim::v8::EntityComponentManager&, gz::sim::v8::EventManager&)’:
/home/yiyi/ackermann_sim/src/ackermann-vehicle-gzsim-ros2/saye_description/plugins/pedestrian_manager/src/pedestrian_manager_system.cpp:72:19: error: ‘isAbsolutePath’ is not a member of ‘gz::common’
   72 |   if (gz::common::isAbsolutePath(config_file))
      |                   ^~~~~~~~~~~~~~
/home/yiyi/ackermann_sim/src/ackermann-vehicle-gzsim-ros2/saye_description/plugins/pedestrian_manager/src/pedestrian_manager_system.cpp: In member function ‘virtual void saye_description::PedestrianManagerSystem::PreUpdate(const gz::sim::v8::UpdateInfo&, gz::sim::v8::EntityComponentManager&)’:
/home/yiyi/ackermann_sim/src/ackermann-vehicle-gzsim-ros2/saye_description/plugins/pedestrian_manager/src/pedestrian_manager_system.cpp:120:72: error: no match for ‘operator<<’ (operand types are ‘std::basic_ostream<char>’ and ‘std::optional<std::__cxx11::basic_string<char> >’)
  120 |   gzdbg << "pedestrian_manager_system: Spawning pedestrians in world " << worldName << std::endl;
      |                                                                        ^~ ~~~~~~~~~
      |                                                                           |
      |                                                                           std::optional<std::__cxx11::basic_string<char> >
/home/yiyi/ackermann_sim/src/ackermann-vehicle-gzsim-ros2/saye_description/plugins/pedestrian_manager/src/pedestrian_manager_system.cpp:120:72: note: candidate: ‘operator<<(int, int)’ (built-in)
  120 |   gzdbg << "pedestrian_manager_system: Spawning pedestrians in world " << worldName << std::endl;
      |                                                                        ^
/home/yiyi/ackermann_sim/src/ackermann-vehicle-gzsim-ros2/saye_description/plugins/pedestrian_manager/src/pedestrian_manager_system.cpp:120:72: note:   no known conversion for argument 2 from ‘std::optional<std::__cxx11::basic_string<char> >’ to ‘int’
In file included from /usr/include/c++/13/iostream:41,
                 from /usr/include/google/protobuf/stubs/common.h:39,
                 from /usr/include/google/protobuf/io/coded_stream.h:131,
                 from /opt/ros/jazzy/opt/gz_msgs_vendor/include/gz/msgs10/gz/msgs/details/serialized.pb.h:23,
                 from /opt/ros/jazzy/opt/gz_msgs_vendor/include/gz/msgs10/gz/msgs/serialized.pb.h:12,
                 from /opt/ros/jazzy/opt/gz_sim_vendor/include/gz/sim8/gz/sim/EntityComponentManager.hh:20,
                 from /opt/ros/jazzy/opt/gz_sim_vendor/include/gz/sim8/gz/sim/System.hh:24,
                 from /home/yiyi/ackermann_sim/src/ackermann-vehicle-gzsim-ros2/saye_description/plugins/pedestrian_manager/include/saye_description/pedestrian_manager_system.hpp:9,
                 from /home/yiyi/ackermann_sim/src/ackermann-vehicle-gzsim-ros2/saye_description/plugins/pedestrian_manager/src/pedestrian_manager_system.cpp:1:
/usr/include/c++/13/ostream:110:7: note: candidate: ‘std::basic_ostream<_CharT, _Traits>::__ostream_type& std::basic_ostream<_CharT, _Traits>::operator<<(__ostream_type& (*)(__ostream_type&)) [with _CharT = char; _Traits = std::char_traits<char>; __ostream_type = std::basic_ostream<char>]’
  110 |       operator<<(__ostream_type& (*__pf)(__ostream_type&))
      |       ^~~~~~~~
/usr/include/c++/13/ostream:110:36: note:   no known conversion for argument 1 from ‘std::optional<std::__cxx11::basic_string<char> >’ to ‘std::basic_ostream<char>::__ostream_type& (*)(std::basic_ostream<char>::__ostream_type&)’ {aka ‘std::basic_ostream<char>& (*)(std::basic_ostream<char>&)’}
  110 |       operator<<(__ostream_type& (*__pf)(__ostream_type&))
      |                  ~~~~~~~~~~~~~~~~~~^~~~~~~~~~~~~~~~~~~~~~
/usr/include/c++/13/ostream:119:7: note: candidate: ‘std::basic_ostream<_CharT, _Traits>::__ostream_type& std::basic_ostream<_CharT, _Traits>::operator<<(__ios_type& (*)(__ios_type&)) [with _CharT = char; _Traits = std::char_traits<char>; __ostream_type = std::basic_ostream<char>; __ios_type = std::basic_ios<char>]’
  119 |       operator<<(__ios_type& (*__pf)(__ios_type&))
      |       ^~~~~~~~
/usr/include/c++/13/ostream:119:32: note:   no known conversion for argument 1 from ‘std::optional<std::__cxx11::basic_string<char> >’ to ‘std::basic_ostream<char>::__ios_type& (*)(std::basic_ostream<char>::__ios_type&)’ {aka ‘std::basic_ios<char>& (*)(std::basic_ios<char>&)’}
  119 |       operator<<(__ios_type& (*__pf)(__ios_type&))
      |                  ~~~~~~~~~~~~~~^~~~~~~~~~~~~~~~~~
/usr/include/c++/13/ostream:129:7: note: candidate: ‘std::basic_ostream<_CharT, _Traits>::__ostream_type& std::basic_ostream<_CharT, _Traits>::operator<<(std::ios_base& (*)(std::ios_base&)) [with _CharT = char; _Traits = std::char_traits<char>; __ostream_type = std::basic_ostream<char>]’
  129 |       operator<<(ios_base& (*__pf) (ios_base&))
      |       ^~~~~~~~
/usr/include/c++/13/ostream:129:30: note:   no known conversion for argument 1 from ‘std::optional<std::__cxx11::basic_string<char> >’ to ‘std::ios_base& (*)(std::ios_base&)’
  129 |       operator<<(ios_base& (*__pf) (ios_base&))
      |                  ~~~~~~~~~~~~^~~~~~~~~~~~~~~~~
/usr/include/c++/13/ostream:168:7: note: candidate: ‘std::basic_ostream<_CharT, _Traits>::__ostream_type& std::basic_ostream<_CharT, _Traits>::operator<<(long int) [with _CharT = char; _Traits = std::char_traits<char>; __ostream_type = std::basic_ostream<char>]’
  168 |       operator<<(long __n)
      |       ^~~~~~~~
/usr/include/c++/13/ostream:168:23: note:   no known conversion for argument 1 from ‘std::optional<std::__cxx11::basic_string<char> >’ to ‘long int’
  168 |       operator<<(long __n)
      |                  ~~~~~^~~
/usr/include/c++/13/ostream:172:7: note: candidate: ‘std::basic_ostream<_CharT, _Traits>::__ostream_type& std::basic_ostream<_CharT, _Traits>::operator<<(long unsigned int) [with _CharT = char; _Traits = std::char_traits<char>; __ostream_type = std::basic_ostream<char>]’
  172 |       operator<<(unsigned long __n)
      |       ^~~~~~~~
/usr/include/c++/13/ostream:172:32: note:   no known conversion for argument 1 from ‘std::optional<std::__cxx11::basic_string<char> >’ to ‘long unsigned int’
  172 |       operator<<(unsigned long __n)
      |                  ~~~~~~~~~~~~~~^~~
/usr/include/c++/13/ostream:176:7: note: candidate: ‘std::basic_ostream<_CharT, _Traits>::__ostream_type& std::basic_ostream<_CharT, _Traits>::operator<<(bool) [with _CharT = char; _Traits = std::char_traits<char>; __ostream_type = std::basic_ostream<char>]’
  176 |       operator<<(bool __n)
      |       ^~~~~~~~
/usr/include/c++/13/ostream:176:23: note:   no known conversion for argument 1 from ‘std::optional<std::__cxx11::basic_string<char> >’ to ‘bool’
  176 |       operator<<(bool __n)
      |                  ~~~~~^~~
In file included from /usr/include/c++/13/ostream:880:
/usr/include/c++/13/bits/ostream.tcc:96:5: note: candidate: ‘std::basic_ostream<_CharT, _Traits>& std::basic_ostream<_CharT, _Traits>::operator<<(short int) [with _CharT = char; _Traits = std::char_traits<char>]’
   96 |     basic_ostream<_CharT, _Traits>::
      |     ^~~~~~~~~~~~~~~~~~~~~~~~~~~~~~
/usr/include/c++/13/bits/ostream.tcc:97:22: note:   no known conversion for argument 1 from ‘std::optional<std::__cxx11::basic_string<char> >’ to ‘short int’
   97 |     operator<<(short __n)
      |                ~~~~~~^~~
/usr/include/c++/13/ostream:183:7: note: candidate: ‘std::basic_ostream<_CharT, _Traits>::__ostream_type& std::basic_ostream<_CharT, _Traits>::operator<<(short unsigned int) [with _CharT = char; _Traits = std::char_traits<char>; __ostream_type = std::basic_ostream<char>]’
  183 |       operator<<(unsigned short __n)
      |       ^~~~~~~~
/usr/include/c++/13/ostream:183:33: note:   no known conversion for argument 1 from ‘std::optional<std::__cxx11::basic_string<char> >’ to ‘short unsigned int’
  183 |       operator<<(unsigned short __n)
      |                  ~~~~~~~~~~~~~~~^~~
/usr/include/c++/13/bits/ostream.tcc:110:5: note: candidate: ‘std::basic_ostream<_CharT, _Traits>& std::basic_ostream<_CharT, _Traits>::operator<<(int) [with _CharT = char; _Traits = std::char_traits<char>]’
  110 |     basic_ostream<_CharT, _Traits>::
      |     ^~~~~~~~~~~~~~~~~~~~~~~~~~~~~~
/usr/include/c++/13/bits/ostream.tcc:111:20: note:   no known conversion for argument 1 from ‘std::optional<std::__cxx11::basic_string<char> >’ to ‘int’
  111 |     operator<<(int __n)
      |                ~~~~^~~
/usr/include/c++/13/ostream:194:7: note: candidate: ‘std::basic_ostream<_CharT, _Traits>::__ostream_type& std::basic_ostream<_CharT, _Traits>::operator<<(unsigned int) [with _CharT = char; _Traits = std::char_traits<char>; __ostream_type = std::basic_ostream<char>]’
  194 |       operator<<(unsigned int __n)
      |       ^~~~~~~~
/usr/include/c++/13/ostream:194:31: note:   no known conversion for argument 1 from ‘std::optional<std::__cxx11::basic_string<char> >’ to ‘unsigned int’
  194 |       operator<<(unsigned int __n)
      |                  ~~~~~~~~~~~~~^~~
/usr/include/c++/13/ostream:203:7: note: candidate: ‘std::basic_ostream<_CharT, _Traits>::__ostream_type& std::basic_ostream<_CharT, _Traits>::operator<<(long long int) [with _CharT = char; _Traits = std::char_traits<char>; __ostream_type = std::basic_ostream<char>]’
  203 |       operator<<(long long __n)
      |       ^~~~~~~~
/usr/include/c++/13/ostream:203:28: note:   no known conversion for argument 1 from ‘std::optional<std::__cxx11::basic_string<char> >’ to ‘long long int’
  203 |       operator<<(long long __n)
      |                  ~~~~~~~~~~^~~
/usr/include/c++/13/ostream:207:7: note: candidate: ‘std::basic_ostream<_CharT, _Traits>::__ostream_type& std::basic_ostream<_CharT, _Traits>::operator<<(long long unsigned int) [with _CharT = char; _Traits = std::char_traits<char>; __ostream_type = std::basic_ostream<char>]’
  207 |       operator<<(unsigned long long __n)
      |       ^~~~~~~~
/usr/include/c++/13/ostream:207:37: note:   no known conversion for argument 1 from ‘std::optional<std::__cxx11::basic_string<char> >’ to ‘long long unsigned int’
  207 |       operator<<(unsigned long long __n)
      |                  ~~~~~~~~~~~~~~~~~~~^~~
/usr/include/c++/13/ostream:222:7: note: candidate: ‘std::basic_ostream<_CharT, _Traits>::__ostream_type& std::basic_ostream<_CharT, _Traits>::operator<<(double) [with _CharT = char; _Traits = std::char_traits<char>; __ostream_type = std::basic_ostream<char>]’
  222 |       operator<<(double __f)
      |       ^~~~~~~~
/usr/include/c++/13/ostream:222:25: note:   no known conversion for argument 1 from ‘std::optional<std::__cxx11::basic_string<char> >’ to ‘double’
  222 |       operator<<(double __f)
      |                  ~~~~~~~^~~
/usr/include/c++/13/ostream:226:7: note: candidate: ‘std::basic_ostream<_CharT, _Traits>::__ostream_type& std::basic_ostream<_CharT, _Traits>::operator<<(float) [with _CharT = char; _Traits = std::char_traits<char>; __ostream_type = std::basic_ostream<char>]’
  226 |       operator<<(float __f)
      |       ^~~~~~~~
/usr/include/c++/13/ostream:226:24: note:   no known conversion for argument 1 from ‘std::optional<std::__cxx11::basic_string<char> >’ to ‘float’
  226 |       operator<<(float __f)
      |                  ~~~~~~^~~
/usr/include/c++/13/ostream:234:7: note: candidate: ‘std::basic_ostream<_CharT, _Traits>::__ostream_type& std::basic_ostream<_CharT, _Traits>::operator<<(long double) [with _CharT = char; _Traits = std::char_traits<char>; __ostream_type = std::basic_ostream<char>]’
  234 |       operator<<(long double __f)
      |       ^~~~~~~~
/usr/include/c++/13/ostream:234:30: note:   no known conversion for argument 1 from ‘std::optional<std::__cxx11::basic_string<char> >’ to ‘long double’
  234 |       operator<<(long double __f)
      |                  ~~~~~~~~~~~~^~~
/usr/include/c++/13/ostream:292:7: note: candidate: ‘std::basic_ostream<_CharT, _Traits>::__ostream_type& std::basic_ostream<_CharT, _Traits>::operator<<(const void*) [with _CharT = char; _Traits = std::char_traits<char>; __ostream_type = std::basic_ostream<char>]’
  292 |       operator<<(const void* __p)
      |       ^~~~~~~~
/usr/include/c++/13/ostream:292:30: note:   no known conversion for argument 1 from ‘std::optional<std::__cxx11::basic_string<char> >’ to ‘const void*’
  292 |       operator<<(const void* __p)
      |                  ~~~~~~~~~~~~^~~
/usr/include/c++/13/ostream:297:7: note: candidate: ‘std::basic_ostream<_CharT, _Traits>::__ostream_type& std::basic_ostream<_CharT, _Traits>::operator<<(std::nullptr_t) [with _CharT = char; _Traits = std::char_traits<char>; __ostream_type = std::basic_ostream<char>; std::nullptr_t = std::nullptr_t]’
  297 |       operator<<(nullptr_t)
      |       ^~~~~~~~
/usr/include/c++/13/ostream:297:18: note:   no known conversion for argument 1 from ‘std::optional<std::__cxx11::basic_string<char> >’ to ‘std::nullptr_t’
  297 |       operator<<(nullptr_t)
      |                  ^~~~~~~~~
/usr/include/c++/13/bits/ostream.tcc:124:5: note: candidate: ‘std::basic_ostream<_CharT, _Traits>& std::basic_ostream<_CharT, _Traits>::operator<<(__streambuf_type*) [with _CharT = char; _Traits = std::char_traits<char>; __streambuf_type = std::basic_streambuf<char>]’
  124 |     basic_ostream<_CharT, _Traits>::
      |     ^~~~~~~~~~~~~~~~~~~~~~~~~~~~~~
/usr/include/c++/13/bits/ostream.tcc:125:34: note:   no known conversion for argument 1 from ‘std::optional<std::__cxx11::basic_string<char> >’ to ‘std::basic_ostream<char>::__streambuf_type*’ {aka ‘std::basic_streambuf<char>*’}
  125 |     operator<<(__streambuf_type* __sbin)
      |                ~~~~~~~~~~~~~~~~~~^~~~~~
In file included from /usr/include/c++/13/bits/basic_string.h:47,
                 from /usr/include/c++/13/string:54,
                 from /home/yiyi/ackermann_sim/src/ackermann-vehicle-gzsim-ros2/saye_description/plugins/pedestrian_manager/include/saye_description/pedestrian_manager_system.hpp:6:
/usr/include/c++/13/string_view:761:5: note: candidate: ‘template<class _CharT, class _Traits> std::basic_ostream<_CharT, _Traits>& std::operator<<(basic_ostream<_CharT, _Traits>&, basic_string_view<_CharT, _Traits>)’
  761 |     operator<<(basic_ostream<_CharT, _Traits>& __os,
      |     ^~~~~~~~
/usr/include/c++/13/string_view:761:5: note:   template argument deduction/substitution failed:
/home/yiyi/ackermann_sim/src/ackermann-vehicle-gzsim-ros2/saye_description/plugins/pedestrian_manager/src/pedestrian_manager_system.cpp:120:75: note:   ‘std::optional<std::__cxx11::basic_string<char> >’ is not derived from ‘std::basic_string_view<_CharT, _Traits>’
  120 |   gzdbg << "pedestrian_manager_system: Spawning pedestrians in world " << worldName << std::endl;
      |                                                                           ^~~~~~~~~
/usr/include/c++/13/bits/basic_string.h:4032:5: note: candidate: ‘template<class _CharT, class _Traits, class _Alloc> std::basic_ostream<_CharT, _Traits>& std::operator<<(basic_ostream<_CharT, _Traits>&, const __cxx11::basic_string<_CharT, _Traits, _Allocator>&)’
 4032 |     operator<<(basic_ostream<_CharT, _Traits>& __os,
      |     ^~~~~~~~
/usr/include/c++/13/bits/basic_string.h:4032:5: note:   template argument deduction/substitution failed:
/home/yiyi/ackermann_sim/src/ackermann-vehicle-gzsim-ros2/saye_description/plugins/pedestrian_manager/src/pedestrian_manager_system.cpp:120:75: note:   ‘std::optional<std::__cxx11::basic_string<char> >’ is not derived from ‘const std::__cxx11::basic_string<_CharT, _Traits, _Allocator>’
  120 |   gzdbg << "pedestrian_manager_system: Spawning pedestrians in world " << worldName << std::endl;
      |                                                                           ^~~~~~~~~
In file included from /usr/include/c++/13/bits/memory_resource.h:38,
                 from /usr/include/c++/13/string:58:
/usr/include/c++/13/cstddef:124:5: note: candidate: ‘template<class _IntegerType> constexpr std::__byte_op_t<_IntegerType> std::operator<<(byte, _IntegerType)’
  124 |     operator<<(byte __b, _IntegerType __shift) noexcept
      |     ^~~~~~~~
/usr/include/c++/13/cstddef:124:5: note:   template argument deduction/substitution failed:
/home/yiyi/ackermann_sim/src/ackermann-vehicle-gzsim-ros2/saye_description/plugins/pedestrian_manager/src/pedestrian_manager_system.cpp:120:9: note:   cannot convert ‘std::operator<< <char_traits<char> >(gz::common::Console::dbg.gz::common::Logger::operator()(std::__cxx11::basic_string<char>(((const char*)"/home/yiyi/ackermann_sim/src/ackermann-vehicle-gzsim-ros2/saye_description/plugins/pedestrian_manager/src/pedestrian_manager_system.cpp"), std::allocator<char>()), 120).gz::common::Logger::<anonymous>, ((const char*)"pedestrian_manager_system: Spawning pedestrians in world "))’ (type ‘std::basic_ostream<char>’) to type ‘std::byte’
  120 |   gzdbg << "pedestrian_manager_system: Spawning pedestrians in world " << worldName << std::endl;
      |         ^
In file included from /usr/include/c++/13/memory:80,
                 from /opt/ros/jazzy/opt/gz_sim_vendor/include/gz/sim8/gz/sim/System.hh:21:
/usr/include/c++/13/bits/shared_ptr.h:70:5: note: candidate: ‘template<class _Ch, class _Tr, class _Tp, __gnu_cxx::_Lock_policy _Lp> std::basic_ostream<_CharT, _Traits>& std::operator<<(basic_ostream<_CharT, _Traits>&, const __shared_ptr<_Tp, _Lp>&)’
   70 |     operator<<(std::basic_ostream<_Ch, _Tr>& __os,
      |     ^~~~~~~~
/usr/include/c++/13/bits/shared_ptr.h:70:5: note:   template argument deduction/substitution failed:
/home/yiyi/ackermann_sim/src/ackermann-vehicle-gzsim-ros2/saye_description/plugins/pedestrian_manager/src/pedestrian_manager_system.cpp:120:75: note:   ‘std::optional<std::__cxx11::basic_string<char> >’ is not derived from ‘const std::__shared_ptr<_Tp, _Lp>’
  120 |   gzdbg << "pedestrian_manager_system: Spawning pedestrians in world " << worldName << std::endl;
      |                                                                           ^~~~~~~~~
In file included from /usr/include/c++/13/bits/ios_base.h:46,
                 from /usr/include/c++/13/ios:44,
                 from /usr/include/c++/13/ostream:40:
/usr/include/c++/13/system_error:339:5: note: candidate: ‘template<class _CharT, class _Traits> std::basic_ostream<_CharT, _Traits>& std::operator<<(basic_ostream<_CharT, _Traits>&, const error_code&)’
  339 |     operator<<(basic_ostream<_CharT, _Traits>& __os, const error_code& __e)
      |     ^~~~~~~~
/usr/include/c++/13/system_error:339:5: note:   template argument deduction/substitution failed:
/home/yiyi/ackermann_sim/src/ackermann-vehicle-gzsim-ros2/saye_description/plugins/pedestrian_manager/src/pedestrian_manager_system.cpp:120:75: note:   cannot convert ‘worldName’ (type ‘std::optional<std::__cxx11::basic_string<char> >’) to type ‘const std::error_code&’
  120 |   gzdbg << "pedestrian_manager_system: Spawning pedestrians in world " << worldName << std::endl;
      |                                                                           ^~~~~~~~~
/usr/include/c++/13/ostream:554:5: note: candidate: ‘template<class _CharT, class _Traits> std::basic_ostream<_CharT, _Traits>& std::operator<<(basic_ostream<_CharT, _Traits>&, _CharT)’
  554 |     operator<<(basic_ostream<_CharT, _Traits>& __out, _CharT __c)
      |     ^~~~~~~~
/usr/include/c++/13/ostream:554:5: note:   template argument deduction/substitution failed:
/home/yiyi/ackermann_sim/src/ackermann-vehicle-gzsim-ros2/saye_description/plugins/pedestrian_manager/src/pedestrian_manager_system.cpp:120:75: note:   deduced conflicting types for parameter ‘_CharT’ (‘char’ and ‘std::optional<std::__cxx11::basic_string<char> >’)
  120 |   gzdbg << "pedestrian_manager_system: Spawning pedestrians in world " << worldName << std::endl;
      |                                                                           ^~~~~~~~~
/usr/include/c++/13/ostream:564:5: note: candidate: ‘template<class _CharT, class _Traits> std::basic_ostream<_CharT, _Traits>& std::operator<<(basic_ostream<_CharT, _Traits>&, char)’
  564 |     operator<<(basic_ostream<_CharT, _Traits>& __out, char __c)
      |     ^~~~~~~~
/usr/include/c++/13/ostream:564:5: note:   template argument deduction/substitution failed:
/home/yiyi/ackermann_sim/src/ackermann-vehicle-gzsim-ros2/saye_description/plugins/pedestrian_manager/src/pedestrian_manager_system.cpp:120:75: note:   cannot convert ‘worldName’ (type ‘std::optional<std::__cxx11::basic_string<char> >’) to type ‘char’
  120 |   gzdbg << "pedestrian_manager_system: Spawning pedestrians in world " << worldName << std::endl;
      |                                                                           ^~~~~~~~~
/usr/include/c++/13/ostream:570:5: note: candidate: ‘template<class _Traits> std::basic_ostream<char, _Traits>& std::operator<<(basic_ostream<char, _Traits>&, char)’
  570 |     operator<<(basic_ostream<char, _Traits>& __out, char __c)
      |     ^~~~~~~~
/usr/include/c++/13/ostream:570:5: note:   template argument deduction/substitution failed:
/home/yiyi/ackermann_sim/src/ackermann-vehicle-gzsim-ros2/saye_description/plugins/pedestrian_manager/src/pedestrian_manager_system.cpp:120:75: note:   cannot convert ‘worldName’ (type ‘std::optional<std::__cxx11::basic_string<char> >’) to type ‘char’
  120 |   gzdbg << "pedestrian_manager_system: Spawning pedestrians in world " << worldName << std::endl;
      |                                                                           ^~~~~~~~~
/usr/include/c++/13/ostream:581:5: note: candidate: ‘template<class _Traits> std::basic_ostream<char, _Traits>& std::operator<<(basic_ostream<char, _Traits>&, signed char)’
  581 |     operator<<(basic_ostream<char, _Traits>& __out, signed char __c)
      |     ^~~~~~~~
/usr/include/c++/13/ostream:581:5: note:   template argument deduction/substitution failed:
/home/yiyi/ackermann_sim/src/ackermann-vehicle-gzsim-ros2/saye_description/plugins/pedestrian_manager/src/pedestrian_manager_system.cpp:120:75: note:   cannot convert ‘worldName’ (type ‘std::optional<std::__cxx11::basic_string<char> >’) to type ‘signed char’
  120 |   gzdbg << "pedestrian_manager_system: Spawning pedestrians in world " << worldName << std::endl;
      |                                                                           ^~~~~~~~~
/usr/include/c++/13/ostream:586:5: note: candidate: ‘template<class _Traits> std::basic_ostream<char, _Traits>& std::operator<<(basic_ostream<char, _Traits>&, unsigned char)’
  586 |     operator<<(basic_ostream<char, _Traits>& __out, unsigned char __c)
      |     ^~~~~~~~
/usr/include/c++/13/ostream:586:5: note:   template argument deduction/substitution failed:
/home/yiyi/ackermann_sim/src/ackermann-vehicle-gzsim-ros2/saye_description/plugins/pedestrian_manager/src/pedestrian_manager_system.cpp:120:75: note:   cannot convert ‘worldName’ (type ‘std::optional<std::__cxx11::basic_string<char> >’) to type ‘unsigned char’
  120 |   gzdbg << "pedestrian_manager_system: Spawning pedestrians in world " << worldName << std::endl;
      |                                                                           ^~~~~~~~~
/usr/include/c++/13/ostream:645:5: note: candidate: ‘template<class _CharT, class _Traits> std::basic_ostream<_CharT, _Traits>& std::operator<<(basic_ostream<_CharT, _Traits>&, const _CharT*)’
  645 |     operator<<(basic_ostream<_CharT, _Traits>& __out, const _CharT* __s)
      |     ^~~~~~~~
/usr/include/c++/13/ostream:645:5: note:   template argument deduction/substitution failed:
/home/yiyi/ackermann_sim/src/ackermann-vehicle-gzsim-ros2/saye_description/plugins/pedestrian_manager/src/pedestrian_manager_system.cpp:120:75: note:   mismatched types ‘const _CharT*’ and ‘std::optional<std::__cxx11::basic_string<char> >’
  120 |   gzdbg << "pedestrian_manager_system: Spawning pedestrians in world " << worldName << std::endl;
      |                                                                           ^~~~~~~~~
/usr/include/c++/13/bits/ostream.tcc:307:5: note: candidate: ‘template<class _CharT, class _Traits> std::basic_ostream<_CharT, _Traits>& std::operator<<(basic_ostream<_CharT, _Traits>&, const char*)’
  307 |     operator<<(basic_ostream<_CharT, _Traits>& __out, const char* __s)
      |     ^~~~~~~~
/usr/include/c++/13/bits/ostream.tcc:307:5: note:   template argument deduction/substitution failed:
/home/yiyi/ackermann_sim/src/ackermann-vehicle-gzsim-ros2/saye_description/plugins/pedestrian_manager/src/pedestrian_manager_system.cpp:120:75: note:   cannot convert ‘worldName’ (type ‘std::optional<std::__cxx11::basic_string<char> >’) to type ‘const char*’
  120 |   gzdbg << "pedestrian_manager_system: Spawning pedestrians in world " << worldName << std::endl;
      |                                                                           ^~~~~~~~~
/usr/include/c++/13/ostream:662:5: note: candidate: ‘template<class _Traits> std::basic_ostream<char, _Traits>& std::operator<<(basic_ostream<char, _Traits>&, const char*)’
  662 |     operator<<(basic_ostream<char, _Traits>& __out, const char* __s)
      |     ^~~~~~~~
/usr/include/c++/13/ostream:662:5: note:   template argument deduction/substitution failed:
/home/yiyi/ackermann_sim/src/ackermann-vehicle-gzsim-ros2/saye_description/plugins/pedestrian_manager/src/pedestrian_manager_system.cpp:120:75: note:   cannot convert ‘worldName’ (type ‘std::optional<std::__cxx11::basic_string<char> >’) to type ‘const char*’
  120 |   gzdbg << "pedestrian_manager_system: Spawning pedestrians in world " << worldName << std::endl;
      |                                                                           ^~~~~~~~~
/usr/include/c++/13/ostream:675:5: note: candidate: ‘template<class _Traits> std::basic_ostream<char, _Traits>& std::operator<<(basic_ostream<char, _Traits>&, const signed char*)’
  675 |     operator<<(basic_ostream<char, _Traits>& __out, const signed char* __s)
      |     ^~~~~~~~
/usr/include/c++/13/ostream:675:5: note:   template argument deduction/substitution failed:
/home/yiyi/ackermann_sim/src/ackermann-vehicle-gzsim-ros2/saye_description/plugins/pedestrian_manager/src/pedestrian_manager_system.cpp:120:75: note:   cannot convert ‘worldName’ (type ‘std::optional<std::__cxx11::basic_string<char> >’) to type ‘const signed char*’
  120 |   gzdbg << "pedestrian_manager_system: Spawning pedestrians in world " << worldName << std::endl;
      |                                                                           ^~~~~~~~~
/usr/include/c++/13/ostream:680:5: note: candidate: ‘template<class _Traits> std::basic_ostream<char, _Traits>& std::operator<<(basic_ostream<char, _Traits>&, const unsigned char*)’
  680 |     operator<<(basic_ostream<char, _Traits>& __out, const unsigned char* __s)
      |     ^~~~~~~~
/usr/include/c++/13/ostream:680:5: note:   template argument deduction/substitution failed:
/home/yiyi/ackermann_sim/src/ackermann-vehicle-gzsim-ros2/saye_description/plugins/pedestrian_manager/src/pedestrian_manager_system.cpp:120:75: note:   cannot convert ‘worldName’ (type ‘std::optional<std::__cxx11::basic_string<char> >’) to type ‘const unsigned char*’
  120 |   gzdbg << "pedestrian_manager_system: Spawning pedestrians in world " << worldName << std::endl;
      |                                                                           ^~~~~~~~~
/usr/include/c++/13/ostream:801:5: note: candidate: ‘template<class _Ostream, class _Tp> _Ostream&& std::operator<<(_Ostream&&, const _Tp&)’
  801 |     operator<<(_Ostream&& __os, const _Tp& __x)
      |     ^~~~~~~~
/usr/include/c++/13/ostream:801:5: note:   template argument deduction/substitution failed:
/usr/include/c++/13/ostream: In substitution of ‘template<class _Ostream, class _Tp> _Ostream&& std::operator<<(_Ostream&&, const _Tp&) [with _Ostream = std::basic_ostream<char>&; _Tp = std::optional<std::__cxx11::basic_string<char> >]’:
/home/yiyi/ackermann_sim/src/ackermann-vehicle-gzsim-ros2/saye_description/plugins/pedestrian_manager/src/pedestrian_manager_system.cpp:120:75:   required from here
/usr/include/c++/13/ostream:801:5: error: no type named ‘type’ in ‘struct std::enable_if<false, void>’
In file included from /opt/ros/jazzy/opt/gz_common_vendor/include/gz/common5/gz/common/Util.hh:25,
                 from /opt/ros/jazzy/opt/gz_common_vendor/include/gz/common5/gz/common/Console.hh:29,
                 from /opt/ros/jazzy/opt/gz_sim_vendor/include/gz/sim8/gz/sim/EntityComponentManager.hh:35:
/usr/include/c++/13/thread:97:5: note: candidate: ‘template<class _CharT, class _Traits> std::basic_ostream<_CharT, _Traits>& std::operator<<(basic_ostream<_CharT, _Traits>&, thread::id)’
   97 |     operator<<(basic_ostream<_CharT, _Traits>& __out, thread::id __id)
      |     ^~~~~~~~
/usr/include/c++/13/thread:97:5: note:   template argument deduction/substitution failed:
/home/yiyi/ackermann_sim/src/ackermann-vehicle-gzsim-ros2/saye_description/plugins/pedestrian_manager/src/pedestrian_manager_system.cpp:120:75: note:   cannot convert ‘worldName’ (type ‘std::optional<std::__cxx11::basic_string<char> >’) to type ‘std::thread::id’
  120 |   gzdbg << "pedestrian_manager_system: Spawning pedestrians in world " << worldName << std::endl;
      |                                                                           ^~~~~~~~~
In file included from /opt/ros/jazzy/opt/sdformat_vendor/include/gz/sdformat14/sdf/Param.hh:26,
                 from /opt/ros/jazzy/opt/sdformat_vendor/include/gz/sdformat14/sdf/Element.hh:29,
                 from /opt/ros/jazzy/opt/gz_sim_vendor/include/gz/sim8/gz/sim/System.hh:31:
/usr/include/c++/13/iomanip:81:5: note: candidate: ‘template<class _CharT, class _Traits> std::basic_ostream<_CharT, _Traits>& std::operator<<(basic_ostream<_CharT, _Traits>&, _Resetiosflags)’
   81 |     operator<<(basic_ostream<_CharT, _Traits>& __os, _Resetiosflags __f)
      |     ^~~~~~~~
/usr/include/c++/13/iomanip:81:5: note:   template argument deduction/substitution failed:
/home/yiyi/ackermann_sim/src/ackermann-vehicle-gzsim-ros2/saye_description/plugins/pedestrian_manager/src/pedestrian_manager_system.cpp:120:75: note:   cannot convert ‘worldName’ (type ‘std::optional<std::__cxx11::basic_string<char> >’) to type ‘std::_Resetiosflags’
  120 |   gzdbg << "pedestrian_manager_system: Spawning pedestrians in world " << worldName << std::endl;
      |                                                                           ^~~~~~~~~
/usr/include/c++/13/iomanip:111:5: note: candidate: ‘template<class _CharT, class _Traits> std::basic_ostream<_CharT, _Traits>& std::operator<<(basic_ostream<_CharT, _Traits>&, _Setiosflags)’
  111 |     operator<<(basic_ostream<_CharT, _Traits>& __os, _Setiosflags __f)
      |     ^~~~~~~~
/usr/include/c++/13/iomanip:111:5: note:   template argument deduction/substitution failed:
/home/yiyi/ackermann_sim/src/ackermann-vehicle-gzsim-ros2/saye_description/plugins/pedestrian_manager/src/pedestrian_manager_system.cpp:120:75: note:   cannot convert ‘worldName’ (type ‘std::optional<std::__cxx11::basic_string<char> >’) to type ‘std::_Setiosflags’
  120 |   gzdbg << "pedestrian_manager_system: Spawning pedestrians in world " << worldName << std::endl;
      |                                                                           ^~~~~~~~~
/usr/include/c++/13/iomanip:145:5: note: candidate: ‘template<class _CharT, class _Traits> std::basic_ostream<_CharT, _Traits>& std::operator<<(basic_ostream<_CharT, _Traits>&, _Setbase)’
  145 |     operator<<(basic_ostream<_CharT, _Traits>& __os, _Setbase __f)
      |     ^~~~~~~~
/usr/include/c++/13/iomanip:145:5: note:   template argument deduction/substitution failed:
/home/yiyi/ackermann_sim/src/ackermann-vehicle-gzsim-ros2/saye_description/plugins/pedestrian_manager/src/pedestrian_manager_system.cpp:120:75: note:   cannot convert ‘worldName’ (type ‘std::optional<std::__cxx11::basic_string<char> >’) to type ‘std::_Setbase’
  120 |   gzdbg << "pedestrian_manager_system: Spawning pedestrians in world " << worldName << std::endl;
      |                                                                           ^~~~~~~~~
/usr/include/c++/13/iomanip:180:5: note: candidate: ‘template<class _CharT, class _Traits> std::basic_ostream<_CharT, _Traits>& std::operator<<(basic_ostream<_CharT, _Traits>&, _Setfill<_CharT>)’
  180 |     operator<<(basic_ostream<_CharT, _Traits>& __os, _Setfill<_CharT> __f)
      |     ^~~~~~~~
/usr/include/c++/13/iomanip:180:5: note:   template argument deduction/substitution failed:
/home/yiyi/ackermann_sim/src/ackermann-vehicle-gzsim-ros2/saye_description/plugins/pedestrian_manager/src/pedestrian_manager_system.cpp:120:75: note:   ‘std::optional<std::__cxx11::basic_string<char> >’ is not derived from ‘std::_Setfill<_CharT>’
  120 |   gzdbg << "pedestrian_manager_system: Spawning pedestrians in world " << worldName << std::endl;
      |                                                                           ^~~~~~~~~
/usr/include/c++/13/iomanip:210:5: note: candidate: ‘template<class _CharT, class _Traits> std::basic_ostream<_CharT, _Traits>& std::operator<<(basic_ostream<_CharT, _Traits>&, _Setprecision)’
  210 |     operator<<(basic_ostream<_CharT, _Traits>& __os, _Setprecision __f)
      |     ^~~~~~~~
/usr/include/c++/13/iomanip:210:5: note:   template argument deduction/substitution failed:
/home/yiyi/ackermann_sim/src/ackermann-vehicle-gzsim-ros2/saye_description/plugins/pedestrian_manager/src/pedestrian_manager_system.cpp:120:75: note:   cannot convert ‘worldName’ (type ‘std::optional<std::__cxx11::basic_string<char> >’) to type ‘std::_Setprecision’
  120 |   gzdbg << "pedestrian_manager_system: Spawning pedestrians in world " << worldName << std::endl;
      |                                                                           ^~~~~~~~~
/usr/include/c++/13/iomanip:240:5: note: candidate: ‘template<class _CharT, class _Traits> std::basic_ostream<_CharT, _Traits>& std::operator<<(basic_ostream<_CharT, _Traits>&, _Setw)’
  240 |     operator<<(basic_ostream<_CharT, _Traits>& __os, _Setw __f)
      |     ^~~~~~~~
/usr/include/c++/13/iomanip:240:5: note:   template argument deduction/substitution failed:
/home/yiyi/ackermann_sim/src/ackermann-vehicle-gzsim-ros2/saye_description/plugins/pedestrian_manager/src/pedestrian_manager_system.cpp:120:75: note:   cannot convert ‘worldName’ (type ‘std::optional<std::__cxx11::basic_string<char> >’) to type ‘std::_Setw’
  120 |   gzdbg << "pedestrian_manager_system: Spawning pedestrians in world " << worldName << std::endl;
      |                                                                           ^~~~~~~~~
/usr/include/c++/13/iomanip:313:5: note: candidate: ‘template<class _CharT, class _Traits, class _MoneyT> std::basic_ostream<_CharT, _Traits>& std::operator<<(basic_ostream<_CharT, _Traits>&, _Put_money<_MoneyT>)’
  313 |     operator<<(basic_ostream<_CharT, _Traits>& __os, _Put_money<_MoneyT> __f)
      |     ^~~~~~~~
/usr/include/c++/13/iomanip:313:5: note:   template argument deduction/substitution failed:
/home/yiyi/ackermann_sim/src/ackermann-vehicle-gzsim-ros2/saye_description/plugins/pedestrian_manager/src/pedestrian_manager_system.cpp:120:75: note:   ‘std::optional<std::__cxx11::basic_string<char> >’ is not derived from ‘std::_Put_money<_MoneyT>’
  120 |   gzdbg << "pedestrian_manager_system: Spawning pedestrians in world " << worldName << std::endl;
      |                                                                           ^~~~~~~~~
/usr/include/c++/13/iomanip:365:5: note: candidate: ‘template<class _CharT, class _Traits> std::basic_ostream<_CharT, _Traits>& std::operator<<(basic_ostream<_CharT, _Traits>&, _Put_time<_CharT>)’
  365 |     operator<<(basic_ostream<_CharT, _Traits>& __os, _Put_time<_CharT> __f)
      |     ^~~~~~~~
/usr/include/c++/13/iomanip:365:5: note:   template argument deduction/substitution failed:
/home/yiyi/ackermann_sim/src/ackermann-vehicle-gzsim-ros2/saye_description/plugins/pedestrian_manager/src/pedestrian_manager_system.cpp:120:75: note:   ‘std::optional<std::__cxx11::basic_string<char> >’ is not derived from ‘std::_Put_time<_CharT>’
  120 |   gzdbg << "pedestrian_manager_system: Spawning pedestrians in world " << worldName << std::endl;
      |                                                                           ^~~~~~~~~
In file included from /usr/include/c++/13/valarray:605,
                 from /usr/include/yaml-cpp/node/convert.h:18,
                 from /usr/include/yaml-cpp/yaml.h:18,
                 from /home/yiyi/ackermann_sim/src/ackermann-vehicle-gzsim-ros2/saye_description/plugins/pedestrian_manager/src/pedestrian_manager_system.cpp:18:
/usr/include/c++/13/bits/valarray_after.h:413:5: note: candidate: ‘template<class _Dom1, class _Dom2> std::_Expr<std::__detail::_BinClos<std::__shift_left, std::_Expr, std::_Expr, _Dom1, _Dom2>, typename std::__fun<std::__shift_left, typename _Dom1::value_type>::result_type> std::operator<<(const _Expr<_Dom1, typename _Dom1::value_type>&, const _Expr<_Dom2, typename _Dom2::value_type>&)’
  413 |     _DEFINE_EXPR_BINARY_OPERATOR(<<, struct std::__shift_left)
      |     ^~~~~~~~~~~~~~~~~~~~~~~~~~~~
/usr/include/c++/13/bits/valarray_after.h:413:5: note:   template argument deduction/substitution failed:
/home/yiyi/ackermann_sim/src/ackermann-vehicle-gzsim-ros2/saye_description/plugins/pedestrian_manager/src/pedestrian_manager_system.cpp:120:75: note:   ‘std::basic_ostream<char>’ is not derived from ‘const std::_Expr<_Dom1, typename _Dom1::value_type>’
  120 |   gzdbg << "pedestrian_manager_system: Spawning pedestrians in world " << worldName << std::endl;
      |                                                                           ^~~~~~~~~
/usr/include/c++/13/bits/valarray_after.h:413:5: note: candidate: ‘template<class _Dom> std::_Expr<std::__detail::_BinClos<std::__shift_left, std::_Expr, std::_Constant, _Dom, typename _Dom::value_type>, typename std::__fun<std::__shift_left, typename _Dom1::value_type>::result_type> std::operator<<(const _Expr<_Dom1, typename _Dom1::value_type>&, const typename _Dom::value_type&)’
  413 |     _DEFINE_EXPR_BINARY_OPERATOR(<<, struct std::__shift_left)
      |     ^~~~~~~~~~~~~~~~~~~~~~~~~~~~
/usr/include/c++/13/bits/valarray_after.h:413:5: note:   template argument deduction/substitution failed:
/home/yiyi/ackermann_sim/src/ackermann-vehicle-gzsim-ros2/saye_description/plugins/pedestrian_manager/src/pedestrian_manager_system.cpp:120:75: note:   ‘std::basic_ostream<char>’ is not derived from ‘const std::_Expr<_Dom1, typename _Dom1::value_type>’
  120 |   gzdbg << "pedestrian_manager_system: Spawning pedestrians in world " << worldName << std::endl;
      |                                                                           ^~~~~~~~~
/usr/include/c++/13/bits/valarray_after.h:413:5: note: candidate: ‘template<class _Dom> std::_Expr<std::__detail::_BinClos<std::__shift_left, std::_Constant, std::_Expr, typename _Dom::value_type, _Dom>, typename std::__fun<std::__shift_left, typename _Dom1::value_type>::result_type> std::operator<<(const typename _Dom::value_type&, const _Expr<_Dom1, typename _Dom1::value_type>&)’
  413 |     _DEFINE_EXPR_BINARY_OPERATOR(<<, struct std::__shift_left)
      |     ^~~~~~~~~~~~~~~~~~~~~~~~~~~~
/usr/include/c++/13/bits/valarray_after.h:413:5: note:   template argument deduction/substitution failed:
/home/yiyi/ackermann_sim/src/ackermann-vehicle-gzsim-ros2/saye_description/plugins/pedestrian_manager/src/pedestrian_manager_system.cpp:120:75: note:   ‘std::optional<std::__cxx11::basic_string<char> >’ is not derived from ‘const std::_Expr<_Dom1, typename _Dom1::value_type>’
  120 |   gzdbg << "pedestrian_manager_system: Spawning pedestrians in world " << worldName << std::endl;
      |                                                                           ^~~~~~~~~
/usr/include/c++/13/bits/valarray_after.h:413:5: note: candidate: ‘template<class _Dom> std::_Expr<std::__detail::_BinClos<std::__shift_left, std::_Expr, std::_ValArray, _Dom, typename _Dom::value_type>, typename std::__fun<std::__shift_left, typename _Dom1::value_type>::result_type> std::operator<<(const _Expr<_Dom1, typename _Dom1::value_type>&, const valarray<typename _Dom::value_type>&)’
  413 |     _DEFINE_EXPR_BINARY_OPERATOR(<<, struct std::__shift_left)
      |     ^~~~~~~~~~~~~~~~~~~~~~~~~~~~
/usr/include/c++/13/bits/valarray_after.h:413:5: note:   template argument deduction/substitution failed:
/home/yiyi/ackermann_sim/src/ackermann-vehicle-gzsim-ros2/saye_description/plugins/pedestrian_manager/src/pedestrian_manager_system.cpp:120:75: note:   ‘std::basic_ostream<char>’ is not derived from ‘const std::_Expr<_Dom1, typename _Dom1::value_type>’
  120 |   gzdbg << "pedestrian_manager_system: Spawning pedestrians in world " << worldName << std::endl;
      |                                                                           ^~~~~~~~~
/usr/include/c++/13/bits/valarray_after.h:413:5: note: candidate: ‘template<class _Dom> std::_Expr<std::__detail::_BinClos<std::__shift_left, std::_ValArray, std::_Expr, typename _Dom::value_type, _Dom>, typename std::__fun<std::__shift_left, typename _Dom1::value_type>::result_type> std::operator<<(const valarray<typename _Dom::value_type>&, const _Expr<_Dom1, typename _Dom1::value_type>&)’
  413 |     _DEFINE_EXPR_BINARY_OPERATOR(<<, struct std::__shift_left)
      |     ^~~~~~~~~~~~~~~~~~~~~~~~~~~~
/usr/include/c++/13/bits/valarray_after.h:413:5: note:   template argument deduction/substitution failed:
/home/yiyi/ackermann_sim/src/ackermann-vehicle-gzsim-ros2/saye_description/plugins/pedestrian_manager/src/pedestrian_manager_system.cpp:120:75: note:   ‘std::optional<std::__cxx11::basic_string<char> >’ is not derived from ‘const std::_Expr<_Dom1, typename _Dom1::value_type>’
  120 |   gzdbg << "pedestrian_manager_system: Spawning pedestrians in world " << worldName << std::endl;
      |                                                                           ^~~~~~~~~
/usr/include/c++/13/valarray:1204:1: note: candidate: ‘template<class _Tp> std::_Expr<std::__detail::_BinClos<std::__shift_left, std::_ValArray, std::_ValArray, _Tp, _Tp>, typename std::__fun<std::__shift_left, _Tp>::result_type> std::operator<<(const valarray<_Tp>&, const valarray<_Tp>&)’
 1204 | _DEFINE_BINARY_OPERATOR(<<, __shift_left)
      | ^~~~~~~~~~~~~~~~~~~~~~~
/usr/include/c++/13/valarray:1204:1: note:   template argument deduction/substitution failed:
/home/yiyi/ackermann_sim/src/ackermann-vehicle-gzsim-ros2/saye_description/plugins/pedestrian_manager/src/pedestrian_manager_system.cpp:120:75: note:   ‘std::basic_ostream<char>’ is not derived from ‘const std::valarray<_Tp>’
  120 |   gzdbg << "pedestrian_manager_system: Spawning pedestrians in world " << worldName << std::endl;
      |                                                                           ^~~~~~~~~
/usr/include/c++/13/valarray:1204:1: note: candidate: ‘template<class _Tp> std::_Expr<std::__detail::_BinClos<std::__shift_left, std::_ValArray, std::_Constant, _Tp, _Tp>, typename std::__fun<std::__shift_left, _Tp>::result_type> std::operator<<(const valarray<_Tp>&, const typename valarray<_Tp>::value_type&)’
 1204 | _DEFINE_BINARY_OPERATOR(<<, __shift_left)
      | ^~~~~~~~~~~~~~~~~~~~~~~
/usr/include/c++/13/valarray:1204:1: note:   template argument deduction/substitution failed:
/home/yiyi/ackermann_sim/src/ackermann-vehicle-gzsim-ros2/saye_description/plugins/pedestrian_manager/src/pedestrian_manager_system.cpp:120:75: note:   ‘std::basic_ostream<char>’ is not derived from ‘const std::valarray<_Tp>’
  120 |   gzdbg << "pedestrian_manager_system: Spawning pedestrians in world " << worldName << std::endl;
      |                                                                           ^~~~~~~~~
/usr/include/c++/13/valarray:1204:1: note: candidate: ‘template<class _Tp> std::_Expr<std::__detail::_BinClos<std::__shift_left, std::_Constant, std::_ValArray, _Tp, _Tp>, typename std::__fun<std::__shift_left, _Tp>::result_type> std::operator<<(const typename valarray<_Tp>::value_type&, const valarray<_Tp>&)’
 1204 | _DEFINE_BINARY_OPERATOR(<<, __shift_left)
      | ^~~~~~~~~~~~~~~~~~~~~~~
/usr/include/c++/13/valarray:1204:1: note:   template argument deduction/substitution failed:
/home/yiyi/ackermann_sim/src/ackermann-vehicle-gzsim-ros2/saye_description/plugins/pedestrian_manager/src/pedestrian_manager_system.cpp:120:75: note:   ‘std::optional<std::__cxx11::basic_string<char> >’ is not derived from ‘const std::valarray<_Tp>’
  120 |   gzdbg << "pedestrian_manager_system: Spawning pedestrians in world " << worldName << std::endl;
      |                                                                           ^~~~~~~~~
/home/yiyi/ackermann_sim/src/ackermann-vehicle-gzsim-ros2/saye_description/plugins/pedestrian_manager/src/pedestrian_manager_system.cpp:122:31: error: no matching function for call to ‘gz::sim::v8::SdfEntityCreator::SdfEntityCreator(gz::sim::v8::EntityComponentManager&)’
  122 |   SdfEntityCreator creator(ecm);
      |                               ^
In file included from /home/yiyi/ackermann_sim/src/ackermann-vehicle-gzsim-ros2/saye_description/plugins/pedestrian_manager/src/pedestrian_manager_system.cpp:14:
/opt/ros/jazzy/opt/gz_sim_vendor/include/gz/sim8/gz/sim/SdfEntityCreator.hh:75:15: note: candidate: ‘gz::sim::v8::SdfEntityCreator::SdfEntityCreator(gz::sim::v8::SdfEntityCreator&&)’
   75 |       public: SdfEntityCreator(SdfEntityCreator &&_creator) noexcept;
      |               ^~~~~~~~~~~~~~~~
/opt/ros/jazzy/opt/gz_sim_vendor/include/gz/sim8/gz/sim/SdfEntityCreator.hh:75:51: note:   no known conversion for argument 1 from ‘gz::sim::v8::EntityComponentManager’ to ‘gz::sim::v8::SdfEntityCreator&&’
   75 |       public: SdfEntityCreator(SdfEntityCreator &&_creator) noexcept;
      |                                ~~~~~~~~~~~~~~~~~~~^~~~~~~~
/opt/ros/jazzy/opt/gz_sim_vendor/include/gz/sim8/gz/sim/SdfEntityCreator.hh:71:15: note: candidate: ‘gz::sim::v8::SdfEntityCreator::SdfEntityCreator(const gz::sim::v8::SdfEntityCreator&)’
   71 |       public: SdfEntityCreator(const SdfEntityCreator &_creator);
      |               ^~~~~~~~~~~~~~~~
/opt/ros/jazzy/opt/gz_sim_vendor/include/gz/sim8/gz/sim/SdfEntityCreator.hh:71:56: note:   no known conversion for argument 1 from ‘gz::sim::v8::EntityComponentManager’ to ‘const gz::sim::v8::SdfEntityCreator&’
   71 |       public: SdfEntityCreator(const SdfEntityCreator &_creator);
      |                                ~~~~~~~~~~~~~~~~~~~~~~~~^~~~~~~~
/opt/ros/jazzy/opt/gz_sim_vendor/include/gz/sim8/gz/sim/SdfEntityCreator.hh:66:24: note: candidate: ‘gz::sim::v8::SdfEntityCreator::SdfEntityCreator(gz::sim::v8::EntityComponentManager&, gz::sim::v8::EventManager&)’
   66 |       public: explicit SdfEntityCreator(EntityComponentManager &_ecm,
      |                        ^~~~~~~~~~~~~~~~
/opt/ros/jazzy/opt/gz_sim_vendor/include/gz/sim8/gz/sim/SdfEntityCreator.hh:66:24: note:   candidate expects 2 arguments, 1 provided
/home/yiyi/ackermann_sim/src/ackermann-vehicle-gzsim-ros2/saye_description/plugins/pedestrian_manager/src/pedestrian_manager_system.cpp:123:11: error: ‘class gz::sim::v8::SdfEntityCreator’ has no member named ‘SetWorld’
  123 |   creator.SetWorld(this->world_entity_);
      |           ^~~~~~~~
/home/yiyi/ackermann_sim/src/ackermann-vehicle-gzsim-ros2/saye_description/plugins/pedestrian_manager/src/pedestrian_manager_system.cpp:136:13: error: ‘class gz::sim::v8::SdfEntityCreator’ has no member named ‘CreateEntitiesFromSdf’; did you mean ‘CreateEntities’?
  136 |     creator.CreateEntitiesFromSdf(actorElem);
      |             ^~~~~~~~~~~~~~~~~~~~~
      |             CreateEntities
gmake[2]: *** [CMakeFiles/pedestrian_manager_system.dir/build.make:76: CMakeFiles/pedestrian_manager_system.dir/plugins/pedestrian_manager/src/pedestrian_manager_system.cpp.o] Error 1
gmake[1]: *** [CMakeFiles/Makefile2:137: CMakeFiles/pedestrian_manager_system.dir/all] Error 2
gmake: *** [Makefile:146: all] Error 2
