[0.016s] Invoking command in '/home/yiyi/ackermann_sim/build/saye_description': CMAKE_PREFIX_PATH=${CMAKE_PREFIX_PATH}:/opt/ros/jazzy /usr/bin/cmake --build /home/yiyi/ackermann_sim/build/saye_description -- -j16 -l16
[0.061s] -- Found ament_cmake: 2.5.4 (/opt/ros/jazzy/share/ament_cmake/cmake)
[0.356s] -- Found ament_index_cpp: 1.8.1 (/opt/ros/jazzy/share/ament_index_cpp/cmake)
[0.357s] -- Looking for gz-plugin2 -- found version 2.0.4
[0.365s] -- Searching for dependencies of gz-plugin2
[0.366s] -- Looking for gz-utils2 -- found version 2.2.1
[0.366s] -- Searching for dependencies of gz-utils2
[0.366s] -- Searching for <gz-utils2> component [cli]
[0.367s] -- Looking for gz-utils2-cli -- found version 2.2.1
[0.367s] -- Searching for dependencies of gz-utils2-cli
[0.368s] -- Looking for gz-sim8 -- found version 8.9.0
[0.369s] -- Searching for dependencies of gz-sim8
[0.369s] -- Looking for sdformat14 -- found version 14.8.0
[0.369s] -- Searching for dependencies of sdformat14
[0.376s] -- Checking for module 'tinyxml2'
[0.402s] --   Found tinyxml2, version 10.0.0
[0.461s] -- Looking for gz-math7 -- found version 7.5.2
[0.461s] -- Searching for dependencies of gz-math7
[0.461s] -- Looking for gz-utils2 -- found version 2.2.1
[0.462s] -- Looking for gz-utils2 -- found version 2.2.1
[0.464s] -- Looking for gz-plugin2 -- found version 2.0.4
[0.464s] -- Searching for dependencies of gz-plugin2
[0.464s] -- Looking for gz-utils2 -- found version 2.2.1
[0.464s] -- Searching for <gz-plugin2> component [loader]
[0.465s] -- Looking for gz-plugin2-loader -- found version 2.0.4
[0.465s] -- Searching for dependencies of gz-plugin2-loader
[0.466s] -- Searching for <gz-plugin2> component [register]
[0.467s] -- Looking for gz-plugin2-register -- found version 2.0.4
[0.467s] -- Searching for dependencies of gz-plugin2-register
[0.468s] -- Looking for gz-transport13 -- found version 13.4.1
[0.468s] -- Searching for dependencies of gz-transport13
[6.371s] -- Config-file not installed for ZeroMQ -- checking for pkg-config
[6.379s] -- Checking for module 'libzmq >= 4'
[6.406s] --   Found libzmq, version 4.3.5
[6.491s] -- Checking for module 'uuid'
[6.517s] --   Found uuid, version 2.39.3
[6.580s] -- Looking for gz-utils2 -- found version 2.2.1
[6.580s] -- Looking for gz-msgs10 -- found version 10.3.2
[6.580s] -- Searching for dependencies of gz-msgs10
[9.537s] -- Looking for gz-utils2 -- found version 2.2.1
[9.537s] -- Looking for gz-math7 -- found version 7.5.2
[9.547s] -- Searching for <gz-transport13> component [log]
[9.548s] -- Looking for gz-transport13-log -- found version 13.4.1
[9.548s] -- Searching for dependencies of gz-transport13-log
[9.548s] -- Searching for <gz-transport13> component [parameters]
[9.549s] -- Looking for gz-transport13-parameters -- found version 13.4.1
[9.549s] -- Searching for dependencies of gz-transport13-parameters
[9.550s] -- Looking for gz-msgs10 -- found version 10.3.2
[9.551s] -- Looking for gz-common5 -- found version 5.7.1
[9.551s] -- Searching for dependencies of gz-common5
[9.552s] -- Looking for gz-utils2 -- found version 2.2.1
[9.552s] -- Looking for dlfcn.h - found
[9.552s] -- Looking for libdl - found
[9.563s] -- Searching for <gz-common5> component [av]
[9.563s] -- Looking for gz-common5-av -- found version 5.7.1
[9.564s] -- Searching for dependencies of gz-common5-av
[9.571s] -- Checking for module 'libswscale'
[9.599s] --   Found libswscale, version 7.5.100
[9.672s] -- Checking for module 'libavdevice >= 56.4.100'
[9.699s] --   Found libavdevice, version 60.3.100
[9.794s] -- Checking for module 'libavformat'
[9.821s] --   Found libavformat, version 60.16.100
[9.899s] -- Checking for module 'libavcodec'
[9.926s] --   Found libavcodec, version 60.31.102
[10.004s] -- Checking for module 'libavutil'
[10.030s] --   Found libavutil, version 58.29.100
[10.094s] -- Searching for <gz-common5> component [events]
[10.094s] -- Looking for gz-common5-events -- found version 5.7.1
[10.094s] -- Searching for dependencies of gz-common5-events
[10.094s] -- Looking for gz-math7 -- found version 7.5.2
[10.095s] -- Searching for <gz-common5> component [graphics]
[10.096s] -- Looking for gz-common5-graphics -- found version 5.7.1
[10.096s] -- Searching for dependencies of gz-common5-graphics
[10.096s] -- Looking for gz-math7 -- found version 7.5.2
[10.099s] -- Searching for <gz-common5> component [io]
[10.100s] -- Looking for gz-common5-io -- found version 5.7.1
[10.100s] -- Searching for dependencies of gz-common5-io
[10.100s] -- Searching for <gz-common5> component [profiler]
[10.101s] -- Looking for gz-common5-profiler -- found version 5.7.1
[10.101s] -- Searching for dependencies of gz-common5-profiler
[10.102s] -- Looking for gz-fuel_tools9 -- found version 9.1.1
[10.103s] -- Searching for dependencies of gz-fuel_tools9
[13.633s] -- Checking for module 'jsoncpp'
[13.662s] --   Found jsoncpp, version 1.9.5
[16.695s] -- Checking for module 'yaml-0.1'
[16.723s] --   Found yaml-0.1, version 0.2.5
[16.798s] -- Checking for module 'libzip'
[16.824s] --   Found libzip, version 1.7.3
[16.891s] -- Looking for gz-utils2 -- found version 2.2.1
[16.891s] -- Looking for gz-common5 -- found version 5.7.1
[16.892s] -- Searching for dependencies of gz-common5
[16.892s] -- Looking for gz-utils2 -- found version 2.2.1
[16.892s] -- Looking for dlfcn.h - found
[16.892s] -- Looking for libdl - found
[16.903s] -- Searching for <gz-common5> component [testing]
[16.904s] -- Looking for gz-common5-testing -- found version 5.7.1
[16.904s] -- Searching for dependencies of gz-common5-testing
[16.905s] -- Looking for gz-math7 -- found version 7.5.2
[16.905s] -- Looking for gz-msgs10 -- found version 10.3.2
[16.907s] -- Looking for gz-gui8 -- found version 8.4.0
[16.907s] -- Searching for dependencies of gz-gui8
[19.860s] -- Looking for gz-utils2 -- found version 2.2.1
[19.860s] -- Looking for gz-math7 -- found version 7.5.2
[19.860s] -- Looking for gz-common5 -- found version 5.7.1
[19.861s] -- Looking for gz-plugin2 -- found version 2.0.4
[19.861s] -- Looking for gz-transport13 -- found version 13.4.1
[19.862s] -- Looking for gz-rendering8 -- found version 8.2.2
[19.862s] -- Searching for dependencies of gz-rendering8
[19.863s] -- Looking for gz-math7 -- found version 7.5.2
[19.863s] -- Searching for dependencies of gz-math7
[19.864s] -- Looking for gz-utils2 -- found version 2.2.1
[19.864s] -- Searching for <gz-math7> component [eigen3]
[19.865s] -- Looking for gz-math7-eigen3 -- found version 7.5.2
[19.865s] -- Searching for dependencies of gz-math7-eigen3
[19.867s] -- Looking for gz-common5 -- found version 5.7.1
[19.867s] -- Searching for dependencies of gz-common5
[19.867s] -- Looking for gz-utils2 -- found version 2.2.1
[19.868s] -- Looking for dlfcn.h - found
[19.868s] -- Looking for libdl - found
[19.879s] -- Searching for <gz-common5> component [graphics]
[19.879s] -- Searching for <gz-common5> component [events]
[19.879s] -- Searching for <gz-common5> component [geospatial]
[19.879s] -- Looking for gz-common5-geospatial -- found version 5.7.1
[19.880s] -- Searching for dependencies of gz-common5-geospatial
[19.880s] -- Looking for gz-math7 -- found version 7.5.2
[19.881s] -- Looking for gz-common5 -- found version 5.7.1
[19.882s] -- Looking for gz-plugin2 -- found version 2.0.4
[19.882s] -- Searching for dependencies of gz-plugin2
[19.883s] -- Looking for gz-utils2 -- found version 2.2.1
[19.883s] -- Searching for <gz-plugin2> component [all]
[19.884s] -- Looking for all libraries of gz-plugin2 -- found version 2.0.4
[19.884s] -- Looking for gz-plugin2 -- found version 2.0.4
[19.885s] -- Looking for gz-utils2 -- found version 2.2.1
[20.032s] -- Looking for gz-msgs10 -- found version 10.3.2
[20.349s] -- Looking for gz-physics7 -- found version 7.5.0
[20.349s] -- Searching for dependencies of gz-physics7
[20.349s] -- Looking for gz-common5 -- found version 5.7.1
[20.350s] -- Looking for gz-math7 -- found version 7.5.2
[20.350s] -- Looking for gz-plugin2 -- found version 2.0.4
[20.351s] -- Looking for gz-utils2 -- found version 2.2.1
[20.352s] -- Searching for <gz-physics7> component [heightmap]
[20.352s] -- Looking for gz-physics7-heightmap -- found version 7.5.0
[20.353s] -- Searching for dependencies of gz-physics7-heightmap
[20.353s] -- Looking for gz-common5 -- found version 5.7.1
[20.354s] -- Searching for <gz-physics7> component [mesh]
[20.354s] -- Looking for gz-physics7-mesh -- found version 7.5.0
[20.355s] -- Searching for dependencies of gz-physics7-mesh
[20.355s] -- Looking for gz-common5 -- found version 5.7.1
[20.356s] -- Searching for <gz-physics7> component [sdf]
[20.356s] -- Looking for gz-physics7-sdf -- found version 7.5.0
[20.356s] -- Searching for dependencies of gz-physics7-sdf
[20.357s] -- Looking for sdformat14 -- found version 14.8.0
[20.358s] -- Looking for gz-sensors8 -- found version 8.2.2
[20.358s] -- Searching for dependencies of gz-sensors8
[23.347s] -- Looking for gz-math7 -- found version 7.5.2
[23.348s] -- Looking for gz-common5 -- found version 5.7.1
[23.348s] -- Looking for gz-transport13 -- found version 13.4.1
[23.349s] -- Looking for gz-rendering8 -- found version 8.2.2
[23.349s] -- Looking for gz-msgs10 -- found version 10.3.2
[23.350s] -- Looking for sdformat14 -- found version 14.8.0
[23.350s] -- Searching for <gz-sensors8> component [air_pressure]
[23.351s] -- Looking for gz-sensors8-air_pressure -- found version 8.2.2
[23.351s] -- Searching for dependencies of gz-sensors8-air_pressure
[23.352s] -- Searching for <gz-sensors8> component [air_speed]
[23.352s] -- Looking for gz-sensors8-air_speed -- found version 8.2.2
[23.353s] -- Searching for dependencies of gz-sensors8-air_speed
[23.353s] -- Searching for <gz-sensors8> component [altimeter]
[23.354s] -- Looking for gz-sensors8-altimeter -- found version 8.2.2
[23.354s] -- Searching for dependencies of gz-sensors8-altimeter
[23.355s] -- Searching for <gz-sensors8> component [imu]
[23.355s] -- Looking for gz-sensors8-imu -- found version 8.2.2
[23.355s] -- Searching for dependencies of gz-sensors8-imu
[23.356s] -- Searching for <gz-sensors8> component [force_torque]
[23.356s] -- Looking for gz-sensors8-force_torque -- found version 8.2.2
[23.357s] -- Searching for dependencies of gz-sensors8-force_torque
[23.357s] -- Searching for <gz-sensors8> component [logical_camera]
[23.358s] -- Looking for gz-sensors8-logical_camera -- found version 8.2.2
[23.358s] -- Searching for dependencies of gz-sensors8-logical_camera
[23.358s] -- Searching for <gz-sensors8> component [magnetometer]
[23.359s] -- Looking for gz-sensors8-magnetometer -- found version 8.2.2
[23.359s] -- Searching for dependencies of gz-sensors8-magnetometer
[23.360s] -- Searching for <gz-sensors8> component [navsat]
[23.361s] -- Looking for gz-sensors8-navsat -- found version 8.2.2
[23.361s] -- Searching for dependencies of gz-sensors8-navsat
[23.362s] -- Searching for <gz-sensors8> component [dvl]
[23.362s] -- Looking for gz-sensors8-dvl -- found version 8.2.2
[23.362s] -- Searching for dependencies of gz-sensors8-dvl
[23.362s] -- Looking for gz-sensors8 -- found version 8.2.2
[23.363s] -- Searching for dependencies of gz-sensors8
[26.300s] -- Looking for gz-math7 -- found version 7.5.2
[26.300s] -- Looking for gz-common5 -- found version 5.7.1
[26.301s] -- Looking for gz-transport13 -- found version 13.4.1
[26.301s] -- Looking for gz-rendering8 -- found version 8.2.2
[26.302s] -- Looking for gz-msgs10 -- found version 10.3.2
[26.302s] -- Looking for sdformat14 -- found version 14.8.0
[26.302s] -- Searching for <gz-sensors8> component [rendering]
[26.303s] -- Looking for gz-sensors8-rendering -- found version 8.2.2
[26.303s] -- Searching for dependencies of gz-sensors8-rendering
[26.305s] -- Searching for <gz-sensors8> component [rendering]
[26.305s] -- Searching for <gz-sensors8> component [lidar]
[26.306s] -- Looking for gz-sensors8-lidar -- found version 8.2.2
[26.306s] -- Searching for dependencies of gz-sensors8-lidar
[26.307s] -- Looking for gz-sensors8 -- found version 8.2.2
[26.307s] -- Searching for <gz-sensors8> component [gpu_lidar]
[26.308s] -- Looking for gz-sensors8-gpu_lidar -- found version 8.2.2
[26.308s] -- Searching for dependencies of gz-sensors8-gpu_lidar
[26.308s] -- Looking for gz-sensors8 -- found version 8.2.2
[26.309s] -- Searching for <gz-sensors8> component [camera]
[26.309s] -- Looking for gz-sensors8-camera -- found version 8.2.2
[26.310s] -- Searching for dependencies of gz-sensors8-camera
[26.310s] -- Looking for gz-sensors8 -- found version 8.2.2
[26.311s] -- Searching for <gz-sensors8> component [boundingbox_camera]
[26.311s] -- Looking for gz-sensors8-boundingbox_camera -- found version 8.2.2
[26.311s] -- Searching for dependencies of gz-sensors8-boundingbox_camera
[26.312s] -- Searching for <gz-sensors8> component [segmentation_camera]
[26.313s] -- Looking for gz-sensors8-segmentation_camera -- found version 8.2.2
[26.313s] -- Searching for dependencies of gz-sensors8-segmentation_camera
[26.314s] -- Searching for <gz-sensors8> component [depth_camera]
[26.314s] -- Looking for gz-sensors8-depth_camera -- found version 8.2.2
[26.314s] -- Searching for dependencies of gz-sensors8-depth_camera
[26.315s] -- Looking for gz-sensors8 -- found version 8.2.2
[26.316s] -- Searching for <gz-sensors8> component [rgbd_camera]
[26.316s] -- Looking for gz-sensors8-rgbd_camera -- found version 8.2.2
[26.316s] -- Searching for dependencies of gz-sensors8-rgbd_camera
[26.317s] -- Looking for gz-sensors8 -- found version 8.2.2
[26.318s] -- Searching for <gz-sensors8> component [thermal_camera]
[26.318s] -- Looking for gz-sensors8-thermal_camera -- found version 8.2.2
[26.318s] -- Searching for dependencies of gz-sensors8-thermal_camera
[26.319s] -- Looking for gz-sensors8 -- found version 8.2.2
[26.320s] -- Searching for <gz-sensors8> component [wide_angle_camera]
[26.320s] -- Looking for gz-sensors8-wide_angle_camera -- found version 8.2.2
[26.321s] -- Searching for dependencies of gz-sensors8-wide_angle_camera
[26.322s] -- Looking for gz-rendering8 -- found version 8.2.2
[26.323s] -- Looking for gz-math7 -- found version 7.5.2
[26.323s] -- Looking for gz-utils2 -- found version 2.2.1
[29.306s] -- Looking for gz-transport13 -- found version 13.4.1
[29.307s] -- Found robot_state_publisher: 3.3.3 (/opt/ros/jazzy/share/robot_state_publisher/cmake)
[29.483s] -- Found rosidl_generator_c: 4.6.6 (/opt/ros/jazzy/share/rosidl_generator_c/cmake)
[29.495s] -- Found rosidl_generator_cpp: 4.6.6 (/opt/ros/jazzy/share/rosidl_generator_cpp/cmake)
[29.509s] -- Using all available rosidl_typesupport_c: rosidl_typesupport_fastrtps_c;rosidl_typesupport_introspection_c
[29.527s] -- Using all available rosidl_typesupport_cpp: rosidl_typesupport_fastrtps_cpp;rosidl_typesupport_introspection_cpp
[29.612s] -- Found rmw_implementation_cmake: 7.3.2 (/opt/ros/jazzy/share/rmw_implementation_cmake/cmake)
[29.614s] -- Found rmw_fastrtps_cpp: 8.4.3 (/opt/ros/jazzy/share/rmw_fastrtps_cpp/cmake)
[30.317s] -- Using RMW implementation 'rmw_fastrtps_cpp' as default
[31.079s] -- Found xacro: 2.1.1 (/opt/ros/jazzy/share/xacro/cmake)
[31.080s] -- Looking for sdformat14 -- found version 14.8.0
[31.080s] -- Found ament_lint_auto: 0.17.3 (/opt/ros/jazzy/share/ament_lint_auto/cmake)
[31.405s] -- Added test 'cppcheck' to perform static code analysis on C / C++ code
[31.406s] -- Configured cppcheck include dirs: /home/yiyi/ackermann_sim/src/ackermann-vehicle-gzsim-ros2/saye_description/plugins/pedestrian_manager/include;/home/yiyi/ackermann_sim/src/ackermann-vehicle-gzsim-ros2/saye_description/plugins/actor_pose_publisher/include
[31.406s] -- Configured cppcheck exclude dirs and/or files: 
[31.407s] -- Added test 'flake8' to check Python code syntax and style conventions
[31.407s] -- Configured 'flake8' exclude dirs and/or files: 
[31.410s] -- Added test 'lint_cmake' to check CMake code style
[31.411s] -- Added test 'pep257' to check Python code against some of the docstring style conventions in PEP 257
[31.422s] -- Added test 'uncrustify' to check C / C++ code style
[31.422s] -- Configured uncrustify additional arguments: 
[31.424s] -- Added test 'xmllint' to check XML markup files
[31.425s] -- Configuring done (31.4s)
[31.484s] -- Generating done (0.0s)
[31.497s] -- Build files have been written to: /home/yiyi/ackermann_sim/build/saye_description
[31.569s] [ 30%] Building CXX object CMakeFiles/test_actor_driver_system.dir/plugins/actor_pose_publisher/src/test_actor_driver_system.cpp.o
[31.569s] [ 61%] Built target generate_worlds
[31.585s] [ 69%] Linking CXX shared library libactor_pose_publisher_system.so
[31.588s] [ 84%] Built target pedestrian_manager_system
[32.260s] [ 92%] Built target actor_pose_publisher_system
[37.774s] [100%] Linking CXX shared library libtest_actor_driver_system.so
[38.477s] [100%] Built target test_actor_driver_system
[38.496s] Invoked command in '/home/yiyi/ackermann_sim/build/saye_description' returned '0': CMAKE_PREFIX_PATH=${CMAKE_PREFIX_PATH}:/opt/ros/jazzy /usr/bin/cmake --build /home/yiyi/ackermann_sim/build/saye_description -- -j16 -l16
[38.512s] Invoking command in '/home/yiyi/ackermann_sim/build/saye_description': CMAKE_PREFIX_PATH=${CMAKE_PREFIX_PATH}:/opt/ros/jazzy /usr/bin/cmake --install /home/yiyi/ackermann_sim/build/saye_description
[38.524s] -- Install configuration: ""
[38.525s] -- Up-to-date: /home/yiyi/ackermann_sim/install/saye_description/share/saye_description//models
[38.525s] -- Up-to-date: /home/yiyi/ackermann_sim/install/saye_description/share/saye_description//models/walking_actor
[38.525s] -- Up-to-date: /home/yiyi/ackermann_sim/install/saye_description/share/saye_description//models/walking_actor/thumbnails
[38.525s] -- Up-to-date: /home/yiyi/ackermann_sim/install/saye_description/share/saye_description//models/walking_actor/thumbnails/5.png
[38.526s] -- Up-to-date: /home/yiyi/ackermann_sim/install/saye_description/share/saye_description//models/walking_actor/thumbnails/1.png
[38.527s] -- Up-to-date: /home/yiyi/ackermann_sim/install/saye_description/share/saye_description//models/walking_actor/thumbnails/2.png
[38.527s] -- Up-to-date: /home/yiyi/ackermann_sim/install/saye_description/share/saye_description//models/walking_actor/thumbnails/4.png
[38.527s] -- Up-to-date: /home/yiyi/ackermann_sim/install/saye_description/share/saye_description//models/walking_actor/thumbnails/3.png
[38.527s] -- Up-to-date: /home/yiyi/ackermann_sim/install/saye_description/share/saye_description//models/walking_actor/model.config
[38.527s] -- Up-to-date: /home/yiyi/ackermann_sim/install/saye_description/share/saye_description//models/walking_actor/meshes
[38.528s] -- Up-to-date: /home/yiyi/ackermann_sim/install/saye_description/share/saye_description//models/walking_actor/meshes/walk.dae
[38.528s] -- Up-to-date: /home/yiyi/ackermann_sim/install/saye_description/share/saye_description//models/walking_actor/model.sdf
[38.528s] -- Up-to-date: /home/yiyi/ackermann_sim/install/saye_description/share/saye_description//models/saye
[38.528s] -- Up-to-date: /home/yiyi/ackermann_sim/install/saye_description/share/saye_description//models/saye/model.config
[38.528s] -- Up-to-date: /home/yiyi/ackermann_sim/install/saye_description/share/saye_description//models/saye/meshes
[38.528s] -- Up-to-date: /home/yiyi/ackermann_sim/install/saye_description/share/saye_description//models/saye/meshes/STL27L.dae
[38.529s] -- Up-to-date: /home/yiyi/ackermann_sim/install/saye_description/share/saye_description//models/saye/meshes/TopReduced.dae
[38.529s] -- Up-to-date: /home/yiyi/ackermann_sim/install/saye_description/share/saye_description//models/saye/meshes/sensor_rack_lowres_shallow_laser.dae
[38.529s] -- Up-to-date: /home/yiyi/ackermann_sim/install/saye_description/share/saye_description//models/saye/meshes/Wheel.dae
[38.529s] -- Up-to-date: /home/yiyi/ackermann_sim/install/saye_description/share/saye_description//models/saye/meshes/BaseReduced.dae
[38.529s] -- Up-to-date: /home/yiyi/ackermann_sim/install/saye_description/share/saye_description//models/saye/meshes/sensor_rack_support_lowres.dae
[38.530s] -- Up-to-date: /home/yiyi/ackermann_sim/install/saye_description/share/saye_description//models/saye/model.sdf
[38.530s] -- Up-to-date: /home/yiyi/ackermann_sim/install/saye_description/share/saye_description//models/saye/model_2d_lidar.sdf
[38.530s] -- Up-to-date: /home/yiyi/ackermann_sim/install/saye_description/share/saye_description//worlds
[38.530s] -- Up-to-date: /home/yiyi/ackermann_sim/install/saye_description/share/saye_description//worlds/saye_dynamic_corridor_generated.sdf
[38.530s] -- Up-to-date: /home/yiyi/ackermann_sim/install/saye_description/share/saye_description//worlds/templates
[38.530s] -- Up-to-date: /home/yiyi/ackermann_sim/install/saye_description/share/saye_description//worlds/templates/saye_dynamic_corridor.sdf.jinja2
[38.530s] -- Up-to-date: /home/yiyi/ackermann_sim/install/saye_description/share/saye_description//worlds/corridor_empty.sdf
[38.530s] -- Up-to-date: /home/yiyi/ackermann_sim/install/saye_description/share/saye_description//worlds/saye_dynamic_corridor.sdf
[38.531s] -- Up-to-date: /home/yiyi/ackermann_sim/install/saye_description/share/saye_description//worlds/saye_world.sdf
[38.531s] -- Up-to-date: /home/yiyi/ackermann_sim/install/saye_description/share/saye_description//worlds/saye_moving_obstacles.sdf
[38.531s] -- Up-to-date: /home/yiyi/ackermann_sim/install/saye_description/share/saye_description//worlds/scenario5_6ped_random.sdf
[38.531s] -- Up-to-date: /home/yiyi/ackermann_sim/install/saye_description/share/saye_description//worlds/scenario4_6ped_static.sdf
[38.531s] -- Installing: /home/yiyi/ackermann_sim/install/saye_description/share/saye_description//worlds/actor_pose_bridge_test.sdf
[38.531s] -- Up-to-date: /home/yiyi/ackermann_sim/install/saye_description/share/saye_description//worlds/saye_dynamic_corridor_plugin.sdf
[38.531s] -- Up-to-date: /home/yiyi/ackermann_sim/install/saye_description/share/saye_description//worlds/scenario1_4ped_crossing.sdf
[38.531s] -- Up-to-date: /home/yiyi/ackermann_sim/install/saye_description/share/saye_description//worlds/saye_long_corridor.sdf
[38.531s] -- Up-to-date: /home/yiyi/ackermann_sim/install/saye_description/share/saye_description//worlds/warehouse
[38.531s] -- Up-to-date: /home/yiyi/ackermann_sim/install/saye_description/share/saye_description//worlds/warehouse/thumbnails
[38.531s] -- Up-to-date: /home/yiyi/ackermann_sim/install/saye_description/share/saye_description//worlds/warehouse/thumbnails/1.png
[38.531s] -- Up-to-date: /home/yiyi/ackermann_sim/install/saye_description/share/saye_description//worlds/warehouse/thumbnails/2.png
[38.531s] -- Up-to-date: /home/yiyi/ackermann_sim/install/saye_description/share/saye_description//worlds/warehouse/thumbnails/4.png
[38.531s] -- Up-to-date: /home/yiyi/ackermann_sim/install/saye_description/share/saye_description//worlds/warehouse/thumbnails/3.png
[38.531s] -- Up-to-date: /home/yiyi/ackermann_sim/install/saye_description/share/saye_description//worlds/warehouse/model.config
[38.532s] -- Up-to-date: /home/yiyi/ackermann_sim/install/saye_description/share/saye_description//worlds/warehouse/meshes
[38.532s] -- Up-to-date: /home/yiyi/ackermann_sim/install/saye_description/share/saye_description//worlds/warehouse/meshes/Tape001_1K_Color.png
[38.532s] -- Up-to-date: /home/yiyi/ackermann_sim/install/saye_description/share/saye_description//worlds/warehouse/meshes/Rough_Square_Concrete_Block.jpg
[38.532s] -- Up-to-date: /home/yiyi/ackermann_sim/install/saye_description/share/saye_description//worlds/warehouse/meshes/Asphalt010_1K_Color.jpg
[38.532s] -- Up-to-date: /home/yiyi/ackermann_sim/install/saye_description/share/saye_description//worlds/warehouse/meshes/ground.png
[38.532s] -- Up-to-date: /home/yiyi/ackermann_sim/install/saye_description/share/saye_description//worlds/warehouse/meshes/Terrazzo005_1K_Color.jpg
[38.532s] -- Up-to-date: /home/yiyi/ackermann_sim/install/saye_description/share/saye_description//worlds/warehouse/meshes/warehouse.dae
[38.532s] -- Up-to-date: /home/yiyi/ackermann_sim/install/saye_description/share/saye_description//worlds/warehouse/meshes/warehouse_colision.stl
[38.532s] -- Up-to-date: /home/yiyi/ackermann_sim/install/saye_description/share/saye_description//worlds/warehouse/model.sdf
[38.532s] -- Up-to-date: /home/yiyi/ackermann_sim/install/saye_description/share/saye_description//worlds/scenario3_12ped_crowded.sdf
[38.532s] -- Up-to-date: /home/yiyi/ackermann_sim/install/saye_description/share/saye_description//worlds/scenario2_8ped_mixed.sdf
[38.532s] -- Up-to-date: /home/yiyi/ackermann_sim/install/saye_description/share/saye_description//hooks
[38.533s] -- Up-to-date: /home/yiyi/ackermann_sim/install/saye_description/share/saye_description//hooks/ros_gz_example_description.dsv.in
[38.533s] -- Up-to-date: /home/yiyi/ackermann_sim/install/saye_description/share/saye_description//hooks/ros_gz_example_description.sh.in
[38.533s] -- Up-to-date: /home/yiyi/ackermann_sim/install/saye_description/lib/libpedestrian_manager_system.so
[38.533s] -- Up-to-date: /home/yiyi/ackermann_sim/install/saye_description/share/saye_description/config
[38.533s] -- Up-to-date: /home/yiyi/ackermann_sim/install/saye_description/share/saye_description/config/pedestrian_actors_plugin.yaml
[38.533s] -- Installing: /home/yiyi/ackermann_sim/install/saye_description/lib/libactor_pose_publisher_system.so
[38.534s] -- Set non-toolchain portion of runtime path of "/home/yiyi/ackermann_sim/install/saye_description/lib/libactor_pose_publisher_system.so" to ""
[38.534s] -- Installing: /home/yiyi/ackermann_sim/install/saye_description/lib/libtest_actor_driver_system.so
[38.538s] -- Set non-toolchain portion of runtime path of "/home/yiyi/ackermann_sim/install/saye_description/lib/libtest_actor_driver_system.so" to ""
[38.539s] -- Up-to-date: /home/yiyi/ackermann_sim/install/saye_description/share/saye_description/environment/ros_gz_example_description.sh
[38.539s] -- Up-to-date: /home/yiyi/ackermann_sim/install/saye_description/share/saye_description/environment/ros_gz_example_description.dsv
[38.539s] -- Up-to-date: /home/yiyi/ackermann_sim/install/saye_description/share/ament_index/resource_index/package_run_dependencies/saye_description
[38.540s] -- Up-to-date: /home/yiyi/ackermann_sim/install/saye_description/share/ament_index/resource_index/parent_prefix_path/saye_description
[38.540s] -- Up-to-date: /home/yiyi/ackermann_sim/install/saye_description/share/saye_description/environment/ament_prefix_path.sh
[38.540s] -- Up-to-date: /home/yiyi/ackermann_sim/install/saye_description/share/saye_description/environment/ament_prefix_path.dsv
[38.540s] -- Up-to-date: /home/yiyi/ackermann_sim/install/saye_description/share/saye_description/environment/path.sh
[38.540s] -- Up-to-date: /home/yiyi/ackermann_sim/install/saye_description/share/saye_description/environment/path.dsv
[38.541s] -- Up-to-date: /home/yiyi/ackermann_sim/install/saye_description/share/saye_description/local_setup.bash
[38.541s] -- Up-to-date: /home/yiyi/ackermann_sim/install/saye_description/share/saye_description/local_setup.sh
[38.541s] -- Up-to-date: /home/yiyi/ackermann_sim/install/saye_description/share/saye_description/local_setup.zsh
[38.541s] -- Up-to-date: /home/yiyi/ackermann_sim/install/saye_description/share/saye_description/local_setup.dsv
[38.541s] -- Installing: /home/yiyi/ackermann_sim/install/saye_description/share/saye_description/package.dsv
[38.541s] -- Up-to-date: /home/yiyi/ackermann_sim/install/saye_description/share/ament_index/resource_index/packages/saye_description
[38.541s] -- Up-to-date: /home/yiyi/ackermann_sim/install/saye_description/share/saye_description/cmake/saye_descriptionConfig.cmake
[38.541s] -- Up-to-date: /home/yiyi/ackermann_sim/install/saye_description/share/saye_description/cmake/saye_descriptionConfig-version.cmake
[38.541s] -- Up-to-date: /home/yiyi/ackermann_sim/install/saye_description/share/saye_description/package.xml
[38.543s] Invoked command in '/home/yiyi/ackermann_sim/build/saye_description' returned '0': CMAKE_PREFIX_PATH=${CMAKE_PREFIX_PATH}:/opt/ros/jazzy /usr/bin/cmake --install /home/yiyi/ackermann_sim/build/saye_description
