[0.806s] Invoking command in '/home/yiyi/ackermann_sim/build/saye_prediction': CMAKE_PREFIX_PATH=/home/yiyi/ackermann_sim/install/saye_msgs:/home/yiyi/ackermann_sim/install/saye_prediction:/home/yiyi/ackermann_sim/install/saye_control:/home/yiyi/ackermann_sim/install/saye_mppi:/home/yiyi/ackermann_sim/install/saye_localization:/home/yiyi/ackermann_sim/install/saye_bringup_my:/home/yiyi/ackermann_sim/install/saye_bringup:/home/yiyi/ackermann_sim/install/saye_description:/home/yiyi/ackermann_sim/install/saye_behaviortree:/opt/ros/jazzy/opt/gz_sim_vendor:/opt/ros/jazzy/opt/gz_sensors_vendor:/opt/ros/jazzy/opt/gz_physics_vendor:/opt/ros/jazzy/opt/sdformat_vendor:/opt/ros/jazzy/opt/gz_gui_vendor:/opt/ros/jazzy/opt/gz_transport_vendor:/opt/ros/jazzy/opt/gz_rendering_vendor:/opt/ros/jazzy/opt/gz_plugin_vendor:/opt/ros/jazzy/opt/gz_fuel_tools_vendor:/opt/ros/jazzy/opt/gz_msgs_vendor:/opt/ros/jazzy/opt/gz_common_vendor:/opt/ros/jazzy/opt/gz_math_vendor:/opt/ros/jazzy/opt/gz_utils_vendor:/opt/ros/jazzy/opt/gz_tools_vendor:/opt/ros/jazzy/opt/gz_ogre_next_vendor:/opt/ros/jazzy/opt/gz_dartsim_vendor:/opt/ros/jazzy/opt/gz_cmake_vendor:/opt/ros/jazzy PYTHONPATH=/home/yiyi/ackermann_sim/install/saye_msgs/lib/python3.12/site-packages:/home/yiyi/ackermann_sim/install/saye_prediction/lib/python3.12/site-packages:/home/yiyi/ackermann_sim/install/saye_mppi/lib/python3.12/site-packages:/opt/ros/jazzy/lib/python3.12/site-packages /usr/bin/cmake --build /home/yiyi/ackermann_sim/build/saye_prediction -- -j16 -l16
[0.888s] -- Found ament_cmake: 2.5.4 (/opt/ros/jazzy/share/ament_cmake/cmake)
[1.488s] -- Found rclpy: 7.1.5 (/opt/ros/jazzy/share/rclpy/cmake)
[1.489s] -- Found std_msgs: 5.3.6 (/opt/ros/jazzy/share/std_msgs/cmake)
[2.205s] -- Found rosidl_generator_c: 4.6.6 (/opt/ros/jazzy/share/rosidl_generator_c/cmake)
[2.232s] -- Found rosidl_generator_cpp: 4.6.6 (/opt/ros/jazzy/share/rosidl_generator_cpp/cmake)
[2.269s] -- Using all available rosidl_typesupport_c: rosidl_typesupport_fastrtps_c;rosidl_typesupport_introspection_c
[2.314s] -- Using all available rosidl_typesupport_cpp: rosidl_typesupport_fastrtps_cpp;rosidl_typesupport_introspection_cpp
[2.394s] -- Found geometry_msgs: 5.3.6 (/opt/ros/jazzy/share/geometry_msgs/cmake)
[2.434s] -- Found sensor_msgs: 5.3.6 (/opt/ros/jazzy/share/sensor_msgs/cmake)
[2.536s] -- Found nav_msgs: 5.3.6 (/opt/ros/jazzy/share/nav_msgs/cmake)
[2.605s] -- Found saye_msgs: 0.0.0 (/home/yiyi/ackermann_sim/install/saye_msgs/share/saye_msgs/cmake)
[3.029s] -- Found visualization_msgs: 5.3.6 (/opt/ros/jazzy/share/visualization_msgs/cmake)
[3.308s] -- Found ament_lint_auto: 0.17.3 (/opt/ros/jazzy/share/ament_lint_auto/cmake)
[3.547s] -- Added test 'flake8' to check Python code syntax and style conventions
[3.548s] -- Configured 'flake8' exclude dirs and/or files: 
[3.549s] -- Added test 'lint_cmake' to check CMake code style
[3.551s] -- Added test 'pep257' to check Python code against some of the docstring style conventions in PEP 257
[3.559s] -- Added test 'xmllint' to check XML markup files
[3.563s] -- Configuring done (2.7s)
[3.592s] -- Generating done (0.0s)
[3.601s] -- Build files have been written to: /home/yiyi/ackermann_sim/build/saye_prediction
[3.739s] Built target ament_cmake_python_copy_saye_prediction
[4.241s] running egg_info
[4.283s] writing saye_prediction.egg-info/PKG-INFO
[4.283s] writing dependency_links to saye_prediction.egg-info/dependency_links.txt
[4.283s] writing top-level names to saye_prediction.egg-info/top_level.txt
[4.403s] reading manifest file 'saye_prediction.egg-info/SOURCES.txt'
[4.405s] writing manifest file 'saye_prediction.egg-info/SOURCES.txt'
[4.487s] Built target ament_cmake_python_build_saye_prediction_egg
[4.519s] Invoked command in '/home/yiyi/ackermann_sim/build/saye_prediction' returned '0': CMAKE_PREFIX_PATH=/home/yiyi/ackermann_sim/install/saye_msgs:/home/yiyi/ackermann_sim/install/saye_prediction:/home/yiyi/ackermann_sim/install/saye_control:/home/yiyi/ackermann_sim/install/saye_mppi:/home/yiyi/ackermann_sim/install/saye_localization:/home/yiyi/ackermann_sim/install/saye_bringup_my:/home/yiyi/ackermann_sim/install/saye_bringup:/home/yiyi/ackermann_sim/install/saye_description:/home/yiyi/ackermann_sim/install/saye_behaviortree:/opt/ros/jazzy/opt/gz_sim_vendor:/opt/ros/jazzy/opt/gz_sensors_vendor:/opt/ros/jazzy/opt/gz_physics_vendor:/opt/ros/jazzy/opt/sdformat_vendor:/opt/ros/jazzy/opt/gz_gui_vendor:/opt/ros/jazzy/opt/gz_transport_vendor:/opt/ros/jazzy/opt/gz_rendering_vendor:/opt/ros/jazzy/opt/gz_plugin_vendor:/opt/ros/jazzy/opt/gz_fuel_tools_vendor:/opt/ros/jazzy/opt/gz_msgs_vendor:/opt/ros/jazzy/opt/gz_common_vendor:/opt/ros/jazzy/opt/gz_math_vendor:/opt/ros/jazzy/opt/gz_utils_vendor:/opt/ros/jazzy/opt/gz_tools_vendor:/opt/ros/jazzy/opt/gz_ogre_next_vendor:/opt/ros/jazzy/opt/gz_dartsim_vendor:/opt/ros/jazzy/opt/gz_cmake_vendor:/opt/ros/jazzy PYTHONPATH=/home/yiyi/ackermann_sim/install/saye_msgs/lib/python3.12/site-packages:/home/yiyi/ackermann_sim/install/saye_prediction/lib/python3.12/site-packages:/home/yiyi/ackermann_sim/install/saye_mppi/lib/python3.12/site-packages:/opt/ros/jazzy/lib/python3.12/site-packages /usr/bin/cmake --build /home/yiyi/ackermann_sim/build/saye_prediction -- -j16 -l16
[4.560s] Invoking command in '/home/yiyi/ackermann_sim/build/saye_prediction': CMAKE_PREFIX_PATH=/home/yiyi/ackermann_sim/install/saye_msgs:/home/yiyi/ackermann_sim/install/saye_prediction:/home/yiyi/ackermann_sim/install/saye_control:/home/yiyi/ackermann_sim/install/saye_mppi:/home/yiyi/ackermann_sim/install/saye_localization:/home/yiyi/ackermann_sim/install/saye_bringup_my:/home/yiyi/ackermann_sim/install/saye_bringup:/home/yiyi/ackermann_sim/install/saye_description:/home/yiyi/ackermann_sim/install/saye_behaviortree:/opt/ros/jazzy/opt/gz_sim_vendor:/opt/ros/jazzy/opt/gz_sensors_vendor:/opt/ros/jazzy/opt/gz_physics_vendor:/opt/ros/jazzy/opt/sdformat_vendor:/opt/ros/jazzy/opt/gz_gui_vendor:/opt/ros/jazzy/opt/gz_transport_vendor:/opt/ros/jazzy/opt/gz_rendering_vendor:/opt/ros/jazzy/opt/gz_plugin_vendor:/opt/ros/jazzy/opt/gz_fuel_tools_vendor:/opt/ros/jazzy/opt/gz_msgs_vendor:/opt/ros/jazzy/opt/gz_common_vendor:/opt/ros/jazzy/opt/gz_math_vendor:/opt/ros/jazzy/opt/gz_utils_vendor:/opt/ros/jazzy/opt/gz_tools_vendor:/opt/ros/jazzy/opt/gz_ogre_next_vendor:/opt/ros/jazzy/opt/gz_dartsim_vendor:/opt/ros/jazzy/opt/gz_cmake_vendor:/opt/ros/jazzy PYTHONPATH=/home/yiyi/ackermann_sim/install/saye_msgs/lib/python3.12/site-packages:/home/yiyi/ackermann_sim/install/saye_prediction/lib/python3.12/site-packages:/home/yiyi/ackermann_sim/install/saye_mppi/lib/python3.12/site-packages:/opt/ros/jazzy/lib/python3.12/site-packages /usr/bin/cmake --install /home/yiyi/ackermann_sim/build/saye_prediction
[4.584s] -- Install configuration: ""
[4.585s] -- Up-to-date: /home/yiyi/ackermann_sim/install/saye_prediction/share/saye_prediction/environment/pythonpath.sh
[4.585s] -- Up-to-date: /home/yiyi/ackermann_sim/install/saye_prediction/share/saye_prediction/environment/pythonpath.dsv
[4.585s] -- Up-to-date: /home/yiyi/ackermann_sim/install/saye_prediction/lib/python3.12/site-packages/saye_prediction-0.0.1-py3.12.egg-info
[4.585s] -- Installing: /home/yiyi/ackermann_sim/install/saye_prediction/lib/python3.12/site-packages/saye_prediction-0.0.1-py3.12.egg-info/PKG-INFO
[4.586s] -- Installing: /home/yiyi/ackermann_sim/install/saye_prediction/lib/python3.12/site-packages/saye_prediction-0.0.1-py3.12.egg-info/SOURCES.txt
[4.586s] -- Installing: /home/yiyi/ackermann_sim/install/saye_prediction/lib/python3.12/site-packages/saye_prediction-0.0.1-py3.12.egg-info/top_level.txt
[4.586s] -- Installing: /home/yiyi/ackermann_sim/install/saye_prediction/lib/python3.12/site-packages/saye_prediction-0.0.1-py3.12.egg-info/dependency_links.txt
[4.590s] -- Up-to-date: /home/yiyi/ackermann_sim/install/saye_prediction/lib/python3.12/site-packages/saye_prediction
[4.590s] -- Up-to-date: /home/yiyi/ackermann_sim/install/saye_prediction/lib/python3.12/site-packages/saye_prediction/prediction_verifier.py
[4.590s] -- Installing: /home/yiyi/ackermann_sim/install/saye_prediction/lib/python3.12/site-packages/saye_prediction/actor_ground_truth_predictor.py
[4.591s] -- Up-to-date: /home/yiyi/ackermann_sim/install/saye_prediction/lib/python3.12/site-packages/saye_prediction/__init__.py
[4.591s] -- Up-to-date: /home/yiyi/ackermann_sim/install/saye_prediction/lib/python3.12/site-packages/saye_prediction/gazebo_pose_bridge.py
[4.592s] -- Up-to-date: /home/yiyi/ackermann_sim/install/saye_prediction/lib/python3.12/site-packages/saye_prediction/prediction_visualizer.py
[4.592s] -- Up-to-date: /home/yiyi/ackermann_sim/install/saye_prediction/lib/python3.12/site-packages/saye_prediction/ground_truth_predictor.py
[4.689s] Listing '/home/yiyi/ackermann_sim/install/saye_prediction/lib/python3.12/site-packages/saye_prediction'...
[4.689s] Compiling '/home/yiyi/ackermann_sim/install/saye_prediction/lib/python3.12/site-packages/saye_prediction/actor_ground_truth_predictor.py'...
[4.704s] -- Up-to-date: /home/yiyi/ackermann_sim/install/saye_prediction/lib/saye_prediction/ground_truth_predictor
[4.704s] -- Installing: /home/yiyi/ackermann_sim/install/saye_prediction/lib/saye_prediction/actor_ground_truth_predictor
[4.704s] -- Up-to-date: /home/yiyi/ackermann_sim/install/saye_prediction/lib/saye_prediction/prediction_visualizer
[4.705s] -- Up-to-date: /home/yiyi/ackermann_sim/install/saye_prediction/lib/saye_prediction/prediction_verifier
[4.705s] -- Up-to-date: /home/yiyi/ackermann_sim/install/saye_prediction/lib/saye_prediction/world_pose_bridge.py
[4.705s] -- Up-to-date: /home/yiyi/ackermann_sim/install/saye_prediction/lib/saye_prediction/gazebo_model_pose_publisher.py
[4.705s] -- Up-to-date: /home/yiyi/ackermann_sim/install/saye_prediction/share/saye_prediction/launch
[4.705s] -- Up-to-date: /home/yiyi/ackermann_sim/install/saye_prediction/share/saye_prediction/launch/ground_truth_prediction.launch.py
[4.705s] -- Up-to-date: /home/yiyi/ackermann_sim/install/saye_prediction/share/saye_prediction/config
[4.712s] -- Up-to-date: /home/yiyi/ackermann_sim/install/saye_prediction/share/saye_prediction/config/ground_truth_predictor.yaml
[4.712s] -- Up-to-date: /home/yiyi/ackermann_sim/install/saye_prediction/share/saye_prediction/config/scenario1_actors.yaml
[4.712s] -- Up-to-date: /home/yiyi/ackermann_sim/install/saye_prediction/share/ament_index/resource_index/package_run_dependencies/saye_prediction
[4.712s] -- Up-to-date: /home/yiyi/ackermann_sim/install/saye_prediction/share/ament_index/resource_index/parent_prefix_path/saye_prediction
[4.712s] -- Up-to-date: /home/yiyi/ackermann_sim/install/saye_prediction/share/saye_prediction/environment/ament_prefix_path.sh
[4.712s] -- Up-to-date: /home/yiyi/ackermann_sim/install/saye_prediction/share/saye_prediction/environment/ament_prefix_path.dsv
[4.713s] -- Up-to-date: /home/yiyi/ackermann_sim/install/saye_prediction/share/saye_prediction/environment/path.sh
[4.713s] -- Up-to-date: /home/yiyi/ackermann_sim/install/saye_prediction/share/saye_prediction/environment/path.dsv
[4.713s] -- Up-to-date: /home/yiyi/ackermann_sim/install/saye_prediction/share/saye_prediction/local_setup.bash
[4.713s] -- Up-to-date: /home/yiyi/ackermann_sim/install/saye_prediction/share/saye_prediction/local_setup.sh
[4.713s] -- Up-to-date: /home/yiyi/ackermann_sim/install/saye_prediction/share/saye_prediction/local_setup.zsh
[4.713s] -- Up-to-date: /home/yiyi/ackermann_sim/install/saye_prediction/share/saye_prediction/local_setup.dsv
[4.713s] -- Installing: /home/yiyi/ackermann_sim/install/saye_prediction/share/saye_prediction/package.dsv
[4.714s] -- Up-to-date: /home/yiyi/ackermann_sim/install/saye_prediction/share/ament_index/resource_index/packages/saye_prediction
[4.714s] -- Up-to-date: /home/yiyi/ackermann_sim/install/saye_prediction/share/saye_prediction/cmake/saye_predictionConfig.cmake
[4.714s] -- Up-to-date: /home/yiyi/ackermann_sim/install/saye_prediction/share/saye_prediction/cmake/saye_predictionConfig-version.cmake
[4.714s] -- Up-to-date: /home/yiyi/ackermann_sim/install/saye_prediction/share/saye_prediction/package.xml
[4.720s] Invoked command in '/home/yiyi/ackermann_sim/build/saye_prediction' returned '0': CMAKE_PREFIX_PATH=/home/yiyi/ackermann_sim/install/saye_msgs:/home/yiyi/ackermann_sim/install/saye_prediction:/home/yiyi/ackermann_sim/install/saye_control:/home/yiyi/ackermann_sim/install/saye_mppi:/home/yiyi/ackermann_sim/install/saye_localization:/home/yiyi/ackermann_sim/install/saye_bringup_my:/home/yiyi/ackermann_sim/install/saye_bringup:/home/yiyi/ackermann_sim/install/saye_description:/home/yiyi/ackermann_sim/install/saye_behaviortree:/opt/ros/jazzy/opt/gz_sim_vendor:/opt/ros/jazzy/opt/gz_sensors_vendor:/opt/ros/jazzy/opt/gz_physics_vendor:/opt/ros/jazzy/opt/sdformat_vendor:/opt/ros/jazzy/opt/gz_gui_vendor:/opt/ros/jazzy/opt/gz_transport_vendor:/opt/ros/jazzy/opt/gz_rendering_vendor:/opt/ros/jazzy/opt/gz_plugin_vendor:/opt/ros/jazzy/opt/gz_fuel_tools_vendor:/opt/ros/jazzy/opt/gz_msgs_vendor:/opt/ros/jazzy/opt/gz_common_vendor:/opt/ros/jazzy/opt/gz_math_vendor:/opt/ros/jazzy/opt/gz_utils_vendor:/opt/ros/jazzy/opt/gz_tools_vendor:/opt/ros/jazzy/opt/gz_ogre_next_vendor:/opt/ros/jazzy/opt/gz_dartsim_vendor:/opt/ros/jazzy/opt/gz_cmake_vendor:/opt/ros/jazzy PYTHONPATH=/home/yiyi/ackermann_sim/install/saye_msgs/lib/python3.12/site-packages:/home/yiyi/ackermann_sim/install/saye_prediction/lib/python3.12/site-packages:/home/yiyi/ackermann_sim/install/saye_mppi/lib/python3.12/site-packages:/opt/ros/jazzy/lib/python3.12/site-packages /usr/bin/cmake --install /home/yiyi/ackermann_sim/build/saye_prediction
