[0.148s] Invoking command in '/home/yiyi/ackermann_sim/build/saye_bringup_my': CMAKE_PREFIX_PATH=/home/yiyi/ackermann_sim/install/saye_description:/home/yiyi/ackermann_sim/install/saye_control:/home/yiyi/ackermann_sim/install/saye_msgs:/home/yiyi/ackermann_sim/install/saye_mppi:/home/yiyi/ackermann_sim/install/saye_localization:/home/yiyi/ackermann_sim/install/saye_bringup_my:/home/yiyi/ackermann_sim/install/saye_bringup:/home/yiyi/ackermann_sim/install/saye_behaviortree:/opt/ros/jazzy/opt/gz_sim_vendor:/opt/ros/jazzy/opt/gz_sensors_vendor:/opt/ros/jazzy/opt/gz_physics_vendor:/opt/ros/jazzy/opt/sdformat_vendor:/opt/ros/jazzy/opt/gz_gui_vendor:/opt/ros/jazzy/opt/gz_transport_vendor:/opt/ros/jazzy/opt/gz_rendering_vendor:/opt/ros/jazzy/opt/gz_plugin_vendor:/opt/ros/jazzy/opt/gz_fuel_tools_vendor:/opt/ros/jazzy/opt/gz_msgs_vendor:/opt/ros/jazzy/opt/gz_common_vendor:/opt/ros/jazzy/opt/gz_math_vendor:/opt/ros/jazzy/opt/gz_utils_vendor:/opt/ros/jazzy/opt/gz_tools_vendor:/opt/ros/jazzy/opt/gz_ogre_next_vendor:/opt/ros/jazzy/opt/gz_dartsim_vendor:/opt/ros/jazzy/opt/gz_cmake_vendor:/opt/ros/jazzy /usr/bin/cmake --build /home/yiyi/ackermann_sim/build/saye_bringup_my -- -j16 -l16
[0.252s] -- Found ament_cmake: 2.5.4 (/opt/ros/jazzy/share/ament_cmake/cmake)
[0.545s] -- Override CMake install command with custom implementation using symlinks instead of copying resources
[0.609s] -- Found rclpy: 7.1.5 (/opt/ros/jazzy/share/rclpy/cmake)
[0.618s] -- Found tf2_ros: 0.36.14 (/opt/ros/jazzy/share/tf2_ros/cmake)
[1.157s] -- Found rosidl_generator_c: 4.6.6 (/opt/ros/jazzy/share/rosidl_generator_c/cmake)
[1.197s] -- Found rosidl_generator_cpp: 4.6.6 (/opt/ros/jazzy/share/rosidl_generator_cpp/cmake)
[1.250s] -- Using all available rosidl_typesupport_c: rosidl_typesupport_fastrtps_c;rosidl_typesupport_introspection_c
[1.298s] -- Using all available rosidl_typesupport_cpp: rosidl_typesupport_fastrtps_cpp;rosidl_typesupport_introspection_cpp
[1.603s] -- Found rmw_implementation_cmake: 7.3.2 (/opt/ros/jazzy/share/rmw_implementation_cmake/cmake)
[1.616s] -- Found rmw_fastrtps_cpp: 8.4.3 (/opt/ros/jazzy/share/rmw_fastrtps_cpp/cmake)
[1.821s] -- Found OpenSSL: /usr/lib/x86_64-linux-gnu/libcrypto.so (found version "3.0.13")  
[2.327s] -- Found FastRTPS: /opt/ros/jazzy/include (Required is at least version "2.13") 
[2.598s] -- Using RMW implementation 'rmw_fastrtps_cpp' as default
[3.384s] -- Found saye_description: 0.0.0 (/home/yiyi/ackermann_sim/install/saye_description/share/saye_description/cmake)
[3.385s] -- Found ament_lint_auto: 0.17.3 (/opt/ros/jazzy/share/ament_lint_auto/cmake)
[3.515s] -- Configuring done (3.3s)
[3.533s] -- Generating done (0.0s)
[3.538s] -- Build files have been written to: /home/yiyi/ackermann_sim/build/saye_bringup_my
[3.584s] Invoked command in '/home/yiyi/ackermann_sim/build/saye_bringup_my' returned '0': CMAKE_PREFIX_PATH=/home/yiyi/ackermann_sim/install/saye_description:/home/yiyi/ackermann_sim/install/saye_control:/home/yiyi/ackermann_sim/install/saye_msgs:/home/yiyi/ackermann_sim/install/saye_mppi:/home/yiyi/ackermann_sim/install/saye_localization:/home/yiyi/ackermann_sim/install/saye_bringup_my:/home/yiyi/ackermann_sim/install/saye_bringup:/home/yiyi/ackermann_sim/install/saye_behaviortree:/opt/ros/jazzy/opt/gz_sim_vendor:/opt/ros/jazzy/opt/gz_sensors_vendor:/opt/ros/jazzy/opt/gz_physics_vendor:/opt/ros/jazzy/opt/sdformat_vendor:/opt/ros/jazzy/opt/gz_gui_vendor:/opt/ros/jazzy/opt/gz_transport_vendor:/opt/ros/jazzy/opt/gz_rendering_vendor:/opt/ros/jazzy/opt/gz_plugin_vendor:/opt/ros/jazzy/opt/gz_fuel_tools_vendor:/opt/ros/jazzy/opt/gz_msgs_vendor:/opt/ros/jazzy/opt/gz_common_vendor:/opt/ros/jazzy/opt/gz_math_vendor:/opt/ros/jazzy/opt/gz_utils_vendor:/opt/ros/jazzy/opt/gz_tools_vendor:/opt/ros/jazzy/opt/gz_ogre_next_vendor:/opt/ros/jazzy/opt/gz_dartsim_vendor:/opt/ros/jazzy/opt/gz_cmake_vendor:/opt/ros/jazzy /usr/bin/cmake --build /home/yiyi/ackermann_sim/build/saye_bringup_my -- -j16 -l16
[3.598s] Invoking command in '/home/yiyi/ackermann_sim/build/saye_bringup_my': CMAKE_PREFIX_PATH=/home/yiyi/ackermann_sim/install/saye_description:/home/yiyi/ackermann_sim/install/saye_control:/home/yiyi/ackermann_sim/install/saye_msgs:/home/yiyi/ackermann_sim/install/saye_mppi:/home/yiyi/ackermann_sim/install/saye_localization:/home/yiyi/ackermann_sim/install/saye_bringup_my:/home/yiyi/ackermann_sim/install/saye_bringup:/home/yiyi/ackermann_sim/install/saye_behaviortree:/opt/ros/jazzy/opt/gz_sim_vendor:/opt/ros/jazzy/opt/gz_sensors_vendor:/opt/ros/jazzy/opt/gz_physics_vendor:/opt/ros/jazzy/opt/sdformat_vendor:/opt/ros/jazzy/opt/gz_gui_vendor:/opt/ros/jazzy/opt/gz_transport_vendor:/opt/ros/jazzy/opt/gz_rendering_vendor:/opt/ros/jazzy/opt/gz_plugin_vendor:/opt/ros/jazzy/opt/gz_fuel_tools_vendor:/opt/ros/jazzy/opt/gz_msgs_vendor:/opt/ros/jazzy/opt/gz_common_vendor:/opt/ros/jazzy/opt/gz_math_vendor:/opt/ros/jazzy/opt/gz_utils_vendor:/opt/ros/jazzy/opt/gz_tools_vendor:/opt/ros/jazzy/opt/gz_ogre_next_vendor:/opt/ros/jazzy/opt/gz_dartsim_vendor:/opt/ros/jazzy/opt/gz_cmake_vendor:/opt/ros/jazzy /usr/bin/cmake --install /home/yiyi/ackermann_sim/build/saye_bringup_my
[3.609s] -- Install configuration: ""
[3.609s] -- Execute custom install script
[3.611s] -- Up-to-date symlink: /home/yiyi/ackermann_sim/install/saye_bringup_my/share/saye_bringup_my//launch/amcl.launch.py
[3.612s] -- Up-to-date symlink: /home/yiyi/ackermann_sim/install/saye_bringup_my/share/saye_bringup_my//launch/navigation_bringup.launch.py
[3.612s] -- Up-to-date symlink: /home/yiyi/ackermann_sim/install/saye_bringup_my/share/saye_bringup_my//launch/saye_spawn.launch.py
[3.612s] -- Up-to-date symlink: /home/yiyi/ackermann_sim/install/saye_bringup_my/share/saye_bringup_my//launch/slam.launch.py
[3.613s] -- Up-to-date symlink: /home/yiyi/ackermann_sim/install/saye_bringup_my/share/saye_bringup_my//maps/map.pgm
[3.613s] -- Up-to-date symlink: /home/yiyi/ackermann_sim/install/saye_bringup_my/share/saye_bringup_my//maps/map.yaml
[3.614s] -- Up-to-date symlink: /home/yiyi/ackermann_sim/install/saye_bringup_my/share/saye_bringup_my//rviz/navigation.rviz
[3.615s] -- Up-to-date symlink: /home/yiyi/ackermann_sim/install/saye_bringup_my/share/saye_bringup_my//rviz/saye.rviz
[3.615s] -- Up-to-date symlink: /home/yiyi/ackermann_sim/install/saye_bringup_my/share/saye_bringup_my//config/amcl.yaml
[3.616s] -- Up-to-date symlink: /home/yiyi/ackermann_sim/install/saye_bringup_my/share/saye_bringup_my//config/nav2_params.yaml
[3.616s] -- Up-to-date symlink: /home/yiyi/ackermann_sim/install/saye_bringup_my/share/saye_bringup_my//config/navigation.yaml
[3.617s] -- Up-to-date symlink: /home/yiyi/ackermann_sim/install/saye_bringup_my/share/saye_bringup_my//config/ros_gz_bridge.yaml
[3.617s] -- Up-to-date symlink: /home/yiyi/ackermann_sim/install/saye_bringup_my/share/saye_bringup_my//config/slam.yaml
[3.618s] -- Symlinking: /home/yiyi/ackermann_sim/install/saye_bringup_my/lib/saye_bringup_my/ground_truth_pose.py
[3.632s] -- Up-to-date symlink: /home/yiyi/ackermann_sim/install/saye_bringup_my/share/ament_index/resource_index/package_run_dependencies/saye_bringup_my
[3.633s] -- Up-to-date symlink: /home/yiyi/ackermann_sim/install/saye_bringup_my/share/ament_index/resource_index/parent_prefix_path/saye_bringup_my
[3.633s] -- Up-to-date symlink: /home/yiyi/ackermann_sim/install/saye_bringup_my/share/saye_bringup_my/environment/ament_prefix_path.sh
[3.634s] -- Up-to-date symlink: /home/yiyi/ackermann_sim/install/saye_bringup_my/share/saye_bringup_my/environment/ament_prefix_path.dsv
[3.634s] -- Up-to-date symlink: /home/yiyi/ackermann_sim/install/saye_bringup_my/share/saye_bringup_my/environment/path.sh
[3.634s] -- Up-to-date symlink: /home/yiyi/ackermann_sim/install/saye_bringup_my/share/saye_bringup_my/environment/path.dsv
[3.635s] -- Up-to-date symlink: /home/yiyi/ackermann_sim/install/saye_bringup_my/share/saye_bringup_my/local_setup.bash
[3.635s] -- Up-to-date symlink: /home/yiyi/ackermann_sim/install/saye_bringup_my/share/saye_bringup_my/local_setup.sh
[3.636s] -- Up-to-date symlink: /home/yiyi/ackermann_sim/install/saye_bringup_my/share/saye_bringup_my/local_setup.zsh
[3.636s] -- Up-to-date symlink: /home/yiyi/ackermann_sim/install/saye_bringup_my/share/saye_bringup_my/local_setup.dsv
[3.636s] -- Symlinking: /home/yiyi/ackermann_sim/install/saye_bringup_my/share/saye_bringup_my/package.dsv
[3.651s] -- Up-to-date symlink: /home/yiyi/ackermann_sim/install/saye_bringup_my/share/ament_index/resource_index/packages/saye_bringup_my
[3.651s] -- Up-to-date symlink: /home/yiyi/ackermann_sim/install/saye_bringup_my/share/saye_bringup_my/cmake/saye_bringup_myConfig.cmake
[3.652s] -- Up-to-date symlink: /home/yiyi/ackermann_sim/install/saye_bringup_my/share/saye_bringup_my/cmake/saye_bringup_myConfig-version.cmake
[3.653s] -- Up-to-date symlink: /home/yiyi/ackermann_sim/install/saye_bringup_my/share/saye_bringup_my/package.xml
[3.656s] Invoked command in '/home/yiyi/ackermann_sim/build/saye_bringup_my' returned '0': CMAKE_PREFIX_PATH=/home/yiyi/ackermann_sim/install/saye_description:/home/yiyi/ackermann_sim/install/saye_control:/home/yiyi/ackermann_sim/install/saye_msgs:/home/yiyi/ackermann_sim/install/saye_mppi:/home/yiyi/ackermann_sim/install/saye_localization:/home/yiyi/ackermann_sim/install/saye_bringup_my:/home/yiyi/ackermann_sim/install/saye_bringup:/home/yiyi/ackermann_sim/install/saye_behaviortree:/opt/ros/jazzy/opt/gz_sim_vendor:/opt/ros/jazzy/opt/gz_sensors_vendor:/opt/ros/jazzy/opt/gz_physics_vendor:/opt/ros/jazzy/opt/sdformat_vendor:/opt/ros/jazzy/opt/gz_gui_vendor:/opt/ros/jazzy/opt/gz_transport_vendor:/opt/ros/jazzy/opt/gz_rendering_vendor:/opt/ros/jazzy/opt/gz_plugin_vendor:/opt/ros/jazzy/opt/gz_fuel_tools_vendor:/opt/ros/jazzy/opt/gz_msgs_vendor:/opt/ros/jazzy/opt/gz_common_vendor:/opt/ros/jazzy/opt/gz_math_vendor:/opt/ros/jazzy/opt/gz_utils_vendor:/opt/ros/jazzy/opt/gz_tools_vendor:/opt/ros/jazzy/opt/gz_ogre_next_vendor:/opt/ros/jazzy/opt/gz_dartsim_vendor:/opt/ros/jazzy/opt/gz_cmake_vendor:/opt/ros/jazzy /usr/bin/cmake --install /home/yiyi/ackermann_sim/build/saye_bringup_my
