-- The C compiler identification is GNU 13.3.0
-- The CXX compiler identification is GNU 13.3.0
-- Detecting C compiler ABI info
-- Detecting C compiler ABI info - done
-- Check for working C compiler: /usr/bin/cc - skipped
-- Detecting C compile features
-- Detecting C compile features - done
-- Detecting CXX compiler ABI info
-- Detecting CXX compiler ABI info - done
-- Check for working CXX compiler: /usr/bin/c++ - skipped
-- Detecting CXX compile features
-- Detecting CXX compile features - done
-- Found ament_cmake: 2.5.4 (/opt/ros/jazzy/share/ament_cmake/cmake)
-- Found Python3: /usr/bin/python3 (found version "3.12.3") found components: Interpreter 
-- Found rclcpp: 28.1.12 (/opt/ros/jazzy/share/rclcpp/cmake)
-- Found rosidl_generator_c: 4.6.6 (/opt/ros/jazzy/share/rosidl_generator_c/cmake)
-- Found rosidl_generator_cpp: 4.6.6 (/opt/ros/jazzy/share/rosidl_generator_cpp/cmake)
-- Using all available rosidl_typesupport_c: rosidl_typesupport_fastrtps_c;rosidl_typesupport_introspection_c
-- Using all available rosidl_typesupport_cpp: rosidl_typesupport_fastrtps_cpp;rosidl_typesupport_introspection_cpp
-- Found rmw_implementation_cmake: 7.3.2 (/opt/ros/jazzy/share/rmw_implementation_cmake/cmake)
-- Found rmw_fastrtps_cpp: 8.4.3 (/opt/ros/jazzy/share/rmw_fastrtps_cpp/cmake)
-- Found OpenSSL: /usr/lib/x86_64-linux-gnu/libcrypto.so (found version "3.0.13")  
-- Found FastRTPS: /opt/ros/jazzy/include (Required is at least version "2.13") 
-- Using RMW implementation 'rmw_fastrtps_cpp' as default
-- Found rclpy: 7.1.5 (/opt/ros/jazzy/share/rclpy/cmake)
-- Found sensor_msgs: 5.3.6 (/opt/ros/jazzy/share/sensor_msgs/cmake)
-- Found saye_msgs: 0.0.0 (/home/yiyi/ackermann_sim/install/saye_msgs/share/saye_msgs/cmake)
-- Found ament_lint_auto: 0.17.3 (/opt/ros/jazzy/share/ament_lint_auto/cmake)
-- Added test 'cppcheck' to perform static code analysis on C / C++ code
-- Configured cppcheck include dirs: /home/yiyi/ackermann_sim/src/ackermann-vehicle-gzsim-ros2/saye_control/include
-- Configured cppcheck exclude dirs and/or files: 
-- Added test 'lint_cmake' to check CMake code style
-- Added test 'uncrustify' to check C / C++ code style
-- Configured uncrustify additional arguments: 
-- Added test 'xmllint' to check XML markup files
-- Configuring done (9.1s)
-- Generating done (0.0s)
-- Build files have been written to: /home/yiyi/ackermann_sim/build/saye_control
[ 50%] [32mBuilding CXX object CMakeFiles/client.dir/src/client.cpp.o[0m
[ 50%] [32mBuilding CXX object CMakeFiles/main.dir/src/main.cpp.o[0m
[ 75%] [32m[1mLinking CXX executable client[0m
[ 75%] Built target client
[100%] [32m[1mLinking CXX executable main[0m
[100%] Built target main
-- Install configuration: ""
-- Installing: /home/yiyi/ackermann_sim/install/saye_control/include/include
-- Installing: /home/yiyi/ackermann_sim/install/saye_control/include/include/saye_control
-- Installing: /home/yiyi/ackermann_sim/install/saye_control/include/include/saye_control/control.hpp
-- Installing: /home/yiyi/ackermann_sim/install/saye_control/include/include/saye_control/joystick_controller_simulation.hpp
-- Installing: /home/yiyi/ackermann_sim/install/saye_control/lib/saye_control/main
-- Set non-toolchain portion of runtime path of "/home/yiyi/ackermann_sim/install/saye_control/lib/saye_control/main" to ""
-- Installing: /home/yiyi/ackermann_sim/install/saye_control/lib/saye_control/client
-- Set non-toolchain portion of runtime path of "/home/yiyi/ackermann_sim/install/saye_control/lib/saye_control/client" to ""
-- Installing: /home/yiyi/ackermann_sim/install/saye_control/share/ament_index/resource_index/package_run_dependencies/saye_control
-- Installing: /home/yiyi/ackermann_sim/install/saye_control/share/ament_index/resource_index/parent_prefix_path/saye_control
-- Installing: /home/yiyi/ackermann_sim/install/saye_control/share/saye_control/environment/ament_prefix_path.sh
-- Installing: /home/yiyi/ackermann_sim/install/saye_control/share/saye_control/environment/ament_prefix_path.dsv
-- Installing: /home/yiyi/ackermann_sim/install/saye_control/share/saye_control/environment/path.sh
-- Installing: /home/yiyi/ackermann_sim/install/saye_control/share/saye_control/environment/path.dsv
-- Installing: /home/yiyi/ackermann_sim/install/saye_control/share/saye_control/local_setup.bash
-- Installing: /home/yiyi/ackermann_sim/install/saye_control/share/saye_control/local_setup.sh
-- Installing: /home/yiyi/ackermann_sim/install/saye_control/share/saye_control/local_setup.zsh
-- Installing: /home/yiyi/ackermann_sim/install/saye_control/share/saye_control/local_setup.dsv
-- Installing: /home/yiyi/ackermann_sim/install/saye_control/share/saye_control/package.dsv
-- Installing: /home/yiyi/ackermann_sim/install/saye_control/share/ament_index/resource_index/packages/saye_control
-- Installing: /home/yiyi/ackermann_sim/install/saye_control/share/saye_control/cmake/saye_controlConfig.cmake
-- Installing: /home/yiyi/ackermann_sim/install/saye_control/share/saye_control/cmake/saye_controlConfig-version.cmake
-- Installing: /home/yiyi/ackermann_sim/install/saye_control/share/saye_control/package.xml
