[0.023s] Invoking command in '/home/yiyi/ackermann_sim/build/saye_mppi': CMAKE_PREFIX_PATH=${CMAKE_PREFIX_PATH}:/opt/ros/jazzy /usr/bin/cmake /home/yiyi/ackermann_sim/src/ackermann-vehicle-gzsim-ros2/saye_mppi -DCMAKE_INSTALL_PREFIX=/home/yiyi/ackermann_sim/install/saye_mppi
[0.563s] -- The C compiler identification is GNU 13.3.0
[2.584s] -- The CXX compiler identification is GNU 13.3.0
[4.445s] -- Detecting C compiler ABI info
[5.147s] -- Detecting C compiler ABI info - done
[5.157s] -- Check for working C compiler: /usr/bin/cc - skipped
[5.161s] -- Detecting C compile features
[5.162s] -- Detecting C compile features - done
[5.451s] -- Detecting CXX compiler ABI info
[6.150s] -- Detecting CXX compiler ABI info - done
[6.161s] -- Check for working CXX compiler: /usr/bin/c++ - skipped
[6.161s] -- Detecting CXX compile features
[6.162s] -- Detecting CXX compile features - done
[6.179s] -- Found ament_cmake: 2.5.4 (/opt/ros/jazzy/share/ament_cmake/cmake)
[6.433s] -- Found Python3: /usr/bin/python3 (found version "3.12.3") found components: Interpreter 
[6.928s] -- Configuring done (6.8s)
[6.943s] -- Generating done (0.0s)
[6.948s] -- Build files have been written to: /home/yiyi/ackermann_sim/build/saye_mppi
[6.956s] Invoked command in '/home/yiyi/ackermann_sim/build/saye_mppi' returned '0': CMAKE_PREFIX_PATH=${CMAKE_PREFIX_PATH}:/opt/ros/jazzy /usr/bin/cmake /home/yiyi/ackermann_sim/src/ackermann-vehicle-gzsim-ros2/saye_mppi -DCMAKE_INSTALL_PREFIX=/home/yiyi/ackermann_sim/install/saye_mppi
[6.958s] Invoking command in '/home/yiyi/ackermann_sim/build/saye_mppi': CMAKE_PREFIX_PATH=${CMAKE_PREFIX_PATH}:/opt/ros/jazzy /usr/bin/cmake --build /home/yiyi/ackermann_sim/build/saye_mppi -- -j16 -l16
[7.046s] Built target ament_cmake_python_copy_saye_mppi_setup
[7.046s] Built target ament_cmake_python_copy_saye_mppi
[7.330s] running egg_info
[7.331s] creating saye_mppi.egg-info
[7.356s] writing saye_mppi.egg-info/PKG-INFO
[7.357s] writing dependency_links to saye_mppi.egg-info/dependency_links.txt
[7.357s] writing top-level names to saye_mppi.egg-info/top_level.txt
[7.358s] writing manifest file 'saye_mppi.egg-info/SOURCES.txt'
[7.432s] reading manifest file 'saye_mppi.egg-info/SOURCES.txt'
[7.432s] writing manifest file 'saye_mppi.egg-info/SOURCES.txt'
[7.470s] Built target ament_cmake_python_build_saye_mppi_egg
[7.487s] Invoked command in '/home/yiyi/ackermann_sim/build/saye_mppi' returned '0': CMAKE_PREFIX_PATH=${CMAKE_PREFIX_PATH}:/opt/ros/jazzy /usr/bin/cmake --build /home/yiyi/ackermann_sim/build/saye_mppi -- -j16 -l16
[7.502s] Invoking command in '/home/yiyi/ackermann_sim/build/saye_mppi': CMAKE_PREFIX_PATH=${CMAKE_PREFIX_PATH}:/opt/ros/jazzy /usr/bin/cmake --install /home/yiyi/ackermann_sim/build/saye_mppi
[7.515s] -- Install configuration: ""
[7.517s] -- Installing: /home/yiyi/ackermann_sim/install/saye_mppi/share/saye_mppi/environment/pythonpath.sh
[7.518s] -- Installing: /home/yiyi/ackermann_sim/install/saye_mppi/share/saye_mppi/environment/pythonpath.dsv
[7.518s] -- Installing: /home/yiyi/ackermann_sim/install/saye_mppi/lib/python3.12/site-packages/saye_mppi-0.0.0-py3.12.egg-info
[7.520s] -- Installing: /home/yiyi/ackermann_sim/install/saye_mppi/lib/python3.12/site-packages/saye_mppi-0.0.0-py3.12.egg-info/PKG-INFO
[7.521s] -- Installing: /home/yiyi/ackermann_sim/install/saye_mppi/lib/python3.12/site-packages/saye_mppi-0.0.0-py3.12.egg-info/SOURCES.txt
[7.521s] -- Installing: /home/yiyi/ackermann_sim/install/saye_mppi/lib/python3.12/site-packages/saye_mppi-0.0.0-py3.12.egg-info/top_level.txt
[7.521s] -- Installing: /home/yiyi/ackermann_sim/install/saye_mppi/lib/python3.12/site-packages/saye_mppi-0.0.0-py3.12.egg-info/dependency_links.txt
[7.521s] -- Installing: /home/yiyi/ackermann_sim/install/saye_mppi/lib/python3.12/site-packages/saye_mppi
[7.522s] -- Installing: /home/yiyi/ackermann_sim/install/saye_mppi/lib/python3.12/site-packages/saye_mppi/__init__.py
[7.522s] -- Installing: /home/yiyi/ackermann_sim/install/saye_mppi/lib/python3.12/site-packages/saye_mppi/path_commander.py
[7.522s] -- Installing: /home/yiyi/ackermann_sim/install/saye_mppi/lib/python3.12/site-packages/saye_mppi/moving_obstacles.py
[7.574s] Listing '/home/yiyi/ackermann_sim/install/saye_mppi/lib/python3.12/site-packages/saye_mppi'...
[7.575s] Compiling '/home/yiyi/ackermann_sim/install/saye_mppi/lib/python3.12/site-packages/saye_mppi/__init__.py'...
[7.575s] Compiling '/home/yiyi/ackermann_sim/install/saye_mppi/lib/python3.12/site-packages/saye_mppi/moving_obstacles.py'...
[7.575s] *** Sorry: IndentationError: unexpected indent (moving_obstacles.py, line 73)
[7.575s] Compiling '/home/yiyi/ackermann_sim/install/saye_mppi/lib/python3.12/site-packages/saye_mppi/path_commander.py'...
[7.582s] -- Installing: /home/yiyi/ackermann_sim/install/saye_mppi/share/saye_mppi/launch
[7.583s] -- Installing: /home/yiyi/ackermann_sim/install/saye_mppi/share/saye_mppi/launch/mppi_experiment.launch.py
[7.583s] -- Installing: /home/yiyi/ackermann_sim/install/saye_mppi/share/saye_mppi/config
[7.584s] -- Installing: /home/yiyi/ackermann_sim/install/saye_mppi/share/saye_mppi/config/mppi_nav2_params.yaml
[7.584s] -- Installing: /home/yiyi/ackermann_sim/install/saye_mppi/share/saye_mppi/config/moving_obstacles.yaml
[7.584s] -- Installing: /home/yiyi/ackermann_sim/install/saye_mppi/share/saye_mppi/config/path_commander.yaml
[7.585s] -- Installing: /home/yiyi/ackermann_sim/install/saye_mppi/share/saye_mppi/worlds
[7.585s] -- Installing: /home/yiyi/ackermann_sim/install/saye_mppi/share/saye_mppi/worlds/saye_mppi_world.sdf
[7.587s] -- Installing: /home/yiyi/ackermann_sim/install/saye_mppi/share/ament_index/resource_index/package_run_dependencies/saye_mppi
[7.588s] -- Installing: /home/yiyi/ackermann_sim/install/saye_mppi/share/ament_index/resource_index/parent_prefix_path/saye_mppi
[7.588s] -- Installing: /home/yiyi/ackermann_sim/install/saye_mppi/share/saye_mppi/environment/ament_prefix_path.sh
[7.589s] -- Installing: /home/yiyi/ackermann_sim/install/saye_mppi/share/saye_mppi/environment/ament_prefix_path.dsv
[7.589s] -- Installing: /home/yiyi/ackermann_sim/install/saye_mppi/share/saye_mppi/environment/path.sh
[7.589s] -- Installing: /home/yiyi/ackermann_sim/install/saye_mppi/share/saye_mppi/environment/path.dsv
[7.589s] -- Installing: /home/yiyi/ackermann_sim/install/saye_mppi/share/saye_mppi/local_setup.bash
[7.590s] -- Installing: /home/yiyi/ackermann_sim/install/saye_mppi/share/saye_mppi/local_setup.sh
[7.590s] -- Installing: /home/yiyi/ackermann_sim/install/saye_mppi/share/saye_mppi/local_setup.zsh
[7.590s] -- Installing: /home/yiyi/ackermann_sim/install/saye_mppi/share/saye_mppi/local_setup.dsv
[7.590s] -- Installing: /home/yiyi/ackermann_sim/install/saye_mppi/share/saye_mppi/package.dsv
[7.591s] -- Installing: /home/yiyi/ackermann_sim/install/saye_mppi/share/ament_index/resource_index/packages/saye_mppi
[7.592s] -- Installing: /home/yiyi/ackermann_sim/install/saye_mppi/share/saye_mppi/cmake/saye_mppiConfig.cmake
[7.593s] -- Installing: /home/yiyi/ackermann_sim/install/saye_mppi/share/saye_mppi/cmake/saye_mppiConfig-version.cmake
[7.593s] -- Installing: /home/yiyi/ackermann_sim/install/saye_mppi/share/saye_mppi/package.xml
[7.597s] Invoked command in '/home/yiyi/ackermann_sim/build/saye_mppi' returned '0': CMAKE_PREFIX_PATH=${CMAKE_PREFIX_PATH}:/opt/ros/jazzy /usr/bin/cmake --install /home/yiyi/ackermann_sim/build/saye_mppi
