[0.023s] Invoking command in '/home/yiyi/ackermann_sim/build/saye_description': CMAKE_PREFIX_PATH=${CMAKE_PREFIX_PATH}:/opt/ros/jazzy /usr/bin/cmake --build /home/yiyi/ackermann_sim/build/saye_description -- -j16 -l16
[0.185s] [ 77%] Built target generate_worlds
[0.211s] [ 88%] Building CXX object CMakeFiles/pedestrian_manager_system.dir/plugins/pedestrian_manager/src/pedestrian_manager_system.cpp.o
[9.204s] [100%] Linking CXX shared library libpedestrian_manager_system.so
[9.997s] [100%] Built target pedestrian_manager_system
[10.016s] Invoked command in '/home/yiyi/ackermann_sim/build/saye_description' returned '0': CMAKE_PREFIX_PATH=${CMAKE_PREFIX_PATH}:/opt/ros/jazzy /usr/bin/cmake --build /home/yiyi/ackermann_sim/build/saye_description -- -j16 -l16
[10.033s] Invoking command in '/home/yiyi/ackermann_sim/build/saye_description': CMAKE_PREFIX_PATH=${CMAKE_PREFIX_PATH}:/opt/ros/jazzy /usr/bin/cmake --install /home/yiyi/ackermann_sim/build/saye_description
[10.046s] -- Install configuration: ""
[10.047s] -- Up-to-date: /home/yiyi/ackermann_sim/install/saye_description/share/saye_description//models
[10.048s] -- Up-to-date: /home/yiyi/ackermann_sim/install/saye_description/share/saye_description//models/walking_actor
[10.049s] -- Up-to-date: /home/yiyi/ackermann_sim/install/saye_description/share/saye_description//models/walking_actor/thumbnails
[10.049s] -- Up-to-date: /home/yiyi/ackermann_sim/install/saye_description/share/saye_description//models/walking_actor/thumbnails/5.png
[10.049s] -- Up-to-date: /home/yiyi/ackermann_sim/install/saye_description/share/saye_description//models/walking_actor/thumbnails/1.png
[10.050s] -- Up-to-date: /home/yiyi/ackermann_sim/install/saye_description/share/saye_description//models/walking_actor/thumbnails/2.png
[10.050s] -- Up-to-date: /home/yiyi/ackermann_sim/install/saye_description/share/saye_description//models/walking_actor/thumbnails/4.png
[10.050s] -- Up-to-date: /home/yiyi/ackermann_sim/install/saye_description/share/saye_description//models/walking_actor/thumbnails/3.png
[10.050s] -- Up-to-date: /home/yiyi/ackermann_sim/install/saye_description/share/saye_description//models/walking_actor/model.config
[10.050s] -- Up-to-date: /home/yiyi/ackermann_sim/install/saye_description/share/saye_description//models/walking_actor/meshes
[10.051s] -- Up-to-date: /home/yiyi/ackermann_sim/install/saye_description/share/saye_description//models/walking_actor/meshes/walk.dae
[10.051s] -- Up-to-date: /home/yiyi/ackermann_sim/install/saye_description/share/saye_description//models/walking_actor/model.sdf
[10.051s] -- Up-to-date: /home/yiyi/ackermann_sim/install/saye_description/share/saye_description//models/saye
[10.051s] -- Up-to-date: /home/yiyi/ackermann_sim/install/saye_description/share/saye_description//models/saye/model.config
[10.051s] -- Up-to-date: /home/yiyi/ackermann_sim/install/saye_description/share/saye_description//models/saye/meshes
[10.051s] -- Up-to-date: /home/yiyi/ackermann_sim/install/saye_description/share/saye_description//models/saye/meshes/STL27L.dae
[10.051s] -- Up-to-date: /home/yiyi/ackermann_sim/install/saye_description/share/saye_description//models/saye/meshes/TopReduced.dae
[10.051s] -- Up-to-date: /home/yiyi/ackermann_sim/install/saye_description/share/saye_description//models/saye/meshes/sensor_rack_lowres_shallow_laser.dae
[10.052s] -- Up-to-date: /home/yiyi/ackermann_sim/install/saye_description/share/saye_description//models/saye/meshes/Wheel.dae
[10.052s] -- Up-to-date: /home/yiyi/ackermann_sim/install/saye_description/share/saye_description//models/saye/meshes/BaseReduced.dae
[10.052s] -- Up-to-date: /home/yiyi/ackermann_sim/install/saye_description/share/saye_description//models/saye/meshes/sensor_rack_support_lowres.dae
[10.052s] -- Up-to-date: /home/yiyi/ackermann_sim/install/saye_description/share/saye_description//models/saye/model.sdf
[10.052s] -- Up-to-date: /home/yiyi/ackermann_sim/install/saye_description/share/saye_description//models/saye/model_2d_lidar.sdf
[10.053s] -- Up-to-date: /home/yiyi/ackermann_sim/install/saye_description/share/saye_description//worlds
[10.053s] -- Up-to-date: /home/yiyi/ackermann_sim/install/saye_description/share/saye_description//worlds/saye_dynamic_corridor_generated.sdf
[10.053s] -- Up-to-date: /home/yiyi/ackermann_sim/install/saye_description/share/saye_description//worlds/templates
[10.054s] -- Up-to-date: /home/yiyi/ackermann_sim/install/saye_description/share/saye_description//worlds/templates/saye_dynamic_corridor.sdf.jinja2
[10.054s] -- Up-to-date: /home/yiyi/ackermann_sim/install/saye_description/share/saye_description//worlds/corridor_empty.sdf
[10.054s] -- Up-to-date: /home/yiyi/ackermann_sim/install/saye_description/share/saye_description//worlds/saye_dynamic_corridor.sdf
[10.054s] -- Up-to-date: /home/yiyi/ackermann_sim/install/saye_description/share/saye_description//worlds/saye_world.sdf
[10.055s] -- Up-to-date: /home/yiyi/ackermann_sim/install/saye_description/share/saye_description//worlds/scenario5_6ped_random.sdf
[10.055s] -- Up-to-date: /home/yiyi/ackermann_sim/install/saye_description/share/saye_description//worlds/scenario4_6ped_static.sdf
[10.055s] -- Up-to-date: /home/yiyi/ackermann_sim/install/saye_description/share/saye_description//worlds/saye_dynamic_corridor_plugin.sdf
[10.055s] -- Up-to-date: /home/yiyi/ackermann_sim/install/saye_description/share/saye_description//worlds/scenario1_4ped_crossing.sdf
[10.056s] -- Up-to-date: /home/yiyi/ackermann_sim/install/saye_description/share/saye_description//worlds/saye_long_corridor.sdf
[10.056s] -- Up-to-date: /home/yiyi/ackermann_sim/install/saye_description/share/saye_description//worlds/warehouse
[10.056s] -- Up-to-date: /home/yiyi/ackermann_sim/install/saye_description/share/saye_description//worlds/warehouse/thumbnails
[10.056s] -- Up-to-date: /home/yiyi/ackermann_sim/install/saye_description/share/saye_description//worlds/warehouse/thumbnails/1.png
[10.056s] -- Up-to-date: /home/yiyi/ackermann_sim/install/saye_description/share/saye_description//worlds/warehouse/thumbnails/2.png
[10.056s] -- Up-to-date: /home/yiyi/ackermann_sim/install/saye_description/share/saye_description//worlds/warehouse/thumbnails/4.png
[10.056s] -- Up-to-date: /home/yiyi/ackermann_sim/install/saye_description/share/saye_description//worlds/warehouse/thumbnails/3.png
[10.056s] -- Up-to-date: /home/yiyi/ackermann_sim/install/saye_description/share/saye_description//worlds/warehouse/model.config
[10.056s] -- Up-to-date: /home/yiyi/ackermann_sim/install/saye_description/share/saye_description//worlds/warehouse/meshes
[10.056s] -- Up-to-date: /home/yiyi/ackermann_sim/install/saye_description/share/saye_description//worlds/warehouse/meshes/Tape001_1K_Color.png
[10.057s] -- Up-to-date: /home/yiyi/ackermann_sim/install/saye_description/share/saye_description//worlds/warehouse/meshes/Rough_Square_Concrete_Block.jpg
[10.057s] -- Up-to-date: /home/yiyi/ackermann_sim/install/saye_description/share/saye_description//worlds/warehouse/meshes/Asphalt010_1K_Color.jpg
[10.057s] -- Up-to-date: /home/yiyi/ackermann_sim/install/saye_description/share/saye_description//worlds/warehouse/meshes/ground.png
[10.057s] -- Up-to-date: /home/yiyi/ackermann_sim/install/saye_description/share/saye_description//worlds/warehouse/meshes/Terrazzo005_1K_Color.jpg
[10.057s] -- Up-to-date: /home/yiyi/ackermann_sim/install/saye_description/share/saye_description//worlds/warehouse/meshes/warehouse.dae
[10.057s] -- Up-to-date: /home/yiyi/ackermann_sim/install/saye_description/share/saye_description//worlds/warehouse/meshes/warehouse_colision.stl
[10.057s] -- Up-to-date: /home/yiyi/ackermann_sim/install/saye_description/share/saye_description//worlds/warehouse/model.sdf
[10.057s] -- Up-to-date: /home/yiyi/ackermann_sim/install/saye_description/share/saye_description//worlds/scenario3_12ped_crowded.sdf
[10.058s] -- Up-to-date: /home/yiyi/ackermann_sim/install/saye_description/share/saye_description//worlds/scenario2_8ped_mixed.sdf
[10.058s] -- Up-to-date: /home/yiyi/ackermann_sim/install/saye_description/share/saye_description//hooks
[10.058s] -- Up-to-date: /home/yiyi/ackermann_sim/install/saye_description/share/saye_description//hooks/ros_gz_example_description.dsv.in
[10.058s] -- Up-to-date: /home/yiyi/ackermann_sim/install/saye_description/share/saye_description//hooks/ros_gz_example_description.sh.in
[10.058s] -- Installing: /home/yiyi/ackermann_sim/install/saye_description/lib/libpedestrian_manager_system.so
[10.064s] -- Set non-toolchain portion of runtime path of "/home/yiyi/ackermann_sim/install/saye_description/lib/libpedestrian_manager_system.so" to ""
[10.064s] -- Up-to-date: /home/yiyi/ackermann_sim/install/saye_description/share/saye_description/config
[10.065s] -- Up-to-date: /home/yiyi/ackermann_sim/install/saye_description/share/saye_description/config/pedestrian_actors_plugin.yaml
[10.065s] -- Up-to-date: /home/yiyi/ackermann_sim/install/saye_description/share/saye_description/environment/ros_gz_example_description.sh
[10.065s] -- Up-to-date: /home/yiyi/ackermann_sim/install/saye_description/share/saye_description/environment/ros_gz_example_description.dsv
[10.065s] -- Up-to-date: /home/yiyi/ackermann_sim/install/saye_description/share/ament_index/resource_index/package_run_dependencies/saye_description
[10.066s] -- Up-to-date: /home/yiyi/ackermann_sim/install/saye_description/share/ament_index/resource_index/parent_prefix_path/saye_description
[10.066s] -- Up-to-date: /home/yiyi/ackermann_sim/install/saye_description/share/saye_description/environment/ament_prefix_path.sh
[10.066s] -- Up-to-date: /home/yiyi/ackermann_sim/install/saye_description/share/saye_description/environment/ament_prefix_path.dsv
[10.066s] -- Up-to-date: /home/yiyi/ackermann_sim/install/saye_description/share/saye_description/environment/path.sh
[10.066s] -- Up-to-date: /home/yiyi/ackermann_sim/install/saye_description/share/saye_description/environment/path.dsv
[10.066s] -- Up-to-date: /home/yiyi/ackermann_sim/install/saye_description/share/saye_description/local_setup.bash
[10.067s] -- Up-to-date: /home/yiyi/ackermann_sim/install/saye_description/share/saye_description/local_setup.sh
[10.067s] -- Up-to-date: /home/yiyi/ackermann_sim/install/saye_description/share/saye_description/local_setup.zsh
[10.067s] -- Up-to-date: /home/yiyi/ackermann_sim/install/saye_description/share/saye_description/local_setup.dsv
[10.067s] -- Installing: /home/yiyi/ackermann_sim/install/saye_description/share/saye_description/package.dsv
[10.067s] -- Up-to-date: /home/yiyi/ackermann_sim/install/saye_description/share/ament_index/resource_index/packages/saye_description
[10.067s] -- Up-to-date: /home/yiyi/ackermann_sim/install/saye_description/share/saye_description/cmake/saye_descriptionConfig.cmake
[10.067s] -- Up-to-date: /home/yiyi/ackermann_sim/install/saye_description/share/saye_description/cmake/saye_descriptionConfig-version.cmake
[10.067s] -- Up-to-date: /home/yiyi/ackermann_sim/install/saye_description/share/saye_description/package.xml
[10.070s] Invoked command in '/home/yiyi/ackermann_sim/build/saye_description' returned '0': CMAKE_PREFIX_PATH=${CMAKE_PREFIX_PATH}:/opt/ros/jazzy /usr/bin/cmake --install /home/yiyi/ackermann_sim/build/saye_description
