[0.694s] Invoking command in '/home/yiyi/ackermann_sim/build/saye_prediction': CMAKE_PREFIX_PATH=/home/yiyi/ackermann_sim/install/saye_msgs:/home/yiyi/ackermann_sim/install/saye_prediction:/home/yiyi/ackermann_sim/install/saye_control:/home/yiyi/ackermann_sim/install/saye_mppi:/home/yiyi/ackermann_sim/install/saye_localization:/home/yiyi/ackermann_sim/install/saye_bringup_my:/home/yiyi/ackermann_sim/install/saye_bringup:/home/yiyi/ackermann_sim/install/saye_description:/home/yiyi/ackermann_sim/install/saye_behaviortree:/opt/ros/jazzy/opt/gz_sim_vendor:/opt/ros/jazzy/opt/gz_sensors_vendor:/opt/ros/jazzy/opt/gz_physics_vendor:/opt/ros/jazzy/opt/sdformat_vendor:/opt/ros/jazzy/opt/gz_gui_vendor:/opt/ros/jazzy/opt/gz_transport_vendor:/opt/ros/jazzy/opt/gz_rendering_vendor:/opt/ros/jazzy/opt/gz_plugin_vendor:/opt/ros/jazzy/opt/gz_fuel_tools_vendor:/opt/ros/jazzy/opt/gz_msgs_vendor:/opt/ros/jazzy/opt/gz_common_vendor:/opt/ros/jazzy/opt/gz_math_vendor:/opt/ros/jazzy/opt/gz_utils_vendor:/opt/ros/jazzy/opt/gz_tools_vendor:/opt/ros/jazzy/opt/gz_ogre_next_vendor:/opt/ros/jazzy/opt/gz_dartsim_vendor:/opt/ros/jazzy/opt/gz_cmake_vendor:/opt/ros/jazzy PYTHONPATH=/home/yiyi/ackermann_sim/install/saye_msgs/lib/python3.12/site-packages:/home/yiyi/ackermann_sim/install/saye_prediction/lib/python3.12/site-packages:/home/yiyi/ackermann_sim/install/saye_mppi/lib/python3.12/site-packages:/opt/ros/jazzy/lib/python3.12/site-packages /usr/bin/cmake --build /home/yiyi/ackermann_sim/build/saye_prediction -- -j16 -l16
[0.782s] -- Found ament_cmake: 2.5.4 (/opt/ros/jazzy/share/ament_cmake/cmake)
[1.275s] -- Found rclpy: 7.1.5 (/opt/ros/jazzy/share/rclpy/cmake)
[1.276s] -- Found std_msgs: 5.3.6 (/opt/ros/jazzy/share/std_msgs/cmake)
[1.941s] -- Found rosidl_generator_c: 4.6.6 (/opt/ros/jazzy/share/rosidl_generator_c/cmake)
[1.976s] -- Found rosidl_generator_cpp: 4.6.6 (/opt/ros/jazzy/share/rosidl_generator_cpp/cmake)
[2.015s] -- Using all available rosidl_typesupport_c: rosidl_typesupport_fastrtps_c;rosidl_typesupport_introspection_c
[2.050s] -- Using all available rosidl_typesupport_cpp: rosidl_typesupport_fastrtps_cpp;rosidl_typesupport_introspection_cpp
[2.123s] -- Found geometry_msgs: 5.3.6 (/opt/ros/jazzy/share/geometry_msgs/cmake)
[2.161s] -- Found sensor_msgs: 5.3.6 (/opt/ros/jazzy/share/sensor_msgs/cmake)
[2.235s] -- Found nav_msgs: 5.3.6 (/opt/ros/jazzy/share/nav_msgs/cmake)
[2.304s] -- Found saye_msgs: 0.0.0 (/home/yiyi/ackermann_sim/install/saye_msgs/share/saye_msgs/cmake)
[2.628s] -- Found visualization_msgs: 5.3.6 (/opt/ros/jazzy/share/visualization_msgs/cmake)
[2.884s] -- Found ament_lint_auto: 0.17.3 (/opt/ros/jazzy/share/ament_lint_auto/cmake)
[3.093s] -- Added test 'flake8' to check Python code syntax and style conventions
[3.093s] -- Configured 'flake8' exclude dirs and/or files: 
[3.094s] -- Added test 'lint_cmake' to check CMake code style
[3.095s] -- Added test 'pep257' to check Python code against some of the docstring style conventions in PEP 257
[3.101s] -- Added test 'xmllint' to check XML markup files
[3.105s] -- Configuring done (2.4s)
[3.122s] -- Generating done (0.0s)
[3.129s] -- Build files have been written to: /home/yiyi/ackermann_sim/build/saye_prediction
[3.253s] Built target ament_cmake_python_copy_saye_prediction
[3.676s] running egg_info
[3.715s] writing saye_prediction.egg-info/PKG-INFO
[3.715s] writing dependency_links to saye_prediction.egg-info/dependency_links.txt
[3.716s] writing top-level names to saye_prediction.egg-info/top_level.txt
[3.828s] reading manifest file 'saye_prediction.egg-info/SOURCES.txt'
[3.829s] writing manifest file 'saye_prediction.egg-info/SOURCES.txt'
[3.908s] Built target ament_cmake_python_build_saye_prediction_egg
[3.935s] Invoked command in '/home/yiyi/ackermann_sim/build/saye_prediction' returned '0': CMAKE_PREFIX_PATH=/home/yiyi/ackermann_sim/install/saye_msgs:/home/yiyi/ackermann_sim/install/saye_prediction:/home/yiyi/ackermann_sim/install/saye_control:/home/yiyi/ackermann_sim/install/saye_mppi:/home/yiyi/ackermann_sim/install/saye_localization:/home/yiyi/ackermann_sim/install/saye_bringup_my:/home/yiyi/ackermann_sim/install/saye_bringup:/home/yiyi/ackermann_sim/install/saye_description:/home/yiyi/ackermann_sim/install/saye_behaviortree:/opt/ros/jazzy/opt/gz_sim_vendor:/opt/ros/jazzy/opt/gz_sensors_vendor:/opt/ros/jazzy/opt/gz_physics_vendor:/opt/ros/jazzy/opt/sdformat_vendor:/opt/ros/jazzy/opt/gz_gui_vendor:/opt/ros/jazzy/opt/gz_transport_vendor:/opt/ros/jazzy/opt/gz_rendering_vendor:/opt/ros/jazzy/opt/gz_plugin_vendor:/opt/ros/jazzy/opt/gz_fuel_tools_vendor:/opt/ros/jazzy/opt/gz_msgs_vendor:/opt/ros/jazzy/opt/gz_common_vendor:/opt/ros/jazzy/opt/gz_math_vendor:/opt/ros/jazzy/opt/gz_utils_vendor:/opt/ros/jazzy/opt/gz_tools_vendor:/opt/ros/jazzy/opt/gz_ogre_next_vendor:/opt/ros/jazzy/opt/gz_dartsim_vendor:/opt/ros/jazzy/opt/gz_cmake_vendor:/opt/ros/jazzy PYTHONPATH=/home/yiyi/ackermann_sim/install/saye_msgs/lib/python3.12/site-packages:/home/yiyi/ackermann_sim/install/saye_prediction/lib/python3.12/site-packages:/home/yiyi/ackermann_sim/install/saye_mppi/lib/python3.12/site-packages:/opt/ros/jazzy/lib/python3.12/site-packages /usr/bin/cmake --build /home/yiyi/ackermann_sim/build/saye_prediction -- -j16 -l16
[3.962s] Invoking command in '/home/yiyi/ackermann_sim/build/saye_prediction': CMAKE_PREFIX_PATH=/home/yiyi/ackermann_sim/install/saye_msgs:/home/yiyi/ackermann_sim/install/saye_prediction:/home/yiyi/ackermann_sim/install/saye_control:/home/yiyi/ackermann_sim/install/saye_mppi:/home/yiyi/ackermann_sim/install/saye_localization:/home/yiyi/ackermann_sim/install/saye_bringup_my:/home/yiyi/ackermann_sim/install/saye_bringup:/home/yiyi/ackermann_sim/install/saye_description:/home/yiyi/ackermann_sim/install/saye_behaviortree:/opt/ros/jazzy/opt/gz_sim_vendor:/opt/ros/jazzy/opt/gz_sensors_vendor:/opt/ros/jazzy/opt/gz_physics_vendor:/opt/ros/jazzy/opt/sdformat_vendor:/opt/ros/jazzy/opt/gz_gui_vendor:/opt/ros/jazzy/opt/gz_transport_vendor:/opt/ros/jazzy/opt/gz_rendering_vendor:/opt/ros/jazzy/opt/gz_plugin_vendor:/opt/ros/jazzy/opt/gz_fuel_tools_vendor:/opt/ros/jazzy/opt/gz_msgs_vendor:/opt/ros/jazzy/opt/gz_common_vendor:/opt/ros/jazzy/opt/gz_math_vendor:/opt/ros/jazzy/opt/gz_utils_vendor:/opt/ros/jazzy/opt/gz_tools_vendor:/opt/ros/jazzy/opt/gz_ogre_next_vendor:/opt/ros/jazzy/opt/gz_dartsim_vendor:/opt/ros/jazzy/opt/gz_cmake_vendor:/opt/ros/jazzy PYTHONPATH=/home/yiyi/ackermann_sim/install/saye_msgs/lib/python3.12/site-packages:/home/yiyi/ackermann_sim/install/saye_prediction/lib/python3.12/site-packages:/home/yiyi/ackermann_sim/install/saye_mppi/lib/python3.12/site-packages:/opt/ros/jazzy/lib/python3.12/site-packages /usr/bin/cmake --install /home/yiyi/ackermann_sim/build/saye_prediction
[3.987s] -- Install configuration: ""
[3.987s] -- Up-to-date: /home/yiyi/ackermann_sim/install/saye_prediction/share/saye_prediction/environment/pythonpath.sh
[3.987s] -- Up-to-date: /home/yiyi/ackermann_sim/install/saye_prediction/share/saye_prediction/environment/pythonpath.dsv
[3.988s] -- Up-to-date: /home/yiyi/ackermann_sim/install/saye_prediction/lib/python3.12/site-packages/saye_prediction-0.0.1-py3.12.egg-info
[3.988s] -- Installing: /home/yiyi/ackermann_sim/install/saye_prediction/lib/python3.12/site-packages/saye_prediction-0.0.1-py3.12.egg-info/PKG-INFO
[3.989s] -- Installing: /home/yiyi/ackermann_sim/install/saye_prediction/lib/python3.12/site-packages/saye_prediction-0.0.1-py3.12.egg-info/SOURCES.txt
[3.989s] -- Installing: /home/yiyi/ackermann_sim/install/saye_prediction/lib/python3.12/site-packages/saye_prediction-0.0.1-py3.12.egg-info/top_level.txt
[3.989s] -- Installing: /home/yiyi/ackermann_sim/install/saye_prediction/lib/python3.12/site-packages/saye_prediction-0.0.1-py3.12.egg-info/dependency_links.txt
[3.989s] -- Up-to-date: /home/yiyi/ackermann_sim/install/saye_prediction/lib/python3.12/site-packages/saye_prediction
[3.990s] -- Up-to-date: /home/yiyi/ackermann_sim/install/saye_prediction/lib/python3.12/site-packages/saye_prediction/prediction_verifier.py
[3.990s] -- Up-to-date: /home/yiyi/ackermann_sim/install/saye_prediction/lib/python3.12/site-packages/saye_prediction/__init__.py
[3.990s] -- Up-to-date: /home/yiyi/ackermann_sim/install/saye_prediction/lib/python3.12/site-packages/saye_prediction/gazebo_pose_bridge.py
[3.990s] -- Up-to-date: /home/yiyi/ackermann_sim/install/saye_prediction/lib/python3.12/site-packages/saye_prediction/prediction_visualizer.py
[3.990s] -- Up-to-date: /home/yiyi/ackermann_sim/install/saye_prediction/lib/python3.12/site-packages/saye_prediction/ground_truth_predictor.py
[4.062s] Listing '/home/yiyi/ackermann_sim/install/saye_prediction/lib/python3.12/site-packages/saye_prediction'...
[4.072s] -- Up-to-date: /home/yiyi/ackermann_sim/install/saye_prediction/lib/saye_prediction/ground_truth_predictor
[4.072s] -- Up-to-date: /home/yiyi/ackermann_sim/install/saye_prediction/lib/saye_prediction/prediction_visualizer
[4.073s] -- Up-to-date: /home/yiyi/ackermann_sim/install/saye_prediction/lib/saye_prediction/prediction_verifier
[4.073s] -- Installing: /home/yiyi/ackermann_sim/install/saye_prediction/lib/saye_prediction/world_pose_bridge.py
[4.073s] -- Up-to-date: /home/yiyi/ackermann_sim/install/saye_prediction/share/saye_prediction/launch
[4.073s] -- Up-to-date: /home/yiyi/ackermann_sim/install/saye_prediction/share/saye_prediction/launch/ground_truth_prediction.launch.py
[4.074s] -- Up-to-date: /home/yiyi/ackermann_sim/install/saye_prediction/share/saye_prediction/config
[4.074s] -- Up-to-date: /home/yiyi/ackermann_sim/install/saye_prediction/share/saye_prediction/config/ground_truth_predictor.yaml
[4.075s] -- Up-to-date: /home/yiyi/ackermann_sim/install/saye_prediction/share/saye_prediction/config/scenario1_actors.yaml
[4.075s] -- Up-to-date: /home/yiyi/ackermann_sim/install/saye_prediction/share/ament_index/resource_index/package_run_dependencies/saye_prediction
[4.075s] -- Installing: /home/yiyi/ackermann_sim/install/saye_prediction/share/ament_index/resource_index/parent_prefix_path/saye_prediction
[4.075s] -- Up-to-date: /home/yiyi/ackermann_sim/install/saye_prediction/share/saye_prediction/environment/ament_prefix_path.sh
[4.076s] -- Up-to-date: /home/yiyi/ackermann_sim/install/saye_prediction/share/saye_prediction/environment/ament_prefix_path.dsv
[4.076s] -- Up-to-date: /home/yiyi/ackermann_sim/install/saye_prediction/share/saye_prediction/environment/path.sh
[4.076s] -- Up-to-date: /home/yiyi/ackermann_sim/install/saye_prediction/share/saye_prediction/environment/path.dsv
[4.076s] -- Up-to-date: /home/yiyi/ackermann_sim/install/saye_prediction/share/saye_prediction/local_setup.bash
[4.077s] -- Up-to-date: /home/yiyi/ackermann_sim/install/saye_prediction/share/saye_prediction/local_setup.sh
[4.077s] -- Up-to-date: /home/yiyi/ackermann_sim/install/saye_prediction/share/saye_prediction/local_setup.zsh
[4.077s] -- Up-to-date: /home/yiyi/ackermann_sim/install/saye_prediction/share/saye_prediction/local_setup.dsv
[4.077s] -- Installing: /home/yiyi/ackermann_sim/install/saye_prediction/share/saye_prediction/package.dsv
[4.077s] -- Up-to-date: /home/yiyi/ackermann_sim/install/saye_prediction/share/ament_index/resource_index/packages/saye_prediction
[4.077s] -- Up-to-date: /home/yiyi/ackermann_sim/install/saye_prediction/share/saye_prediction/cmake/saye_predictionConfig.cmake
[4.078s] -- Up-to-date: /home/yiyi/ackermann_sim/install/saye_prediction/share/saye_prediction/cmake/saye_predictionConfig-version.cmake
[4.078s] -- Up-to-date: /home/yiyi/ackermann_sim/install/saye_prediction/share/saye_prediction/package.xml
[4.079s] Invoked command in '/home/yiyi/ackermann_sim/build/saye_prediction' returned '0': CMAKE_PREFIX_PATH=/home/yiyi/ackermann_sim/install/saye_msgs:/home/yiyi/ackermann_sim/install/saye_prediction:/home/yiyi/ackermann_sim/install/saye_control:/home/yiyi/ackermann_sim/install/saye_mppi:/home/yiyi/ackermann_sim/install/saye_localization:/home/yiyi/ackermann_sim/install/saye_bringup_my:/home/yiyi/ackermann_sim/install/saye_bringup:/home/yiyi/ackermann_sim/install/saye_description:/home/yiyi/ackermann_sim/install/saye_behaviortree:/opt/ros/jazzy/opt/gz_sim_vendor:/opt/ros/jazzy/opt/gz_sensors_vendor:/opt/ros/jazzy/opt/gz_physics_vendor:/opt/ros/jazzy/opt/sdformat_vendor:/opt/ros/jazzy/opt/gz_gui_vendor:/opt/ros/jazzy/opt/gz_transport_vendor:/opt/ros/jazzy/opt/gz_rendering_vendor:/opt/ros/jazzy/opt/gz_plugin_vendor:/opt/ros/jazzy/opt/gz_fuel_tools_vendor:/opt/ros/jazzy/opt/gz_msgs_vendor:/opt/ros/jazzy/opt/gz_common_vendor:/opt/ros/jazzy/opt/gz_math_vendor:/opt/ros/jazzy/opt/gz_utils_vendor:/opt/ros/jazzy/opt/gz_tools_vendor:/opt/ros/jazzy/opt/gz_ogre_next_vendor:/opt/ros/jazzy/opt/gz_dartsim_vendor:/opt/ros/jazzy/opt/gz_cmake_vendor:/opt/ros/jazzy PYTHONPATH=/home/yiyi/ackermann_sim/install/saye_msgs/lib/python3.12/site-packages:/home/yiyi/ackermann_sim/install/saye_prediction/lib/python3.12/site-packages:/home/yiyi/ackermann_sim/install/saye_mppi/lib/python3.12/site-packages:/opt/ros/jazzy/lib/python3.12/site-packages /usr/bin/cmake --install /home/yiyi/ackermann_sim/build/saye_prediction
