[0.018s] Invoking command in '/home/yiyi/ackermann_sim/build/saye_mppi': CMAKE_PREFIX_PATH=${CMAKE_PREFIX_PATH}:/opt/ros/jazzy /usr/bin/cmake /home/yiyi/ackermann_sim/src/ackermann-vehicle-gzsim-ros2/saye_mppi -DCMAKE_INSTALL_PREFIX=/home/yiyi/ackermann_sim/install/saye_mppi
[0.484s] -- The C compiler identification is GNU 13.3.0
[2.447s] -- The CXX compiler identification is GNU 13.3.0
[4.185s] -- Detecting C compiler ABI info
[4.855s] -- Detecting C compiler ABI info - done
[4.865s] -- Check for working C compiler: /usr/bin/cc - skipped
[4.869s] -- Detecting C compile features
[4.870s] -- Detecting C compile features - done
[5.165s] -- Detecting CXX compiler ABI info
[5.867s] -- Detecting CXX compiler ABI info - done
[5.878s] -- Check for working CXX compiler: /usr/bin/c++ - skipped
[5.878s] -- Detecting CXX compile features
[5.878s] -- Detecting CXX compile features - done
[5.935s] -- Found ament_cmake: 2.5.4 (/opt/ros/jazzy/share/ament_cmake/cmake)
[6.191s] -- Found Python3: /usr/bin/python3 (found version "3.12.3") found components: Interpreter 
[6.711s] -- Configuring done (6.7s)
[6.726s] -- Generating done (0.0s)
[6.730s] -- Build files have been written to: /home/yiyi/ackermann_sim/build/saye_mppi
[6.738s] Invoked command in '/home/yiyi/ackermann_sim/build/saye_mppi' returned '0': CMAKE_PREFIX_PATH=${CMAKE_PREFIX_PATH}:/opt/ros/jazzy /usr/bin/cmake /home/yiyi/ackermann_sim/src/ackermann-vehicle-gzsim-ros2/saye_mppi -DCMAKE_INSTALL_PREFIX=/home/yiyi/ackermann_sim/install/saye_mppi
[6.739s] Invoking command in '/home/yiyi/ackermann_sim/build/saye_mppi': CMAKE_PREFIX_PATH=${CMAKE_PREFIX_PATH}:/opt/ros/jazzy /usr/bin/cmake --build /home/yiyi/ackermann_sim/build/saye_mppi -- -j16 -l16
[6.824s] Built target ament_cmake_python_copy_saye_mppi
[6.824s] Built target ament_cmake_python_copy_saye_mppi_setup
[7.099s] running egg_info
[7.100s] creating saye_mppi.egg-info
[7.126s] writing saye_mppi.egg-info/PKG-INFO
[7.127s] writing dependency_links to saye_mppi.egg-info/dependency_links.txt
[7.127s] writing top-level names to saye_mppi.egg-info/top_level.txt
[7.127s] writing manifest file 'saye_mppi.egg-info/SOURCES.txt'
[7.201s] reading manifest file 'saye_mppi.egg-info/SOURCES.txt'
[7.201s] writing manifest file 'saye_mppi.egg-info/SOURCES.txt'
[7.242s] Built target ament_cmake_python_build_saye_mppi_egg
[7.259s] Invoked command in '/home/yiyi/ackermann_sim/build/saye_mppi' returned '0': CMAKE_PREFIX_PATH=${CMAKE_PREFIX_PATH}:/opt/ros/jazzy /usr/bin/cmake --build /home/yiyi/ackermann_sim/build/saye_mppi -- -j16 -l16
[7.274s] Invoking command in '/home/yiyi/ackermann_sim/build/saye_mppi': CMAKE_PREFIX_PATH=${CMAKE_PREFIX_PATH}:/opt/ros/jazzy /usr/bin/cmake --install /home/yiyi/ackermann_sim/build/saye_mppi
[7.286s] -- Install configuration: ""
[7.289s] -- Installing: /home/yiyi/ackermann_sim/install/saye_mppi/share/saye_mppi/environment/pythonpath.sh
[7.289s] -- Installing: /home/yiyi/ackermann_sim/install/saye_mppi/share/saye_mppi/environment/pythonpath.dsv
[7.290s] -- Installing: /home/yiyi/ackermann_sim/install/saye_mppi/lib/python3.12/site-packages/saye_mppi-0.0.0-py3.12.egg-info
[7.292s] -- Installing: /home/yiyi/ackermann_sim/install/saye_mppi/lib/python3.12/site-packages/saye_mppi-0.0.0-py3.12.egg-info/PKG-INFO
[7.292s] -- Installing: /home/yiyi/ackermann_sim/install/saye_mppi/lib/python3.12/site-packages/saye_mppi-0.0.0-py3.12.egg-info/SOURCES.txt
[7.293s] -- Installing: /home/yiyi/ackermann_sim/install/saye_mppi/lib/python3.12/site-packages/saye_mppi-0.0.0-py3.12.egg-info/top_level.txt
[7.293s] -- Installing: /home/yiyi/ackermann_sim/install/saye_mppi/lib/python3.12/site-packages/saye_mppi-0.0.0-py3.12.egg-info/dependency_links.txt
[7.293s] -- Installing: /home/yiyi/ackermann_sim/install/saye_mppi/lib/python3.12/site-packages/saye_mppi
[7.293s] -- Installing: /home/yiyi/ackermann_sim/install/saye_mppi/lib/python3.12/site-packages/saye_mppi/__init__.py
[7.294s] -- Installing: /home/yiyi/ackermann_sim/install/saye_mppi/lib/python3.12/site-packages/saye_mppi/path_commander.py
[7.294s] -- Installing: /home/yiyi/ackermann_sim/install/saye_mppi/lib/python3.12/site-packages/saye_mppi/pedestrian_manager.py
[7.294s] -- Installing: /home/yiyi/ackermann_sim/install/saye_mppi/lib/python3.12/site-packages/saye_mppi/moving_obstacles.py
[7.346s] Listing '/home/yiyi/ackermann_sim/install/saye_mppi/lib/python3.12/site-packages/saye_mppi'...
[7.347s] Compiling '/home/yiyi/ackermann_sim/install/saye_mppi/lib/python3.12/site-packages/saye_mppi/__init__.py'...
[7.347s] Compiling '/home/yiyi/ackermann_sim/install/saye_mppi/lib/python3.12/site-packages/saye_mppi/moving_obstacles.py'...
[7.347s] Compiling '/home/yiyi/ackermann_sim/install/saye_mppi/lib/python3.12/site-packages/saye_mppi/path_commander.py'...
[7.347s] Compiling '/home/yiyi/ackermann_sim/install/saye_mppi/lib/python3.12/site-packages/saye_mppi/pedestrian_manager.py'...
[7.355s] -- Installing: /home/yiyi/ackermann_sim/install/saye_mppi/share/saye_mppi/launch
[7.356s] -- Installing: /home/yiyi/ackermann_sim/install/saye_mppi/share/saye_mppi/launch/mppi_navigation.launch.py
[7.357s] -- Installing: /home/yiyi/ackermann_sim/install/saye_mppi/share/saye_mppi/launch/mppi_experiment.launch.py
[7.357s] -- Installing: /home/yiyi/ackermann_sim/install/saye_mppi/share/saye_mppi/config
[7.358s] -- Installing: /home/yiyi/ackermann_sim/install/saye_mppi/share/saye_mppi/config/pedestrians.yaml
[7.358s] -- Installing: /home/yiyi/ackermann_sim/install/saye_mppi/share/saye_mppi/config/mppi_nav2_params.yaml
[7.359s] -- Installing: /home/yiyi/ackermann_sim/install/saye_mppi/share/saye_mppi/config/moving_obstacles.yaml
[7.360s] -- Installing: /home/yiyi/ackermann_sim/install/saye_mppi/share/saye_mppi/config/path_commander.yaml
[7.360s] -- Installing: /home/yiyi/ackermann_sim/install/saye_mppi/share/saye_mppi/worlds
[7.361s] -- Installing: /home/yiyi/ackermann_sim/install/saye_mppi/share/saye_mppi/worlds/saye_mppi_world.sdf
[7.363s] -- Installing: /home/yiyi/ackermann_sim/install/saye_mppi/lib/saye_mppi/straight_path_commander
[7.363s] -- Installing: /home/yiyi/ackermann_sim/install/saye_mppi/lib/saye_mppi/moving_obstacles
[7.366s] -- Installing: /home/yiyi/ackermann_sim/install/saye_mppi/share/ament_index/resource_index/package_run_dependencies/saye_mppi
[7.366s] -- Installing: /home/yiyi/ackermann_sim/install/saye_mppi/share/ament_index/resource_index/parent_prefix_path/saye_mppi
[7.367s] -- Installing: /home/yiyi/ackermann_sim/install/saye_mppi/share/saye_mppi/environment/ament_prefix_path.sh
[7.367s] -- Installing: /home/yiyi/ackermann_sim/install/saye_mppi/share/saye_mppi/environment/ament_prefix_path.dsv
[7.367s] -- Installing: /home/yiyi/ackermann_sim/install/saye_mppi/share/saye_mppi/environment/path.sh
[7.367s] -- Installing: /home/yiyi/ackermann_sim/install/saye_mppi/share/saye_mppi/environment/path.dsv
[7.368s] -- Installing: /home/yiyi/ackermann_sim/install/saye_mppi/share/saye_mppi/local_setup.bash
[7.368s] -- Installing: /home/yiyi/ackermann_sim/install/saye_mppi/share/saye_mppi/local_setup.sh
[7.368s] -- Installing: /home/yiyi/ackermann_sim/install/saye_mppi/share/saye_mppi/local_setup.zsh
[7.368s] -- Installing: /home/yiyi/ackermann_sim/install/saye_mppi/share/saye_mppi/local_setup.dsv
[7.369s] -- Installing: /home/yiyi/ackermann_sim/install/saye_mppi/share/saye_mppi/package.dsv
[7.370s] -- Installing: /home/yiyi/ackermann_sim/install/saye_mppi/share/ament_index/resource_index/packages/saye_mppi
[7.370s] -- Installing: /home/yiyi/ackermann_sim/install/saye_mppi/share/saye_mppi/cmake/saye_mppiConfig.cmake
[7.371s] -- Installing: /home/yiyi/ackermann_sim/install/saye_mppi/share/saye_mppi/cmake/saye_mppiConfig-version.cmake
[7.371s] -- Installing: /home/yiyi/ackermann_sim/install/saye_mppi/share/saye_mppi/package.xml
[7.374s] Invoked command in '/home/yiyi/ackermann_sim/build/saye_mppi' returned '0': CMAKE_PREFIX_PATH=${CMAKE_PREFIX_PATH}:/opt/ros/jazzy /usr/bin/cmake --install /home/yiyi/ackermann_sim/build/saye_mppi
