[0.025s] Invoking command in '/home/yiyi/ackermann_sim/build/saye_description': CMAKE_PREFIX_PATH=${CMAKE_PREFIX_PATH}:/opt/ros/jazzy /usr/bin/cmake --build /home/yiyi/ackermann_sim/build/saye_description -- -j16 -l16
[0.227s] [ 53%] Built target generate_worlds
[0.233s] [ 84%] Built target actor_pose_publisher_system
[0.233s] [ 84%] Built target pedestrian_manager_system
[0.242s] [ 92%] [32m[1mLinking CXX shared library libtest_actor_driver_system.so[0m
[1.039s] [100%] Built target test_actor_driver_system
[1.064s] Invoked command in '/home/yiyi/ackermann_sim/build/saye_description' returned '0': CMAKE_PREFIX_PATH=${CMAKE_PREFIX_PATH}:/opt/ros/jazzy /usr/bin/cmake --build /home/yiyi/ackermann_sim/build/saye_description -- -j16 -l16
[1.086s] Invoking command in '/home/yiyi/ackermann_sim/build/saye_description': CMAKE_PREFIX_PATH=${CMAKE_PREFIX_PATH}:/opt/ros/jazzy /usr/bin/cmake --install /home/yiyi/ackermann_sim/build/saye_description
[1.103s] -- Install configuration: ""
[1.104s] -- Up-to-date: /home/yiyi/ackermann_sim/install/saye_description/share/saye_description//models
[1.105s] -- Up-to-date: /home/yiyi/ackermann_sim/install/saye_description/share/saye_description//models/walking_actor
[1.106s] -- Up-to-date: /home/yiyi/ackermann_sim/install/saye_description/share/saye_description//models/walking_actor/thumbnails
[1.107s] -- Up-to-date: /home/yiyi/ackermann_sim/install/saye_description/share/saye_description//models/walking_actor/thumbnails/5.png
[1.107s] -- Up-to-date: /home/yiyi/ackermann_sim/install/saye_description/share/saye_description//models/walking_actor/thumbnails/1.png
[1.107s] -- Up-to-date: /home/yiyi/ackermann_sim/install/saye_description/share/saye_description//models/walking_actor/thumbnails/2.png
[1.107s] -- Up-to-date: /home/yiyi/ackermann_sim/install/saye_description/share/saye_description//models/walking_actor/thumbnails/4.png
[1.107s] -- Up-to-date: /home/yiyi/ackermann_sim/install/saye_description/share/saye_description//models/walking_actor/thumbnails/3.png
[1.108s] -- Up-to-date: /home/yiyi/ackermann_sim/install/saye_description/share/saye_description//models/walking_actor/model.config
[1.108s] -- Up-to-date: /home/yiyi/ackermann_sim/install/saye_description/share/saye_description//models/walking_actor/meshes
[1.108s] -- Up-to-date: /home/yiyi/ackermann_sim/install/saye_description/share/saye_description//models/walking_actor/meshes/walk.dae
[1.108s] -- Up-to-date: /home/yiyi/ackermann_sim/install/saye_description/share/saye_description//models/walking_actor/model.sdf
[1.108s] -- Up-to-date: /home/yiyi/ackermann_sim/install/saye_description/share/saye_description//models/saye
[1.108s] -- Up-to-date: /home/yiyi/ackermann_sim/install/saye_description/share/saye_description//models/saye/model.config
[1.108s] -- Up-to-date: /home/yiyi/ackermann_sim/install/saye_description/share/saye_description//models/saye/meshes
[1.109s] -- Up-to-date: /home/yiyi/ackermann_sim/install/saye_description/share/saye_description//models/saye/meshes/STL27L.dae
[1.109s] -- Up-to-date: /home/yiyi/ackermann_sim/install/saye_description/share/saye_description//models/saye/meshes/TopReduced.dae
[1.109s] -- Up-to-date: /home/yiyi/ackermann_sim/install/saye_description/share/saye_description//models/saye/meshes/sensor_rack_lowres_shallow_laser.dae
[1.110s] -- Up-to-date: /home/yiyi/ackermann_sim/install/saye_description/share/saye_description//models/saye/meshes/Wheel.dae
[1.110s] -- Up-to-date: /home/yiyi/ackermann_sim/install/saye_description/share/saye_description//models/saye/meshes/BaseReduced.dae
[1.110s] -- Up-to-date: /home/yiyi/ackermann_sim/install/saye_description/share/saye_description//models/saye/meshes/sensor_rack_support_lowres.dae
[1.110s] -- Up-to-date: /home/yiyi/ackermann_sim/install/saye_description/share/saye_description//models/saye/model.sdf
[1.110s] -- Up-to-date: /home/yiyi/ackermann_sim/install/saye_description/share/saye_description//models/saye/model_2d_lidar.sdf
[1.110s] -- Up-to-date: /home/yiyi/ackermann_sim/install/saye_description/share/saye_description//worlds
[1.110s] -- Up-to-date: /home/yiyi/ackermann_sim/install/saye_description/share/saye_description//worlds/saye_dynamic_corridor_generated.sdf
[1.111s] -- Up-to-date: /home/yiyi/ackermann_sim/install/saye_description/share/saye_description//worlds/templates
[1.111s] -- Up-to-date: /home/yiyi/ackermann_sim/install/saye_description/share/saye_description//worlds/templates/saye_dynamic_corridor.sdf.jinja2
[1.111s] -- Up-to-date: /home/yiyi/ackermann_sim/install/saye_description/share/saye_description//worlds/corridor_empty.sdf
[1.111s] -- Up-to-date: /home/yiyi/ackermann_sim/install/saye_description/share/saye_description//worlds/saye_dynamic_corridor.sdf
[1.112s] -- Up-to-date: /home/yiyi/ackermann_sim/install/saye_description/share/saye_description//worlds/saye_world.sdf
[1.112s] -- Up-to-date: /home/yiyi/ackermann_sim/install/saye_description/share/saye_description//worlds/saye_moving_obstacles.sdf
[1.112s] -- Up-to-date: /home/yiyi/ackermann_sim/install/saye_description/share/saye_description//worlds/scenario5_6ped_random.sdf
[1.112s] -- Up-to-date: /home/yiyi/ackermann_sim/install/saye_description/share/saye_description//worlds/scenario4_6ped_static.sdf
[1.112s] -- Up-to-date: /home/yiyi/ackermann_sim/install/saye_description/share/saye_description//worlds/actor_pose_bridge_test.sdf
[1.112s] -- Up-to-date: /home/yiyi/ackermann_sim/install/saye_description/share/saye_description//worlds/saye_dynamic_corridor_plugin.sdf
[1.113s] -- Installing: /home/yiyi/ackermann_sim/install/saye_description/share/saye_description//worlds/saye_dynamic_corridor_test.sdf
[1.113s] -- Up-to-date: /home/yiyi/ackermann_sim/install/saye_description/share/saye_description//worlds/scenario1_4ped_crossing.sdf
[1.113s] -- Up-to-date: /home/yiyi/ackermann_sim/install/saye_description/share/saye_description//worlds/saye_long_corridor.sdf
[1.113s] -- Up-to-date: /home/yiyi/ackermann_sim/install/saye_description/share/saye_description//worlds/warehouse
[1.113s] -- Up-to-date: /home/yiyi/ackermann_sim/install/saye_description/share/saye_description//worlds/warehouse/thumbnails
[1.114s] -- Up-to-date: /home/yiyi/ackermann_sim/install/saye_description/share/saye_description//worlds/warehouse/thumbnails/1.png
[1.114s] -- Up-to-date: /home/yiyi/ackermann_sim/install/saye_description/share/saye_description//worlds/warehouse/thumbnails/2.png
[1.114s] -- Up-to-date: /home/yiyi/ackermann_sim/install/saye_description/share/saye_description//worlds/warehouse/thumbnails/4.png
[1.114s] -- Up-to-date: /home/yiyi/ackermann_sim/install/saye_description/share/saye_description//worlds/warehouse/thumbnails/3.png
[1.115s] -- Up-to-date: /home/yiyi/ackermann_sim/install/saye_description/share/saye_description//worlds/warehouse/model.config
[1.115s] -- Up-to-date: /home/yiyi/ackermann_sim/install/saye_description/share/saye_description//worlds/warehouse/meshes
[1.115s] -- Up-to-date: /home/yiyi/ackermann_sim/install/saye_description/share/saye_description//worlds/warehouse/meshes/Tape001_1K_Color.png
[1.115s] -- Up-to-date: /home/yiyi/ackermann_sim/install/saye_description/share/saye_description//worlds/warehouse/meshes/Rough_Square_Concrete_Block.jpg
[1.115s] -- Up-to-date: /home/yiyi/ackermann_sim/install/saye_description/share/saye_description//worlds/warehouse/meshes/Asphalt010_1K_Color.jpg
[1.116s] -- Up-to-date: /home/yiyi/ackermann_sim/install/saye_description/share/saye_description//worlds/warehouse/meshes/ground.png
[1.116s] -- Up-to-date: /home/yiyi/ackermann_sim/install/saye_description/share/saye_description//worlds/warehouse/meshes/Terrazzo005_1K_Color.jpg
[1.116s] -- Up-to-date: /home/yiyi/ackermann_sim/install/saye_description/share/saye_description//worlds/warehouse/meshes/warehouse.dae
[1.116s] -- Up-to-date: /home/yiyi/ackermann_sim/install/saye_description/share/saye_description//worlds/warehouse/meshes/warehouse_colision.stl
[1.116s] -- Up-to-date: /home/yiyi/ackermann_sim/install/saye_description/share/saye_description//worlds/warehouse/model.sdf
[1.116s] -- Up-to-date: /home/yiyi/ackermann_sim/install/saye_description/share/saye_description//worlds/scenario3_12ped_crowded.sdf
[1.116s] -- Up-to-date: /home/yiyi/ackermann_sim/install/saye_description/share/saye_description//worlds/scenario2_8ped_mixed.sdf
[1.117s] -- Up-to-date: /home/yiyi/ackermann_sim/install/saye_description/share/saye_description//hooks
[1.117s] -- Up-to-date: /home/yiyi/ackermann_sim/install/saye_description/share/saye_description//hooks/ros_gz_example_description.dsv.in
[1.117s] -- Up-to-date: /home/yiyi/ackermann_sim/install/saye_description/share/saye_description//hooks/ros_gz_example_description.sh.in
[1.117s] -- Up-to-date: /home/yiyi/ackermann_sim/install/saye_description/lib/libpedestrian_manager_system.so
[1.118s] -- Up-to-date: /home/yiyi/ackermann_sim/install/saye_description/share/saye_description/config
[1.118s] -- Up-to-date: /home/yiyi/ackermann_sim/install/saye_description/share/saye_description/config/pedestrian_actors_plugin.yaml
[1.119s] -- Up-to-date: /home/yiyi/ackermann_sim/install/saye_description/lib/libactor_pose_publisher_system.so
[1.120s] -- Installing: /home/yiyi/ackermann_sim/install/saye_description/lib/libtest_actor_driver_system.so
[1.126s] -- Set non-toolchain portion of runtime path of "/home/yiyi/ackermann_sim/install/saye_description/lib/libtest_actor_driver_system.so" to ""
[1.126s] -- Up-to-date: /home/yiyi/ackermann_sim/install/saye_description/share/saye_description/environment/ros_gz_example_description.sh
[1.126s] -- Up-to-date: /home/yiyi/ackermann_sim/install/saye_description/share/saye_description/environment/ros_gz_example_description.dsv
[1.127s] -- Up-to-date: /home/yiyi/ackermann_sim/install/saye_description/share/ament_index/resource_index/package_run_dependencies/saye_description
[1.127s] -- Up-to-date: /home/yiyi/ackermann_sim/install/saye_description/share/ament_index/resource_index/parent_prefix_path/saye_description
[1.127s] -- Up-to-date: /home/yiyi/ackermann_sim/install/saye_description/share/saye_description/environment/ament_prefix_path.sh
[1.127s] -- Up-to-date: /home/yiyi/ackermann_sim/install/saye_description/share/saye_description/environment/ament_prefix_path.dsv
[1.127s] -- Up-to-date: /home/yiyi/ackermann_sim/install/saye_description/share/saye_description/environment/path.sh
[1.127s] -- Up-to-date: /home/yiyi/ackermann_sim/install/saye_description/share/saye_description/environment/path.dsv
[1.127s] -- Up-to-date: /home/yiyi/ackermann_sim/install/saye_description/share/saye_description/local_setup.bash
[1.127s] -- Up-to-date: /home/yiyi/ackermann_sim/install/saye_description/share/saye_description/local_setup.sh
[1.127s] -- Up-to-date: /home/yiyi/ackermann_sim/install/saye_description/share/saye_description/local_setup.zsh
[1.128s] -- Up-to-date: /home/yiyi/ackermann_sim/install/saye_description/share/saye_description/local_setup.dsv
[1.128s] -- Installing: /home/yiyi/ackermann_sim/install/saye_description/share/saye_description/package.dsv
[1.128s] -- Up-to-date: /home/yiyi/ackermann_sim/install/saye_description/share/ament_index/resource_index/packages/saye_description
[1.128s] -- Up-to-date: /home/yiyi/ackermann_sim/install/saye_description/share/saye_description/cmake/saye_descriptionConfig.cmake
[1.128s] -- Up-to-date: /home/yiyi/ackermann_sim/install/saye_description/share/saye_description/cmake/saye_descriptionConfig-version.cmake
[1.128s] -- Up-to-date: /home/yiyi/ackermann_sim/install/saye_description/share/saye_description/package.xml
[1.132s] Invoked command in '/home/yiyi/ackermann_sim/build/saye_description' returned '0': CMAKE_PREFIX_PATH=${CMAKE_PREFIX_PATH}:/opt/ros/jazzy /usr/bin/cmake --install /home/yiyi/ackermann_sim/build/saye_description
