[0.392s] DEBUG:colcon:Command line arguments: ['/usr/bin/colcon', 'build']
[0.392s] DEBUG:colcon:Parsed command line arguments: Namespace(log_base=None, log_level=None, verb_name='build', build_base='build', install_base='install', merge_install=False, symlink_install=False, test_result_base=None, continue_on_error=False, executor='parallel', parallel_workers=16, event_handlers=None, ignore_user_meta=False, metas=['./colcon.meta'], base_paths=['.'], packages_ignore=None, packages_ignore_regex=None, paths=None, packages_up_to=None, packages_up_to_regex=None, packages_above=None, packages_above_and_dependencies=None, packages_above_depth=None, packages_select_by_dep=None, packages_skip_by_dep=None, packages_skip_up_to=None, packages_select_build_failed=False, packages_skip_build_finished=False, packages_select_test_failures=False, packages_skip_test_passed=False, packages_select=None, packages_skip=None, packages_select_regex=None, packages_skip_regex=None, packages_start=None, packages_end=None, allow_overriding=[], cmake_args=None, cmake_target=None, cmake_target_skip_unavailable=False, cmake_clean_cache=False, cmake_clean_first=False, cmake_force_configure=False, ament_cmake_args=None, catkin_cmake_args=None, catkin_skip_building_tests=False, verb_parser=<colcon_defaults.argument_parser.defaults.DefaultArgumentsDecorator object at 0x7dcd88b6f0b0>, verb_extension=<colcon_core.verb.build.BuildVerb object at 0x7dcd88c8f740>, main=<bound method BuildVerb.main of <colcon_core.verb.build.BuildVerb object at 0x7dcd88c8f740>>)
[0.443s] Level 1:colcon.colcon_core.package_discovery:discover_packages(colcon_meta) check parameters
[0.443s] Level 1:colcon.colcon_core.package_discovery:discover_packages(recursive) check parameters
[0.443s] Level 1:colcon.colcon_core.package_discovery:discover_packages(ignore) check parameters
[0.443s] Level 1:colcon.colcon_core.package_discovery:discover_packages(path) check parameters
[0.443s] Level 1:colcon.colcon_core.package_discovery:discover_packages(colcon_meta) discover
[0.443s] Level 1:colcon.colcon_core.package_discovery:discover_packages(recursive) discover
[0.443s] INFO:colcon.colcon_core.package_discovery:Crawling recursively for packages in '/home/yiyi/ackermann_sim'
[0.443s] Level 1:colcon.colcon_core.package_identification:_identify(.) by extensions ['ignore', 'ignore_ament_install']
[0.443s] Level 1:colcon.colcon_core.package_identification:_identify(.) by extension 'ignore'
[0.443s] Level 1:colcon.colcon_core.package_identification:_identify(.) by extension 'ignore_ament_install'
[0.443s] Level 1:colcon.colcon_core.package_identification:_identify(.) by extensions ['colcon_pkg']
[0.443s] Level 1:colcon.colcon_core.package_identification:_identify(.) by extension 'colcon_pkg'
[0.443s] Level 1:colcon.colcon_core.package_identification:_identify(.) by extensions ['colcon_meta']
[0.443s] Level 1:colcon.colcon_core.package_identification:_identify(.) by extension 'colcon_meta'
[0.443s] Level 1:colcon.colcon_core.package_identification:_identify(.) by extensions ['ros']
[0.443s] Level 1:colcon.colcon_core.package_identification:_identify(.) by extension 'ros'
[0.473s] Level 1:colcon.colcon_core.package_identification:_identify(.) by extensions ['cmake', 'python']
[0.473s] Level 1:colcon.colcon_core.package_identification:_identify(.) by extension 'cmake'
[0.473s] Level 1:colcon.colcon_core.package_identification:_identify(.) by extension 'python'
[0.473s] Level 1:colcon.colcon_core.package_identification:_identify(.) by extensions ['python_setup_py']
[0.473s] Level 1:colcon.colcon_core.package_identification:_identify(.) by extension 'python_setup_py'
[0.474s] Level 1:colcon.colcon_core.package_identification:_identify(build) by extensions ['ignore', 'ignore_ament_install']
[0.474s] Level 1:colcon.colcon_core.package_identification:_identify(build) by extension 'ignore'
[0.474s] Level 1:colcon.colcon_core.package_identification:_identify(build) ignored
[0.474s] Level 1:colcon.colcon_core.package_identification:_identify(install) by extensions ['ignore', 'ignore_ament_install']
[0.474s] Level 1:colcon.colcon_core.package_identification:_identify(install) by extension 'ignore'
[0.474s] Level 1:colcon.colcon_core.package_identification:_identify(install) ignored
[0.474s] Level 1:colcon.colcon_core.package_identification:_identify(log) by extensions ['ignore', 'ignore_ament_install']
[0.474s] Level 1:colcon.colcon_core.package_identification:_identify(log) by extension 'ignore'
[0.474s] Level 1:colcon.colcon_core.package_identification:_identify(log) ignored
[0.474s] Level 1:colcon.colcon_core.package_identification:_identify(src) by extensions ['ignore', 'ignore_ament_install']
[0.474s] Level 1:colcon.colcon_core.package_identification:_identify(src) by extension 'ignore'
[0.475s] Level 1:colcon.colcon_core.package_identification:_identify(src) by extension 'ignore_ament_install'
[0.475s] Level 1:colcon.colcon_core.package_identification:_identify(src) by extensions ['colcon_pkg']
[0.475s] Level 1:colcon.colcon_core.package_identification:_identify(src) by extension 'colcon_pkg'
[0.475s] Level 1:colcon.colcon_core.package_identification:_identify(src) by extensions ['colcon_meta']
[0.475s] Level 1:colcon.colcon_core.package_identification:_identify(src) by extension 'colcon_meta'
[0.475s] Level 1:colcon.colcon_core.package_identification:_identify(src) by extensions ['ros']
[0.475s] Level 1:colcon.colcon_core.package_identification:_identify(src) by extension 'ros'
[0.475s] Level 1:colcon.colcon_core.package_identification:_identify(src) by extensions ['cmake', 'python']
[0.475s] Level 1:colcon.colcon_core.package_identification:_identify(src) by extension 'cmake'
[0.475s] Level 1:colcon.colcon_core.package_identification:_identify(src) by extension 'python'
[0.475s] Level 1:colcon.colcon_core.package_identification:_identify(src) by extensions ['python_setup_py']
[0.475s] Level 1:colcon.colcon_core.package_identification:_identify(src) by extension 'python_setup_py'
[0.475s] Level 1:colcon.colcon_core.package_identification:_identify(src/ackermann-vehicle-gzsim-ros2) by extensions ['ignore', 'ignore_ament_install']
[0.475s] Level 1:colcon.colcon_core.package_identification:_identify(src/ackermann-vehicle-gzsim-ros2) by extension 'ignore'
[0.475s] Level 1:colcon.colcon_core.package_identification:_identify(src/ackermann-vehicle-gzsim-ros2) by extension 'ignore_ament_install'
[0.475s] Level 1:colcon.colcon_core.package_identification:_identify(src/ackermann-vehicle-gzsim-ros2) by extensions ['colcon_pkg']
[0.475s] Level 1:colcon.colcon_core.package_identification:_identify(src/ackermann-vehicle-gzsim-ros2) by extension 'colcon_pkg'
[0.475s] Level 1:colcon.colcon_core.package_identification:_identify(src/ackermann-vehicle-gzsim-ros2) by extensions ['colcon_meta']
[0.476s] Level 1:colcon.colcon_core.package_identification:_identify(src/ackermann-vehicle-gzsim-ros2) by extension 'colcon_meta'
[0.476s] Level 1:colcon.colcon_core.package_identification:_identify(src/ackermann-vehicle-gzsim-ros2) by extensions ['ros']
[0.476s] Level 1:colcon.colcon_core.package_identification:_identify(src/ackermann-vehicle-gzsim-ros2) by extension 'ros'
[0.476s] Level 1:colcon.colcon_core.package_identification:_identify(src/ackermann-vehicle-gzsim-ros2) by extensions ['cmake', 'python']
[0.476s] Level 1:colcon.colcon_core.package_identification:_identify(src/ackermann-vehicle-gzsim-ros2) by extension 'cmake'
[0.476s] Level 1:colcon.colcon_core.package_identification:_identify(src/ackermann-vehicle-gzsim-ros2) by extension 'python'
[0.476s] Level 1:colcon.colcon_core.package_identification:_identify(src/ackermann-vehicle-gzsim-ros2) by extensions ['python_setup_py']
[0.476s] Level 1:colcon.colcon_core.package_identification:_identify(src/ackermann-vehicle-gzsim-ros2) by extension 'python_setup_py'
[0.476s] Level 1:colcon.colcon_core.package_identification:_identify(src/ackermann-vehicle-gzsim-ros2/saye_behaviortree) by extensions ['ignore', 'ignore_ament_install']
[0.476s] Level 1:colcon.colcon_core.package_identification:_identify(src/ackermann-vehicle-gzsim-ros2/saye_behaviortree) by extension 'ignore'
[0.476s] Level 1:colcon.colcon_core.package_identification:_identify(src/ackermann-vehicle-gzsim-ros2/saye_behaviortree) by extension 'ignore_ament_install'
[0.476s] Level 1:colcon.colcon_core.package_identification:_identify(src/ackermann-vehicle-gzsim-ros2/saye_behaviortree) by extensions ['colcon_pkg']
[0.476s] Level 1:colcon.colcon_core.package_identification:_identify(src/ackermann-vehicle-gzsim-ros2/saye_behaviortree) by extension 'colcon_pkg'
[0.476s] Level 1:colcon.colcon_core.package_identification:_identify(src/ackermann-vehicle-gzsim-ros2/saye_behaviortree) by extensions ['colcon_meta']
[0.476s] Level 1:colcon.colcon_core.package_identification:_identify(src/ackermann-vehicle-gzsim-ros2/saye_behaviortree) by extension 'colcon_meta'
[0.476s] Level 1:colcon.colcon_core.package_identification:_identify(src/ackermann-vehicle-gzsim-ros2/saye_behaviortree) by extensions ['ros']
[0.476s] Level 1:colcon.colcon_core.package_identification:_identify(src/ackermann-vehicle-gzsim-ros2/saye_behaviortree) by extension 'ros'
[0.479s] DEBUG:colcon.colcon_core.package_identification:Package 'src/ackermann-vehicle-gzsim-ros2/saye_behaviortree' with type 'ros.ament_cmake' and name 'saye_behaviortree'
[0.479s] Level 1:colcon.colcon_core.package_identification:_identify(src/ackermann-vehicle-gzsim-ros2/saye_bringup) by extensions ['ignore', 'ignore_ament_install']
[0.480s] Level 1:colcon.colcon_core.package_identification:_identify(src/ackermann-vehicle-gzsim-ros2/saye_bringup) by extension 'ignore'
[0.480s] Level 1:colcon.colcon_core.package_identification:_identify(src/ackermann-vehicle-gzsim-ros2/saye_bringup) by extension 'ignore_ament_install'
[0.480s] Level 1:colcon.colcon_core.package_identification:_identify(src/ackermann-vehicle-gzsim-ros2/saye_bringup) by extensions ['colcon_pkg']
[0.480s] Level 1:colcon.colcon_core.package_identification:_identify(src/ackermann-vehicle-gzsim-ros2/saye_bringup) by extension 'colcon_pkg'
[0.480s] Level 1:colcon.colcon_core.package_identification:_identify(src/ackermann-vehicle-gzsim-ros2/saye_bringup) by extensions ['colcon_meta']
[0.480s] Level 1:colcon.colcon_core.package_identification:_identify(src/ackermann-vehicle-gzsim-ros2/saye_bringup) by extension 'colcon_meta'
[0.480s] Level 1:colcon.colcon_core.package_identification:_identify(src/ackermann-vehicle-gzsim-ros2/saye_bringup) by extensions ['ros']
[0.480s] Level 1:colcon.colcon_core.package_identification:_identify(src/ackermann-vehicle-gzsim-ros2/saye_bringup) by extension 'ros'
[0.481s] DEBUG:colcon.colcon_core.package_identification:Package 'src/ackermann-vehicle-gzsim-ros2/saye_bringup' with type 'ros.ament_cmake' and name 'saye_bringup'
[0.481s] Level 1:colcon.colcon_core.package_identification:_identify(src/ackermann-vehicle-gzsim-ros2/saye_control) by extensions ['ignore', 'ignore_ament_install']
[0.481s] Level 1:colcon.colcon_core.package_identification:_identify(src/ackermann-vehicle-gzsim-ros2/saye_control) by extension 'ignore'
[0.481s] Level 1:colcon.colcon_core.package_identification:_identify(src/ackermann-vehicle-gzsim-ros2/saye_control) by extension 'ignore_ament_install'
[0.481s] Level 1:colcon.colcon_core.package_identification:_identify(src/ackermann-vehicle-gzsim-ros2/saye_control) by extensions ['colcon_pkg']
[0.481s] Level 1:colcon.colcon_core.package_identification:_identify(src/ackermann-vehicle-gzsim-ros2/saye_control) by extension 'colcon_pkg'
[0.481s] Level 1:colcon.colcon_core.package_identification:_identify(src/ackermann-vehicle-gzsim-ros2/saye_control) by extensions ['colcon_meta']
[0.481s] Level 1:colcon.colcon_core.package_identification:_identify(src/ackermann-vehicle-gzsim-ros2/saye_control) by extension 'colcon_meta'
[0.481s] Level 1:colcon.colcon_core.package_identification:_identify(src/ackermann-vehicle-gzsim-ros2/saye_control) by extensions ['ros']
[0.481s] Level 1:colcon.colcon_core.package_identification:_identify(src/ackermann-vehicle-gzsim-ros2/saye_control) by extension 'ros'
[0.482s] DEBUG:colcon.colcon_core.package_identification:Package 'src/ackermann-vehicle-gzsim-ros2/saye_control' with type 'ros.ament_cmake' and name 'saye_control'
[0.482s] Level 1:colcon.colcon_core.package_identification:_identify(src/ackermann-vehicle-gzsim-ros2/saye_description) by extensions ['ignore', 'ignore_ament_install']
[0.482s] Level 1:colcon.colcon_core.package_identification:_identify(src/ackermann-vehicle-gzsim-ros2/saye_description) by extension 'ignore'
[0.482s] Level 1:colcon.colcon_core.package_identification:_identify(src/ackermann-vehicle-gzsim-ros2/saye_description) by extension 'ignore_ament_install'
[0.483s] Level 1:colcon.colcon_core.package_identification:_identify(src/ackermann-vehicle-gzsim-ros2/saye_description) by extensions ['colcon_pkg']
[0.483s] Level 1:colcon.colcon_core.package_identification:_identify(src/ackermann-vehicle-gzsim-ros2/saye_description) by extension 'colcon_pkg'
[0.483s] Level 1:colcon.colcon_core.package_identification:_identify(src/ackermann-vehicle-gzsim-ros2/saye_description) by extensions ['colcon_meta']
[0.483s] Level 1:colcon.colcon_core.package_identification:_identify(src/ackermann-vehicle-gzsim-ros2/saye_description) by extension 'colcon_meta'
[0.483s] Level 1:colcon.colcon_core.package_identification:_identify(src/ackermann-vehicle-gzsim-ros2/saye_description) by extensions ['ros']
[0.483s] Level 1:colcon.colcon_core.package_identification:_identify(src/ackermann-vehicle-gzsim-ros2/saye_description) by extension 'ros'
[0.483s] DEBUG:colcon.colcon_core.package_identification:Package 'src/ackermann-vehicle-gzsim-ros2/saye_description' with type 'ros.ament_cmake' and name 'saye_description'
[0.483s] Level 1:colcon.colcon_core.package_identification:_identify(src/ackermann-vehicle-gzsim-ros2/saye_localization) by extensions ['ignore', 'ignore_ament_install']
[0.483s] Level 1:colcon.colcon_core.package_identification:_identify(src/ackermann-vehicle-gzsim-ros2/saye_localization) by extension 'ignore'
[0.483s] Level 1:colcon.colcon_core.package_identification:_identify(src/ackermann-vehicle-gzsim-ros2/saye_localization) by extension 'ignore_ament_install'
[0.483s] Level 1:colcon.colcon_core.package_identification:_identify(src/ackermann-vehicle-gzsim-ros2/saye_localization) by extensions ['colcon_pkg']
[0.483s] Level 1:colcon.colcon_core.package_identification:_identify(src/ackermann-vehicle-gzsim-ros2/saye_localization) by extension 'colcon_pkg'
[0.483s] Level 1:colcon.colcon_core.package_identification:_identify(src/ackermann-vehicle-gzsim-ros2/saye_localization) by extensions ['colcon_meta']
[0.484s] Level 1:colcon.colcon_core.package_identification:_identify(src/ackermann-vehicle-gzsim-ros2/saye_localization) by extension 'colcon_meta'
[0.484s] Level 1:colcon.colcon_core.package_identification:_identify(src/ackermann-vehicle-gzsim-ros2/saye_localization) by extensions ['ros']
[0.484s] Level 1:colcon.colcon_core.package_identification:_identify(src/ackermann-vehicle-gzsim-ros2/saye_localization) by extension 'ros'
[0.484s] DEBUG:colcon.colcon_core.package_identification:Package 'src/ackermann-vehicle-gzsim-ros2/saye_localization' with type 'ros.ament_cmake' and name 'saye_localization'
[0.484s] Level 1:colcon.colcon_core.package_identification:_identify(src/ackermann-vehicle-gzsim-ros2/saye_msgs) by extensions ['ignore', 'ignore_ament_install']
[0.484s] Level 1:colcon.colcon_core.package_identification:_identify(src/ackermann-vehicle-gzsim-ros2/saye_msgs) by extension 'ignore'
[0.484s] Level 1:colcon.colcon_core.package_identification:_identify(src/ackermann-vehicle-gzsim-ros2/saye_msgs) by extension 'ignore_ament_install'
[0.484s] Level 1:colcon.colcon_core.package_identification:_identify(src/ackermann-vehicle-gzsim-ros2/saye_msgs) by extensions ['colcon_pkg']
[0.485s] Level 1:colcon.colcon_core.package_identification:_identify(src/ackermann-vehicle-gzsim-ros2/saye_msgs) by extension 'colcon_pkg'
[0.485s] Level 1:colcon.colcon_core.package_identification:_identify(src/ackermann-vehicle-gzsim-ros2/saye_msgs) by extensions ['colcon_meta']
[0.485s] Level 1:colcon.colcon_core.package_identification:_identify(src/ackermann-vehicle-gzsim-ros2/saye_msgs) by extension 'colcon_meta'
[0.485s] Level 1:colcon.colcon_core.package_identification:_identify(src/ackermann-vehicle-gzsim-ros2/saye_msgs) by extensions ['ros']
[0.485s] Level 1:colcon.colcon_core.package_identification:_identify(src/ackermann-vehicle-gzsim-ros2/saye_msgs) by extension 'ros'
[0.485s] DEBUG:colcon.colcon_core.package_identification:Package 'src/ackermann-vehicle-gzsim-ros2/saye_msgs' with type 'ros.ament_cmake' and name 'saye_msgs'
[0.485s] Level 1:colcon.colcon_core.package_discovery:discover_packages(recursive) using defaults
[0.486s] Level 1:colcon.colcon_core.package_discovery:discover_packages(ignore) discover
[0.486s] Level 1:colcon.colcon_core.package_discovery:discover_packages(ignore) using defaults
[0.486s] Level 1:colcon.colcon_core.package_discovery:discover_packages(path) discover
[0.486s] Level 1:colcon.colcon_core.package_discovery:discover_packages(path) using defaults
[0.506s] Level 1:colcon.colcon_core.package_discovery:discover_packages(prefix_path) check parameters
[0.506s] Level 1:colcon.colcon_core.package_discovery:discover_packages(prefix_path) discover
[0.509s] DEBUG:colcon.colcon_installed_package_information.package_discovery:Found 6 installed packages in /home/yiyi/ackermann_sim/install
[0.511s] DEBUG:colcon.colcon_installed_package_information.package_discovery:Found 380 installed packages in /opt/ros/jazzy
[0.513s] Level 1:colcon.colcon_core.package_discovery:discover_packages(prefix_path) using defaults
[0.573s] Level 5:colcon.colcon_core.verb:set package 'saye_behaviortree' build argument 'cmake_args' from command line to 'None'
[0.573s] Level 5:colcon.colcon_core.verb:set package 'saye_behaviortree' build argument 'cmake_target' from command line to 'None'
[0.573s] Level 5:colcon.colcon_core.verb:set package 'saye_behaviortree' build argument 'cmake_target_skip_unavailable' from command line to 'False'
[0.573s] Level 5:colcon.colcon_core.verb:set package 'saye_behaviortree' build argument 'cmake_clean_cache' from command line to 'False'
[0.574s] Level 5:colcon.colcon_core.verb:set package 'saye_behaviortree' build argument 'cmake_clean_first' from command line to 'False'
[0.574s] Level 5:colcon.colcon_core.verb:set package 'saye_behaviortree' build argument 'cmake_force_configure' from command line to 'False'
[0.574s] Level 5:colcon.colcon_core.verb:set package 'saye_behaviortree' build argument 'ament_cmake_args' from command line to 'None'
[0.574s] Level 5:colcon.colcon_core.verb:set package 'saye_behaviortree' build argument 'catkin_cmake_args' from command line to 'None'
[0.574s] Level 5:colcon.colcon_core.verb:set package 'saye_behaviortree' build argument 'catkin_skip_building_tests' from command line to 'False'
[0.574s] DEBUG:colcon.colcon_core.verb:Building package 'saye_behaviortree' with the following arguments: {'ament_cmake_args': None, 'build_base': '/home/yiyi/ackermann_sim/build/saye_behaviortree', 'catkin_cmake_args': None, 'catkin_skip_building_tests': False, 'cmake_args': None, 'cmake_clean_cache': False, 'cmake_clean_first': False, 'cmake_force_configure': False, 'cmake_target': None, 'cmake_target_skip_unavailable': False, 'install_base': '/home/yiyi/ackermann_sim/install/saye_behaviortree', 'merge_install': False, 'path': '/home/yiyi/ackermann_sim/src/ackermann-vehicle-gzsim-ros2/saye_behaviortree', 'symlink_install': False, 'test_result_base': None}
[0.574s] Level 5:colcon.colcon_core.verb:set package 'saye_description' build argument 'cmake_args' from command line to 'None'
[0.574s] Level 5:colcon.colcon_core.verb:set package 'saye_description' build argument 'cmake_target' from command line to 'None'
[0.574s] Level 5:colcon.colcon_core.verb:set package 'saye_description' build argument 'cmake_target_skip_unavailable' from command line to 'False'
[0.574s] Level 5:colcon.colcon_core.verb:set package 'saye_description' build argument 'cmake_clean_cache' from command line to 'False'
[0.574s] Level 5:colcon.colcon_core.verb:set package 'saye_description' build argument 'cmake_clean_first' from command line to 'False'
[0.574s] Level 5:colcon.colcon_core.verb:set package 'saye_description' build argument 'cmake_force_configure' from command line to 'False'
[0.574s] Level 5:colcon.colcon_core.verb:set package 'saye_description' build argument 'ament_cmake_args' from command line to 'None'
[0.574s] Level 5:colcon.colcon_core.verb:set package 'saye_description' build argument 'catkin_cmake_args' from command line to 'None'
[0.574s] Level 5:colcon.colcon_core.verb:set package 'saye_description' build argument 'catkin_skip_building_tests' from command line to 'False'
[0.574s] DEBUG:colcon.colcon_core.verb:Building package 'saye_description' with the following arguments: {'ament_cmake_args': None, 'build_base': '/home/yiyi/ackermann_sim/build/saye_description', 'catkin_cmake_args': None, 'catkin_skip_building_tests': False, 'cmake_args': None, 'cmake_clean_cache': False, 'cmake_clean_first': False, 'cmake_force_configure': False, 'cmake_target': None, 'cmake_target_skip_unavailable': False, 'install_base': '/home/yiyi/ackermann_sim/install/saye_description', 'merge_install': False, 'path': '/home/yiyi/ackermann_sim/src/ackermann-vehicle-gzsim-ros2/saye_description', 'symlink_install': False, 'test_result_base': None}
[0.574s] Level 5:colcon.colcon_core.verb:set package 'saye_localization' build argument 'cmake_args' from command line to 'None'
[0.574s] Level 5:colcon.colcon_core.verb:set package 'saye_localization' build argument 'cmake_target' from command line to 'None'
[0.574s] Level 5:colcon.colcon_core.verb:set package 'saye_localization' build argument 'cmake_target_skip_unavailable' from command line to 'False'
[0.574s] Level 5:colcon.colcon_core.verb:set package 'saye_localization' build argument 'cmake_clean_cache' from command line to 'False'
[0.574s] Level 5:colcon.colcon_core.verb:set package 'saye_localization' build argument 'cmake_clean_first' from command line to 'False'
[0.575s] Level 5:colcon.colcon_core.verb:set package 'saye_localization' build argument 'cmake_force_configure' from command line to 'False'
[0.575s] Level 5:colcon.colcon_core.verb:set package 'saye_localization' build argument 'ament_cmake_args' from command line to 'None'
[0.575s] Level 5:colcon.colcon_core.verb:set package 'saye_localization' build argument 'catkin_cmake_args' from command line to 'None'
[0.575s] Level 5:colcon.colcon_core.verb:set package 'saye_localization' build argument 'catkin_skip_building_tests' from command line to 'False'
[0.575s] DEBUG:colcon.colcon_core.verb:Building package 'saye_localization' with the following arguments: {'ament_cmake_args': None, 'build_base': '/home/yiyi/ackermann_sim/build/saye_localization', 'catkin_cmake_args': None, 'catkin_skip_building_tests': False, 'cmake_args': None, 'cmake_clean_cache': False, 'cmake_clean_first': False, 'cmake_force_configure': False, 'cmake_target': None, 'cmake_target_skip_unavailable': False, 'install_base': '/home/yiyi/ackermann_sim/install/saye_localization', 'merge_install': False, 'path': '/home/yiyi/ackermann_sim/src/ackermann-vehicle-gzsim-ros2/saye_localization', 'symlink_install': False, 'test_result_base': None}
[0.575s] Level 5:colcon.colcon_core.verb:set package 'saye_msgs' build argument 'cmake_args' from command line to 'None'
[0.575s] Level 5:colcon.colcon_core.verb:set package 'saye_msgs' build argument 'cmake_target' from command line to 'None'
[0.575s] Level 5:colcon.colcon_core.verb:set package 'saye_msgs' build argument 'cmake_target_skip_unavailable' from command line to 'False'
[0.575s] Level 5:colcon.colcon_core.verb:set package 'saye_msgs' build argument 'cmake_clean_cache' from command line to 'False'
[0.575s] Level 5:colcon.colcon_core.verb:set package 'saye_msgs' build argument 'cmake_clean_first' from command line to 'False'
[0.575s] Level 5:colcon.colcon_core.verb:set package 'saye_msgs' build argument 'cmake_force_configure' from command line to 'False'
[0.575s] Level 5:colcon.colcon_core.verb:set package 'saye_msgs' build argument 'ament_cmake_args' from command line to 'None'
[0.575s] Level 5:colcon.colcon_core.verb:set package 'saye_msgs' build argument 'catkin_cmake_args' from command line to 'None'
[0.575s] Level 5:colcon.colcon_core.verb:set package 'saye_msgs' build argument 'catkin_skip_building_tests' from command line to 'False'
[0.575s] DEBUG:colcon.colcon_core.verb:Building package 'saye_msgs' with the following arguments: {'ament_cmake_args': None, 'build_base': '/home/yiyi/ackermann_sim/build/saye_msgs', 'catkin_cmake_args': None, 'catkin_skip_building_tests': False, 'cmake_args': None, 'cmake_clean_cache': False, 'cmake_clean_first': False, 'cmake_force_configure': False, 'cmake_target': None, 'cmake_target_skip_unavailable': False, 'install_base': '/home/yiyi/ackermann_sim/install/saye_msgs', 'merge_install': False, 'path': '/home/yiyi/ackermann_sim/src/ackermann-vehicle-gzsim-ros2/saye_msgs', 'symlink_install': False, 'test_result_base': None}
[0.575s] Level 5:colcon.colcon_core.verb:set package 'saye_bringup' build argument 'cmake_args' from command line to 'None'
[0.575s] Level 5:colcon.colcon_core.verb:set package 'saye_bringup' build argument 'cmake_target' from command line to 'None'
[0.575s] Level 5:colcon.colcon_core.verb:set package 'saye_bringup' build argument 'cmake_target_skip_unavailable' from command line to 'False'
[0.575s] Level 5:colcon.colcon_core.verb:set package 'saye_bringup' build argument 'cmake_clean_cache' from command line to 'False'
[0.575s] Level 5:colcon.colcon_core.verb:set package 'saye_bringup' build argument 'cmake_clean_first' from command line to 'False'
[0.575s] Level 5:colcon.colcon_core.verb:set package 'saye_bringup' build argument 'cmake_force_configure' from command line to 'False'
[0.575s] Level 5:colcon.colcon_core.verb:set package 'saye_bringup' build argument 'ament_cmake_args' from command line to 'None'
[0.575s] Level 5:colcon.colcon_core.verb:set package 'saye_bringup' build argument 'catkin_cmake_args' from command line to 'None'
[0.575s] Level 5:colcon.colcon_core.verb:set package 'saye_bringup' build argument 'catkin_skip_building_tests' from command line to 'False'
[0.575s] DEBUG:colcon.colcon_core.verb:Building package 'saye_bringup' with the following arguments: {'ament_cmake_args': None, 'build_base': '/home/yiyi/ackermann_sim/build/saye_bringup', 'catkin_cmake_args': None, 'catkin_skip_building_tests': False, 'cmake_args': None, 'cmake_clean_cache': False, 'cmake_clean_first': False, 'cmake_force_configure': False, 'cmake_target': None, 'cmake_target_skip_unavailable': False, 'install_base': '/home/yiyi/ackermann_sim/install/saye_bringup', 'merge_install': False, 'path': '/home/yiyi/ackermann_sim/src/ackermann-vehicle-gzsim-ros2/saye_bringup', 'symlink_install': False, 'test_result_base': None}
[0.576s] Level 5:colcon.colcon_core.verb:set package 'saye_control' build argument 'cmake_args' from command line to 'None'
[0.576s] Level 5:colcon.colcon_core.verb:set package 'saye_control' build argument 'cmake_target' from command line to 'None'
[0.576s] Level 5:colcon.colcon_core.verb:set package 'saye_control' build argument 'cmake_target_skip_unavailable' from command line to 'False'
[0.576s] Level 5:colcon.colcon_core.verb:set package 'saye_control' build argument 'cmake_clean_cache' from command line to 'False'
[0.576s] Level 5:colcon.colcon_core.verb:set package 'saye_control' build argument 'cmake_clean_first' from command line to 'False'
[0.576s] Level 5:colcon.colcon_core.verb:set package 'saye_control' build argument 'cmake_force_configure' from command line to 'False'
[0.576s] Level 5:colcon.colcon_core.verb:set package 'saye_control' build argument 'ament_cmake_args' from command line to 'None'
[0.576s] Level 5:colcon.colcon_core.verb:set package 'saye_control' build argument 'catkin_cmake_args' from command line to 'None'
[0.576s] Level 5:colcon.colcon_core.verb:set package 'saye_control' build argument 'catkin_skip_building_tests' from command line to 'False'
[0.576s] DEBUG:colcon.colcon_core.verb:Building package 'saye_control' with the following arguments: {'ament_cmake_args': None, 'build_base': '/home/yiyi/ackermann_sim/build/saye_control', 'catkin_cmake_args': None, 'catkin_skip_building_tests': False, 'cmake_args': None, 'cmake_clean_cache': False, 'cmake_clean_first': False, 'cmake_force_configure': False, 'cmake_target': None, 'cmake_target_skip_unavailable': False, 'install_base': '/home/yiyi/ackermann_sim/install/saye_control', 'merge_install': False, 'path': '/home/yiyi/ackermann_sim/src/ackermann-vehicle-gzsim-ros2/saye_control', 'symlink_install': False, 'test_result_base': None}
[0.576s] INFO:colcon.colcon_core.executor:Executing jobs using 'parallel' executor
[0.578s] DEBUG:colcon.colcon_parallel_executor.executor.parallel:run_until_complete
[0.578s] INFO:colcon.colcon_ros.task.ament_cmake.build:Building ROS package in '/home/yiyi/ackermann_sim/src/ackermann-vehicle-gzsim-ros2/saye_description' with build type 'ament_cmake'
[0.578s] INFO:colcon.colcon_cmake.task.cmake.build:Building CMake package in '/home/yiyi/ackermann_sim/src/ackermann-vehicle-gzsim-ros2/saye_description'
[0.582s] INFO:colcon.colcon_core.plugin_system:Skipping extension 'colcon_core.shell.bat': Not used on non-Windows systems
[0.582s] INFO:colcon.colcon_core.shell:Skip shell extension 'powershell' for command environment: Not usable outside of PowerShell
[0.582s] DEBUG:colcon.colcon_core.shell:Skip shell extension 'dsv' for command environment
[0.588s] INFO:colcon.colcon_ros.task.ament_cmake.build:Building ROS package in '/home/yiyi/ackermann_sim/src/ackermann-vehicle-gzsim-ros2/saye_msgs' with build type 'ament_cmake'
[0.588s] INFO:colcon.colcon_cmake.task.cmake.build:Building CMake package in '/home/yiyi/ackermann_sim/src/ackermann-vehicle-gzsim-ros2/saye_msgs'
[0.588s] INFO:colcon.colcon_core.shell:Skip shell extension 'powershell' for command environment: Not usable outside of PowerShell
[0.588s] DEBUG:colcon.colcon_core.shell:Skip shell extension 'dsv' for command environment
[0.594s] INFO:colcon.colcon_ros.task.ament_cmake.build:Building ROS package in '/home/yiyi/ackermann_sim/src/ackermann-vehicle-gzsim-ros2/saye_behaviortree' with build type 'ament_cmake'
[0.594s] INFO:colcon.colcon_cmake.task.cmake.build:Building CMake package in '/home/yiyi/ackermann_sim/src/ackermann-vehicle-gzsim-ros2/saye_behaviortree'
[0.594s] INFO:colcon.colcon_core.shell:Skip shell extension 'powershell' for command environment: Not usable outside of PowerShell
[0.594s] DEBUG:colcon.colcon_core.shell:Skip shell extension 'dsv' for command environment
[0.600s] INFO:colcon.colcon_ros.task.ament_cmake.build:Building ROS package in '/home/yiyi/ackermann_sim/src/ackermann-vehicle-gzsim-ros2/saye_localization' with build type 'ament_cmake'
[0.600s] INFO:colcon.colcon_cmake.task.cmake.build:Building CMake package in '/home/yiyi/ackermann_sim/src/ackermann-vehicle-gzsim-ros2/saye_localization'
[0.600s] INFO:colcon.colcon_core.shell:Skip shell extension 'powershell' for command environment: Not usable outside of PowerShell
[0.600s] DEBUG:colcon.colcon_core.shell:Skip shell extension 'dsv' for command environment
[0.613s] DEBUG:colcon.colcon_core.event_handler.log_command:Invoking command in '/home/yiyi/ackermann_sim/build/saye_description': CMAKE_PREFIX_PATH=${CMAKE_PREFIX_PATH}:/opt/ros/jazzy /usr/bin/cmake --build /home/yiyi/ackermann_sim/build/saye_description -- -j16 -l16
[0.618s] DEBUG:colcon.colcon_core.event_handler.log_command:Invoking command in '/home/yiyi/ackermann_sim/build/saye_msgs': CMAKE_PREFIX_PATH=${CMAKE_PREFIX_PATH}:/opt/ros/jazzy /usr/bin/cmake --build /home/yiyi/ackermann_sim/build/saye_msgs -- -j16 -l16
[0.625s] DEBUG:colcon.colcon_core.event_handler.log_command:Invoking command in '/home/yiyi/ackermann_sim/build/saye_behaviortree': CMAKE_PREFIX_PATH=${CMAKE_PREFIX_PATH}:/opt/ros/jazzy /usr/bin/cmake --build /home/yiyi/ackermann_sim/build/saye_behaviortree -- -j16 -l16
[0.632s] DEBUG:colcon.colcon_core.event_handler.log_command:Invoking command in '/home/yiyi/ackermann_sim/build/saye_localization': CMAKE_PREFIX_PATH=${CMAKE_PREFIX_PATH}:/opt/ros/jazzy /usr/bin/cmake --build /home/yiyi/ackermann_sim/build/saye_localization -- -j16 -l16
[0.696s] DEBUG:colcon.colcon_core.event_handler.log_command:Invoked command in '/home/yiyi/ackermann_sim/build/saye_description' returned '0': CMAKE_PREFIX_PATH=${CMAKE_PREFIX_PATH}:/opt/ros/jazzy /usr/bin/cmake --build /home/yiyi/ackermann_sim/build/saye_description -- -j16 -l16
[0.715s] DEBUG:colcon.colcon_core.event_handler.log_command:Invoking command in '/home/yiyi/ackermann_sim/build/saye_description': CMAKE_PREFIX_PATH=${CMAKE_PREFIX_PATH}:/opt/ros/jazzy /usr/bin/cmake --install /home/yiyi/ackermann_sim/build/saye_description
[0.716s] DEBUG:colcon.colcon_core.event_handler.log_command:Invoked command in '/home/yiyi/ackermann_sim/build/saye_behaviortree' returned '0': CMAKE_PREFIX_PATH=${CMAKE_PREFIX_PATH}:/opt/ros/jazzy /usr/bin/cmake --build /home/yiyi/ackermann_sim/build/saye_behaviortree -- -j16 -l16
[0.720s] DEBUG:colcon.colcon_core.event_handler.log_command:Invoking command in '/home/yiyi/ackermann_sim/build/saye_behaviortree': CMAKE_PREFIX_PATH=${CMAKE_PREFIX_PATH}:/opt/ros/jazzy /usr/bin/cmake --install /home/yiyi/ackermann_sim/build/saye_behaviortree
[0.743s] Level 1:colcon.colcon_core.environment:create_environment_scripts_only(saye_description)
[0.744s] DEBUG:colcon.colcon_core.event_handler.log_command:Invoked command in '/home/yiyi/ackermann_sim/build/saye_description' returned '0': CMAKE_PREFIX_PATH=${CMAKE_PREFIX_PATH}:/opt/ros/jazzy /usr/bin/cmake --install /home/yiyi/ackermann_sim/build/saye_description
[0.747s] Level 1:colcon.colcon_core.environment:checking '/home/yiyi/ackermann_sim/install/saye_description' for CMake module files
[0.747s] Level 1:colcon.colcon_core.environment:checking '/home/yiyi/ackermann_sim/install/saye_description' for CMake config files
[0.747s] Level 1:colcon.colcon_core.shell:create_environment_hook('saye_description', 'cmake_prefix_path')
[0.748s] INFO:colcon.colcon_core.shell:Creating environment hook '/home/yiyi/ackermann_sim/install/saye_description/share/saye_description/hook/cmake_prefix_path.ps1'
[0.748s] INFO:colcon.colcon_core.shell:Creating environment descriptor '/home/yiyi/ackermann_sim/install/saye_description/share/saye_description/hook/cmake_prefix_path.dsv'
[0.749s] INFO:colcon.colcon_core.shell:Creating environment hook '/home/yiyi/ackermann_sim/install/saye_description/share/saye_description/hook/cmake_prefix_path.sh'
[0.750s] Level 1:colcon.colcon_core.environment:checking '/home/yiyi/ackermann_sim/install/saye_description/bin'
[0.750s] Level 1:colcon.colcon_core.environment:checking '/home/yiyi/ackermann_sim/install/saye_description/lib/pkgconfig/saye_description.pc'
[0.751s] Level 1:colcon.colcon_core.environment:checking '/home/yiyi/ackermann_sim/install/saye_description/lib/python3.12/site-packages'
[0.751s] Level 1:colcon.colcon_core.environment:checking '/home/yiyi/ackermann_sim/install/saye_description/bin'
[0.751s] INFO:colcon.colcon_core.shell:Creating package script '/home/yiyi/ackermann_sim/install/saye_description/share/saye_description/package.ps1'
[0.752s] INFO:colcon.colcon_core.shell:Creating package descriptor '/home/yiyi/ackermann_sim/install/saye_description/share/saye_description/package.dsv'
[0.752s] INFO:colcon.colcon_core.shell:Creating package script '/home/yiyi/ackermann_sim/install/saye_description/share/saye_description/package.sh'
[0.753s] INFO:colcon.colcon_core.shell:Creating package script '/home/yiyi/ackermann_sim/install/saye_description/share/saye_description/package.bash'
[0.754s] INFO:colcon.colcon_core.shell:Creating package script '/home/yiyi/ackermann_sim/install/saye_description/share/saye_description/package.zsh'
[0.755s] Level 1:colcon.colcon_core.environment:create_file_with_runtime_dependencies(/home/yiyi/ackermann_sim/install/saye_description/share/colcon-core/packages/saye_description)
[0.756s] Level 1:colcon.colcon_core.environment:create_environment_scripts_only(saye_description)
[0.756s] Level 1:colcon.colcon_core.environment:checking '/home/yiyi/ackermann_sim/install/saye_description' for CMake module files
[0.757s] Level 1:colcon.colcon_core.environment:checking '/home/yiyi/ackermann_sim/install/saye_description' for CMake config files
[0.758s] Level 1:colcon.colcon_core.shell:create_environment_hook('saye_description', 'cmake_prefix_path')
[0.758s] INFO:colcon.colcon_core.shell:Creating environment hook '/home/yiyi/ackermann_sim/install/saye_description/share/saye_description/hook/cmake_prefix_path.ps1'
[0.759s] INFO:colcon.colcon_core.shell:Creating environment descriptor '/home/yiyi/ackermann_sim/install/saye_description/share/saye_description/hook/cmake_prefix_path.dsv'
[0.760s] INFO:colcon.colcon_core.shell:Creating environment hook '/home/yiyi/ackermann_sim/install/saye_description/share/saye_description/hook/cmake_prefix_path.sh'
[0.760s] Level 1:colcon.colcon_core.environment:checking '/home/yiyi/ackermann_sim/install/saye_description/bin'
[0.761s] Level 1:colcon.colcon_core.environment:checking '/home/yiyi/ackermann_sim/install/saye_description/lib/pkgconfig/saye_description.pc'
[0.761s] Level 1:colcon.colcon_core.environment:checking '/home/yiyi/ackermann_sim/install/saye_description/lib/python3.12/site-packages'
[0.762s] Level 1:colcon.colcon_core.environment:checking '/home/yiyi/ackermann_sim/install/saye_description/bin'
[0.762s] INFO:colcon.colcon_core.shell:Creating package script '/home/yiyi/ackermann_sim/install/saye_description/share/saye_description/package.ps1'
[0.763s] INFO:colcon.colcon_core.shell:Creating package descriptor '/home/yiyi/ackermann_sim/install/saye_description/share/saye_description/package.dsv'
[0.763s] INFO:colcon.colcon_core.shell:Creating package script '/home/yiyi/ackermann_sim/install/saye_description/share/saye_description/package.sh'
[0.763s] INFO:colcon.colcon_core.shell:Creating package script '/home/yiyi/ackermann_sim/install/saye_description/share/saye_description/package.bash'
[0.764s] INFO:colcon.colcon_core.shell:Creating package script '/home/yiyi/ackermann_sim/install/saye_description/share/saye_description/package.zsh'
[0.764s] Level 1:colcon.colcon_core.environment:create_file_with_runtime_dependencies(/home/yiyi/ackermann_sim/install/saye_description/share/colcon-core/packages/saye_description)
[0.766s] INFO:colcon.colcon_ros.task.ament_cmake.build:Building ROS package in '/home/yiyi/ackermann_sim/src/ackermann-vehicle-gzsim-ros2/saye_bringup' with build type 'ament_cmake'
[0.766s] INFO:colcon.colcon_cmake.task.cmake.build:Building CMake package in '/home/yiyi/ackermann_sim/src/ackermann-vehicle-gzsim-ros2/saye_bringup'
[0.767s] INFO:colcon.colcon_core.shell:Skip shell extension 'powershell' for command environment: Not usable outside of PowerShell
[0.767s] DEBUG:colcon.colcon_core.shell:Skip shell extension 'dsv' for command environment
[0.774s] Level 1:colcon.colcon_core.environment:create_environment_scripts_only(saye_behaviortree)
[0.775s] Level 1:colcon.colcon_core.environment:checking '/home/yiyi/ackermann_sim/install/saye_behaviortree' for CMake module files
[0.776s] DEBUG:colcon.colcon_core.event_handler.log_command:Invoked command in '/home/yiyi/ackermann_sim/build/saye_behaviortree' returned '0': CMAKE_PREFIX_PATH=${CMAKE_PREFIX_PATH}:/opt/ros/jazzy /usr/bin/cmake --install /home/yiyi/ackermann_sim/build/saye_behaviortree
[0.777s] Level 1:colcon.colcon_core.environment:checking '/home/yiyi/ackermann_sim/install/saye_behaviortree' for CMake config files
[0.778s] Level 1:colcon.colcon_core.shell:create_environment_hook('saye_behaviortree', 'cmake_prefix_path')
[0.778s] INFO:colcon.colcon_core.shell:Creating environment hook '/home/yiyi/ackermann_sim/install/saye_behaviortree/share/saye_behaviortree/hook/cmake_prefix_path.ps1'
[0.779s] INFO:colcon.colcon_core.shell:Creating environment descriptor '/home/yiyi/ackermann_sim/install/saye_behaviortree/share/saye_behaviortree/hook/cmake_prefix_path.dsv'
[0.779s] INFO:colcon.colcon_core.shell:Creating environment hook '/home/yiyi/ackermann_sim/install/saye_behaviortree/share/saye_behaviortree/hook/cmake_prefix_path.sh'
[0.780s] Level 1:colcon.colcon_core.environment:checking '/home/yiyi/ackermann_sim/install/saye_behaviortree/bin'
[0.780s] Level 1:colcon.colcon_core.environment:checking '/home/yiyi/ackermann_sim/install/saye_behaviortree/lib/pkgconfig/saye_behaviortree.pc'
[0.780s] Level 1:colcon.colcon_core.environment:checking '/home/yiyi/ackermann_sim/install/saye_behaviortree/lib/python3.12/site-packages'
[0.780s] Level 1:colcon.colcon_core.environment:checking '/home/yiyi/ackermann_sim/install/saye_behaviortree/bin'
[0.780s] INFO:colcon.colcon_core.shell:Creating package script '/home/yiyi/ackermann_sim/install/saye_behaviortree/share/saye_behaviortree/package.ps1'
[0.782s] INFO:colcon.colcon_core.shell:Creating package descriptor '/home/yiyi/ackermann_sim/install/saye_behaviortree/share/saye_behaviortree/package.dsv'
[0.782s] INFO:colcon.colcon_core.shell:Creating package script '/home/yiyi/ackermann_sim/install/saye_behaviortree/share/saye_behaviortree/package.sh'
[0.783s] INFO:colcon.colcon_core.shell:Creating package script '/home/yiyi/ackermann_sim/install/saye_behaviortree/share/saye_behaviortree/package.bash'
[0.783s] INFO:colcon.colcon_core.shell:Creating package script '/home/yiyi/ackermann_sim/install/saye_behaviortree/share/saye_behaviortree/package.zsh'
[0.784s] Level 1:colcon.colcon_core.environment:create_file_with_runtime_dependencies(/home/yiyi/ackermann_sim/install/saye_behaviortree/share/colcon-core/packages/saye_behaviortree)
[0.784s] Level 1:colcon.colcon_core.environment:create_environment_scripts_only(saye_behaviortree)
[0.784s] Level 1:colcon.colcon_core.environment:checking '/home/yiyi/ackermann_sim/install/saye_behaviortree' for CMake module files
[0.785s] Level 1:colcon.colcon_core.environment:checking '/home/yiyi/ackermann_sim/install/saye_behaviortree' for CMake config files
[0.785s] Level 1:colcon.colcon_core.shell:create_environment_hook('saye_behaviortree', 'cmake_prefix_path')
[0.785s] INFO:colcon.colcon_core.shell:Creating environment hook '/home/yiyi/ackermann_sim/install/saye_behaviortree/share/saye_behaviortree/hook/cmake_prefix_path.ps1'
[0.786s] INFO:colcon.colcon_core.shell:Creating environment descriptor '/home/yiyi/ackermann_sim/install/saye_behaviortree/share/saye_behaviortree/hook/cmake_prefix_path.dsv'
[0.787s] INFO:colcon.colcon_core.shell:Creating environment hook '/home/yiyi/ackermann_sim/install/saye_behaviortree/share/saye_behaviortree/hook/cmake_prefix_path.sh'
[0.788s] Level 1:colcon.colcon_core.environment:checking '/home/yiyi/ackermann_sim/install/saye_behaviortree/bin'
[0.788s] Level 1:colcon.colcon_core.environment:checking '/home/yiyi/ackermann_sim/install/saye_behaviortree/lib/pkgconfig/saye_behaviortree.pc'
[0.788s] Level 1:colcon.colcon_core.environment:checking '/home/yiyi/ackermann_sim/install/saye_behaviortree/lib/python3.12/site-packages'
[0.788s] Level 1:colcon.colcon_core.environment:checking '/home/yiyi/ackermann_sim/install/saye_behaviortree/bin'
[0.789s] INFO:colcon.colcon_core.shell:Creating package script '/home/yiyi/ackermann_sim/install/saye_behaviortree/share/saye_behaviortree/package.ps1'
[0.790s] INFO:colcon.colcon_core.shell:Creating package descriptor '/home/yiyi/ackermann_sim/install/saye_behaviortree/share/saye_behaviortree/package.dsv'
[0.791s] INFO:colcon.colcon_core.shell:Creating package script '/home/yiyi/ackermann_sim/install/saye_behaviortree/share/saye_behaviortree/package.sh'
[0.792s] INFO:colcon.colcon_core.shell:Creating package script '/home/yiyi/ackermann_sim/install/saye_behaviortree/share/saye_behaviortree/package.bash'
[0.792s] INFO:colcon.colcon_core.shell:Creating package script '/home/yiyi/ackermann_sim/install/saye_behaviortree/share/saye_behaviortree/package.zsh'
[0.793s] Level 1:colcon.colcon_core.environment:create_file_with_runtime_dependencies(/home/yiyi/ackermann_sim/install/saye_behaviortree/share/colcon-core/packages/saye_behaviortree)
[0.797s] DEBUG:colcon.colcon_core.event_handler.log_command:Invoked command in '/home/yiyi/ackermann_sim/build/saye_localization' returned '0': CMAKE_PREFIX_PATH=${CMAKE_PREFIX_PATH}:/opt/ros/jazzy /usr/bin/cmake --build /home/yiyi/ackermann_sim/build/saye_localization -- -j16 -l16
[0.799s] DEBUG:colcon.colcon_core.event_handler.log_command:Invoking command in '/home/yiyi/ackermann_sim/build/saye_localization': CMAKE_PREFIX_PATH=${CMAKE_PREFIX_PATH}:/opt/ros/jazzy /usr/bin/cmake --install /home/yiyi/ackermann_sim/build/saye_localization
[0.828s] Level 1:colcon.colcon_core.environment:create_environment_scripts_only(saye_localization)
[0.829s] Level 1:colcon.colcon_core.environment:checking '/home/yiyi/ackermann_sim/install/saye_localization' for CMake module files
[0.830s] DEBUG:colcon.colcon_core.event_handler.log_command:Invoked command in '/home/yiyi/ackermann_sim/build/saye_localization' returned '0': CMAKE_PREFIX_PATH=${CMAKE_PREFIX_PATH}:/opt/ros/jazzy /usr/bin/cmake --install /home/yiyi/ackermann_sim/build/saye_localization
[0.831s] Level 1:colcon.colcon_core.environment:checking '/home/yiyi/ackermann_sim/install/saye_localization' for CMake config files
[0.834s] Level 1:colcon.colcon_core.shell:create_environment_hook('saye_localization', 'cmake_prefix_path')
[0.834s] INFO:colcon.colcon_core.shell:Creating environment hook '/home/yiyi/ackermann_sim/install/saye_localization/share/saye_localization/hook/cmake_prefix_path.ps1'
[0.834s] INFO:colcon.colcon_core.shell:Creating environment descriptor '/home/yiyi/ackermann_sim/install/saye_localization/share/saye_localization/hook/cmake_prefix_path.dsv'
[0.835s] INFO:colcon.colcon_core.shell:Creating environment hook '/home/yiyi/ackermann_sim/install/saye_localization/share/saye_localization/hook/cmake_prefix_path.sh'
[0.837s] Level 1:colcon.colcon_core.environment:checking '/home/yiyi/ackermann_sim/install/saye_localization/lib'
[0.837s] Level 1:colcon.colcon_core.environment:checking '/home/yiyi/ackermann_sim/install/saye_localization/bin'
[0.837s] Level 1:colcon.colcon_core.environment:checking '/home/yiyi/ackermann_sim/install/saye_localization/lib/pkgconfig/saye_localization.pc'
[0.838s] Level 1:colcon.colcon_core.environment:checking '/home/yiyi/ackermann_sim/install/saye_localization/lib/python3.12/site-packages'
[0.838s] Level 1:colcon.colcon_core.environment:checking '/home/yiyi/ackermann_sim/install/saye_localization/bin'
[0.839s] INFO:colcon.colcon_core.shell:Creating package script '/home/yiyi/ackermann_sim/install/saye_localization/share/saye_localization/package.ps1'
[0.840s] INFO:colcon.colcon_core.shell:Creating package descriptor '/home/yiyi/ackermann_sim/install/saye_localization/share/saye_localization/package.dsv'
[0.840s] INFO:colcon.colcon_core.shell:Creating package script '/home/yiyi/ackermann_sim/install/saye_localization/share/saye_localization/package.sh'
[0.841s] INFO:colcon.colcon_core.shell:Creating package script '/home/yiyi/ackermann_sim/install/saye_localization/share/saye_localization/package.bash'
[0.842s] INFO:colcon.colcon_core.shell:Creating package script '/home/yiyi/ackermann_sim/install/saye_localization/share/saye_localization/package.zsh'
[0.843s] Level 1:colcon.colcon_core.environment:create_file_with_runtime_dependencies(/home/yiyi/ackermann_sim/install/saye_localization/share/colcon-core/packages/saye_localization)
[0.843s] Level 1:colcon.colcon_core.environment:create_environment_scripts_only(saye_localization)
[0.844s] Level 1:colcon.colcon_core.environment:checking '/home/yiyi/ackermann_sim/install/saye_localization' for CMake module files
[0.844s] Level 1:colcon.colcon_core.environment:checking '/home/yiyi/ackermann_sim/install/saye_localization' for CMake config files
[0.844s] Level 1:colcon.colcon_core.shell:create_environment_hook('saye_localization', 'cmake_prefix_path')
[0.844s] INFO:colcon.colcon_core.shell:Creating environment hook '/home/yiyi/ackermann_sim/install/saye_localization/share/saye_localization/hook/cmake_prefix_path.ps1'
[0.845s] INFO:colcon.colcon_core.shell:Creating environment descriptor '/home/yiyi/ackermann_sim/install/saye_localization/share/saye_localization/hook/cmake_prefix_path.dsv'
[0.845s] INFO:colcon.colcon_core.shell:Creating environment hook '/home/yiyi/ackermann_sim/install/saye_localization/share/saye_localization/hook/cmake_prefix_path.sh'
[0.846s] Level 1:colcon.colcon_core.environment:checking '/home/yiyi/ackermann_sim/install/saye_localization/lib'
[0.846s] Level 1:colcon.colcon_core.environment:checking '/home/yiyi/ackermann_sim/install/saye_localization/bin'
[0.846s] Level 1:colcon.colcon_core.environment:checking '/home/yiyi/ackermann_sim/install/saye_localization/lib/pkgconfig/saye_localization.pc'
[0.846s] Level 1:colcon.colcon_core.environment:checking '/home/yiyi/ackermann_sim/install/saye_localization/lib/python3.12/site-packages'
[0.847s] Level 1:colcon.colcon_core.environment:checking '/home/yiyi/ackermann_sim/install/saye_localization/bin'
[0.847s] INFO:colcon.colcon_core.shell:Creating package script '/home/yiyi/ackermann_sim/install/saye_localization/share/saye_localization/package.ps1'
[0.847s] INFO:colcon.colcon_core.shell:Creating package descriptor '/home/yiyi/ackermann_sim/install/saye_localization/share/saye_localization/package.dsv'
[0.848s] INFO:colcon.colcon_core.shell:Creating package script '/home/yiyi/ackermann_sim/install/saye_localization/share/saye_localization/package.sh'
[0.848s] INFO:colcon.colcon_core.shell:Creating package script '/home/yiyi/ackermann_sim/install/saye_localization/share/saye_localization/package.bash'
[0.849s] INFO:colcon.colcon_core.shell:Creating package script '/home/yiyi/ackermann_sim/install/saye_localization/share/saye_localization/package.zsh'
[0.849s] Level 1:colcon.colcon_core.environment:create_file_with_runtime_dependencies(/home/yiyi/ackermann_sim/install/saye_localization/share/colcon-core/packages/saye_localization)
[0.926s] DEBUG:colcon.colcon_core.event_handler.log_command:Invoking command in '/home/yiyi/ackermann_sim/build/saye_bringup': CMAKE_PREFIX_PATH=/home/yiyi/ackermann_sim/install/saye_description:/home/yiyi/ackermann_sim/install/saye_control:/home/yiyi/ackermann_sim/install/saye_msgs:/home/yiyi/ackermann_sim/install/saye_localization:/home/yiyi/ackermann_sim/install/saye_bringup:/home/yiyi/ackermann_sim/install/saye_behaviortree:/opt/ros/jazzy/opt/gz_sim_vendor:/opt/ros/jazzy/opt/gz_sensors_vendor:/opt/ros/jazzy/opt/gz_physics_vendor:/opt/ros/jazzy/opt/sdformat_vendor:/opt/ros/jazzy/opt/gz_gui_vendor:/opt/ros/jazzy/opt/gz_transport_vendor:/opt/ros/jazzy/opt/gz_rendering_vendor:/opt/ros/jazzy/opt/gz_plugin_vendor:/opt/ros/jazzy/opt/gz_fuel_tools_vendor:/opt/ros/jazzy/opt/gz_msgs_vendor:/opt/ros/jazzy/opt/gz_common_vendor:/opt/ros/jazzy/opt/gz_math_vendor:/opt/ros/jazzy/opt/gz_utils_vendor:/opt/ros/jazzy/opt/gz_tools_vendor:/opt/ros/jazzy/opt/gz_ogre_next_vendor:/opt/ros/jazzy/opt/gz_dartsim_vendor:/opt/ros/jazzy/opt/gz_cmake_vendor:/opt/ros/jazzy /usr/bin/cmake --build /home/yiyi/ackermann_sim/build/saye_bringup -- -j16 -l16
[1.000s] DEBUG:colcon.colcon_core.event_handler.log_command:Invoked command in '/home/yiyi/ackermann_sim/build/saye_bringup' returned '0': CMAKE_PREFIX_PATH=/home/yiyi/ackermann_sim/install/saye_description:/home/yiyi/ackermann_sim/install/saye_control:/home/yiyi/ackermann_sim/install/saye_msgs:/home/yiyi/ackermann_sim/install/saye_localization:/home/yiyi/ackermann_sim/install/saye_bringup:/home/yiyi/ackermann_sim/install/saye_behaviortree:/opt/ros/jazzy/opt/gz_sim_vendor:/opt/ros/jazzy/opt/gz_sensors_vendor:/opt/ros/jazzy/opt/gz_physics_vendor:/opt/ros/jazzy/opt/sdformat_vendor:/opt/ros/jazzy/opt/gz_gui_vendor:/opt/ros/jazzy/opt/gz_transport_vendor:/opt/ros/jazzy/opt/gz_rendering_vendor:/opt/ros/jazzy/opt/gz_plugin_vendor:/opt/ros/jazzy/opt/gz_fuel_tools_vendor:/opt/ros/jazzy/opt/gz_msgs_vendor:/opt/ros/jazzy/opt/gz_common_vendor:/opt/ros/jazzy/opt/gz_math_vendor:/opt/ros/jazzy/opt/gz_utils_vendor:/opt/ros/jazzy/opt/gz_tools_vendor:/opt/ros/jazzy/opt/gz_ogre_next_vendor:/opt/ros/jazzy/opt/gz_dartsim_vendor:/opt/ros/jazzy/opt/gz_cmake_vendor:/opt/ros/jazzy /usr/bin/cmake --build /home/yiyi/ackermann_sim/build/saye_bringup -- -j16 -l16
[1.001s] DEBUG:colcon.colcon_core.event_handler.log_command:Invoking command in '/home/yiyi/ackermann_sim/build/saye_bringup': CMAKE_PREFIX_PATH=/home/yiyi/ackermann_sim/install/saye_description:/home/yiyi/ackermann_sim/install/saye_control:/home/yiyi/ackermann_sim/install/saye_msgs:/home/yiyi/ackermann_sim/install/saye_localization:/home/yiyi/ackermann_sim/install/saye_bringup:/home/yiyi/ackermann_sim/install/saye_behaviortree:/opt/ros/jazzy/opt/gz_sim_vendor:/opt/ros/jazzy/opt/gz_sensors_vendor:/opt/ros/jazzy/opt/gz_physics_vendor:/opt/ros/jazzy/opt/sdformat_vendor:/opt/ros/jazzy/opt/gz_gui_vendor:/opt/ros/jazzy/opt/gz_transport_vendor:/opt/ros/jazzy/opt/gz_rendering_vendor:/opt/ros/jazzy/opt/gz_plugin_vendor:/opt/ros/jazzy/opt/gz_fuel_tools_vendor:/opt/ros/jazzy/opt/gz_msgs_vendor:/opt/ros/jazzy/opt/gz_common_vendor:/opt/ros/jazzy/opt/gz_math_vendor:/opt/ros/jazzy/opt/gz_utils_vendor:/opt/ros/jazzy/opt/gz_tools_vendor:/opt/ros/jazzy/opt/gz_ogre_next_vendor:/opt/ros/jazzy/opt/gz_dartsim_vendor:/opt/ros/jazzy/opt/gz_cmake_vendor:/opt/ros/jazzy /usr/bin/cmake --install /home/yiyi/ackermann_sim/build/saye_bringup
[1.023s] Level 1:colcon.colcon_core.environment:create_environment_scripts_only(saye_bringup)
[1.024s] Level 1:colcon.colcon_core.environment:checking '/home/yiyi/ackermann_sim/install/saye_bringup' for CMake module files
[1.025s] DEBUG:colcon.colcon_core.event_handler.log_command:Invoked command in '/home/yiyi/ackermann_sim/build/saye_bringup' returned '0': CMAKE_PREFIX_PATH=/home/yiyi/ackermann_sim/install/saye_description:/home/yiyi/ackermann_sim/install/saye_control:/home/yiyi/ackermann_sim/install/saye_msgs:/home/yiyi/ackermann_sim/install/saye_localization:/home/yiyi/ackermann_sim/install/saye_bringup:/home/yiyi/ackermann_sim/install/saye_behaviortree:/opt/ros/jazzy/opt/gz_sim_vendor:/opt/ros/jazzy/opt/gz_sensors_vendor:/opt/ros/jazzy/opt/gz_physics_vendor:/opt/ros/jazzy/opt/sdformat_vendor:/opt/ros/jazzy/opt/gz_gui_vendor:/opt/ros/jazzy/opt/gz_transport_vendor:/opt/ros/jazzy/opt/gz_rendering_vendor:/opt/ros/jazzy/opt/gz_plugin_vendor:/opt/ros/jazzy/opt/gz_fuel_tools_vendor:/opt/ros/jazzy/opt/gz_msgs_vendor:/opt/ros/jazzy/opt/gz_common_vendor:/opt/ros/jazzy/opt/gz_math_vendor:/opt/ros/jazzy/opt/gz_utils_vendor:/opt/ros/jazzy/opt/gz_tools_vendor:/opt/ros/jazzy/opt/gz_ogre_next_vendor:/opt/ros/jazzy/opt/gz_dartsim_vendor:/opt/ros/jazzy/opt/gz_cmake_vendor:/opt/ros/jazzy /usr/bin/cmake --install /home/yiyi/ackermann_sim/build/saye_bringup
[1.025s] Level 1:colcon.colcon_core.environment:checking '/home/yiyi/ackermann_sim/install/saye_bringup' for CMake config files
[1.026s] Level 1:colcon.colcon_core.shell:create_environment_hook('saye_bringup', 'cmake_prefix_path')
[1.026s] INFO:colcon.colcon_core.shell:Creating environment hook '/home/yiyi/ackermann_sim/install/saye_bringup/share/saye_bringup/hook/cmake_prefix_path.ps1'
[1.027s] INFO:colcon.colcon_core.shell:Creating environment descriptor '/home/yiyi/ackermann_sim/install/saye_bringup/share/saye_bringup/hook/cmake_prefix_path.dsv'
[1.028s] INFO:colcon.colcon_core.shell:Creating environment hook '/home/yiyi/ackermann_sim/install/saye_bringup/share/saye_bringup/hook/cmake_prefix_path.sh'
[1.028s] Level 1:colcon.colcon_core.environment:checking '/home/yiyi/ackermann_sim/install/saye_bringup/bin'
[1.028s] Level 1:colcon.colcon_core.environment:checking '/home/yiyi/ackermann_sim/install/saye_bringup/lib/pkgconfig/saye_bringup.pc'
[1.029s] Level 1:colcon.colcon_core.environment:checking '/home/yiyi/ackermann_sim/install/saye_bringup/lib/python3.12/site-packages'
[1.029s] Level 1:colcon.colcon_core.environment:checking '/home/yiyi/ackermann_sim/install/saye_bringup/bin'
[1.030s] INFO:colcon.colcon_core.shell:Creating package script '/home/yiyi/ackermann_sim/install/saye_bringup/share/saye_bringup/package.ps1'
[1.030s] INFO:colcon.colcon_core.shell:Creating package descriptor '/home/yiyi/ackermann_sim/install/saye_bringup/share/saye_bringup/package.dsv'
[1.031s] INFO:colcon.colcon_core.shell:Creating package script '/home/yiyi/ackermann_sim/install/saye_bringup/share/saye_bringup/package.sh'
[1.032s] INFO:colcon.colcon_core.shell:Creating package script '/home/yiyi/ackermann_sim/install/saye_bringup/share/saye_bringup/package.bash'
[1.033s] INFO:colcon.colcon_core.shell:Creating package script '/home/yiyi/ackermann_sim/install/saye_bringup/share/saye_bringup/package.zsh'
[1.033s] Level 1:colcon.colcon_core.environment:create_file_with_runtime_dependencies(/home/yiyi/ackermann_sim/install/saye_bringup/share/colcon-core/packages/saye_bringup)
[1.034s] Level 1:colcon.colcon_core.environment:create_environment_scripts_only(saye_bringup)
[1.034s] Level 1:colcon.colcon_core.environment:checking '/home/yiyi/ackermann_sim/install/saye_bringup' for CMake module files
[1.035s] Level 1:colcon.colcon_core.environment:checking '/home/yiyi/ackermann_sim/install/saye_bringup' for CMake config files
[1.036s] Level 1:colcon.colcon_core.shell:create_environment_hook('saye_bringup', 'cmake_prefix_path')
[1.036s] INFO:colcon.colcon_core.shell:Creating environment hook '/home/yiyi/ackermann_sim/install/saye_bringup/share/saye_bringup/hook/cmake_prefix_path.ps1'
[1.037s] INFO:colcon.colcon_core.shell:Creating environment descriptor '/home/yiyi/ackermann_sim/install/saye_bringup/share/saye_bringup/hook/cmake_prefix_path.dsv'
[1.037s] INFO:colcon.colcon_core.shell:Creating environment hook '/home/yiyi/ackermann_sim/install/saye_bringup/share/saye_bringup/hook/cmake_prefix_path.sh'
[1.038s] Level 1:colcon.colcon_core.environment:checking '/home/yiyi/ackermann_sim/install/saye_bringup/bin'
[1.038s] Level 1:colcon.colcon_core.environment:checking '/home/yiyi/ackermann_sim/install/saye_bringup/lib/pkgconfig/saye_bringup.pc'
[1.038s] Level 1:colcon.colcon_core.environment:checking '/home/yiyi/ackermann_sim/install/saye_bringup/lib/python3.12/site-packages'
[1.038s] Level 1:colcon.colcon_core.environment:checking '/home/yiyi/ackermann_sim/install/saye_bringup/bin'
[1.038s] INFO:colcon.colcon_core.shell:Creating package script '/home/yiyi/ackermann_sim/install/saye_bringup/share/saye_bringup/package.ps1'
[1.039s] INFO:colcon.colcon_core.shell:Creating package descriptor '/home/yiyi/ackermann_sim/install/saye_bringup/share/saye_bringup/package.dsv'
[1.040s] INFO:colcon.colcon_core.shell:Creating package script '/home/yiyi/ackermann_sim/install/saye_bringup/share/saye_bringup/package.sh'
[1.040s] INFO:colcon.colcon_core.shell:Creating package script '/home/yiyi/ackermann_sim/install/saye_bringup/share/saye_bringup/package.bash'
[1.041s] INFO:colcon.colcon_core.shell:Creating package script '/home/yiyi/ackermann_sim/install/saye_bringup/share/saye_bringup/package.zsh'
[1.041s] Level 1:colcon.colcon_core.environment:create_file_with_runtime_dependencies(/home/yiyi/ackermann_sim/install/saye_bringup/share/colcon-core/packages/saye_bringup)
[1.227s] DEBUG:colcon.colcon_core.event_handler.log_command:Invoked command in '/home/yiyi/ackermann_sim/build/saye_msgs' returned '0': CMAKE_PREFIX_PATH=${CMAKE_PREFIX_PATH}:/opt/ros/jazzy /usr/bin/cmake --build /home/yiyi/ackermann_sim/build/saye_msgs -- -j16 -l16
[1.230s] DEBUG:colcon.colcon_core.event_handler.log_command:Invoking command in '/home/yiyi/ackermann_sim/build/saye_msgs': CMAKE_PREFIX_PATH=${CMAKE_PREFIX_PATH}:/opt/ros/jazzy /usr/bin/cmake --install /home/yiyi/ackermann_sim/build/saye_msgs
[1.348s] Level 1:colcon.colcon_core.environment:create_environment_scripts_only(saye_msgs)
[1.349s] Level 1:colcon.colcon_core.environment:checking '/home/yiyi/ackermann_sim/install/saye_msgs' for CMake module files
[1.349s] DEBUG:colcon.colcon_core.event_handler.log_command:Invoked command in '/home/yiyi/ackermann_sim/build/saye_msgs' returned '0': CMAKE_PREFIX_PATH=${CMAKE_PREFIX_PATH}:/opt/ros/jazzy /usr/bin/cmake --install /home/yiyi/ackermann_sim/build/saye_msgs
[1.350s] Level 1:colcon.colcon_core.environment:checking '/home/yiyi/ackermann_sim/install/saye_msgs' for CMake config files
[1.351s] Level 1:colcon.colcon_core.shell:create_environment_hook('saye_msgs', 'cmake_prefix_path')
[1.351s] INFO:colcon.colcon_core.shell:Creating environment hook '/home/yiyi/ackermann_sim/install/saye_msgs/share/saye_msgs/hook/cmake_prefix_path.ps1'
[1.352s] INFO:colcon.colcon_core.shell:Creating environment descriptor '/home/yiyi/ackermann_sim/install/saye_msgs/share/saye_msgs/hook/cmake_prefix_path.dsv'
[1.352s] INFO:colcon.colcon_core.shell:Creating environment hook '/home/yiyi/ackermann_sim/install/saye_msgs/share/saye_msgs/hook/cmake_prefix_path.sh'
[1.353s] Level 1:colcon.colcon_core.environment:checking '/home/yiyi/ackermann_sim/install/saye_msgs/lib'
[1.353s] Level 1:colcon.colcon_core.shell:create_environment_hook('saye_msgs', 'ld_library_path_lib')
[1.353s] INFO:colcon.colcon_core.shell:Creating environment hook '/home/yiyi/ackermann_sim/install/saye_msgs/share/saye_msgs/hook/ld_library_path_lib.ps1'
[1.353s] INFO:colcon.colcon_core.shell:Creating environment descriptor '/home/yiyi/ackermann_sim/install/saye_msgs/share/saye_msgs/hook/ld_library_path_lib.dsv'
[1.354s] INFO:colcon.colcon_core.shell:Creating environment hook '/home/yiyi/ackermann_sim/install/saye_msgs/share/saye_msgs/hook/ld_library_path_lib.sh'
[1.354s] Level 1:colcon.colcon_core.environment:checking '/home/yiyi/ackermann_sim/install/saye_msgs/bin'
[1.354s] Level 1:colcon.colcon_core.environment:checking '/home/yiyi/ackermann_sim/install/saye_msgs/lib/pkgconfig/saye_msgs.pc'
[1.354s] Level 1:colcon.colcon_core.environment:checking '/home/yiyi/ackermann_sim/install/saye_msgs/lib/python3.12/site-packages'
[1.355s] Level 1:colcon.colcon_core.shell:create_environment_hook('saye_msgs', 'pythonpath')
[1.355s] INFO:colcon.colcon_core.shell:Creating environment hook '/home/yiyi/ackermann_sim/install/saye_msgs/share/saye_msgs/hook/pythonpath.ps1'
[1.355s] INFO:colcon.colcon_core.shell:Creating environment descriptor '/home/yiyi/ackermann_sim/install/saye_msgs/share/saye_msgs/hook/pythonpath.dsv'
[1.355s] INFO:colcon.colcon_core.shell:Creating environment hook '/home/yiyi/ackermann_sim/install/saye_msgs/share/saye_msgs/hook/pythonpath.sh'
[1.356s] Level 1:colcon.colcon_core.environment:checking '/home/yiyi/ackermann_sim/install/saye_msgs/bin'
[1.356s] INFO:colcon.colcon_core.shell:Creating package script '/home/yiyi/ackermann_sim/install/saye_msgs/share/saye_msgs/package.ps1'
[1.357s] INFO:colcon.colcon_core.shell:Creating package descriptor '/home/yiyi/ackermann_sim/install/saye_msgs/share/saye_msgs/package.dsv'
[1.357s] INFO:colcon.colcon_core.shell:Creating package script '/home/yiyi/ackermann_sim/install/saye_msgs/share/saye_msgs/package.sh'
[1.358s] INFO:colcon.colcon_core.shell:Creating package script '/home/yiyi/ackermann_sim/install/saye_msgs/share/saye_msgs/package.bash'
[1.358s] INFO:colcon.colcon_core.shell:Creating package script '/home/yiyi/ackermann_sim/install/saye_msgs/share/saye_msgs/package.zsh'
[1.359s] Level 1:colcon.colcon_core.environment:create_file_with_runtime_dependencies(/home/yiyi/ackermann_sim/install/saye_msgs/share/colcon-core/packages/saye_msgs)
[1.359s] Level 1:colcon.colcon_core.environment:create_environment_scripts_only(saye_msgs)
[1.359s] Level 1:colcon.colcon_core.environment:checking '/home/yiyi/ackermann_sim/install/saye_msgs' for CMake module files
[1.361s] Level 1:colcon.colcon_core.environment:checking '/home/yiyi/ackermann_sim/install/saye_msgs' for CMake config files
[1.361s] Level 1:colcon.colcon_core.shell:create_environment_hook('saye_msgs', 'cmake_prefix_path')
[1.361s] INFO:colcon.colcon_core.shell:Creating environment hook '/home/yiyi/ackermann_sim/install/saye_msgs/share/saye_msgs/hook/cmake_prefix_path.ps1'
[1.362s] INFO:colcon.colcon_core.shell:Creating environment descriptor '/home/yiyi/ackermann_sim/install/saye_msgs/share/saye_msgs/hook/cmake_prefix_path.dsv'
[1.362s] INFO:colcon.colcon_core.shell:Creating environment hook '/home/yiyi/ackermann_sim/install/saye_msgs/share/saye_msgs/hook/cmake_prefix_path.sh'
[1.363s] Level 1:colcon.colcon_core.environment:checking '/home/yiyi/ackermann_sim/install/saye_msgs/lib'
[1.363s] Level 1:colcon.colcon_core.shell:create_environment_hook('saye_msgs', 'ld_library_path_lib')
[1.363s] INFO:colcon.colcon_core.shell:Creating environment hook '/home/yiyi/ackermann_sim/install/saye_msgs/share/saye_msgs/hook/ld_library_path_lib.ps1'
[1.363s] INFO:colcon.colcon_core.shell:Creating environment descriptor '/home/yiyi/ackermann_sim/install/saye_msgs/share/saye_msgs/hook/ld_library_path_lib.dsv'
[1.364s] INFO:colcon.colcon_core.shell:Creating environment hook '/home/yiyi/ackermann_sim/install/saye_msgs/share/saye_msgs/hook/ld_library_path_lib.sh'
[1.364s] Level 1:colcon.colcon_core.environment:checking '/home/yiyi/ackermann_sim/install/saye_msgs/bin'
[1.364s] Level 1:colcon.colcon_core.environment:checking '/home/yiyi/ackermann_sim/install/saye_msgs/lib/pkgconfig/saye_msgs.pc'
[1.364s] Level 1:colcon.colcon_core.environment:checking '/home/yiyi/ackermann_sim/install/saye_msgs/lib/python3.12/site-packages'
[1.364s] Level 1:colcon.colcon_core.shell:create_environment_hook('saye_msgs', 'pythonpath')
[1.365s] INFO:colcon.colcon_core.shell:Creating environment hook '/home/yiyi/ackermann_sim/install/saye_msgs/share/saye_msgs/hook/pythonpath.ps1'
[1.365s] INFO:colcon.colcon_core.shell:Creating environment descriptor '/home/yiyi/ackermann_sim/install/saye_msgs/share/saye_msgs/hook/pythonpath.dsv'
[1.365s] INFO:colcon.colcon_core.shell:Creating environment hook '/home/yiyi/ackermann_sim/install/saye_msgs/share/saye_msgs/hook/pythonpath.sh'
[1.366s] Level 1:colcon.colcon_core.environment:checking '/home/yiyi/ackermann_sim/install/saye_msgs/bin'
[1.366s] INFO:colcon.colcon_core.shell:Creating package script '/home/yiyi/ackermann_sim/install/saye_msgs/share/saye_msgs/package.ps1'
[1.367s] INFO:colcon.colcon_core.shell:Creating package descriptor '/home/yiyi/ackermann_sim/install/saye_msgs/share/saye_msgs/package.dsv'
[1.367s] INFO:colcon.colcon_core.shell:Creating package script '/home/yiyi/ackermann_sim/install/saye_msgs/share/saye_msgs/package.sh'
[1.368s] INFO:colcon.colcon_core.shell:Creating package script '/home/yiyi/ackermann_sim/install/saye_msgs/share/saye_msgs/package.bash'
[1.368s] INFO:colcon.colcon_core.shell:Creating package script '/home/yiyi/ackermann_sim/install/saye_msgs/share/saye_msgs/package.zsh'
[1.369s] Level 1:colcon.colcon_core.environment:create_file_with_runtime_dependencies(/home/yiyi/ackermann_sim/install/saye_msgs/share/colcon-core/packages/saye_msgs)
[1.369s] INFO:colcon.colcon_ros.task.ament_cmake.build:Building ROS package in '/home/yiyi/ackermann_sim/src/ackermann-vehicle-gzsim-ros2/saye_control' with build type 'ament_cmake'
[1.369s] INFO:colcon.colcon_cmake.task.cmake.build:Building CMake package in '/home/yiyi/ackermann_sim/src/ackermann-vehicle-gzsim-ros2/saye_control'
[1.369s] INFO:colcon.colcon_core.shell:Skip shell extension 'powershell' for command environment: Not usable outside of PowerShell
[1.370s] DEBUG:colcon.colcon_core.shell:Skip shell extension 'dsv' for command environment
[1.779s] DEBUG:colcon.colcon_core.event_handler.log_command:Invoking command in '/home/yiyi/ackermann_sim/build/saye_control': CMAKE_PREFIX_PATH=/home/yiyi/ackermann_sim/install/saye_msgs:/home/yiyi/ackermann_sim/install/saye_control:/home/yiyi/ackermann_sim/install/saye_localization:/home/yiyi/ackermann_sim/install/saye_bringup:/home/yiyi/ackermann_sim/install/saye_description:/home/yiyi/ackermann_sim/install/saye_behaviortree:/opt/ros/jazzy/opt/gz_sim_vendor:/opt/ros/jazzy/opt/gz_sensors_vendor:/opt/ros/jazzy/opt/gz_physics_vendor:/opt/ros/jazzy/opt/sdformat_vendor:/opt/ros/jazzy/opt/gz_gui_vendor:/opt/ros/jazzy/opt/gz_transport_vendor:/opt/ros/jazzy/opt/gz_rendering_vendor:/opt/ros/jazzy/opt/gz_plugin_vendor:/opt/ros/jazzy/opt/gz_fuel_tools_vendor:/opt/ros/jazzy/opt/gz_msgs_vendor:/opt/ros/jazzy/opt/gz_common_vendor:/opt/ros/jazzy/opt/gz_math_vendor:/opt/ros/jazzy/opt/gz_utils_vendor:/opt/ros/jazzy/opt/gz_tools_vendor:/opt/ros/jazzy/opt/gz_ogre_next_vendor:/opt/ros/jazzy/opt/gz_dartsim_vendor:/opt/ros/jazzy/opt/gz_cmake_vendor:/opt/ros/jazzy /usr/bin/cmake --build /home/yiyi/ackermann_sim/build/saye_control -- -j16 -l16
[1.931s] DEBUG:colcon.colcon_core.event_handler.log_command:Invoked command in '/home/yiyi/ackermann_sim/build/saye_control' returned '0': CMAKE_PREFIX_PATH=/home/yiyi/ackermann_sim/install/saye_msgs:/home/yiyi/ackermann_sim/install/saye_control:/home/yiyi/ackermann_sim/install/saye_localization:/home/yiyi/ackermann_sim/install/saye_bringup:/home/yiyi/ackermann_sim/install/saye_description:/home/yiyi/ackermann_sim/install/saye_behaviortree:/opt/ros/jazzy/opt/gz_sim_vendor:/opt/ros/jazzy/opt/gz_sensors_vendor:/opt/ros/jazzy/opt/gz_physics_vendor:/opt/ros/jazzy/opt/sdformat_vendor:/opt/ros/jazzy/opt/gz_gui_vendor:/opt/ros/jazzy/opt/gz_transport_vendor:/opt/ros/jazzy/opt/gz_rendering_vendor:/opt/ros/jazzy/opt/gz_plugin_vendor:/opt/ros/jazzy/opt/gz_fuel_tools_vendor:/opt/ros/jazzy/opt/gz_msgs_vendor:/opt/ros/jazzy/opt/gz_common_vendor:/opt/ros/jazzy/opt/gz_math_vendor:/opt/ros/jazzy/opt/gz_utils_vendor:/opt/ros/jazzy/opt/gz_tools_vendor:/opt/ros/jazzy/opt/gz_ogre_next_vendor:/opt/ros/jazzy/opt/gz_dartsim_vendor:/opt/ros/jazzy/opt/gz_cmake_vendor:/opt/ros/jazzy /usr/bin/cmake --build /home/yiyi/ackermann_sim/build/saye_control -- -j16 -l16
[1.935s] DEBUG:colcon.colcon_core.event_handler.log_command:Invoking command in '/home/yiyi/ackermann_sim/build/saye_control': CMAKE_PREFIX_PATH=/home/yiyi/ackermann_sim/install/saye_msgs:/home/yiyi/ackermann_sim/install/saye_control:/home/yiyi/ackermann_sim/install/saye_localization:/home/yiyi/ackermann_sim/install/saye_bringup:/home/yiyi/ackermann_sim/install/saye_description:/home/yiyi/ackermann_sim/install/saye_behaviortree:/opt/ros/jazzy/opt/gz_sim_vendor:/opt/ros/jazzy/opt/gz_sensors_vendor:/opt/ros/jazzy/opt/gz_physics_vendor:/opt/ros/jazzy/opt/sdformat_vendor:/opt/ros/jazzy/opt/gz_gui_vendor:/opt/ros/jazzy/opt/gz_transport_vendor:/opt/ros/jazzy/opt/gz_rendering_vendor:/opt/ros/jazzy/opt/gz_plugin_vendor:/opt/ros/jazzy/opt/gz_fuel_tools_vendor:/opt/ros/jazzy/opt/gz_msgs_vendor:/opt/ros/jazzy/opt/gz_common_vendor:/opt/ros/jazzy/opt/gz_math_vendor:/opt/ros/jazzy/opt/gz_utils_vendor:/opt/ros/jazzy/opt/gz_tools_vendor:/opt/ros/jazzy/opt/gz_ogre_next_vendor:/opt/ros/jazzy/opt/gz_dartsim_vendor:/opt/ros/jazzy/opt/gz_cmake_vendor:/opt/ros/jazzy /usr/bin/cmake --install /home/yiyi/ackermann_sim/build/saye_control
[1.961s] Level 1:colcon.colcon_core.environment:create_environment_scripts_only(saye_control)
[1.961s] Level 1:colcon.colcon_core.environment:checking '/home/yiyi/ackermann_sim/install/saye_control' for CMake module files
[1.962s] DEBUG:colcon.colcon_core.event_handler.log_command:Invoked command in '/home/yiyi/ackermann_sim/build/saye_control' returned '0': CMAKE_PREFIX_PATH=/home/yiyi/ackermann_sim/install/saye_msgs:/home/yiyi/ackermann_sim/install/saye_control:/home/yiyi/ackermann_sim/install/saye_localization:/home/yiyi/ackermann_sim/install/saye_bringup:/home/yiyi/ackermann_sim/install/saye_description:/home/yiyi/ackermann_sim/install/saye_behaviortree:/opt/ros/jazzy/opt/gz_sim_vendor:/opt/ros/jazzy/opt/gz_sensors_vendor:/opt/ros/jazzy/opt/gz_physics_vendor:/opt/ros/jazzy/opt/sdformat_vendor:/opt/ros/jazzy/opt/gz_gui_vendor:/opt/ros/jazzy/opt/gz_transport_vendor:/opt/ros/jazzy/opt/gz_rendering_vendor:/opt/ros/jazzy/opt/gz_plugin_vendor:/opt/ros/jazzy/opt/gz_fuel_tools_vendor:/opt/ros/jazzy/opt/gz_msgs_vendor:/opt/ros/jazzy/opt/gz_common_vendor:/opt/ros/jazzy/opt/gz_math_vendor:/opt/ros/jazzy/opt/gz_utils_vendor:/opt/ros/jazzy/opt/gz_tools_vendor:/opt/ros/jazzy/opt/gz_ogre_next_vendor:/opt/ros/jazzy/opt/gz_dartsim_vendor:/opt/ros/jazzy/opt/gz_cmake_vendor:/opt/ros/jazzy /usr/bin/cmake --install /home/yiyi/ackermann_sim/build/saye_control
[1.963s] Level 1:colcon.colcon_core.environment:checking '/home/yiyi/ackermann_sim/install/saye_control' for CMake config files
[1.965s] Level 1:colcon.colcon_core.shell:create_environment_hook('saye_control', 'cmake_prefix_path')
[1.965s] INFO:colcon.colcon_core.shell:Creating environment hook '/home/yiyi/ackermann_sim/install/saye_control/share/saye_control/hook/cmake_prefix_path.ps1'
[1.966s] INFO:colcon.colcon_core.shell:Creating environment descriptor '/home/yiyi/ackermann_sim/install/saye_control/share/saye_control/hook/cmake_prefix_path.dsv'
[1.966s] INFO:colcon.colcon_core.shell:Creating environment hook '/home/yiyi/ackermann_sim/install/saye_control/share/saye_control/hook/cmake_prefix_path.sh'
[1.967s] Level 1:colcon.colcon_core.environment:checking '/home/yiyi/ackermann_sim/install/saye_control/lib'
[1.967s] Level 1:colcon.colcon_core.environment:checking '/home/yiyi/ackermann_sim/install/saye_control/bin'
[1.967s] Level 1:colcon.colcon_core.environment:checking '/home/yiyi/ackermann_sim/install/saye_control/lib/pkgconfig/saye_control.pc'
[1.967s] Level 1:colcon.colcon_core.environment:checking '/home/yiyi/ackermann_sim/install/saye_control/lib/python3.12/site-packages'
[1.967s] Level 1:colcon.colcon_core.environment:checking '/home/yiyi/ackermann_sim/install/saye_control/bin'
[1.968s] INFO:colcon.colcon_core.shell:Creating package script '/home/yiyi/ackermann_sim/install/saye_control/share/saye_control/package.ps1'
[1.968s] INFO:colcon.colcon_core.shell:Creating package descriptor '/home/yiyi/ackermann_sim/install/saye_control/share/saye_control/package.dsv'
[1.968s] INFO:colcon.colcon_core.shell:Creating package script '/home/yiyi/ackermann_sim/install/saye_control/share/saye_control/package.sh'
[1.969s] INFO:colcon.colcon_core.shell:Creating package script '/home/yiyi/ackermann_sim/install/saye_control/share/saye_control/package.bash'
[1.969s] INFO:colcon.colcon_core.shell:Creating package script '/home/yiyi/ackermann_sim/install/saye_control/share/saye_control/package.zsh'
[1.970s] Level 1:colcon.colcon_core.environment:create_file_with_runtime_dependencies(/home/yiyi/ackermann_sim/install/saye_control/share/colcon-core/packages/saye_control)
[1.970s] Level 1:colcon.colcon_core.environment:create_environment_scripts_only(saye_control)
[1.971s] Level 1:colcon.colcon_core.environment:checking '/home/yiyi/ackermann_sim/install/saye_control' for CMake module files
[1.971s] Level 1:colcon.colcon_core.environment:checking '/home/yiyi/ackermann_sim/install/saye_control' for CMake config files
[1.971s] Level 1:colcon.colcon_core.shell:create_environment_hook('saye_control', 'cmake_prefix_path')
[1.972s] INFO:colcon.colcon_core.shell:Creating environment hook '/home/yiyi/ackermann_sim/install/saye_control/share/saye_control/hook/cmake_prefix_path.ps1'
[1.972s] INFO:colcon.colcon_core.shell:Creating environment descriptor '/home/yiyi/ackermann_sim/install/saye_control/share/saye_control/hook/cmake_prefix_path.dsv'
[1.972s] INFO:colcon.colcon_core.shell:Creating environment hook '/home/yiyi/ackermann_sim/install/saye_control/share/saye_control/hook/cmake_prefix_path.sh'
[1.973s] Level 1:colcon.colcon_core.environment:checking '/home/yiyi/ackermann_sim/install/saye_control/lib'
[1.973s] Level 1:colcon.colcon_core.environment:checking '/home/yiyi/ackermann_sim/install/saye_control/bin'
[1.973s] Level 1:colcon.colcon_core.environment:checking '/home/yiyi/ackermann_sim/install/saye_control/lib/pkgconfig/saye_control.pc'
[1.973s] Level 1:colcon.colcon_core.environment:checking '/home/yiyi/ackermann_sim/install/saye_control/lib/python3.12/site-packages'
[1.974s] Level 1:colcon.colcon_core.environment:checking '/home/yiyi/ackermann_sim/install/saye_control/bin'
[1.974s] INFO:colcon.colcon_core.shell:Creating package script '/home/yiyi/ackermann_sim/install/saye_control/share/saye_control/package.ps1'
[1.974s] INFO:colcon.colcon_core.shell:Creating package descriptor '/home/yiyi/ackermann_sim/install/saye_control/share/saye_control/package.dsv'
[1.975s] INFO:colcon.colcon_core.shell:Creating package script '/home/yiyi/ackermann_sim/install/saye_control/share/saye_control/package.sh'
[1.975s] INFO:colcon.colcon_core.shell:Creating package script '/home/yiyi/ackermann_sim/install/saye_control/share/saye_control/package.bash'
[1.976s] INFO:colcon.colcon_core.shell:Creating package script '/home/yiyi/ackermann_sim/install/saye_control/share/saye_control/package.zsh'
[1.976s] Level 1:colcon.colcon_core.environment:create_file_with_runtime_dependencies(/home/yiyi/ackermann_sim/install/saye_control/share/colcon-core/packages/saye_control)
[1.977s] DEBUG:colcon.colcon_parallel_executor.executor.parallel:closing loop
[1.977s] DEBUG:colcon.colcon_parallel_executor.executor.parallel:loop closed
[1.977s] DEBUG:colcon.colcon_parallel_executor.executor.parallel:run_until_complete finished with '0'
[1.977s] DEBUG:colcon.colcon_core.event_reactor:joining thread
[2.108s] INFO:colcon.colcon_core.plugin_system:Skipping extension 'colcon_notification.desktop_notification.notify_send': Could not find 'notify-send'
[2.108s] INFO:colcon.colcon_core.plugin_system:Skipping extension 'colcon_notification.desktop_notification.terminal_notifier': Not used on non-Darwin systems
[2.109s] INFO:colcon.colcon_core.plugin_system:Skipping extension 'colcon_notification.desktop_notification.win32': Not used on non-Windows systems
[2.109s] INFO:colcon.colcon_notification.desktop_notification:Sending desktop notification using 'notify2'
[2.110s] DEBUG:colcon.colcon_notification.desktop_notification.notify2:Failed to initialize notify2: org.freedesktop.DBus.Error.ServiceUnknown: The name org.freedesktop.Notifications was not provided by any .service files
[2.111s] DEBUG:colcon.colcon_core.event_reactor:joined thread
[2.111s] INFO:colcon.colcon_core.shell:Creating prefix script '/home/yiyi/ackermann_sim/install/local_setup.ps1'
[2.112s] INFO:colcon.colcon_core.shell:Creating prefix util module '/home/yiyi/ackermann_sim/install/_local_setup_util_ps1.py'
[2.113s] INFO:colcon.colcon_core.shell:Creating prefix chain script '/home/yiyi/ackermann_sim/install/setup.ps1'
[2.114s] INFO:colcon.colcon_core.shell:Creating prefix script '/home/yiyi/ackermann_sim/install/local_setup.sh'
[2.115s] INFO:colcon.colcon_core.shell:Creating prefix util module '/home/yiyi/ackermann_sim/install/_local_setup_util_sh.py'
[2.115s] INFO:colcon.colcon_core.shell:Creating prefix chain script '/home/yiyi/ackermann_sim/install/setup.sh'
[2.117s] INFO:colcon.colcon_core.shell:Creating prefix script '/home/yiyi/ackermann_sim/install/local_setup.bash'
[2.117s] INFO:colcon.colcon_core.shell:Creating prefix chain script '/home/yiyi/ackermann_sim/install/setup.bash'
[2.118s] INFO:colcon.colcon_core.shell:Creating prefix script '/home/yiyi/ackermann_sim/install/local_setup.zsh'
[2.119s] INFO:colcon.colcon_core.shell:Creating prefix chain script '/home/yiyi/ackermann_sim/install/setup.zsh'
