[0.016s] Invoking command in '/home/yiyi/ackermann_sim/build/saye_description': CMAKE_PREFIX_PATH=${CMAKE_PREFIX_PATH}:/opt/ros/jazzy /usr/bin/cmake --build /home/yiyi/ackermann_sim/build/saye_description -- -j16 -l16
[0.055s] -- Found ament_cmake: 2.5.4 (/opt/ros/jazzy/share/ament_cmake/cmake)
[0.338s] -- Found ament_index_cpp: 1.8.1 (/opt/ros/jazzy/share/ament_index_cpp/cmake)
[0.339s] -- Looking for gz-plugin2 -- found version 2.0.4
[0.346s] -- Searching for dependencies of gz-plugin2
[0.346s] -- Looking for gz-utils2 -- found version 2.2.1
[0.346s] -- Searching for dependencies of gz-utils2
[0.347s] -- Searching for <gz-utils2> component [cli]
[0.347s] -- Looking for gz-utils2-cli -- found version 2.2.1
[0.348s] -- Searching for dependencies of gz-utils2-cli
[0.349s] -- Looking for gz-sim8 -- found version 8.9.0
[0.350s] -- Searching for dependencies of gz-sim8
[0.350s] -- Looking for sdformat14 -- found version 14.8.0
[0.350s] -- Searching for dependencies of sdformat14
[0.357s] -- Checking for module 'tinyxml2'
[0.381s] --   Found tinyxml2, version 10.0.0
[0.437s] -- Looking for gz-math7 -- found version 7.5.2
[0.437s] -- Searching for dependencies of gz-math7
[0.437s] -- Looking for gz-utils2 -- found version 2.2.1
[0.438s] -- Looking for gz-utils2 -- found version 2.2.1
[0.439s] -- Looking for gz-plugin2 -- found version 2.0.4
[0.440s] -- Searching for dependencies of gz-plugin2
[0.440s] -- Looking for gz-utils2 -- found version 2.2.1
[0.440s] -- Searching for <gz-plugin2> component [loader]
[0.441s] -- Looking for gz-plugin2-loader -- found version 2.0.4
[0.441s] -- Searching for dependencies of gz-plugin2-loader
[0.442s] -- Searching for <gz-plugin2> component [register]
[0.442s] -- Looking for gz-plugin2-register -- found version 2.0.4
[0.442s] -- Searching for dependencies of gz-plugin2-register
[0.443s] -- Looking for gz-transport13 -- found version 13.4.1
[0.443s] -- Searching for dependencies of gz-transport13
[5.554s] -- Config-file not installed for ZeroMQ -- checking for pkg-config
[5.560s] -- Checking for module 'libzmq >= 4'
[5.584s] --   Found libzmq, version 4.3.5
[5.666s] -- Checking for module 'uuid'
[5.692s] --   Found uuid, version 2.39.3
[5.752s] -- Looking for gz-utils2 -- found version 2.2.1
[5.752s] -- Looking for gz-msgs10 -- found version 10.3.2
[5.753s] -- Searching for dependencies of gz-msgs10
[8.380s] -- Looking for gz-utils2 -- found version 2.2.1
[8.380s] -- Looking for gz-math7 -- found version 7.5.2
[8.390s] -- Searching for <gz-transport13> component [log]
[8.391s] -- Looking for gz-transport13-log -- found version 13.4.1
[8.391s] -- Searching for dependencies of gz-transport13-log
[8.391s] -- Searching for <gz-transport13> component [parameters]
[8.392s] -- Looking for gz-transport13-parameters -- found version 13.4.1
[8.392s] -- Searching for dependencies of gz-transport13-parameters
[8.393s] -- Looking for gz-msgs10 -- found version 10.3.2
[8.394s] -- Looking for gz-common5 -- found version 5.7.1
[8.394s] -- Searching for dependencies of gz-common5
[8.395s] -- Looking for gz-utils2 -- found version 2.2.1
[8.395s] -- Looking for dlfcn.h - found
[8.395s] -- Looking for libdl - found
[8.407s] -- Searching for <gz-common5> component [av]
[8.407s] -- Looking for gz-common5-av -- found version 5.7.1
[8.408s] -- Searching for dependencies of gz-common5-av
[8.415s] -- Checking for module 'libswscale'
[8.442s] --   Found libswscale, version 7.5.100
[8.515s] -- Checking for module 'libavdevice >= 56.4.100'
[8.542s] --   Found libavdevice, version 60.3.100
[8.635s] -- Checking for module 'libavformat'
[8.663s] --   Found libavformat, version 60.16.100
[8.746s] -- Checking for module 'libavcodec'
[8.775s] --   Found libavcodec, version 60.31.102
[8.854s] -- Checking for module 'libavutil'
[8.882s] --   Found libavutil, version 58.29.100
[8.947s] -- Searching for <gz-common5> component [events]
[8.948s] -- Looking for gz-common5-events -- found version 5.7.1
[8.948s] -- Searching for dependencies of gz-common5-events
[8.948s] -- Looking for gz-math7 -- found version 7.5.2
[8.949s] -- Searching for <gz-common5> component [graphics]
[8.949s] -- Looking for gz-common5-graphics -- found version 5.7.1
[8.950s] -- Searching for dependencies of gz-common5-graphics
[8.950s] -- Looking for gz-math7 -- found version 7.5.2
[8.954s] -- Searching for <gz-common5> component [io]
[8.954s] -- Looking for gz-common5-io -- found version 5.7.1
[8.954s] -- Searching for dependencies of gz-common5-io
[8.955s] -- Searching for <gz-common5> component [profiler]
[8.955s] -- Looking for gz-common5-profiler -- found version 5.7.1
[8.956s] -- Searching for dependencies of gz-common5-profiler
[8.957s] -- Looking for gz-fuel_tools9 -- found version 9.1.1
[8.957s] -- Searching for dependencies of gz-fuel_tools9
[12.205s] -- Checking for module 'jsoncpp'
[12.231s] --   Found jsoncpp, version 1.9.5
[14.761s] -- Checking for module 'yaml-0.1'
[14.785s] --   Found yaml-0.1, version 0.2.5
[14.852s] -- Checking for module 'libzip'
[14.879s] --   Found libzip, version 1.7.3
[14.939s] -- Looking for gz-utils2 -- found version 2.2.1
[14.939s] -- Looking for gz-common5 -- found version 5.7.1
[14.939s] -- Searching for dependencies of gz-common5
[14.940s] -- Looking for gz-utils2 -- found version 2.2.1
[14.940s] -- Looking for dlfcn.h - found
[14.940s] -- Looking for libdl - found
[14.950s] -- Searching for <gz-common5> component [testing]
[14.951s] -- Looking for gz-common5-testing -- found version 5.7.1
[14.951s] -- Searching for dependencies of gz-common5-testing
[14.952s] -- Looking for gz-math7 -- found version 7.5.2
[14.952s] -- Looking for gz-msgs10 -- found version 10.3.2
[14.954s] -- Looking for gz-gui8 -- found version 8.4.0
[14.954s] -- Searching for dependencies of gz-gui8
[17.427s] -- Looking for gz-utils2 -- found version 2.2.1
[17.428s] -- Looking for gz-math7 -- found version 7.5.2
[17.428s] -- Looking for gz-common5 -- found version 5.7.1
[17.430s] -- Looking for gz-plugin2 -- found version 2.0.4
[17.430s] -- Looking for gz-transport13 -- found version 13.4.1
[17.430s] -- Looking for gz-rendering8 -- found version 8.2.2
[17.431s] -- Searching for dependencies of gz-rendering8
[17.431s] -- Looking for gz-math7 -- found version 7.5.2
[17.431s] -- Searching for dependencies of gz-math7
[17.431s] -- Looking for gz-utils2 -- found version 2.2.1
[17.431s] -- Searching for <gz-math7> component [eigen3]
[17.432s] -- Looking for gz-math7-eigen3 -- found version 7.5.2
[17.432s] -- Searching for dependencies of gz-math7-eigen3
[17.434s] -- Looking for gz-common5 -- found version 5.7.1
[17.434s] -- Searching for dependencies of gz-common5
[17.435s] -- Looking for gz-utils2 -- found version 2.2.1
[17.435s] -- Looking for dlfcn.h - found
[17.435s] -- Looking for libdl - found
[17.445s] -- Searching for <gz-common5> component [graphics]
[17.445s] -- Searching for <gz-common5> component [events]
[17.445s] -- Searching for <gz-common5> component [geospatial]
[17.446s] -- Looking for gz-common5-geospatial -- found version 5.7.1
[17.446s] -- Searching for dependencies of gz-common5-geospatial
[17.446s] -- Looking for gz-math7 -- found version 7.5.2
[17.446s] -- Looking for gz-common5 -- found version 5.7.1
[17.447s] -- Looking for gz-plugin2 -- found version 2.0.4
[17.448s] -- Searching for dependencies of gz-plugin2
[17.448s] -- Looking for gz-utils2 -- found version 2.2.1
[17.448s] -- Searching for <gz-plugin2> component [all]
[17.449s] -- Looking for all libraries of gz-plugin2 -- found version 2.0.4
[17.449s] -- Looking for gz-plugin2 -- found version 2.0.4
[17.450s] -- Looking for gz-utils2 -- found version 2.2.1
[17.567s] -- Looking for gz-msgs10 -- found version 10.3.2
[17.818s] -- Looking for gz-physics7 -- found version 7.5.0
[17.818s] -- Searching for dependencies of gz-physics7
[17.819s] -- Looking for gz-common5 -- found version 5.7.1
[17.819s] -- Looking for gz-math7 -- found version 7.5.2
[17.820s] -- Looking for gz-plugin2 -- found version 2.0.4
[17.820s] -- Looking for gz-utils2 -- found version 2.2.1
[17.822s] -- Searching for <gz-physics7> component [heightmap]
[17.822s] -- Looking for gz-physics7-heightmap -- found version 7.5.0
[17.822s] -- Searching for dependencies of gz-physics7-heightmap
[17.823s] -- Looking for gz-common5 -- found version 5.7.1
[17.823s] -- Searching for <gz-physics7> component [mesh]
[17.824s] -- Looking for gz-physics7-mesh -- found version 7.5.0
[17.824s] -- Searching for dependencies of gz-physics7-mesh
[17.824s] -- Looking for gz-common5 -- found version 5.7.1
[17.825s] -- Searching for <gz-physics7> component [sdf]
[17.825s] -- Looking for gz-physics7-sdf -- found version 7.5.0
[17.825s] -- Searching for dependencies of gz-physics7-sdf
[17.826s] -- Looking for sdformat14 -- found version 14.8.0
[17.827s] -- Looking for gz-sensors8 -- found version 8.2.2
[17.827s] -- Searching for dependencies of gz-sensors8
[20.278s] -- Looking for gz-math7 -- found version 7.5.2
[20.278s] -- Looking for gz-common5 -- found version 5.7.1
[20.279s] -- Looking for gz-transport13 -- found version 13.4.1
[20.279s] -- Looking for gz-rendering8 -- found version 8.2.2
[20.280s] -- Looking for gz-msgs10 -- found version 10.3.2
[20.280s] -- Looking for sdformat14 -- found version 14.8.0
[20.281s] -- Searching for <gz-sensors8> component [air_pressure]
[20.282s] -- Looking for gz-sensors8-air_pressure -- found version 8.2.2
[20.282s] -- Searching for dependencies of gz-sensors8-air_pressure
[20.283s] -- Searching for <gz-sensors8> component [air_speed]
[20.283s] -- Looking for gz-sensors8-air_speed -- found version 8.2.2
[20.283s] -- Searching for dependencies of gz-sensors8-air_speed
[20.284s] -- Searching for <gz-sensors8> component [altimeter]
[20.284s] -- Looking for gz-sensors8-altimeter -- found version 8.2.2
[20.284s] -- Searching for dependencies of gz-sensors8-altimeter
[20.285s] -- Searching for <gz-sensors8> component [imu]
[20.285s] -- Looking for gz-sensors8-imu -- found version 8.2.2
[20.286s] -- Searching for dependencies of gz-sensors8-imu
[20.286s] -- Searching for <gz-sensors8> component [force_torque]
[20.287s] -- Looking for gz-sensors8-force_torque -- found version 8.2.2
[20.287s] -- Searching for dependencies of gz-sensors8-force_torque
[20.287s] -- Searching for <gz-sensors8> component [logical_camera]
[20.288s] -- Looking for gz-sensors8-logical_camera -- found version 8.2.2
[20.288s] -- Searching for dependencies of gz-sensors8-logical_camera
[20.289s] -- Searching for <gz-sensors8> component [magnetometer]
[20.289s] -- Looking for gz-sensors8-magnetometer -- found version 8.2.2
[20.289s] -- Searching for dependencies of gz-sensors8-magnetometer
[20.290s] -- Searching for <gz-sensors8> component [navsat]
[20.290s] -- Looking for gz-sensors8-navsat -- found version 8.2.2
[20.291s] -- Searching for dependencies of gz-sensors8-navsat
[20.291s] -- Searching for <gz-sensors8> component [dvl]
[20.291s] -- Looking for gz-sensors8-dvl -- found version 8.2.2
[20.292s] -- Searching for dependencies of gz-sensors8-dvl
[20.292s] -- Looking for gz-sensors8 -- found version 8.2.2
[20.293s] -- Searching for dependencies of gz-sensors8
[22.728s] -- Looking for gz-math7 -- found version 7.5.2
[22.728s] -- Looking for gz-common5 -- found version 5.7.1
[22.728s] -- Looking for gz-transport13 -- found version 13.4.1
[22.729s] -- Looking for gz-rendering8 -- found version 8.2.2
[22.729s] -- Looking for gz-msgs10 -- found version 10.3.2
[22.730s] -- Looking for sdformat14 -- found version 14.8.0
[22.730s] -- Searching for <gz-sensors8> component [rendering]
[22.731s] -- Looking for gz-sensors8-rendering -- found version 8.2.2
[22.731s] -- Searching for dependencies of gz-sensors8-rendering
[22.732s] -- Searching for <gz-sensors8> component [rendering]
[22.732s] -- Searching for <gz-sensors8> component [lidar]
[22.733s] -- Looking for gz-sensors8-lidar -- found version 8.2.2
[22.734s] -- Searching for dependencies of gz-sensors8-lidar
[22.734s] -- Looking for gz-sensors8 -- found version 8.2.2
[22.734s] -- Searching for <gz-sensors8> component [gpu_lidar]
[22.735s] -- Looking for gz-sensors8-gpu_lidar -- found version 8.2.2
[22.735s] -- Searching for dependencies of gz-sensors8-gpu_lidar
[22.735s] -- Looking for gz-sensors8 -- found version 8.2.2
[22.736s] -- Searching for <gz-sensors8> component [camera]
[22.736s] -- Looking for gz-sensors8-camera -- found version 8.2.2
[22.737s] -- Searching for dependencies of gz-sensors8-camera
[22.737s] -- Looking for gz-sensors8 -- found version 8.2.2
[22.738s] -- Searching for <gz-sensors8> component [boundingbox_camera]
[22.738s] -- Looking for gz-sensors8-boundingbox_camera -- found version 8.2.2
[22.738s] -- Searching for dependencies of gz-sensors8-boundingbox_camera
[22.739s] -- Searching for <gz-sensors8> component [segmentation_camera]
[22.739s] -- Looking for gz-sensors8-segmentation_camera -- found version 8.2.2
[22.739s] -- Searching for dependencies of gz-sensors8-segmentation_camera
[22.740s] -- Searching for <gz-sensors8> component [depth_camera]
[22.741s] -- Looking for gz-sensors8-depth_camera -- found version 8.2.2
[22.741s] -- Searching for dependencies of gz-sensors8-depth_camera
[22.741s] -- Looking for gz-sensors8 -- found version 8.2.2
[22.742s] -- Searching for <gz-sensors8> component [rgbd_camera]
[22.742s] -- Looking for gz-sensors8-rgbd_camera -- found version 8.2.2
[22.743s] -- Searching for dependencies of gz-sensors8-rgbd_camera
[22.743s] -- Looking for gz-sensors8 -- found version 8.2.2
[22.743s] -- Searching for <gz-sensors8> component [thermal_camera]
[22.744s] -- Looking for gz-sensors8-thermal_camera -- found version 8.2.2
[22.744s] -- Searching for dependencies of gz-sensors8-thermal_camera
[22.744s] -- Looking for gz-sensors8 -- found version 8.2.2
[22.745s] -- Searching for <gz-sensors8> component [wide_angle_camera]
[22.745s] -- Looking for gz-sensors8-wide_angle_camera -- found version 8.2.2
[22.746s] -- Searching for dependencies of gz-sensors8-wide_angle_camera
[22.747s] -- Looking for gz-rendering8 -- found version 8.2.2
[22.747s] -- Looking for gz-math7 -- found version 7.5.2
[22.748s] -- Looking for gz-utils2 -- found version 2.2.1
[25.228s] -- Found robot_state_publisher: 3.3.3 (/opt/ros/jazzy/share/robot_state_publisher/cmake)
[25.367s] -- Found rosidl_generator_c: 4.6.6 (/opt/ros/jazzy/share/rosidl_generator_c/cmake)
[25.377s] -- Found rosidl_generator_cpp: 4.6.6 (/opt/ros/jazzy/share/rosidl_generator_cpp/cmake)
[25.392s] -- Using all available rosidl_typesupport_c: rosidl_typesupport_fastrtps_c;rosidl_typesupport_introspection_c
[25.407s] -- Using all available rosidl_typesupport_cpp: rosidl_typesupport_fastrtps_cpp;rosidl_typesupport_introspection_cpp
[25.482s] -- Found rmw_implementation_cmake: 7.3.2 (/opt/ros/jazzy/share/rmw_implementation_cmake/cmake)
[25.483s] -- Found rmw_fastrtps_cpp: 8.4.3 (/opt/ros/jazzy/share/rmw_fastrtps_cpp/cmake)
[26.029s] -- Using RMW implementation 'rmw_fastrtps_cpp' as default
[26.662s] -- Found xacro: 2.1.1 (/opt/ros/jazzy/share/xacro/cmake)
[26.663s] -- Found ament_lint_auto: 0.17.3 (/opt/ros/jazzy/share/ament_lint_auto/cmake)
[26.782s] -- Added test 'cppcheck' to perform static code analysis on C / C++ code
[26.782s] -- Configured cppcheck include dirs: /home/yiyi/ackermann_sim/src/ackermann-vehicle-gzsim-ros2/saye_description/plugins/pedestrian_manager/include
[26.782s] -- Configured cppcheck exclude dirs and/or files: 
[26.784s] -- Added test 'lint_cmake' to check CMake code style
[26.792s] -- Added test 'uncrustify' to check C / C++ code style
[26.792s] -- Configured uncrustify additional arguments: 
[26.793s] -- Added test 'xmllint' to check XML markup files
[26.794s] -- Configuring done (26.7s)
[26.857s] -- Generating done (0.0s)
[26.865s] -- Build files have been written to: /home/yiyi/ackermann_sim/build/saye_description
[26.930s] [ 50%] Building CXX object CMakeFiles/pedestrian_manager_system.dir/plugins/pedestrian_manager/src/pedestrian_manager_system.cpp.o
[27.635s] /home/yiyi/ackermann_sim/src/ackermann-vehicle-gzsim-ros2/saye_description/plugins/pedestrian_manager/src/pedestrian_manager_system.cpp:17:10: fatal error: sdf/SDF.hh: No such file or directory
[27.635s]    17 | #include <sdf/SDF.hh>
[27.635s]       |          ^~~~~~~~~~~~
[27.635s] compilation terminated.
[27.643s] gmake[2]: *** [CMakeFiles/pedestrian_manager_system.dir/build.make:76: CMakeFiles/pedestrian_manager_system.dir/plugins/pedestrian_manager/src/pedestrian_manager_system.cpp.o] Error 1
[27.644s] gmake[1]: *** [CMakeFiles/Makefile2:137: CMakeFiles/pedestrian_manager_system.dir/all] Error 2
[27.644s] gmake: *** [Makefile:146: all] Error 2
[27.647s] Invoked command in '/home/yiyi/ackermann_sim/build/saye_description' returned '2': CMAKE_PREFIX_PATH=${CMAKE_PREFIX_PATH}:/opt/ros/jazzy /usr/bin/cmake --build /home/yiyi/ackermann_sim/build/saye_description -- -j16 -l16
