-- The C compiler identification is GNU 13.3.0
-- The CXX compiler identification is GNU 13.3.0
-- Detecting C compiler ABI info
-- Detecting C compiler ABI info - done
-- Check for working C compiler: /usr/bin/cc - skipped
-- Detecting C compile features
-- Detecting C compile features - done
-- Detecting CXX compiler ABI info
-- Detecting CXX compiler ABI info - done
-- Check for working CXX compiler: /usr/bin/c++ - skipped
-- Detecting CXX compile features
-- Detecting CXX compile features - done
-- Found ament_cmake: 2.5.4 (/opt/ros/jazzy/share/ament_cmake/cmake)
-- Found Python3: /usr/bin/python3 (found version "3.12.3") found components: Interpreter 
-- Found rclcpp: 28.1.12 (/opt/ros/jazzy/share/rclcpp/cmake)
-- Found rosidl_generator_c: 4.6.6 (/opt/ros/jazzy/share/rosidl_generator_c/cmake)
-- Found rosidl_generator_cpp: 4.6.6 (/opt/ros/jazzy/share/rosidl_generator_cpp/cmake)
-- Using all available rosidl_typesupport_c: rosidl_typesupport_fastrtps_c;rosidl_typesupport_introspection_c
-- Using all available rosidl_typesupport_cpp: rosidl_typesupport_fastrtps_cpp;rosidl_typesupport_introspection_cpp
-- Found rmw_implementation_cmake: 7.3.2 (/opt/ros/jazzy/share/rmw_implementation_cmake/cmake)
-- Found rmw_fastrtps_cpp: 8.4.3 (/opt/ros/jazzy/share/rmw_fastrtps_cpp/cmake)
-- Found OpenSSL: /usr/lib/x86_64-linux-gnu/libcrypto.so (found version "3.0.13")  
-- Found FastRTPS: /opt/ros/jazzy/include (Required is at least version "2.13") 
-- Using RMW implementation 'rmw_fastrtps_cpp' as default
-- Found nav2_mppi_controller: 1.3.9 (/opt/ros/jazzy/share/nav2_mppi_controller/cmake)
-- Found eigen3_cmake_module: 0.3.0 (/opt/ros/jazzy/share/eigen3_cmake_module/cmake)
-- Found Eigen3: TRUE (found version "3.4.0") 
-- Ensuring Eigen3 include directory is part of orocos-kdl CMake target
-- Found saye_msgs: 0.0.0 (/home/yiyi/ackermann_sim/install/saye_msgs/share/saye_msgs/cmake)
-- Configuring done (12.5s)
-- Generating done (0.2s)
-- Build files have been written to: /home/yiyi/ackermann_sim/build/saye_rapa_mppi
[ 50%] Building CXX object CMakeFiles/saye_rapa_mppi.dir/src/risk_aware_critic.cpp.o
In file included from /home/yiyi/ackermann_sim/src/ackermann-vehicle-gzsim-ros2/saye_rapa_mppi/src/risk_aware_critic.cpp:1:
/home/yiyi/ackermann_sim/src/ackermann-vehicle-gzsim-ros2/saye_rapa_mppi/include/saye_rapa_mppi/risk_aware_critic.hpp:17:32: error: ‘nav2_mppi_controller’ has not been declared
   17 | class RiskAwareCritic : public nav2_mppi_controller::critics::CriticFunction
      |                                ^~~~~~~~~~~~~~~~~~~~
/home/yiyi/ackermann_sim/src/ackermann-vehicle-gzsim-ros2/saye_rapa_mppi/include/saye_rapa_mppi/risk_aware_critic.hpp:17:63: error: expected ‘{’ before ‘CriticFunction’
   17 | class RiskAwareCritic : public nav2_mppi_controller::critics::CriticFunction
      |                                                               ^~~~~~~~~~~~~~
/home/yiyi/ackermann_sim/src/ackermann-vehicle-gzsim-ros2/saye_rapa_mppi/include/saye_rapa_mppi/risk_aware_critic.hpp:19:1: error: expected primary-expression before ‘public’
   19 | public:
      | ^~~~~~
/home/yiyi/ackermann_sim/src/ackermann-vehicle-gzsim-ros2/saye_rapa_mppi/include/saye_rapa_mppi/risk_aware_critic.hpp:19:1: error: expected ‘}’ before ‘public’
/home/yiyi/ackermann_sim/src/ackermann-vehicle-gzsim-ros2/saye_rapa_mppi/include/saye_rapa_mppi/risk_aware_critic.hpp:18:1: note: to match this ‘{’
   18 | {
      | ^
/home/yiyi/ackermann_sim/src/ackermann-vehicle-gzsim-ros2/saye_rapa_mppi/include/saye_rapa_mppi/risk_aware_critic.hpp:21:8: error: variable or field ‘score’ declared void
   21 |   void score(CriticData & data) override;
      |        ^~~~~
/home/yiyi/ackermann_sim/src/ackermann-vehicle-gzsim-ros2/saye_rapa_mppi/include/saye_rapa_mppi/risk_aware_critic.hpp:21:14: error: ‘CriticData’ was not declared in this scope; did you mean ‘mppi::CriticData’?
   21 |   void score(CriticData & data) override;
      |              ^~~~~~~~~~
      |              mppi::CriticData
In file included from /opt/ros/jazzy/include/nav2_mppi_controller/critic_function.hpp:25,
                 from /home/yiyi/ackermann_sim/src/ackermann-vehicle-gzsim-ros2/saye_rapa_mppi/include/saye_rapa_mppi/risk_aware_critic.hpp:9:
/opt/ros/jazzy/include/nav2_mppi_controller/critic_data.hpp:44:8: note: ‘mppi::CriticData’ declared here
   44 | struct CriticData
      |        ^~~~~~~~~~
/home/yiyi/ackermann_sim/src/ackermann-vehicle-gzsim-ros2/saye_rapa_mppi/include/saye_rapa_mppi/risk_aware_critic.hpp:21:27: error: ‘data’ was not declared in this scope
   21 |   void score(CriticData & data) override;
      |                           ^~~~
/home/yiyi/ackermann_sim/src/ackermann-vehicle-gzsim-ros2/saye_rapa_mppi/include/saye_rapa_mppi/risk_aware_critic.hpp:21:27: note: suggested alternatives:
In file included from /usr/include/c++/13/string:53,
                 from /home/yiyi/ackermann_sim/src/ackermann-vehicle-gzsim-ros2/saye_rapa_mppi/include/saye_rapa_mppi/risk_aware_critic.hpp:5:
/usr/include/c++/13/bits/range_access.h:346:5: note:   ‘std::data’
  346 |     data(initializer_list<_Tp> __il) noexcept
      |     ^~~~
/usr/include/c++/13/bits/range_access.h:314:5: note:   ‘std::data’
  314 |     data(_Container& __cont) noexcept(noexcept(__cont.data()))
      |     ^~~~
/home/yiyi/ackermann_sim/src/ackermann-vehicle-gzsim-ros2/saye_rapa_mppi/include/saye_rapa_mppi/risk_aware_critic.hpp:23:1: error: expected unqualified-id before ‘protected’
   23 | protected:
      | ^~~~~~~~~
/home/yiyi/ackermann_sim/src/ackermann-vehicle-gzsim-ros2/saye_rapa_mppi/include/saye_rapa_mppi/risk_aware_critic.hpp:27:1: error: expected unqualified-id before ‘private’
   27 | private:
      | ^~~~~~~
/home/yiyi/ackermann_sim/src/ackermann-vehicle-gzsim-ros2/saye_rapa_mppi/include/saye_rapa_mppi/risk_aware_critic.hpp:38:1: error: expected declaration before ‘}’ token
   38 | }  // namespace saye_rapa_mppi
      | ^
/home/yiyi/ackermann_sim/src/ackermann-vehicle-gzsim-ros2/saye_rapa_mppi/src/risk_aware_critic.cpp:6:34: error: invalid use of incomplete type ‘class saye_rapa_mppi::RiskAwareCritic’
    6 | void RiskAwareCritic::initialize()
      |                                  ^
/home/yiyi/ackermann_sim/src/ackermann-vehicle-gzsim-ros2/saye_rapa_mppi/include/saye_rapa_mppi/risk_aware_critic.hpp:17:7: note: forward declaration of ‘class saye_rapa_mppi::RiskAwareCritic’
   17 | class RiskAwareCritic : public nav2_mppi_controller::critics::CriticFunction
      |       ^~~~~~~~~~~~~~~
/home/yiyi/ackermann_sim/src/ackermann-vehicle-gzsim-ros2/saye_rapa_mppi/src/risk_aware_critic.cpp:27:61: error: invalid use of incomplete type ‘class saye_rapa_mppi::RiskAwareCritic’
   27 |   const saye_msgs::msg::PedestrianPredictions::SharedPtr msg)
      |                                                             ^
/home/yiyi/ackermann_sim/src/ackermann-vehicle-gzsim-ros2/saye_rapa_mppi/include/saye_rapa_mppi/risk_aware_critic.hpp:17:7: note: forward declaration of ‘class saye_rapa_mppi::RiskAwareCritic’
   17 | class RiskAwareCritic : public nav2_mppi_controller::critics::CriticFunction
      |       ^~~~~~~~~~~~~~~
/home/yiyi/ackermann_sim/src/ackermann-vehicle-gzsim-ros2/saye_rapa_mppi/src/risk_aware_critic.cpp:33:29: error: invalid use of incomplete type ‘class saye_rapa_mppi::RiskAwareCritic’
   33 | void RiskAwareCritic::score(CriticData & data)
      |                             ^~~~~~~~~~
/home/yiyi/ackermann_sim/src/ackermann-vehicle-gzsim-ros2/saye_rapa_mppi/include/saye_rapa_mppi/risk_aware_critic.hpp:17:7: note: forward declaration of ‘class saye_rapa_mppi::RiskAwareCritic’
   17 | class RiskAwareCritic : public nav2_mppi_controller::critics::CriticFunction
      |       ^~~~~~~~~~~~~~~
/home/yiyi/ackermann_sim/src/ackermann-vehicle-gzsim-ros2/saye_rapa_mppi/src/risk_aware_critic.cpp:33:29: error: ‘CriticData’ was not declared in this scope; did you mean ‘mppi::CriticData’?
   33 | void RiskAwareCritic::score(CriticData & data)
      |                             ^~~~~~~~~~
      |                             mppi::CriticData
/opt/ros/jazzy/include/nav2_mppi_controller/critic_data.hpp:44:8: note: ‘mppi::CriticData’ declared here
   44 | struct CriticData
      |        ^~~~~~~~~~
/home/yiyi/ackermann_sim/src/ackermann-vehicle-gzsim-ros2/saye_rapa_mppi/src/risk_aware_critic.cpp:33:42: error: ‘data’ was not declared in this scope
   33 | void RiskAwareCritic::score(CriticData & data)
      |                                          ^~~~
/home/yiyi/ackermann_sim/src/ackermann-vehicle-gzsim-ros2/saye_rapa_mppi/src/risk_aware_critic.cpp:33:42: note: suggested alternatives:
/usr/include/c++/13/bits/range_access.h:346:5: note:   ‘std::data’
  346 |     data(initializer_list<_Tp> __il) noexcept
      |     ^~~~
/usr/include/c++/13/bits/range_access.h:314:5: note:   ‘std::data’
  314 |     data(_Container& __cont) noexcept(noexcept(__cont.data()))
      |     ^~~~
In file included from /opt/ros/jazzy/include/class_loader/class_loader/class_loader.hpp:56,
                 from /opt/ros/jazzy/include/class_loader/class_loader/multi_library_class_loader.hpp:52,
                 from /opt/ros/jazzy/include/pluginlib/pluginlib/class_loader.hpp:38,
                 from /opt/ros/jazzy/include/nav2_costmap_2d/nav2_costmap_2d/costmap_2d_ros.hpp:56,
                 from /opt/ros/jazzy/include/nav2_mppi_controller/critic_function.hpp:22:
/home/yiyi/ackermann_sim/src/ackermann-vehicle-gzsim-ros2/saye_rapa_mppi/src/risk_aware_critic.cpp:58:3: error: ‘nav2_mppi_controller’ does not name a type
   58 |   nav2_mppi_controller::critics::CriticFunction
      |   ^~~~~~~~~~~~~~~~~~~~
/home/yiyi/ackermann_sim/src/ackermann-vehicle-gzsim-ros2/saye_rapa_mppi/src/risk_aware_critic.cpp: In constructor ‘{anonymous}::ProxyExec0::ProxyExec0()’:
/home/yiyi/ackermann_sim/src/ackermann-vehicle-gzsim-ros2/saye_rapa_mppi/src/risk_aware_critic.cpp:56:1: error: ‘_base’ was not declared in this scope; did you mean ‘__bases’?
   56 | PLUGINLIB_EXPORT_CLASS(
      | ^~~~~~~~~~~~~~~~~~~~~~
/home/yiyi/ackermann_sim/src/ackermann-vehicle-gzsim-ros2/saye_rapa_mppi/src/risk_aware_critic.cpp:56:1: error: no matching function for call to ‘registerPlugin<{anonymous}::ProxyExec0::_derived, <expression error> >(const char [32], const char [46])’
   56 | PLUGINLIB_EXPORT_CLASS(
      | ^~~~~~~~~~~~~~~~~~~~~~
In file included from /opt/ros/jazzy/include/class_loader/class_loader/class_loader.hpp:55:
/opt/ros/jazzy/include/class_loader/class_loader/class_loader_core.hpp:241:1: note: candidate: ‘template<class Derived, class Base> class_loader::impl::UniquePtr<class_loader::impl::AbstractMetaObjectBase> class_loader::impl::registerPlugin(const std::string&, const std::string&)’
  241 | registerPlugin(const std::string & class_name, const std::string & base_class_name)
      | ^~~~~~~~~~~~~~
/opt/ros/jazzy/include/class_loader/class_loader/class_loader_core.hpp:241:1: note:   template argument deduction/substitution failed:
/home/yiyi/ackermann_sim/src/ackermann-vehicle-gzsim-ros2/saye_rapa_mppi/src/risk_aware_critic.cpp:56:1: error: template argument 2 is invalid
   56 | PLUGINLIB_EXPORT_CLASS(
      | ^~~~~~~~~~~~~~~~~~~~~~
gmake[2]: *** [CMakeFiles/saye_rapa_mppi.dir/build.make:76: CMakeFiles/saye_rapa_mppi.dir/src/risk_aware_critic.cpp.o] Error 1
gmake[1]: *** [CMakeFiles/Makefile2:137: CMakeFiles/saye_rapa_mppi.dir/all] Error 2
gmake: *** [Makefile:146: all] Error 2
