[0.016s] Invoking command in '/home/yiyi/ackermann_sim/build/saye_description': CMAKE_PREFIX_PATH=${CMAKE_PREFIX_PATH}:/opt/ros/jazzy /usr/bin/cmake --build /home/yiyi/ackermann_sim/build/saye_description -- -j16 -l16
[0.060s] -- Found ament_cmake: 2.5.4 (/opt/ros/jazzy/share/ament_cmake/cmake)
[0.349s] -- Found ament_index_cpp: 1.8.1 (/opt/ros/jazzy/share/ament_index_cpp/cmake)
[0.350s] -- Looking for gz-plugin2 -- found version 2.0.4
[0.358s] -- Searching for dependencies of gz-plugin2
[0.358s] -- Looking for gz-utils2 -- found version 2.2.1
[0.358s] -- Searching for dependencies of gz-utils2
[0.359s] -- Searching for <gz-utils2> component [cli]
[0.359s] -- Looking for gz-utils2-cli -- found version 2.2.1
[0.359s] -- Searching for dependencies of gz-utils2-cli
[0.361s] -- Looking for gz-sim8 -- found version 8.9.0
[0.362s] -- Searching for dependencies of gz-sim8
[0.362s] -- Looking for sdformat14 -- found version 14.8.0
[0.362s] -- Searching for dependencies of sdformat14
[0.369s] -- Checking for module 'tinyxml2'
[0.394s] --   Found tinyxml2, version 10.0.0
[0.452s] -- Looking for gz-math7 -- found version 7.5.2
[0.453s] -- Searching for dependencies of gz-math7
[0.453s] -- Looking for gz-utils2 -- found version 2.2.1
[0.454s] -- Looking for gz-utils2 -- found version 2.2.1
[0.455s] -- Looking for gz-plugin2 -- found version 2.0.4
[0.455s] -- Searching for dependencies of gz-plugin2
[0.456s] -- Looking for gz-utils2 -- found version 2.2.1
[0.456s] -- Searching for <gz-plugin2> component [loader]
[0.456s] -- Looking for gz-plugin2-loader -- found version 2.0.4
[0.456s] -- Searching for dependencies of gz-plugin2-loader
[0.457s] -- Searching for <gz-plugin2> component [register]
[0.458s] -- Looking for gz-plugin2-register -- found version 2.0.4
[0.458s] -- Searching for dependencies of gz-plugin2-register
[0.459s] -- Looking for gz-transport13 -- found version 13.4.1
[0.460s] -- Searching for dependencies of gz-transport13
[5.873s] -- Config-file not installed for ZeroMQ -- checking for pkg-config
[5.880s] -- Checking for module 'libzmq >= 4'
[5.906s] --   Found libzmq, version 4.3.5
[5.995s] -- Checking for module 'uuid'
[6.021s] --   Found uuid, version 2.39.3
[6.081s] -- Looking for gz-utils2 -- found version 2.2.1
[6.081s] -- Looking for gz-msgs10 -- found version 10.3.2
[6.082s] -- Searching for dependencies of gz-msgs10
[8.811s] -- Looking for gz-utils2 -- found version 2.2.1
[8.811s] -- Looking for gz-math7 -- found version 7.5.2
[8.821s] -- Searching for <gz-transport13> component [log]
[8.822s] -- Looking for gz-transport13-log -- found version 13.4.1
[8.822s] -- Searching for dependencies of gz-transport13-log
[8.822s] -- Searching for <gz-transport13> component [parameters]
[8.823s] -- Looking for gz-transport13-parameters -- found version 13.4.1
[8.823s] -- Searching for dependencies of gz-transport13-parameters
[8.824s] -- Looking for gz-msgs10 -- found version 10.3.2
[8.824s] -- Looking for gz-common5 -- found version 5.7.1
[8.825s] -- Searching for dependencies of gz-common5
[8.825s] -- Looking for gz-utils2 -- found version 2.2.1
[8.825s] -- Looking for dlfcn.h - found
[8.825s] -- Looking for libdl - found
[8.837s] -- Searching for <gz-common5> component [av]
[8.837s] -- Looking for gz-common5-av -- found version 5.7.1
[8.837s] -- Searching for dependencies of gz-common5-av
[8.844s] -- Checking for module 'libswscale'
[8.872s] --   Found libswscale, version 7.5.100
[8.940s] -- Checking for module 'libavdevice >= 56.4.100'
[8.966s] --   Found libavdevice, version 60.3.100
[9.056s] -- Checking for module 'libavformat'
[9.082s] --   Found libavformat, version 60.16.100
[9.161s] -- Checking for module 'libavcodec'
[9.187s] --   Found libavcodec, version 60.31.102
[9.265s] -- Checking for module 'libavutil'
[9.292s] --   Found libavutil, version 58.29.100
[9.355s] -- Searching for <gz-common5> component [events]
[9.356s] -- Looking for gz-common5-events -- found version 5.7.1
[9.356s] -- Searching for dependencies of gz-common5-events
[9.357s] -- Looking for gz-math7 -- found version 7.5.2
[9.357s] -- Searching for <gz-common5> component [graphics]
[9.357s] -- Looking for gz-common5-graphics -- found version 5.7.1
[9.358s] -- Searching for dependencies of gz-common5-graphics
[9.358s] -- Looking for gz-math7 -- found version 7.5.2
[9.361s] -- Searching for <gz-common5> component [io]
[9.361s] -- Looking for gz-common5-io -- found version 5.7.1
[9.361s] -- Searching for dependencies of gz-common5-io
[9.362s] -- Searching for <gz-common5> component [profiler]
[9.362s] -- Looking for gz-common5-profiler -- found version 5.7.1
[9.363s] -- Searching for dependencies of gz-common5-profiler
[9.364s] -- Looking for gz-fuel_tools9 -- found version 9.1.1
[9.364s] -- Searching for dependencies of gz-fuel_tools9
[12.621s] -- Checking for module 'jsoncpp'
[12.649s] --   Found jsoncpp, version 1.9.5
[15.404s] -- Checking for module 'yaml-0.1'
[15.431s] --   Found yaml-0.1, version 0.2.5
[15.504s] -- Checking for module 'libzip'
[15.529s] --   Found libzip, version 1.7.3
[15.594s] -- Looking for gz-utils2 -- found version 2.2.1
[15.595s] -- Looking for gz-common5 -- found version 5.7.1
[15.596s] -- Searching for dependencies of gz-common5
[15.596s] -- Looking for gz-utils2 -- found version 2.2.1
[15.596s] -- Looking for dlfcn.h - found
[15.596s] -- Looking for libdl - found
[15.607s] -- Searching for <gz-common5> component [testing]
[15.607s] -- Looking for gz-common5-testing -- found version 5.7.1
[15.607s] -- Searching for dependencies of gz-common5-testing
[15.608s] -- Looking for gz-math7 -- found version 7.5.2
[15.609s] -- Looking for gz-msgs10 -- found version 10.3.2
[15.610s] -- Looking for gz-gui8 -- found version 8.4.0
[15.611s] -- Searching for dependencies of gz-gui8
[18.325s] -- Looking for gz-utils2 -- found version 2.2.1
[18.325s] -- Looking for gz-math7 -- found version 7.5.2
[18.326s] -- Looking for gz-common5 -- found version 5.7.1
[18.326s] -- Looking for gz-plugin2 -- found version 2.0.4
[18.327s] -- Looking for gz-transport13 -- found version 13.4.1
[18.327s] -- Looking for gz-rendering8 -- found version 8.2.2
[18.328s] -- Searching for dependencies of gz-rendering8
[18.328s] -- Looking for gz-math7 -- found version 7.5.2
[18.328s] -- Searching for dependencies of gz-math7
[18.329s] -- Looking for gz-utils2 -- found version 2.2.1
[18.329s] -- Searching for <gz-math7> component [eigen3]
[18.329s] -- Looking for gz-math7-eigen3 -- found version 7.5.2
[18.330s] -- Searching for dependencies of gz-math7-eigen3
[18.332s] -- Looking for gz-common5 -- found version 5.7.1
[18.332s] -- Searching for dependencies of gz-common5
[18.332s] -- Looking for gz-utils2 -- found version 2.2.1
[18.333s] -- Looking for dlfcn.h - found
[18.333s] -- Looking for libdl - found
[18.344s] -- Searching for <gz-common5> component [graphics]
[18.344s] -- Searching for <gz-common5> component [events]
[18.344s] -- Searching for <gz-common5> component [geospatial]
[18.345s] -- Looking for gz-common5-geospatial -- found version 5.7.1
[18.345s] -- Searching for dependencies of gz-common5-geospatial
[18.345s] -- Looking for gz-math7 -- found version 7.5.2
[18.345s] -- Looking for gz-common5 -- found version 5.7.1
[18.347s] -- Looking for gz-plugin2 -- found version 2.0.4
[18.347s] -- Searching for dependencies of gz-plugin2
[18.348s] -- Looking for gz-utils2 -- found version 2.2.1
[18.348s] -- Searching for <gz-plugin2> component [all]
[18.348s] -- Looking for all libraries of gz-plugin2 -- found version 2.0.4
[18.349s] -- Looking for gz-plugin2 -- found version 2.0.4
[18.350s] -- Looking for gz-utils2 -- found version 2.2.1
[18.481s] -- Looking for gz-msgs10 -- found version 10.3.2
[18.752s] -- Looking for gz-physics7 -- found version 7.5.0
[18.753s] -- Searching for dependencies of gz-physics7
[18.753s] -- Looking for gz-common5 -- found version 5.7.1
[18.753s] -- Looking for gz-math7 -- found version 7.5.2
[18.754s] -- Looking for gz-plugin2 -- found version 2.0.4
[18.754s] -- Looking for gz-utils2 -- found version 2.2.1
[18.755s] -- Searching for <gz-physics7> component [heightmap]
[18.756s] -- Looking for gz-physics7-heightmap -- found version 7.5.0
[18.756s] -- Searching for dependencies of gz-physics7-heightmap
[18.756s] -- Looking for gz-common5 -- found version 5.7.1
[18.757s] -- Searching for <gz-physics7> component [mesh]
[18.757s] -- Looking for gz-physics7-mesh -- found version 7.5.0
[18.758s] -- Searching for dependencies of gz-physics7-mesh
[18.758s] -- Looking for gz-common5 -- found version 5.7.1
[18.759s] -- Searching for <gz-physics7> component [sdf]
[18.759s] -- Looking for gz-physics7-sdf -- found version 7.5.0
[18.759s] -- Searching for dependencies of gz-physics7-sdf
[18.760s] -- Looking for sdformat14 -- found version 14.8.0
[18.761s] -- Looking for gz-sensors8 -- found version 8.2.2
[18.761s] -- Searching for dependencies of gz-sensors8
[21.449s] -- Looking for gz-math7 -- found version 7.5.2
[21.449s] -- Looking for gz-common5 -- found version 5.7.1
[21.450s] -- Looking for gz-transport13 -- found version 13.4.1
[21.450s] -- Looking for gz-rendering8 -- found version 8.2.2
[21.451s] -- Looking for gz-msgs10 -- found version 10.3.2
[21.451s] -- Looking for sdformat14 -- found version 14.8.0
[21.452s] -- Searching for <gz-sensors8> component [air_pressure]
[21.452s] -- Looking for gz-sensors8-air_pressure -- found version 8.2.2
[21.453s] -- Searching for dependencies of gz-sensors8-air_pressure
[21.453s] -- Searching for <gz-sensors8> component [air_speed]
[21.454s] -- Looking for gz-sensors8-air_speed -- found version 8.2.2
[21.455s] -- Searching for dependencies of gz-sensors8-air_speed
[21.455s] -- Searching for <gz-sensors8> component [altimeter]
[21.455s] -- Looking for gz-sensors8-altimeter -- found version 8.2.2
[21.455s] -- Searching for dependencies of gz-sensors8-altimeter
[21.456s] -- Searching for <gz-sensors8> component [imu]
[21.456s] -- Looking for gz-sensors8-imu -- found version 8.2.2
[21.456s] -- Searching for dependencies of gz-sensors8-imu
[21.457s] -- Searching for <gz-sensors8> component [force_torque]
[21.457s] -- Looking for gz-sensors8-force_torque -- found version 8.2.2
[21.458s] -- Searching for dependencies of gz-sensors8-force_torque
[21.459s] -- Searching for <gz-sensors8> component [logical_camera]
[21.459s] -- Looking for gz-sensors8-logical_camera -- found version 8.2.2
[21.459s] -- Searching for dependencies of gz-sensors8-logical_camera
[21.460s] -- Searching for <gz-sensors8> component [magnetometer]
[21.460s] -- Looking for gz-sensors8-magnetometer -- found version 8.2.2
[21.460s] -- Searching for dependencies of gz-sensors8-magnetometer
[21.461s] -- Searching for <gz-sensors8> component [navsat]
[21.461s] -- Looking for gz-sensors8-navsat -- found version 8.2.2
[21.462s] -- Searching for dependencies of gz-sensors8-navsat
[21.462s] -- Searching for <gz-sensors8> component [dvl]
[21.463s] -- Looking for gz-sensors8-dvl -- found version 8.2.2
[21.463s] -- Searching for dependencies of gz-sensors8-dvl
[21.463s] -- Looking for gz-sensors8 -- found version 8.2.2
[21.464s] -- Searching for dependencies of gz-sensors8
[24.186s] -- Looking for gz-math7 -- found version 7.5.2
[24.187s] -- Looking for gz-common5 -- found version 5.7.1
[24.187s] -- Looking for gz-transport13 -- found version 13.4.1
[24.188s] -- Looking for gz-rendering8 -- found version 8.2.2
[24.188s] -- Looking for gz-msgs10 -- found version 10.3.2
[24.189s] -- Looking for sdformat14 -- found version 14.8.0
[24.189s] -- Searching for <gz-sensors8> component [rendering]
[24.190s] -- Looking for gz-sensors8-rendering -- found version 8.2.2
[24.190s] -- Searching for dependencies of gz-sensors8-rendering
[24.191s] -- Searching for <gz-sensors8> component [rendering]
[24.192s] -- Searching for <gz-sensors8> component [lidar]
[24.192s] -- Looking for gz-sensors8-lidar -- found version 8.2.2
[24.192s] -- Searching for dependencies of gz-sensors8-lidar
[24.193s] -- Looking for gz-sensors8 -- found version 8.2.2
[24.193s] -- Searching for <gz-sensors8> component [gpu_lidar]
[24.194s] -- Looking for gz-sensors8-gpu_lidar -- found version 8.2.2
[24.194s] -- Searching for dependencies of gz-sensors8-gpu_lidar
[24.194s] -- Looking for gz-sensors8 -- found version 8.2.2
[24.195s] -- Searching for <gz-sensors8> component [camera]
[24.195s] -- Looking for gz-sensors8-camera -- found version 8.2.2
[24.196s] -- Searching for dependencies of gz-sensors8-camera
[24.196s] -- Looking for gz-sensors8 -- found version 8.2.2
[24.197s] -- Searching for <gz-sensors8> component [boundingbox_camera]
[24.197s] -- Looking for gz-sensors8-boundingbox_camera -- found version 8.2.2
[24.198s] -- Searching for dependencies of gz-sensors8-boundingbox_camera
[24.198s] -- Searching for <gz-sensors8> component [segmentation_camera]
[24.199s] -- Looking for gz-sensors8-segmentation_camera -- found version 8.2.2
[24.199s] -- Searching for dependencies of gz-sensors8-segmentation_camera
[24.200s] -- Searching for <gz-sensors8> component [depth_camera]
[24.201s] -- Looking for gz-sensors8-depth_camera -- found version 8.2.2
[24.201s] -- Searching for dependencies of gz-sensors8-depth_camera
[24.201s] -- Looking for gz-sensors8 -- found version 8.2.2
[24.202s] -- Searching for <gz-sensors8> component [rgbd_camera]
[24.202s] -- Looking for gz-sensors8-rgbd_camera -- found version 8.2.2
[24.203s] -- Searching for dependencies of gz-sensors8-rgbd_camera
[24.203s] -- Looking for gz-sensors8 -- found version 8.2.2
[24.204s] -- Searching for <gz-sensors8> component [thermal_camera]
[24.204s] -- Looking for gz-sensors8-thermal_camera -- found version 8.2.2
[24.205s] -- Searching for dependencies of gz-sensors8-thermal_camera
[24.205s] -- Looking for gz-sensors8 -- found version 8.2.2
[24.206s] -- Searching for <gz-sensors8> component [wide_angle_camera]
[24.207s] -- Looking for gz-sensors8-wide_angle_camera -- found version 8.2.2
[24.208s] -- Searching for dependencies of gz-sensors8-wide_angle_camera
[24.209s] -- Looking for gz-rendering8 -- found version 8.2.2
[24.210s] -- Looking for gz-math7 -- found version 7.5.2
[24.210s] -- Looking for gz-utils2 -- found version 2.2.1
[29.639s] CMake Error at CMakeLists.txt:12 (find_package):
[29.640s]   By not providing "Findgz-transport12.cmake" in CMAKE_MODULE_PATH this
[29.640s]   project has asked CMake to find a package configuration file provided by
[29.640s]   "gz-transport12", but CMake did not find one.
[29.640s] 
[29.640s]   Could not find a package configuration file provided by "gz-transport12"
[29.640s]   with any of the following names:
[29.640s] 
[29.640s]     gz-transport12Config.cmake
[29.640s]     gz-transport12-config.cmake
[29.641s] 
[29.641s]   Add the installation prefix of "gz-transport12" to CMAKE_PREFIX_PATH or set
[29.641s]   "gz-transport12_DIR" to a directory containing one of the above files.  If
[29.641s]   "gz-transport12" provides a separate development package or SDK, be sure it
[29.641s]   has been installed.
[29.641s] 
[29.641s] 
[29.641s] -- Configuring incomplete, errors occurred!
[29.656s] gmake: *** [Makefile:281: cmake_check_build_system] Error 1
[29.661s] Invoked command in '/home/yiyi/ackermann_sim/build/saye_description' returned '2': CMAKE_PREFIX_PATH=${CMAKE_PREFIX_PATH}:/opt/ros/jazzy /usr/bin/cmake --build /home/yiyi/ackermann_sim/build/saye_description -- -j16 -l16
