[0.020s] Invoking command in '/home/yiyi/ackermann_sim/build/saye_description': CMAKE_PREFIX_PATH=${CMAKE_PREFIX_PATH}:/opt/ros/jazzy /usr/bin/cmake --build /home/yiyi/ackermann_sim/build/saye_description -- -j16 -l16
[0.074s] -- Found ament_cmake: 2.5.4 (/opt/ros/jazzy/share/ament_cmake/cmake)
[0.385s] -- Found ament_index_cpp: 1.8.1 (/opt/ros/jazzy/share/ament_index_cpp/cmake)
[0.386s] -- Looking for gz-plugin2 -- found version 2.0.4
[0.393s] -- Searching for dependencies of gz-plugin2
[0.394s] -- Looking for gz-utils2 -- found version 2.2.1
[0.394s] -- Searching for dependencies of gz-utils2
[0.395s] -- Searching for <gz-utils2> component [cli]
[0.396s] -- Looking for gz-utils2-cli -- found version 2.2.1
[0.396s] -- Searching for dependencies of gz-utils2-cli
[0.398s] -- Looking for gz-sim8 -- found version 8.9.0
[0.399s] -- Searching for dependencies of gz-sim8
[0.399s] -- Looking for sdformat14 -- found version 14.8.0
[0.399s] -- Searching for dependencies of sdformat14
[0.409s] -- Checking for module 'tinyxml2'
[0.437s] --   Found tinyxml2, version 10.0.0
[0.508s] -- Looking for gz-math7 -- found version 7.5.2
[0.509s] -- Searching for dependencies of gz-math7
[0.509s] -- Looking for gz-utils2 -- found version 2.2.1
[0.510s] -- Looking for gz-utils2 -- found version 2.2.1
[0.511s] -- Looking for gz-plugin2 -- found version 2.0.4
[0.511s] -- Searching for dependencies of gz-plugin2
[0.512s] -- Looking for gz-utils2 -- found version 2.2.1
[0.512s] -- Searching for <gz-plugin2> component [loader]
[0.513s] -- Looking for gz-plugin2-loader -- found version 2.0.4
[0.513s] -- Searching for dependencies of gz-plugin2-loader
[0.514s] -- Searching for <gz-plugin2> component [register]
[0.514s] -- Looking for gz-plugin2-register -- found version 2.0.4
[0.514s] -- Searching for dependencies of gz-plugin2-register
[0.515s] -- Looking for gz-transport13 -- found version 13.4.1
[0.515s] -- Searching for dependencies of gz-transport13
[6.403s] -- Config-file not installed for ZeroMQ -- checking for pkg-config
[6.411s] -- Checking for module 'libzmq >= 4'
[6.440s] --   Found libzmq, version 4.3.5
[6.539s] -- Checking for module 'uuid'
[6.568s] --   Found uuid, version 2.39.3
[6.639s] -- Looking for gz-utils2 -- found version 2.2.1
[6.639s] -- Looking for gz-msgs10 -- found version 10.3.2
[6.639s] -- Searching for dependencies of gz-msgs10
[9.583s] -- Looking for gz-utils2 -- found version 2.2.1
[9.584s] -- Looking for gz-math7 -- found version 7.5.2
[9.594s] -- Searching for <gz-transport13> component [log]
[9.595s] -- Looking for gz-transport13-log -- found version 13.4.1
[9.595s] -- Searching for dependencies of gz-transport13-log
[9.596s] -- Searching for <gz-transport13> component [parameters]
[9.596s] -- Looking for gz-transport13-parameters -- found version 13.4.1
[9.596s] -- Searching for dependencies of gz-transport13-parameters
[9.597s] -- Looking for gz-msgs10 -- found version 10.3.2
[9.597s] -- Looking for gz-common5 -- found version 5.7.1
[9.598s] -- Searching for dependencies of gz-common5
[9.598s] -- Looking for gz-utils2 -- found version 2.2.1
[9.598s] -- Looking for dlfcn.h - found
[9.599s] -- Looking for libdl - found
[9.610s] -- Searching for <gz-common5> component [av]
[9.610s] -- Looking for gz-common5-av -- found version 5.7.1
[9.611s] -- Searching for dependencies of gz-common5-av
[9.618s] -- Checking for module 'libswscale'
[9.650s] --   Found libswscale, version 7.5.100
[9.735s] -- Checking for module 'libavdevice >= 56.4.100'
[9.766s] --   Found libavdevice, version 60.3.100
[9.870s] -- Checking for module 'libavformat'
[9.901s] --   Found libavformat, version 60.16.100
[9.992s] -- Checking for module 'libavcodec'
[10.023s] --   Found libavcodec, version 60.31.102
[10.111s] -- Checking for module 'libavutil'
[10.142s] --   Found libavutil, version 58.29.100
[10.217s] -- Searching for <gz-common5> component [events]
[10.217s] -- Looking for gz-common5-events -- found version 5.7.1
[10.217s] -- Searching for dependencies of gz-common5-events
[10.218s] -- Looking for gz-math7 -- found version 7.5.2
[10.218s] -- Searching for <gz-common5> component [graphics]
[10.219s] -- Looking for gz-common5-graphics -- found version 5.7.1
[10.219s] -- Searching for dependencies of gz-common5-graphics
[10.220s] -- Looking for gz-math7 -- found version 7.5.2
[10.223s] -- Searching for <gz-common5> component [io]
[10.224s] -- Looking for gz-common5-io -- found version 5.7.1
[10.224s] -- Searching for dependencies of gz-common5-io
[10.224s] -- Searching for <gz-common5> component [profiler]
[10.225s] -- Looking for gz-common5-profiler -- found version 5.7.1
[10.225s] -- Searching for dependencies of gz-common5-profiler
[10.226s] -- Looking for gz-fuel_tools9 -- found version 9.1.1
[10.226s] -- Searching for dependencies of gz-fuel_tools9
[13.936s] -- Checking for module 'jsoncpp'
[13.966s] --   Found jsoncpp, version 1.9.5
[16.964s] -- Checking for module 'yaml-0.1'
[16.995s] --   Found yaml-0.1, version 0.2.5
[17.079s] -- Checking for module 'libzip'
[17.110s] --   Found libzip, version 1.7.3
[17.186s] -- Looking for gz-utils2 -- found version 2.2.1
[17.186s] -- Looking for gz-common5 -- found version 5.7.1
[17.187s] -- Searching for dependencies of gz-common5
[17.187s] -- Looking for gz-utils2 -- found version 2.2.1
[17.187s] -- Looking for dlfcn.h - found
[17.187s] -- Looking for libdl - found
[17.198s] -- Searching for <gz-common5> component [testing]
[17.199s] -- Looking for gz-common5-testing -- found version 5.7.1
[17.199s] -- Searching for dependencies of gz-common5-testing
[17.200s] -- Looking for gz-math7 -- found version 7.5.2
[17.201s] -- Looking for gz-msgs10 -- found version 10.3.2
[17.202s] -- Looking for gz-gui8 -- found version 8.4.0
[17.202s] -- Searching for dependencies of gz-gui8
[20.177s] -- Looking for gz-utils2 -- found version 2.2.1
[20.178s] -- Looking for gz-math7 -- found version 7.5.2
[20.178s] -- Looking for gz-common5 -- found version 5.7.1
[20.179s] -- Looking for gz-plugin2 -- found version 2.0.4
[20.179s] -- Looking for gz-transport13 -- found version 13.4.1
[20.179s] -- Looking for gz-rendering8 -- found version 8.2.2
[20.180s] -- Searching for dependencies of gz-rendering8
[20.180s] -- Looking for gz-math7 -- found version 7.5.2
[20.181s] -- Searching for dependencies of gz-math7
[20.181s] -- Looking for gz-utils2 -- found version 2.2.1
[20.181s] -- Searching for <gz-math7> component [eigen3]
[20.182s] -- Looking for gz-math7-eigen3 -- found version 7.5.2
[20.182s] -- Searching for dependencies of gz-math7-eigen3
[20.184s] -- Looking for gz-common5 -- found version 5.7.1
[20.185s] -- Searching for dependencies of gz-common5
[20.185s] -- Looking for gz-utils2 -- found version 2.2.1
[20.185s] -- Looking for dlfcn.h - found
[20.185s] -- Looking for libdl - found
[20.198s] -- Searching for <gz-common5> component [graphics]
[20.198s] -- Searching for <gz-common5> component [events]
[20.198s] -- Searching for <gz-common5> component [geospatial]
[20.198s] -- Looking for gz-common5-geospatial -- found version 5.7.1
[20.199s] -- Searching for dependencies of gz-common5-geospatial
[20.199s] -- Looking for gz-math7 -- found version 7.5.2
[20.199s] -- Looking for gz-common5 -- found version 5.7.1
[20.201s] -- Looking for gz-plugin2 -- found version 2.0.4
[20.202s] -- Searching for dependencies of gz-plugin2
[20.202s] -- Looking for gz-utils2 -- found version 2.2.1
[20.202s] -- Searching for <gz-plugin2> component [all]
[20.202s] -- Looking for all libraries of gz-plugin2 -- found version 2.0.4
[20.203s] -- Looking for gz-plugin2 -- found version 2.0.4
[20.204s] -- Looking for gz-utils2 -- found version 2.2.1
[20.355s] -- Looking for gz-msgs10 -- found version 10.3.2
[20.664s] -- Looking for gz-physics7 -- found version 7.5.0
[20.665s] -- Searching for dependencies of gz-physics7
[20.665s] -- Looking for gz-common5 -- found version 5.7.1
[20.665s] -- Looking for gz-math7 -- found version 7.5.2
[20.666s] -- Looking for gz-plugin2 -- found version 2.0.4
[20.666s] -- Looking for gz-utils2 -- found version 2.2.1
[20.667s] -- Searching for <gz-physics7> component [heightmap]
[20.668s] -- Looking for gz-physics7-heightmap -- found version 7.5.0
[20.668s] -- Searching for dependencies of gz-physics7-heightmap
[20.668s] -- Looking for gz-common5 -- found version 5.7.1
[20.669s] -- Searching for <gz-physics7> component [mesh]
[20.670s] -- Looking for gz-physics7-mesh -- found version 7.5.0
[20.670s] -- Searching for dependencies of gz-physics7-mesh
[20.670s] -- Looking for gz-common5 -- found version 5.7.1
[20.671s] -- Searching for <gz-physics7> component [sdf]
[20.671s] -- Looking for gz-physics7-sdf -- found version 7.5.0
[20.671s] -- Searching for dependencies of gz-physics7-sdf
[20.672s] -- Looking for sdformat14 -- found version 14.8.0
[20.673s] -- Looking for gz-sensors8 -- found version 8.2.2
[20.674s] -- Searching for dependencies of gz-sensors8
[23.662s] -- Looking for gz-math7 -- found version 7.5.2
[23.663s] -- Looking for gz-common5 -- found version 5.7.1
[23.663s] -- Looking for gz-transport13 -- found version 13.4.1
[23.663s] -- Looking for gz-rendering8 -- found version 8.2.2
[23.664s] -- Looking for gz-msgs10 -- found version 10.3.2
[23.664s] -- Looking for sdformat14 -- found version 14.8.0
[23.665s] -- Searching for <gz-sensors8> component [air_pressure]
[23.666s] -- Looking for gz-sensors8-air_pressure -- found version 8.2.2
[23.666s] -- Searching for dependencies of gz-sensors8-air_pressure
[23.667s] -- Searching for <gz-sensors8> component [air_speed]
[23.667s] -- Looking for gz-sensors8-air_speed -- found version 8.2.2
[23.667s] -- Searching for dependencies of gz-sensors8-air_speed
[23.668s] -- Searching for <gz-sensors8> component [altimeter]
[23.668s] -- Looking for gz-sensors8-altimeter -- found version 8.2.2
[23.669s] -- Searching for dependencies of gz-sensors8-altimeter
[23.669s] -- Searching for <gz-sensors8> component [imu]
[23.669s] -- Looking for gz-sensors8-imu -- found version 8.2.2
[23.670s] -- Searching for dependencies of gz-sensors8-imu
[23.670s] -- Searching for <gz-sensors8> component [force_torque]
[23.671s] -- Looking for gz-sensors8-force_torque -- found version 8.2.2
[23.671s] -- Searching for dependencies of gz-sensors8-force_torque
[23.671s] -- Searching for <gz-sensors8> component [logical_camera]
[23.672s] -- Looking for gz-sensors8-logical_camera -- found version 8.2.2
[23.672s] -- Searching for dependencies of gz-sensors8-logical_camera
[23.673s] -- Searching for <gz-sensors8> component [magnetometer]
[23.673s] -- Looking for gz-sensors8-magnetometer -- found version 8.2.2
[23.673s] -- Searching for dependencies of gz-sensors8-magnetometer
[23.674s] -- Searching for <gz-sensors8> component [navsat]
[23.674s] -- Looking for gz-sensors8-navsat -- found version 8.2.2
[23.675s] -- Searching for dependencies of gz-sensors8-navsat
[23.675s] -- Searching for <gz-sensors8> component [dvl]
[23.676s] -- Looking for gz-sensors8-dvl -- found version 8.2.2
[23.676s] -- Searching for dependencies of gz-sensors8-dvl
[23.676s] -- Looking for gz-sensors8 -- found version 8.2.2
[23.677s] -- Searching for dependencies of gz-sensors8
[26.664s] -- Looking for gz-math7 -- found version 7.5.2
[26.664s] -- Looking for gz-common5 -- found version 5.7.1
[26.665s] -- Looking for gz-transport13 -- found version 13.4.1
[26.666s] -- Looking for gz-rendering8 -- found version 8.2.2
[26.666s] -- Looking for gz-msgs10 -- found version 10.3.2
[26.666s] -- Looking for sdformat14 -- found version 14.8.0
[26.667s] -- Searching for <gz-sensors8> component [rendering]
[26.667s] -- Looking for gz-sensors8-rendering -- found version 8.2.2
[26.667s] -- Searching for dependencies of gz-sensors8-rendering
[26.669s] -- Searching for <gz-sensors8> component [rendering]
[26.669s] -- Searching for <gz-sensors8> component [lidar]
[26.670s] -- Looking for gz-sensors8-lidar -- found version 8.2.2
[26.670s] -- Searching for dependencies of gz-sensors8-lidar
[26.670s] -- Looking for gz-sensors8 -- found version 8.2.2
[26.671s] -- Searching for <gz-sensors8> component [gpu_lidar]
[26.671s] -- Looking for gz-sensors8-gpu_lidar -- found version 8.2.2
[26.672s] -- Searching for dependencies of gz-sensors8-gpu_lidar
[26.672s] -- Looking for gz-sensors8 -- found version 8.2.2
[26.673s] -- Searching for <gz-sensors8> component [camera]
[26.673s] -- Looking for gz-sensors8-camera -- found version 8.2.2
[26.673s] -- Searching for dependencies of gz-sensors8-camera
[26.674s] -- Looking for gz-sensors8 -- found version 8.2.2
[26.674s] -- Searching for <gz-sensors8> component [boundingbox_camera]
[26.675s] -- Looking for gz-sensors8-boundingbox_camera -- found version 8.2.2
[26.675s] -- Searching for dependencies of gz-sensors8-boundingbox_camera
[26.676s] -- Searching for <gz-sensors8> component [segmentation_camera]
[26.676s] -- Looking for gz-sensors8-segmentation_camera -- found version 8.2.2
[26.676s] -- Searching for dependencies of gz-sensors8-segmentation_camera
[26.677s] -- Searching for <gz-sensors8> component [depth_camera]
[26.678s] -- Looking for gz-sensors8-depth_camera -- found version 8.2.2
[26.678s] -- Searching for dependencies of gz-sensors8-depth_camera
[26.678s] -- Looking for gz-sensors8 -- found version 8.2.2
[26.679s] -- Searching for <gz-sensors8> component [rgbd_camera]
[26.679s] -- Looking for gz-sensors8-rgbd_camera -- found version 8.2.2
[26.680s] -- Searching for dependencies of gz-sensors8-rgbd_camera
[26.680s] -- Looking for gz-sensors8 -- found version 8.2.2
[26.681s] -- Searching for <gz-sensors8> component [thermal_camera]
[26.681s] -- Looking for gz-sensors8-thermal_camera -- found version 8.2.2
[26.682s] -- Searching for dependencies of gz-sensors8-thermal_camera
[26.682s] -- Looking for gz-sensors8 -- found version 8.2.2
[26.683s] -- Searching for <gz-sensors8> component [wide_angle_camera]
[26.683s] -- Looking for gz-sensors8-wide_angle_camera -- found version 8.2.2
[26.684s] -- Searching for dependencies of gz-sensors8-wide_angle_camera
[26.685s] -- Looking for gz-rendering8 -- found version 8.2.2
[26.685s] -- Looking for gz-math7 -- found version 7.5.2
[26.686s] -- Looking for gz-utils2 -- found version 2.2.1
[29.746s] -- Found robot_state_publisher: 3.3.3 (/opt/ros/jazzy/share/robot_state_publisher/cmake)
[29.944s] -- Found rosidl_generator_c: 4.6.6 (/opt/ros/jazzy/share/rosidl_generator_c/cmake)
[29.955s] -- Found rosidl_generator_cpp: 4.6.6 (/opt/ros/jazzy/share/rosidl_generator_cpp/cmake)
[29.970s] -- Using all available rosidl_typesupport_c: rosidl_typesupport_fastrtps_c;rosidl_typesupport_introspection_c
[29.987s] -- Using all available rosidl_typesupport_cpp: rosidl_typesupport_fastrtps_cpp;rosidl_typesupport_introspection_cpp
[30.072s] -- Found rmw_implementation_cmake: 7.3.2 (/opt/ros/jazzy/share/rmw_implementation_cmake/cmake)
[30.074s] -- Found rmw_fastrtps_cpp: 8.4.3 (/opt/ros/jazzy/share/rmw_fastrtps_cpp/cmake)
[30.756s] -- Using RMW implementation 'rmw_fastrtps_cpp' as default
[31.505s] -- Found xacro: 2.1.1 (/opt/ros/jazzy/share/xacro/cmake)
[31.506s] -- Looking for sdformat14 -- found version 14.8.0
[31.507s] -- Found ament_lint_auto: 0.17.3 (/opt/ros/jazzy/share/ament_lint_auto/cmake)
[31.850s] -- Added test 'cppcheck' to perform static code analysis on C / C++ code
[31.850s] -- Configured cppcheck include dirs: /home/yiyi/ackermann_sim/src/ackermann-vehicle-gzsim-ros2/saye_description/plugins/pedestrian_manager/include
[31.850s] -- Configured cppcheck exclude dirs and/or files: 
[31.851s] -- Added test 'flake8' to check Python code syntax and style conventions
[31.851s] -- Configured 'flake8' exclude dirs and/or files: 
[31.853s] -- Added test 'lint_cmake' to check CMake code style
[31.854s] -- Added test 'pep257' to check Python code against some of the docstring style conventions in PEP 257
[31.863s] -- Added test 'uncrustify' to check C / C++ code style
[31.863s] -- Configured uncrustify additional arguments: 
[31.864s] -- Added test 'xmllint' to check XML markup files
[31.865s] -- Configuring done (31.8s)
[31.896s] -- Generating done (0.0s)
[31.904s] -- Build files have been written to: /home/yiyi/ackermann_sim/build/saye_description
[31.988s] [ 62%] Generating Scenario 5: 6 pedestrians random
[31.988s] [ 62%] Generating Scenario 4: 6 pedestrians static
[31.988s] [ 62%] Generating Scenario 2: 8 pedestrians mixed
[31.988s] [ 62%] Generating Scenario 3: 12 pedestrians crowded
[31.988s] [ 62%] Generating Scenario 1: 4 pedestrians crossing
[32.009s] [ 87%] Built target pedestrian_manager_system
[32.113s] ERROR: Invalid configuration: Pedestrian 'static_center': trajectory must have at least 2 waypoints
[32.113s] Loading configuration: /home/yiyi/ackermann_sim/src/ackermann-vehicle-gzsim-ros2/saye_description/config/pedestrians_6ped_static.yaml
[32.113s] Validating configuration...
[32.127s] Loading configuration: /home/yiyi/ackermann_sim/src/ackermann-vehicle-gzsim-ros2/saye_description/config/pedestrians_4ped_crossing.yaml
[32.127s] Validating configuration...
[32.127s] Rendering template: /home/yiyi/ackermann_sim/src/ackermann-vehicle-gzsim-ros2/saye_description/worlds/templates/saye_dynamic_corridor.sdf.jinja2
[32.127s] ✓ Generated world file: /home/yiyi/ackermann_sim/src/ackermann-vehicle-gzsim-ros2/saye_description/worlds/scenario1_4ped_crossing.sdf
[32.127s]   - 4 pedestrian(s) configured
[32.127s] ✓ World generation completed successfully
[32.132s] Loading configuration: /home/yiyi/ackermann_sim/src/ackermann-vehicle-gzsim-ros2/saye_description/config/pedestrians_8ped_mixed.yaml
[32.133s] Validating configuration...
[32.133s] Rendering template: /home/yiyi/ackermann_sim/src/ackermann-vehicle-gzsim-ros2/saye_description/worlds/templates/saye_dynamic_corridor.sdf.jinja2
[32.133s] ✓ Generated world file: /home/yiyi/ackermann_sim/src/ackermann-vehicle-gzsim-ros2/saye_description/worlds/scenario2_8ped_mixed.sdf
[32.133s]   - 8 pedestrian(s) configured
[32.133s] ✓ World generation completed successfully
[32.133s] gmake[2]: *** [CMakeFiles/generate_worlds.dir/build.make:104: /home/yiyi/ackermann_sim/src/ackermann-vehicle-gzsim-ros2/saye_description/worlds/scenario4_6ped_static.sdf] Error 1
[32.133s] gmake[2]: *** Waiting for unfinished jobs....
[32.146s] Loading configuration: /home/yiyi/ackermann_sim/src/ackermann-vehicle-gzsim-ros2/saye_description/config/pedestrians_6ped_random.yaml
[32.146s] Validating configuration...
[32.146s] Rendering template: /home/yiyi/ackermann_sim/src/ackermann-vehicle-gzsim-ros2/saye_description/worlds/templates/saye_dynamic_corridor.sdf.jinja2
[32.146s] ✓ Generated world file: /home/yiyi/ackermann_sim/src/ackermann-vehicle-gzsim-ros2/saye_description/worlds/scenario5_6ped_random.sdf
[32.146s]   - 6 pedestrian(s) configured
[32.146s] ✓ World generation completed successfully
[32.159s] Loading configuration: /home/yiyi/ackermann_sim/src/ackermann-vehicle-gzsim-ros2/saye_description/config/pedestrians_12ped_crowded.yaml
[32.159s] Validating configuration...
[32.159s] Rendering template: /home/yiyi/ackermann_sim/src/ackermann-vehicle-gzsim-ros2/saye_description/worlds/templates/saye_dynamic_corridor.sdf.jinja2
[32.159s] ✓ Generated world file: /home/yiyi/ackermann_sim/src/ackermann-vehicle-gzsim-ros2/saye_description/worlds/scenario3_12ped_crowded.sdf
[32.159s]   - 12 pedestrian(s) configured
[32.160s] ✓ World generation completed successfully
[32.178s] gmake[1]: *** [CMakeFiles/Makefile2:139: CMakeFiles/generate_worlds.dir/all] Error 2
[32.178s] gmake: *** [Makefile:146: all] Error 2
[32.183s] Invoked command in '/home/yiyi/ackermann_sim/build/saye_description' returned '2': CMAKE_PREFIX_PATH=${CMAKE_PREFIX_PATH}:/opt/ros/jazzy /usr/bin/cmake --build /home/yiyi/ackermann_sim/build/saye_description -- -j16 -l16
