-- The C compiler identification is GNU 13.3.0
-- The CXX compiler identification is GNU 13.3.0
-- Detecting C compiler ABI info
-- Detecting C compiler ABI info - done
-- Check for working C compiler: /usr/bin/cc - skipped
-- Detecting C compile features
-- Detecting C compile features - done
-- Detecting CXX compiler ABI info
-- Detecting CXX compiler ABI info - done
-- Check for working CXX compiler: /usr/bin/c++ - skipped
-- Detecting CXX compile features
-- Detecting CXX compile features - done
-- Found ament_cmake: 2.5.4 (/opt/ros/jazzy/share/ament_cmake/cmake)
-- Found Python3: /usr/bin/python3 (found version "3.12.3") found components: Interpreter 
-- Found rclcpp: 28.1.12 (/opt/ros/jazzy/share/rclcpp/cmake)
-- Found rosidl_generator_c: 4.6.6 (/opt/ros/jazzy/share/rosidl_generator_c/cmake)
-- Found rosidl_generator_cpp: 4.6.6 (/opt/ros/jazzy/share/rosidl_generator_cpp/cmake)
-- Using all available rosidl_typesupport_c: rosidl_typesupport_fastrtps_c;rosidl_typesupport_introspection_c
-- Using all available rosidl_typesupport_cpp: rosidl_typesupport_fastrtps_cpp;rosidl_typesupport_introspection_cpp
-- Found rmw_implementation_cmake: 7.3.2 (/opt/ros/jazzy/share/rmw_implementation_cmake/cmake)
-- Found rmw_fastrtps_cpp: 8.4.3 (/opt/ros/jazzy/share/rmw_fastrtps_cpp/cmake)
-- Found OpenSSL: /usr/lib/x86_64-linux-gnu/libcrypto.so (found version "3.0.13")  
-- Found FastRTPS: /opt/ros/jazzy/include (Required is at least version "2.13") 
-- Using RMW implementation 'rmw_fastrtps_cpp' as default
-- Found sensor_msgs: 5.3.6 (/opt/ros/jazzy/share/sensor_msgs/cmake)
-- Found nav_msgs: 5.3.6 (/opt/ros/jazzy/share/nav_msgs/cmake)
-- Found nav2_msgs: 1.3.9 (/opt/ros/jazzy/share/nav2_msgs/cmake)
-- Found rosidl_default_generators: 1.6.0 (/opt/ros/jazzy/share/rosidl_default_generators/cmake)
-- Found rosidl_adapter: 4.6.6 (/opt/ros/jazzy/share/rosidl_adapter/cmake)
-- Found ament_cmake_ros: 0.12.0 (/opt/ros/jazzy/share/ament_cmake_ros/cmake)
-- Using all available rosidl_typesupport_c: rosidl_typesupport_fastrtps_c;rosidl_typesupport_introspection_c
-- Using all available rosidl_typesupport_cpp: rosidl_typesupport_fastrtps_cpp;rosidl_typesupport_introspection_cpp
-- Found python_cmake_module: 0.11.1 (/opt/ros/jazzy/share/python_cmake_module/cmake)
-- Found PythonExtra: /usr/bin/python3  
-- Found Python3: /usr/bin/python3 (found version "3.12.3") found components: Interpreter Development NumPy Development.Module Development.Embed 
-- Found ament_lint_auto: 0.17.3 (/opt/ros/jazzy/share/ament_lint_auto/cmake)
-- Added test 'lint_cmake' to check CMake code style
-- Added test 'xmllint' to check XML markup files
-- Configuring done (12.6s)
-- Generating done (0.1s)
-- Build files have been written to: /home/yiyi/ackermann_sim/build/saye_msgs
[  2%] [34m[1mGenerating type hashes for ROS interfaces[0m
[  2%] Built target ament_cmake_python_copy_saye_msgs
[  2%] Built target saye_msgs__rosidl_generator_type_description
[  4%] [34m[1mGenerating C code for ROS interfaces[0m
running egg_info
creating saye_msgs.egg-info
[  6%] [34m[1mGenerating C++ code for ROS interfaces[0m
writing saye_msgs.egg-info/PKG-INFO
writing dependency_links to saye_msgs.egg-info/dependency_links.txt
writing top-level names to saye_msgs.egg-info/top_level.txt
writing manifest file 'saye_msgs.egg-info/SOURCES.txt'
reading manifest file 'saye_msgs.egg-info/SOURCES.txt'
writing manifest file 'saye_msgs.egg-info/SOURCES.txt'
[  6%] Built target ament_cmake_python_build_saye_msgs_egg
[  6%] Built target saye_msgs__cpp
[  9%] [32mBuilding C object CMakeFiles/saye_msgs__rosidl_generator_c.dir/rosidl_generator_c/saye_msgs/msg/detail/map__description.c.o[0m
[ 11%] [32mBuilding C object CMakeFiles/saye_msgs__rosidl_generator_c.dir/rosidl_generator_c/saye_msgs/srv/detail/share_map__type_support.c.o[0m
[ 13%] [32mBuilding C object CMakeFiles/saye_msgs__rosidl_generator_c.dir/rosidl_generator_c/saye_msgs/msg/detail/map__type_support.c.o[0m
[ 18%] [32mBuilding C object CMakeFiles/saye_msgs__rosidl_generator_c.dir/rosidl_generator_c/saye_msgs/srv/detail/share_map__description.c.o[0m
[ 18%] [32mBuilding C object CMakeFiles/saye_msgs__rosidl_generator_c.dir/rosidl_generator_c/saye_msgs/msg/detail/map__functions.c.o[0m
[ 20%] [32mBuilding C object CMakeFiles/saye_msgs__rosidl_generator_c.dir/rosidl_generator_c/saye_msgs/srv/detail/share_map__functions.c.o[0m
[ 22%] [32m[1mLinking C shared library libsaye_msgs__rosidl_generator_c.so[0m
[ 22%] Built target saye_msgs__rosidl_generator_c
[ 31%] [34m[1mGenerating C++ type support dispatch for ROS interfaces[0m
[ 31%] [34m[1mGenerating C++ type support for eProsima Fast-RTPS[0m
[ 31%] [34m[1mGenerating C type support dispatch for ROS interfaces[0m
[ 31%] [34m[1mGenerating C introspection for ROS interfaces[0m
[ 34%] [34m[1mGenerating C++ introspection for ROS interfaces[0m
[ 36%] [34m[1mGenerating C type support for eProsima Fast-RTPS[0m
[ 40%] [32mBuilding CXX object CMakeFiles/saye_msgs__rosidl_typesupport_c.dir/rosidl_typesupport_c/saye_msgs/srv/share_map__type_support.cpp.o[0m
[ 40%] [32mBuilding CXX object CMakeFiles/saye_msgs__rosidl_typesupport_c.dir/rosidl_typesupport_c/saye_msgs/msg/map__type_support.cpp.o[0m
[ 45%] [32mBuilding CXX object CMakeFiles/saye_msgs__rosidl_typesupport_cpp.dir/rosidl_typesupport_cpp/saye_msgs/srv/share_map__type_support.cpp.o[0m
[ 45%] [32mBuilding CXX object CMakeFiles/saye_msgs__rosidl_typesupport_cpp.dir/rosidl_typesupport_cpp/saye_msgs/msg/map__type_support.cpp.o[0m
[ 47%] [32mBuilding CXX object CMakeFiles/saye_msgs__rosidl_typesupport_introspection_cpp.dir/rosidl_typesupport_introspection_cpp/saye_msgs/srv/detail/share_map__type_support.cpp.o[0m
[ 50%] [32mBuilding CXX object CMakeFiles/saye_msgs__rosidl_typesupport_introspection_cpp.dir/rosidl_typesupport_introspection_cpp/saye_msgs/msg/detail/map__type_support.cpp.o[0m
[ 52%] [32mBuilding C object CMakeFiles/saye_msgs__rosidl_typesupport_introspection_c.dir/rosidl_typesupport_introspection_c/saye_msgs/msg/detail/map__type_support.c.o[0m
[ 54%] [32mBuilding C object CMakeFiles/saye_msgs__rosidl_typesupport_introspection_c.dir/rosidl_typesupport_introspection_c/saye_msgs/srv/detail/share_map__type_support.c.o[0m
[ 56%] [32mBuilding CXX object CMakeFiles/saye_msgs__rosidl_typesupport_fastrtps_cpp.dir/rosidl_typesupport_fastrtps_cpp/saye_msgs/srv/detail/dds_fastrtps/share_map__type_support.cpp.o[0m
[ 59%] [32mBuilding CXX object CMakeFiles/saye_msgs__rosidl_typesupport_fastrtps_cpp.dir/rosidl_typesupport_fastrtps_cpp/saye_msgs/msg/detail/dds_fastrtps/map__type_support.cpp.o[0m
[ 61%] [32m[1mLinking CXX shared library libsaye_msgs__rosidl_typesupport_c.so[0m
[ 63%] [32mBuilding CXX object CMakeFiles/saye_msgs__rosidl_typesupport_fastrtps_c.dir/rosidl_typesupport_fastrtps_c/saye_msgs/msg/detail/map__type_support_c.cpp.o[0m
[ 65%] [32mBuilding CXX object CMakeFiles/saye_msgs__rosidl_typesupport_fastrtps_c.dir/rosidl_typesupport_fastrtps_c/saye_msgs/srv/detail/share_map__type_support_c.cpp.o[0m
[ 68%] [32m[1mLinking C shared library libsaye_msgs__rosidl_typesupport_introspection_c.so[0m
[ 68%] Built target saye_msgs__rosidl_typesupport_c
[ 68%] Built target saye_msgs__rosidl_typesupport_introspection_c
[ 70%] [32m[1mLinking CXX shared library libsaye_msgs__rosidl_typesupport_cpp.so[0m
[ 72%] [32m[1mLinking CXX shared library libsaye_msgs__rosidl_typesupport_introspection_cpp.so[0m
[ 75%] [32m[1mLinking CXX shared library libsaye_msgs__rosidl_typesupport_fastrtps_c.so[0m
[ 77%] [32m[1mLinking CXX shared library libsaye_msgs__rosidl_typesupport_fastrtps_cpp.so[0m
[ 77%] Built target saye_msgs__rosidl_typesupport_cpp
[ 77%] Built target saye_msgs__rosidl_typesupport_introspection_cpp
[ 77%] Built target saye_msgs__rosidl_typesupport_fastrtps_c
[ 77%] Built target saye_msgs__rosidl_typesupport_fastrtps_cpp
[ 77%] Built target saye_msgs
[ 79%] [34m[1mGenerating Python code for ROS interfaces[0m
[ 79%] Built target saye_msgs__py
[ 84%] [32mBuilding C object CMakeFiles/saye_msgs__rosidl_generator_py.dir/rosidl_generator_py/saye_msgs/msg/_map_s.c.o[0m
[ 84%] [32mBuilding C object CMakeFiles/saye_msgs__rosidl_generator_py.dir/rosidl_generator_py/saye_msgs/srv/_share_map_s.c.o[0m
[ 86%] [32m[1mLinking C shared library libsaye_msgs__rosidl_generator_py.so[0m
[ 86%] Built target saye_msgs__rosidl_generator_py
[ 88%] [32mBuilding C object CMakeFiles/saye_msgs_s__rosidl_typesupport_introspection_c.dir/rosidl_generator_py/saye_msgs/_saye_msgs_s.ep.rosidl_typesupport_introspection_c.c.o[0m
[ 90%] [32mBuilding C object CMakeFiles/saye_msgs_s__rosidl_typesupport_fastrtps_c.dir/rosidl_generator_py/saye_msgs/_saye_msgs_s.ep.rosidl_typesupport_fastrtps_c.c.o[0m
[ 93%] [32mBuilding C object CMakeFiles/saye_msgs_s__rosidl_typesupport_c.dir/rosidl_generator_py/saye_msgs/_saye_msgs_s.ep.rosidl_typesupport_c.c.o[0m
[ 95%] [32m[1mLinking C shared module rosidl_generator_py/saye_msgs/saye_msgs_s__rosidl_typesupport_introspection_c.so[0m
[ 97%] [32m[1mLinking C shared module rosidl_generator_py/saye_msgs/saye_msgs_s__rosidl_typesupport_c.so[0m
[100%] [32m[1mLinking C shared module rosidl_generator_py/saye_msgs/saye_msgs_s__rosidl_typesupport_fastrtps_c.so[0m
[100%] Built target saye_msgs_s__rosidl_typesupport_c
[100%] Built target saye_msgs_s__rosidl_typesupport_introspection_c
[100%] Built target saye_msgs_s__rosidl_typesupport_fastrtps_c
-- Install configuration: ""
-- Installing: /home/yiyi/ackermann_sim/install/saye_msgs/share/ament_index/resource_index/rosidl_interfaces/saye_msgs
-- Installing: /home/yiyi/ackermann_sim/install/saye_msgs/share/saye_msgs/msg/Map.json
-- Installing: /home/yiyi/ackermann_sim/install/saye_msgs/share/saye_msgs/srv/ShareMap.json
-- Installing: /home/yiyi/ackermann_sim/install/saye_msgs/include/saye_msgs/saye_msgs
-- Installing: /home/yiyi/ackermann_sim/install/saye_msgs/include/saye_msgs/saye_msgs/srv
-- Installing: /home/yiyi/ackermann_sim/install/saye_msgs/include/saye_msgs/saye_msgs/srv/share_map.h
-- Installing: /home/yiyi/ackermann_sim/install/saye_msgs/include/saye_msgs/saye_msgs/srv/detail
-- Installing: /home/yiyi/ackermann_sim/install/saye_msgs/include/saye_msgs/saye_msgs/srv/detail/share_map__functions.c
-- Installing: /home/yiyi/ackermann_sim/install/saye_msgs/include/saye_msgs/saye_msgs/srv/detail/share_map__functions.h
-- Installing: /home/yiyi/ackermann_sim/install/saye_msgs/include/saye_msgs/saye_msgs/srv/detail/share_map__type_support.c
-- Installing: /home/yiyi/ackermann_sim/install/saye_msgs/include/saye_msgs/saye_msgs/srv/detail/share_map__type_support.h
-- Installing: /home/yiyi/ackermann_sim/install/saye_msgs/include/saye_msgs/saye_msgs/srv/detail/share_map__struct.h
-- Installing: /home/yiyi/ackermann_sim/install/saye_msgs/include/saye_msgs/saye_msgs/srv/detail/share_map__description.c
-- Installing: /home/yiyi/ackermann_sim/install/saye_msgs/include/saye_msgs/saye_msgs/msg
-- Installing: /home/yiyi/ackermann_sim/install/saye_msgs/include/saye_msgs/saye_msgs/msg/rosidl_generator_c__visibility_control.h
-- Installing: /home/yiyi/ackermann_sim/install/saye_msgs/include/saye_msgs/saye_msgs/msg/detail
-- Installing: /home/yiyi/ackermann_sim/install/saye_msgs/include/saye_msgs/saye_msgs/msg/detail/map__functions.h
-- Installing: /home/yiyi/ackermann_sim/install/saye_msgs/include/saye_msgs/saye_msgs/msg/detail/map__type_support.h
-- Installing: /home/yiyi/ackermann_sim/install/saye_msgs/include/saye_msgs/saye_msgs/msg/detail/map__struct.h
-- Installing: /home/yiyi/ackermann_sim/install/saye_msgs/include/saye_msgs/saye_msgs/msg/detail/map__functions.c
-- Installing: /home/yiyi/ackermann_sim/install/saye_msgs/include/saye_msgs/saye_msgs/msg/detail/map__description.c
-- Installing: /home/yiyi/ackermann_sim/install/saye_msgs/include/saye_msgs/saye_msgs/msg/detail/map__type_support.c
-- Installing: /home/yiyi/ackermann_sim/install/saye_msgs/include/saye_msgs/saye_msgs/msg/map.h
-- Installing: /home/yiyi/ackermann_sim/install/saye_msgs/share/saye_msgs/environment/library_path.sh
-- Installing: /home/yiyi/ackermann_sim/install/saye_msgs/share/saye_msgs/environment/library_path.dsv
-- Installing: /home/yiyi/ackermann_sim/install/saye_msgs/lib/libsaye_msgs__rosidl_generator_c.so
-- Set non-toolchain portion of runtime path of "/home/yiyi/ackermann_sim/install/saye_msgs/lib/libsaye_msgs__rosidl_generator_c.so" to ""
-- Up-to-date: /home/yiyi/ackermann_sim/install/saye_msgs/include/saye_msgs/saye_msgs
-- Up-to-date: /home/yiyi/ackermann_sim/install/saye_msgs/include/saye_msgs/saye_msgs/srv
-- Up-to-date: /home/yiyi/ackermann_sim/install/saye_msgs/include/saye_msgs/saye_msgs/srv/detail
-- Installing: /home/yiyi/ackermann_sim/install/saye_msgs/include/saye_msgs/saye_msgs/srv/detail/share_map__rosidl_typesupport_fastrtps_c.h
-- Up-to-date: /home/yiyi/ackermann_sim/install/saye_msgs/include/saye_msgs/saye_msgs/msg
-- Installing: /home/yiyi/ackermann_sim/install/saye_msgs/include/saye_msgs/saye_msgs/msg/rosidl_typesupport_fastrtps_c__visibility_control.h
-- Up-to-date: /home/yiyi/ackermann_sim/install/saye_msgs/include/saye_msgs/saye_msgs/msg/detail
-- Installing: /home/yiyi/ackermann_sim/install/saye_msgs/include/saye_msgs/saye_msgs/msg/detail/map__rosidl_typesupport_fastrtps_c.h
-- Installing: /home/yiyi/ackermann_sim/install/saye_msgs/lib/libsaye_msgs__rosidl_typesupport_fastrtps_c.so
-- Set non-toolchain portion of runtime path of "/home/yiyi/ackermann_sim/install/saye_msgs/lib/libsaye_msgs__rosidl_typesupport_fastrtps_c.so" to ""
-- Up-to-date: /home/yiyi/ackermann_sim/install/saye_msgs/include/saye_msgs/saye_msgs
-- Up-to-date: /home/yiyi/ackermann_sim/install/saye_msgs/include/saye_msgs/saye_msgs/srv
-- Installing: /home/yiyi/ackermann_sim/install/saye_msgs/include/saye_msgs/saye_msgs/srv/share_map.hpp
-- Up-to-date: /home/yiyi/ackermann_sim/install/saye_msgs/include/saye_msgs/saye_msgs/srv/detail
-- Installing: /home/yiyi/ackermann_sim/install/saye_msgs/include/saye_msgs/saye_msgs/srv/detail/share_map__builder.hpp
-- Installing: /home/yiyi/ackermann_sim/install/saye_msgs/include/saye_msgs/saye_msgs/srv/detail/share_map__traits.hpp
-- Installing: /home/yiyi/ackermann_sim/install/saye_msgs/include/saye_msgs/saye_msgs/srv/detail/share_map__struct.hpp
-- Installing: /home/yiyi/ackermann_sim/install/saye_msgs/include/saye_msgs/saye_msgs/srv/detail/share_map__type_support.hpp
-- Up-to-date: /home/yiyi/ackermann_sim/install/saye_msgs/include/saye_msgs/saye_msgs/msg
-- Installing: /home/yiyi/ackermann_sim/install/saye_msgs/include/saye_msgs/saye_msgs/msg/rosidl_generator_cpp__visibility_control.hpp
-- Installing: /home/yiyi/ackermann_sim/install/saye_msgs/include/saye_msgs/saye_msgs/msg/map.hpp
-- Up-to-date: /home/yiyi/ackermann_sim/install/saye_msgs/include/saye_msgs/saye_msgs/msg/detail
-- Installing: /home/yiyi/ackermann_sim/install/saye_msgs/include/saye_msgs/saye_msgs/msg/detail/map__type_support.hpp
-- Installing: /home/yiyi/ackermann_sim/install/saye_msgs/include/saye_msgs/saye_msgs/msg/detail/map__builder.hpp
-- Installing: /home/yiyi/ackermann_sim/install/saye_msgs/include/saye_msgs/saye_msgs/msg/detail/map__struct.hpp
-- Installing: /home/yiyi/ackermann_sim/install/saye_msgs/include/saye_msgs/saye_msgs/msg/detail/map__traits.hpp
-- Up-to-date: /home/yiyi/ackermann_sim/install/saye_msgs/include/saye_msgs/saye_msgs
-- Up-to-date: /home/yiyi/ackermann_sim/install/saye_msgs/include/saye_msgs/saye_msgs/srv
-- Up-to-date: /home/yiyi/ackermann_sim/install/saye_msgs/include/saye_msgs/saye_msgs/srv/detail
-- Installing: /home/yiyi/ackermann_sim/install/saye_msgs/include/saye_msgs/saye_msgs/srv/detail/share_map__rosidl_typesupport_fastrtps_cpp.hpp
-- Installing: /home/yiyi/ackermann_sim/install/saye_msgs/include/saye_msgs/saye_msgs/srv/detail/dds_fastrtps
-- Up-to-date: /home/yiyi/ackermann_sim/install/saye_msgs/include/saye_msgs/saye_msgs/msg
-- Installing: /home/yiyi/ackermann_sim/install/saye_msgs/include/saye_msgs/saye_msgs/msg/rosidl_typesupport_fastrtps_cpp__visibility_control.h
-- Up-to-date: /home/yiyi/ackermann_sim/install/saye_msgs/include/saye_msgs/saye_msgs/msg/detail
-- Installing: /home/yiyi/ackermann_sim/install/saye_msgs/include/saye_msgs/saye_msgs/msg/detail/dds_fastrtps
-- Installing: /home/yiyi/ackermann_sim/install/saye_msgs/include/saye_msgs/saye_msgs/msg/detail/map__rosidl_typesupport_fastrtps_cpp.hpp
-- Installing: /home/yiyi/ackermann_sim/install/saye_msgs/lib/libsaye_msgs__rosidl_typesupport_fastrtps_cpp.so
-- Set non-toolchain portion of runtime path of "/home/yiyi/ackermann_sim/install/saye_msgs/lib/libsaye_msgs__rosidl_typesupport_fastrtps_cpp.so" to ""
-- Up-to-date: /home/yiyi/ackermann_sim/install/saye_msgs/include/saye_msgs/saye_msgs
-- Up-to-date: /home/yiyi/ackermann_sim/install/saye_msgs/include/saye_msgs/saye_msgs/srv
-- Up-to-date: /home/yiyi/ackermann_sim/install/saye_msgs/include/saye_msgs/saye_msgs/srv/detail
-- Installing: /home/yiyi/ackermann_sim/install/saye_msgs/include/saye_msgs/saye_msgs/srv/detail/share_map__type_support.c
-- Installing: /home/yiyi/ackermann_sim/install/saye_msgs/include/saye_msgs/saye_msgs/srv/detail/share_map__rosidl_typesupport_introspection_c.h
-- Up-to-date: /home/yiyi/ackermann_sim/install/saye_msgs/include/saye_msgs/saye_msgs/msg
-- Installing: /home/yiyi/ackermann_sim/install/saye_msgs/include/saye_msgs/saye_msgs/msg/rosidl_typesupport_introspection_c__visibility_control.h
-- Up-to-date: /home/yiyi/ackermann_sim/install/saye_msgs/include/saye_msgs/saye_msgs/msg/detail
-- Installing: /home/yiyi/ackermann_sim/install/saye_msgs/include/saye_msgs/saye_msgs/msg/detail/map__rosidl_typesupport_introspection_c.h
-- Installing: /home/yiyi/ackermann_sim/install/saye_msgs/include/saye_msgs/saye_msgs/msg/detail/map__type_support.c
-- Installing: /home/yiyi/ackermann_sim/install/saye_msgs/lib/libsaye_msgs__rosidl_typesupport_introspection_c.so
-- Set non-toolchain portion of runtime path of "/home/yiyi/ackermann_sim/install/saye_msgs/lib/libsaye_msgs__rosidl_typesupport_introspection_c.so" to ""
-- Installing: /home/yiyi/ackermann_sim/install/saye_msgs/lib/libsaye_msgs__rosidl_typesupport_c.so
-- Set non-toolchain portion of runtime path of "/home/yiyi/ackermann_sim/install/saye_msgs/lib/libsaye_msgs__rosidl_typesupport_c.so" to ""
-- Up-to-date: /home/yiyi/ackermann_sim/install/saye_msgs/include/saye_msgs/saye_msgs
-- Up-to-date: /home/yiyi/ackermann_sim/install/saye_msgs/include/saye_msgs/saye_msgs/srv
-- Up-to-date: /home/yiyi/ackermann_sim/install/saye_msgs/include/saye_msgs/saye_msgs/srv/detail
-- Installing: /home/yiyi/ackermann_sim/install/saye_msgs/include/saye_msgs/saye_msgs/srv/detail/share_map__rosidl_typesupport_introspection_cpp.hpp
-- Installing: /home/yiyi/ackermann_sim/install/saye_msgs/include/saye_msgs/saye_msgs/srv/detail/share_map__type_support.cpp
-- Up-to-date: /home/yiyi/ackermann_sim/install/saye_msgs/include/saye_msgs/saye_msgs/msg
-- Up-to-date: /home/yiyi/ackermann_sim/install/saye_msgs/include/saye_msgs/saye_msgs/msg/detail
-- Installing: /home/yiyi/ackermann_sim/install/saye_msgs/include/saye_msgs/saye_msgs/msg/detail/map__type_support.cpp
-- Installing: /home/yiyi/ackermann_sim/install/saye_msgs/include/saye_msgs/saye_msgs/msg/detail/map__rosidl_typesupport_introspection_cpp.hpp
-- Installing: /home/yiyi/ackermann_sim/install/saye_msgs/lib/libsaye_msgs__rosidl_typesupport_introspection_cpp.so
-- Set non-toolchain portion of runtime path of "/home/yiyi/ackermann_sim/install/saye_msgs/lib/libsaye_msgs__rosidl_typesupport_introspection_cpp.so" to ""
-- Installing: /home/yiyi/ackermann_sim/install/saye_msgs/lib/libsaye_msgs__rosidl_typesupport_cpp.so
-- Set non-toolchain portion of runtime path of "/home/yiyi/ackermann_sim/install/saye_msgs/lib/libsaye_msgs__rosidl_typesupport_cpp.so" to ""
-- Installing: /home/yiyi/ackermann_sim/install/saye_msgs/share/saye_msgs/environment/pythonpath.sh
-- Installing: /home/yiyi/ackermann_sim/install/saye_msgs/share/saye_msgs/environment/pythonpath.dsv
-- Installing: /home/yiyi/ackermann_sim/install/saye_msgs/lib/python3.12/site-packages/saye_msgs-0.0.0-py3.12.egg-info
-- Installing: /home/yiyi/ackermann_sim/install/saye_msgs/lib/python3.12/site-packages/saye_msgs-0.0.0-py3.12.egg-info/PKG-INFO
-- Installing: /home/yiyi/ackermann_sim/install/saye_msgs/lib/python3.12/site-packages/saye_msgs-0.0.0-py3.12.egg-info/SOURCES.txt
-- Installing: /home/yiyi/ackermann_sim/install/saye_msgs/lib/python3.12/site-packages/saye_msgs-0.0.0-py3.12.egg-info/top_level.txt
-- Installing: /home/yiyi/ackermann_sim/install/saye_msgs/lib/python3.12/site-packages/saye_msgs-0.0.0-py3.12.egg-info/dependency_links.txt
-- Installing: /home/yiyi/ackermann_sim/install/saye_msgs/lib/python3.12/site-packages/saye_msgs
-- Installing: /home/yiyi/ackermann_sim/install/saye_msgs/lib/python3.12/site-packages/saye_msgs/saye_msgs_s__rosidl_typesupport_fastrtps_c.so
-- Installing: /home/yiyi/ackermann_sim/install/saye_msgs/lib/python3.12/site-packages/saye_msgs/__init__.py
-- Installing: /home/yiyi/ackermann_sim/install/saye_msgs/lib/python3.12/site-packages/saye_msgs/_saye_msgs_s.ep.rosidl_typesupport_introspection_c.c
-- Installing: /home/yiyi/ackermann_sim/install/saye_msgs/lib/python3.12/site-packages/saye_msgs/_saye_msgs_s.ep.rosidl_typesupport_fastrtps_c.c
-- Installing: /home/yiyi/ackermann_sim/install/saye_msgs/lib/python3.12/site-packages/saye_msgs/srv
-- Installing: /home/yiyi/ackermann_sim/install/saye_msgs/lib/python3.12/site-packages/saye_msgs/srv/_share_map.py
-- Installing: /home/yiyi/ackermann_sim/install/saye_msgs/lib/python3.12/site-packages/saye_msgs/srv/__init__.py
-- Installing: /home/yiyi/ackermann_sim/install/saye_msgs/lib/python3.12/site-packages/saye_msgs/srv/_share_map_s.c
-- Installing: /home/yiyi/ackermann_sim/install/saye_msgs/lib/python3.12/site-packages/saye_msgs/saye_msgs_s__rosidl_typesupport_c.so
-- Installing: /home/yiyi/ackermann_sim/install/saye_msgs/lib/python3.12/site-packages/saye_msgs/msg
-- Installing: /home/yiyi/ackermann_sim/install/saye_msgs/lib/python3.12/site-packages/saye_msgs/msg/__init__.py
-- Installing: /home/yiyi/ackermann_sim/install/saye_msgs/lib/python3.12/site-packages/saye_msgs/msg/_map_s.c
-- Installing: /home/yiyi/ackermann_sim/install/saye_msgs/lib/python3.12/site-packages/saye_msgs/msg/_map.py
-- Installing: /home/yiyi/ackermann_sim/install/saye_msgs/lib/python3.12/site-packages/saye_msgs/_saye_msgs_s.ep.rosidl_typesupport_c.c
-- Installing: /home/yiyi/ackermann_sim/install/saye_msgs/lib/python3.12/site-packages/saye_msgs/saye_msgs_s__rosidl_typesupport_introspection_c.so
Listing '/home/yiyi/ackermann_sim/install/saye_msgs/lib/python3.12/site-packages/saye_msgs'...
Compiling '/home/yiyi/ackermann_sim/install/saye_msgs/lib/python3.12/site-packages/saye_msgs/__init__.py'...
Listing '/home/yiyi/ackermann_sim/install/saye_msgs/lib/python3.12/site-packages/saye_msgs/msg'...
Compiling '/home/yiyi/ackermann_sim/install/saye_msgs/lib/python3.12/site-packages/saye_msgs/msg/__init__.py'...
Compiling '/home/yiyi/ackermann_sim/install/saye_msgs/lib/python3.12/site-packages/saye_msgs/msg/_map.py'...
Listing '/home/yiyi/ackermann_sim/install/saye_msgs/lib/python3.12/site-packages/saye_msgs/srv'...
Compiling '/home/yiyi/ackermann_sim/install/saye_msgs/lib/python3.12/site-packages/saye_msgs/srv/__init__.py'...
Compiling '/home/yiyi/ackermann_sim/install/saye_msgs/lib/python3.12/site-packages/saye_msgs/srv/_share_map.py'...
-- Installing: /home/yiyi/ackermann_sim/install/saye_msgs/lib/python3.12/site-packages/saye_msgs/saye_msgs_s__rosidl_typesupport_fastrtps_c.so
-- Set non-toolchain portion of runtime path of "/home/yiyi/ackermann_sim/install/saye_msgs/lib/python3.12/site-packages/saye_msgs/saye_msgs_s__rosidl_typesupport_fastrtps_c.so" to ""
-- Installing: /home/yiyi/ackermann_sim/install/saye_msgs/lib/python3.12/site-packages/saye_msgs/saye_msgs_s__rosidl_typesupport_introspection_c.so
-- Set non-toolchain portion of runtime path of "/home/yiyi/ackermann_sim/install/saye_msgs/lib/python3.12/site-packages/saye_msgs/saye_msgs_s__rosidl_typesupport_introspection_c.so" to ""
-- Installing: /home/yiyi/ackermann_sim/install/saye_msgs/lib/python3.12/site-packages/saye_msgs/saye_msgs_s__rosidl_typesupport_c.so
-- Set non-toolchain portion of runtime path of "/home/yiyi/ackermann_sim/install/saye_msgs/lib/python3.12/site-packages/saye_msgs/saye_msgs_s__rosidl_typesupport_c.so" to ""
-- Installing: /home/yiyi/ackermann_sim/install/saye_msgs/lib/libsaye_msgs__rosidl_generator_py.so
-- Set non-toolchain portion of runtime path of "/home/yiyi/ackermann_sim/install/saye_msgs/lib/libsaye_msgs__rosidl_generator_py.so" to ""
-- Installing: /home/yiyi/ackermann_sim/install/saye_msgs/share/saye_msgs/msg/Map.idl
-- Installing: /home/yiyi/ackermann_sim/install/saye_msgs/share/saye_msgs/srv/ShareMap.idl
-- Installing: /home/yiyi/ackermann_sim/install/saye_msgs/share/saye_msgs/msg/Map.msg
-- Installing: /home/yiyi/ackermann_sim/install/saye_msgs/share/saye_msgs/srv/ShareMap.srv
-- Installing: /home/yiyi/ackermann_sim/install/saye_msgs/share/ament_index/resource_index/package_run_dependencies/saye_msgs
-- Installing: /home/yiyi/ackermann_sim/install/saye_msgs/share/ament_index/resource_index/parent_prefix_path/saye_msgs
-- Installing: /home/yiyi/ackermann_sim/install/saye_msgs/share/saye_msgs/environment/ament_prefix_path.sh
-- Installing: /home/yiyi/ackermann_sim/install/saye_msgs/share/saye_msgs/environment/ament_prefix_path.dsv
-- Installing: /home/yiyi/ackermann_sim/install/saye_msgs/share/saye_msgs/environment/path.sh
-- Installing: /home/yiyi/ackermann_sim/install/saye_msgs/share/saye_msgs/environment/path.dsv
-- Installing: /home/yiyi/ackermann_sim/install/saye_msgs/share/saye_msgs/local_setup.bash
-- Installing: /home/yiyi/ackermann_sim/install/saye_msgs/share/saye_msgs/local_setup.sh
-- Installing: /home/yiyi/ackermann_sim/install/saye_msgs/share/saye_msgs/local_setup.zsh
-- Installing: /home/yiyi/ackermann_sim/install/saye_msgs/share/saye_msgs/local_setup.dsv
-- Installing: /home/yiyi/ackermann_sim/install/saye_msgs/share/saye_msgs/package.dsv
-- Installing: /home/yiyi/ackermann_sim/install/saye_msgs/share/ament_index/resource_index/packages/saye_msgs
-- Installing: /home/yiyi/ackermann_sim/install/saye_msgs/share/saye_msgs/cmake/export_saye_msgs__rosidl_generator_cExport.cmake
-- Installing: /home/yiyi/ackermann_sim/install/saye_msgs/share/saye_msgs/cmake/export_saye_msgs__rosidl_generator_cExport-noconfig.cmake
-- Installing: /home/yiyi/ackermann_sim/install/saye_msgs/share/saye_msgs/cmake/export_saye_msgs__rosidl_typesupport_fastrtps_cExport.cmake
-- Installing: /home/yiyi/ackermann_sim/install/saye_msgs/share/saye_msgs/cmake/export_saye_msgs__rosidl_typesupport_fastrtps_cExport-noconfig.cmake
-- Installing: /home/yiyi/ackermann_sim/install/saye_msgs/share/saye_msgs/cmake/export_saye_msgs__rosidl_generator_cppExport.cmake
-- Installing: /home/yiyi/ackermann_sim/install/saye_msgs/share/saye_msgs/cmake/export_saye_msgs__rosidl_typesupport_fastrtps_cppExport.cmake
-- Installing: /home/yiyi/ackermann_sim/install/saye_msgs/share/saye_msgs/cmake/export_saye_msgs__rosidl_typesupport_fastrtps_cppExport-noconfig.cmake
-- Installing: /home/yiyi/ackermann_sim/install/saye_msgs/share/saye_msgs/cmake/saye_msgs__rosidl_typesupport_introspection_cExport.cmake
-- Installing: /home/yiyi/ackermann_sim/install/saye_msgs/share/saye_msgs/cmake/saye_msgs__rosidl_typesupport_introspection_cExport-noconfig.cmake
-- Installing: /home/yiyi/ackermann_sim/install/saye_msgs/share/saye_msgs/cmake/saye_msgs__rosidl_typesupport_cExport.cmake
-- Installing: /home/yiyi/ackermann_sim/install/saye_msgs/share/saye_msgs/cmake/saye_msgs__rosidl_typesupport_cExport-noconfig.cmake
-- Installing: /home/yiyi/ackermann_sim/install/saye_msgs/share/saye_msgs/cmake/saye_msgs__rosidl_typesupport_introspection_cppExport.cmake
-- Installing: /home/yiyi/ackermann_sim/install/saye_msgs/share/saye_msgs/cmake/saye_msgs__rosidl_typesupport_introspection_cppExport-noconfig.cmake
-- Installing: /home/yiyi/ackermann_sim/install/saye_msgs/share/saye_msgs/cmake/saye_msgs__rosidl_typesupport_cppExport.cmake
-- Installing: /home/yiyi/ackermann_sim/install/saye_msgs/share/saye_msgs/cmake/saye_msgs__rosidl_typesupport_cppExport-noconfig.cmake
-- Installing: /home/yiyi/ackermann_sim/install/saye_msgs/share/saye_msgs/cmake/export_saye_msgs__rosidl_generator_pyExport.cmake
-- Installing: /home/yiyi/ackermann_sim/install/saye_msgs/share/saye_msgs/cmake/export_saye_msgs__rosidl_generator_pyExport-noconfig.cmake
-- Installing: /home/yiyi/ackermann_sim/install/saye_msgs/share/saye_msgs/cmake/rosidl_cmake-extras.cmake
-- Installing: /home/yiyi/ackermann_sim/install/saye_msgs/share/saye_msgs/cmake/ament_cmake_export_dependencies-extras.cmake
-- Installing: /home/yiyi/ackermann_sim/install/saye_msgs/share/saye_msgs/cmake/ament_cmake_export_include_directories-extras.cmake
-- Installing: /home/yiyi/ackermann_sim/install/saye_msgs/share/saye_msgs/cmake/ament_cmake_export_libraries-extras.cmake
-- Installing: /home/yiyi/ackermann_sim/install/saye_msgs/share/saye_msgs/cmake/ament_cmake_export_targets-extras.cmake
-- Installing: /home/yiyi/ackermann_sim/install/saye_msgs/share/saye_msgs/cmake/rosidl_cmake_export_typesupport_targets-extras.cmake
-- Installing: /home/yiyi/ackermann_sim/install/saye_msgs/share/saye_msgs/cmake/rosidl_cmake_export_typesupport_libraries-extras.cmake
-- Installing: /home/yiyi/ackermann_sim/install/saye_msgs/share/saye_msgs/cmake/saye_msgsConfig.cmake
-- Installing: /home/yiyi/ackermann_sim/install/saye_msgs/share/saye_msgs/cmake/saye_msgsConfig-version.cmake
-- Installing: /home/yiyi/ackermann_sim/install/saye_msgs/share/saye_msgs/package.xml
