[0.017s] Invoking command in '/home/yiyi/ackermann_sim/build/saye_mppi': CMAKE_PREFIX_PATH=${CMAKE_PREFIX_PATH}:/opt/ros/jazzy /usr/bin/cmake --build /home/yiyi/ackermann_sim/build/saye_mppi -- -j16 -l16
[0.130s] Built target ament_cmake_python_copy_saye_mppi_setup
[0.130s] Built target ament_cmake_python_copy_saye_mppi
[0.405s] running egg_info
[0.431s] writing saye_mppi.egg-info/PKG-INFO
[0.431s] writing dependency_links to saye_mppi.egg-info/dependency_links.txt
[0.432s] writing top-level names to saye_mppi.egg-info/top_level.txt
[0.503s] reading manifest file 'saye_mppi.egg-info/SOURCES.txt'
[0.504s] writing manifest file 'saye_mppi.egg-info/SOURCES.txt'
[0.544s] Built target ament_cmake_python_build_saye_mppi_egg
[0.567s] Invoked command in '/home/yiyi/ackermann_sim/build/saye_mppi' returned '0': CMAKE_PREFIX_PATH=${CMAKE_PREFIX_PATH}:/opt/ros/jazzy /usr/bin/cmake --build /home/yiyi/ackermann_sim/build/saye_mppi -- -j16 -l16
[0.588s] Invoking command in '/home/yiyi/ackermann_sim/build/saye_mppi': CMAKE_PREFIX_PATH=${CMAKE_PREFIX_PATH}:/opt/ros/jazzy /usr/bin/cmake --install /home/yiyi/ackermann_sim/build/saye_mppi
[0.603s] -- Install configuration: ""
[0.603s] -- Up-to-date: /home/yiyi/ackermann_sim/install/saye_mppi/share/saye_mppi/environment/pythonpath.sh
[0.604s] -- Up-to-date: /home/yiyi/ackermann_sim/install/saye_mppi/share/saye_mppi/environment/pythonpath.dsv
[0.604s] -- Up-to-date: /home/yiyi/ackermann_sim/install/saye_mppi/lib/python3.12/site-packages/saye_mppi-0.0.0-py3.12.egg-info
[0.604s] -- Installing: /home/yiyi/ackermann_sim/install/saye_mppi/lib/python3.12/site-packages/saye_mppi-0.0.0-py3.12.egg-info/PKG-INFO
[0.605s] -- Installing: /home/yiyi/ackermann_sim/install/saye_mppi/lib/python3.12/site-packages/saye_mppi-0.0.0-py3.12.egg-info/SOURCES.txt
[0.605s] -- Installing: /home/yiyi/ackermann_sim/install/saye_mppi/lib/python3.12/site-packages/saye_mppi-0.0.0-py3.12.egg-info/top_level.txt
[0.605s] -- Installing: /home/yiyi/ackermann_sim/install/saye_mppi/lib/python3.12/site-packages/saye_mppi-0.0.0-py3.12.egg-info/dependency_links.txt
[0.605s] -- Up-to-date: /home/yiyi/ackermann_sim/install/saye_mppi/lib/python3.12/site-packages/saye_mppi
[0.605s] -- Up-to-date: /home/yiyi/ackermann_sim/install/saye_mppi/lib/python3.12/site-packages/saye_mppi/__init__.py
[0.605s] -- Up-to-date: /home/yiyi/ackermann_sim/install/saye_mppi/lib/python3.12/site-packages/saye_mppi/path_commander.py
[0.605s] -- Up-to-date: /home/yiyi/ackermann_sim/install/saye_mppi/lib/python3.12/site-packages/saye_mppi/moving_obstacles.py
[0.650s] Listing '/home/yiyi/ackermann_sim/install/saye_mppi/lib/python3.12/site-packages/saye_mppi'...
[0.658s] -- Up-to-date: /home/yiyi/ackermann_sim/install/saye_mppi/share/saye_mppi/launch
[0.658s] -- Installing: /home/yiyi/ackermann_sim/install/saye_mppi/share/saye_mppi/launch/mppi_navigation.launch.py
[0.659s] -- Up-to-date: /home/yiyi/ackermann_sim/install/saye_mppi/share/saye_mppi/launch/mppi_experiment.launch.py
[0.659s] -- Up-to-date: /home/yiyi/ackermann_sim/install/saye_mppi/share/saye_mppi/config
[0.659s] -- Up-to-date: /home/yiyi/ackermann_sim/install/saye_mppi/share/saye_mppi/config/mppi_nav2_params.yaml
[0.659s] -- Up-to-date: /home/yiyi/ackermann_sim/install/saye_mppi/share/saye_mppi/config/moving_obstacles.yaml
[0.660s] -- Up-to-date: /home/yiyi/ackermann_sim/install/saye_mppi/share/saye_mppi/config/path_commander.yaml
[0.660s] -- Up-to-date: /home/yiyi/ackermann_sim/install/saye_mppi/share/saye_mppi/worlds
[0.660s] -- Up-to-date: /home/yiyi/ackermann_sim/install/saye_mppi/share/saye_mppi/worlds/saye_mppi_world.sdf
[0.660s] -- Up-to-date: /home/yiyi/ackermann_sim/install/saye_mppi/lib/saye_mppi/straight_path_commander
[0.660s] -- Up-to-date: /home/yiyi/ackermann_sim/install/saye_mppi/lib/saye_mppi/moving_obstacles
[0.660s] -- Up-to-date: /home/yiyi/ackermann_sim/install/saye_mppi/share/ament_index/resource_index/package_run_dependencies/saye_mppi
[0.660s] -- Up-to-date: /home/yiyi/ackermann_sim/install/saye_mppi/share/ament_index/resource_index/parent_prefix_path/saye_mppi
[0.660s] -- Up-to-date: /home/yiyi/ackermann_sim/install/saye_mppi/share/saye_mppi/environment/ament_prefix_path.sh
[0.660s] -- Up-to-date: /home/yiyi/ackermann_sim/install/saye_mppi/share/saye_mppi/environment/ament_prefix_path.dsv
[0.660s] -- Up-to-date: /home/yiyi/ackermann_sim/install/saye_mppi/share/saye_mppi/environment/path.sh
[0.661s] -- Up-to-date: /home/yiyi/ackermann_sim/install/saye_mppi/share/saye_mppi/environment/path.dsv
[0.661s] -- Up-to-date: /home/yiyi/ackermann_sim/install/saye_mppi/share/saye_mppi/local_setup.bash
[0.661s] -- Up-to-date: /home/yiyi/ackermann_sim/install/saye_mppi/share/saye_mppi/local_setup.sh
[0.661s] -- Up-to-date: /home/yiyi/ackermann_sim/install/saye_mppi/share/saye_mppi/local_setup.zsh
[0.661s] -- Up-to-date: /home/yiyi/ackermann_sim/install/saye_mppi/share/saye_mppi/local_setup.dsv
[0.661s] -- Installing: /home/yiyi/ackermann_sim/install/saye_mppi/share/saye_mppi/package.dsv
[0.661s] -- Up-to-date: /home/yiyi/ackermann_sim/install/saye_mppi/share/ament_index/resource_index/packages/saye_mppi
[0.661s] -- Up-to-date: /home/yiyi/ackermann_sim/install/saye_mppi/share/saye_mppi/cmake/saye_mppiConfig.cmake
[0.661s] -- Up-to-date: /home/yiyi/ackermann_sim/install/saye_mppi/share/saye_mppi/cmake/saye_mppiConfig-version.cmake
[0.661s] -- Up-to-date: /home/yiyi/ackermann_sim/install/saye_mppi/share/saye_mppi/package.xml
[0.664s] Invoked command in '/home/yiyi/ackermann_sim/build/saye_mppi' returned '0': CMAKE_PREFIX_PATH=${CMAKE_PREFIX_PATH}:/opt/ros/jazzy /usr/bin/cmake --install /home/yiyi/ackermann_sim/build/saye_mppi
