[0.573s] Invoking command in '/home/yiyi/ackermann_sim/build/saye_rapa_mppi': CMAKE_PREFIX_PATH=/home/yiyi/ackermann_sim/install/saye_msgs:/home/yiyi/ackermann_sim/install/saye_prediction:/home/yiyi/ackermann_sim/install/saye_control:/home/yiyi/ackermann_sim/install/saye_mppi:/home/yiyi/ackermann_sim/install/saye_localization:/home/yiyi/ackermann_sim/install/saye_bringup_my:/home/yiyi/ackermann_sim/install/saye_bringup:/home/yiyi/ackermann_sim/install/saye_description:/home/yiyi/ackermann_sim/install/saye_behaviortree:/opt/ros/jazzy/opt/gz_sim_vendor:/opt/ros/jazzy/opt/gz_sensors_vendor:/opt/ros/jazzy/opt/gz_physics_vendor:/opt/ros/jazzy/opt/sdformat_vendor:/opt/ros/jazzy/opt/gz_gui_vendor:/opt/ros/jazzy/opt/gz_transport_vendor:/opt/ros/jazzy/opt/gz_rendering_vendor:/opt/ros/jazzy/opt/gz_plugin_vendor:/opt/ros/jazzy/opt/gz_fuel_tools_vendor:/opt/ros/jazzy/opt/gz_msgs_vendor:/opt/ros/jazzy/opt/gz_common_vendor:/opt/ros/jazzy/opt/gz_math_vendor:/opt/ros/jazzy/opt/gz_utils_vendor:/opt/ros/jazzy/opt/gz_tools_vendor:/opt/ros/jazzy/opt/gz_ogre_next_vendor:/opt/ros/jazzy/opt/gz_dartsim_vendor:/opt/ros/jazzy/opt/gz_cmake_vendor:/opt/ros/jazzy PYTHONPATH=/home/yiyi/ackermann_sim/install/saye_msgs/lib/python3.12/site-packages:/home/yiyi/ackermann_sim/install/saye_prediction/lib/python3.12/site-packages:/home/yiyi/ackermann_sim/install/saye_mppi/lib/python3.12/site-packages:/opt/ros/jazzy/lib/python3.12/site-packages /usr/bin/cmake --build /home/yiyi/ackermann_sim/build/saye_rapa_mppi -- -j16 -l16
[0.709s] [ 50%] Building CXX object CMakeFiles/saye_rapa_mppi.dir/src/risk_aware_critic.cpp.o
[6.122s] /home/yiyi/ackermann_sim/src/ackermann-vehicle-gzsim-ros2/saye_rapa_mppi/src/risk_aware_critic.cpp: In member function ‘virtual void saye_rapa_mppi::RiskAwareCritic::score(mppi::CriticData&)’:
[6.122s] /home/yiyi/ackermann_sim/src/ackermann-vehicle-gzsim-ros2/saye_rapa_mppi/src/risk_aware_critic.cpp:36:48: warning: unused parameter ‘data’ [-Wunused-parameter]
[6.123s]    36 | void RiskAwareCritic::score(mppi::CriticData & data)
[6.123s]       |                             ~~~~~~~~~~~~~~~~~~~^~~~
[16.318s] [100%] Linking CXX shared library libsaye_rapa_mppi.so
[17.218s] [100%] Built target saye_rapa_mppi
[17.240s] Invoked command in '/home/yiyi/ackermann_sim/build/saye_rapa_mppi' returned '0': CMAKE_PREFIX_PATH=/home/yiyi/ackermann_sim/install/saye_msgs:/home/yiyi/ackermann_sim/install/saye_prediction:/home/yiyi/ackermann_sim/install/saye_control:/home/yiyi/ackermann_sim/install/saye_mppi:/home/yiyi/ackermann_sim/install/saye_localization:/home/yiyi/ackermann_sim/install/saye_bringup_my:/home/yiyi/ackermann_sim/install/saye_bringup:/home/yiyi/ackermann_sim/install/saye_description:/home/yiyi/ackermann_sim/install/saye_behaviortree:/opt/ros/jazzy/opt/gz_sim_vendor:/opt/ros/jazzy/opt/gz_sensors_vendor:/opt/ros/jazzy/opt/gz_physics_vendor:/opt/ros/jazzy/opt/sdformat_vendor:/opt/ros/jazzy/opt/gz_gui_vendor:/opt/ros/jazzy/opt/gz_transport_vendor:/opt/ros/jazzy/opt/gz_rendering_vendor:/opt/ros/jazzy/opt/gz_plugin_vendor:/opt/ros/jazzy/opt/gz_fuel_tools_vendor:/opt/ros/jazzy/opt/gz_msgs_vendor:/opt/ros/jazzy/opt/gz_common_vendor:/opt/ros/jazzy/opt/gz_math_vendor:/opt/ros/jazzy/opt/gz_utils_vendor:/opt/ros/jazzy/opt/gz_tools_vendor:/opt/ros/jazzy/opt/gz_ogre_next_vendor:/opt/ros/jazzy/opt/gz_dartsim_vendor:/opt/ros/jazzy/opt/gz_cmake_vendor:/opt/ros/jazzy PYTHONPATH=/home/yiyi/ackermann_sim/install/saye_msgs/lib/python3.12/site-packages:/home/yiyi/ackermann_sim/install/saye_prediction/lib/python3.12/site-packages:/home/yiyi/ackermann_sim/install/saye_mppi/lib/python3.12/site-packages:/opt/ros/jazzy/lib/python3.12/site-packages /usr/bin/cmake --build /home/yiyi/ackermann_sim/build/saye_rapa_mppi -- -j16 -l16
[17.259s] Invoking command in '/home/yiyi/ackermann_sim/build/saye_rapa_mppi': CMAKE_PREFIX_PATH=/home/yiyi/ackermann_sim/install/saye_msgs:/home/yiyi/ackermann_sim/install/saye_prediction:/home/yiyi/ackermann_sim/install/saye_control:/home/yiyi/ackermann_sim/install/saye_mppi:/home/yiyi/ackermann_sim/install/saye_localization:/home/yiyi/ackermann_sim/install/saye_bringup_my:/home/yiyi/ackermann_sim/install/saye_bringup:/home/yiyi/ackermann_sim/install/saye_description:/home/yiyi/ackermann_sim/install/saye_behaviortree:/opt/ros/jazzy/opt/gz_sim_vendor:/opt/ros/jazzy/opt/gz_sensors_vendor:/opt/ros/jazzy/opt/gz_physics_vendor:/opt/ros/jazzy/opt/sdformat_vendor:/opt/ros/jazzy/opt/gz_gui_vendor:/opt/ros/jazzy/opt/gz_transport_vendor:/opt/ros/jazzy/opt/gz_rendering_vendor:/opt/ros/jazzy/opt/gz_plugin_vendor:/opt/ros/jazzy/opt/gz_fuel_tools_vendor:/opt/ros/jazzy/opt/gz_msgs_vendor:/opt/ros/jazzy/opt/gz_common_vendor:/opt/ros/jazzy/opt/gz_math_vendor:/opt/ros/jazzy/opt/gz_utils_vendor:/opt/ros/jazzy/opt/gz_tools_vendor:/opt/ros/jazzy/opt/gz_ogre_next_vendor:/opt/ros/jazzy/opt/gz_dartsim_vendor:/opt/ros/jazzy/opt/gz_cmake_vendor:/opt/ros/jazzy PYTHONPATH=/home/yiyi/ackermann_sim/install/saye_msgs/lib/python3.12/site-packages:/home/yiyi/ackermann_sim/install/saye_prediction/lib/python3.12/site-packages:/home/yiyi/ackermann_sim/install/saye_mppi/lib/python3.12/site-packages:/opt/ros/jazzy/lib/python3.12/site-packages /usr/bin/cmake --install /home/yiyi/ackermann_sim/build/saye_rapa_mppi
[17.274s] -- Install configuration: "Release"
[17.275s] -- Installing: /home/yiyi/ackermann_sim/install/saye_rapa_mppi/lib/libsaye_rapa_mppi.so
[17.277s] -- Set non-toolchain portion of runtime path of "/home/yiyi/ackermann_sim/install/saye_rapa_mppi/lib/libsaye_rapa_mppi.so" to ""
[17.277s] -- Installing: /home/yiyi/ackermann_sim/install/saye_rapa_mppi/include/
[17.278s] -- Installing: /home/yiyi/ackermann_sim/install/saye_rapa_mppi/include//saye_rapa_mppi
[17.278s] -- Installing: /home/yiyi/ackermann_sim/install/saye_rapa_mppi/include//saye_rapa_mppi/risk_aware_critic.hpp
[17.278s] -- Installing: /home/yiyi/ackermann_sim/install/saye_rapa_mppi/include//saye_rapa_mppi/utils
[17.279s] -- Installing: /home/yiyi/ackermann_sim/install/saye_rapa_mppi/share/saye_rapa_mppi/plugins.xml
[17.279s] -- Installing: /home/yiyi/ackermann_sim/install/saye_rapa_mppi/share/saye_rapa_mppi/config
[17.280s] -- Installing: /home/yiyi/ackermann_sim/install/saye_rapa_mppi/share/saye_rapa_mppi/config/rapa_mppi_params.yaml
[17.280s] -- Up-to-date: /home/yiyi/ackermann_sim/install/saye_rapa_mppi/share/saye_rapa_mppi/plugins.xml
[17.281s] -- Installing: /home/yiyi/ackermann_sim/install/saye_rapa_mppi/share/saye_rapa_mppi/environment/library_path.sh
[17.281s] -- Installing: /home/yiyi/ackermann_sim/install/saye_rapa_mppi/share/saye_rapa_mppi/environment/library_path.dsv
[17.283s] -- Installing: /home/yiyi/ackermann_sim/install/saye_rapa_mppi/share/ament_index/resource_index/package_run_dependencies/saye_rapa_mppi
[17.284s] -- Installing: /home/yiyi/ackermann_sim/install/saye_rapa_mppi/share/ament_index/resource_index/parent_prefix_path/saye_rapa_mppi
[17.284s] -- Installing: /home/yiyi/ackermann_sim/install/saye_rapa_mppi/share/saye_rapa_mppi/environment/ament_prefix_path.sh
[17.285s] -- Installing: /home/yiyi/ackermann_sim/install/saye_rapa_mppi/share/saye_rapa_mppi/environment/ament_prefix_path.dsv
[17.285s] -- Installing: /home/yiyi/ackermann_sim/install/saye_rapa_mppi/share/saye_rapa_mppi/environment/path.sh
[17.285s] -- Installing: /home/yiyi/ackermann_sim/install/saye_rapa_mppi/share/saye_rapa_mppi/environment/path.dsv
[17.285s] -- Installing: /home/yiyi/ackermann_sim/install/saye_rapa_mppi/share/saye_rapa_mppi/local_setup.bash
[17.285s] -- Installing: /home/yiyi/ackermann_sim/install/saye_rapa_mppi/share/saye_rapa_mppi/local_setup.sh
[17.286s] -- Installing: /home/yiyi/ackermann_sim/install/saye_rapa_mppi/share/saye_rapa_mppi/local_setup.zsh
[17.286s] -- Installing: /home/yiyi/ackermann_sim/install/saye_rapa_mppi/share/saye_rapa_mppi/local_setup.dsv
[17.287s] -- Installing: /home/yiyi/ackermann_sim/install/saye_rapa_mppi/share/saye_rapa_mppi/package.dsv
[17.288s] -- Installing: /home/yiyi/ackermann_sim/install/saye_rapa_mppi/share/ament_index/resource_index/packages/saye_rapa_mppi
[17.288s] -- Installing: /home/yiyi/ackermann_sim/install/saye_rapa_mppi/share/ament_index/resource_index/nav2_mppi_controller__pluginlib__plugin/saye_rapa_mppi
[17.289s] -- Installing: /home/yiyi/ackermann_sim/install/saye_rapa_mppi/share/saye_rapa_mppi/cmake/ament_cmake_export_include_directories-extras.cmake
[17.289s] -- Installing: /home/yiyi/ackermann_sim/install/saye_rapa_mppi/share/saye_rapa_mppi/cmake/ament_cmake_export_libraries-extras.cmake
[17.290s] -- Installing: /home/yiyi/ackermann_sim/install/saye_rapa_mppi/share/saye_rapa_mppi/cmake/ament_cmake_export_dependencies-extras.cmake
[17.290s] -- Installing: /home/yiyi/ackermann_sim/install/saye_rapa_mppi/share/saye_rapa_mppi/cmake/saye_rapa_mppiConfig.cmake
[17.290s] -- Installing: /home/yiyi/ackermann_sim/install/saye_rapa_mppi/share/saye_rapa_mppi/cmake/saye_rapa_mppiConfig-version.cmake
[17.291s] -- Installing: /home/yiyi/ackermann_sim/install/saye_rapa_mppi/share/saye_rapa_mppi/package.xml
[17.294s] Invoked command in '/home/yiyi/ackermann_sim/build/saye_rapa_mppi' returned '0': CMAKE_PREFIX_PATH=/home/yiyi/ackermann_sim/install/saye_msgs:/home/yiyi/ackermann_sim/install/saye_prediction:/home/yiyi/ackermann_sim/install/saye_control:/home/yiyi/ackermann_sim/install/saye_mppi:/home/yiyi/ackermann_sim/install/saye_localization:/home/yiyi/ackermann_sim/install/saye_bringup_my:/home/yiyi/ackermann_sim/install/saye_bringup:/home/yiyi/ackermann_sim/install/saye_description:/home/yiyi/ackermann_sim/install/saye_behaviortree:/opt/ros/jazzy/opt/gz_sim_vendor:/opt/ros/jazzy/opt/gz_sensors_vendor:/opt/ros/jazzy/opt/gz_physics_vendor:/opt/ros/jazzy/opt/sdformat_vendor:/opt/ros/jazzy/opt/gz_gui_vendor:/opt/ros/jazzy/opt/gz_transport_vendor:/opt/ros/jazzy/opt/gz_rendering_vendor:/opt/ros/jazzy/opt/gz_plugin_vendor:/opt/ros/jazzy/opt/gz_fuel_tools_vendor:/opt/ros/jazzy/opt/gz_msgs_vendor:/opt/ros/jazzy/opt/gz_common_vendor:/opt/ros/jazzy/opt/gz_math_vendor:/opt/ros/jazzy/opt/gz_utils_vendor:/opt/ros/jazzy/opt/gz_tools_vendor:/opt/ros/jazzy/opt/gz_ogre_next_vendor:/opt/ros/jazzy/opt/gz_dartsim_vendor:/opt/ros/jazzy/opt/gz_cmake_vendor:/opt/ros/jazzy PYTHONPATH=/home/yiyi/ackermann_sim/install/saye_msgs/lib/python3.12/site-packages:/home/yiyi/ackermann_sim/install/saye_prediction/lib/python3.12/site-packages:/home/yiyi/ackermann_sim/install/saye_mppi/lib/python3.12/site-packages:/opt/ros/jazzy/lib/python3.12/site-packages /usr/bin/cmake --install /home/yiyi/ackermann_sim/build/saye_rapa_mppi
