[0.409s] Invoking command in '/home/yiyi/ackermann_sim/build/saye_control': CMAKE_PREFIX_PATH=/home/yiyi/ackermann_sim/install/saye_msgs:/home/yiyi/ackermann_sim/install/saye_control:/home/yiyi/ackermann_sim/install/saye_localization:/home/yiyi/ackermann_sim/install/saye_bringup:/home/yiyi/ackermann_sim/install/saye_description:/home/yiyi/ackermann_sim/install/saye_behaviortree:/opt/ros/jazzy/opt/gz_sim_vendor:/opt/ros/jazzy/opt/gz_sensors_vendor:/opt/ros/jazzy/opt/gz_physics_vendor:/opt/ros/jazzy/opt/sdformat_vendor:/opt/ros/jazzy/opt/gz_gui_vendor:/opt/ros/jazzy/opt/gz_transport_vendor:/opt/ros/jazzy/opt/gz_rendering_vendor:/opt/ros/jazzy/opt/gz_plugin_vendor:/opt/ros/jazzy/opt/gz_fuel_tools_vendor:/opt/ros/jazzy/opt/gz_msgs_vendor:/opt/ros/jazzy/opt/gz_common_vendor:/opt/ros/jazzy/opt/gz_math_vendor:/opt/ros/jazzy/opt/gz_utils_vendor:/opt/ros/jazzy/opt/gz_tools_vendor:/opt/ros/jazzy/opt/gz_ogre_next_vendor:/opt/ros/jazzy/opt/gz_dartsim_vendor:/opt/ros/jazzy/opt/gz_cmake_vendor:/opt/ros/jazzy /usr/bin/cmake --build /home/yiyi/ackermann_sim/build/saye_control -- -j16 -l16
[0.538s] [100%] Built target client
[0.538s] [100%] Built target main
[0.561s] Invoked command in '/home/yiyi/ackermann_sim/build/saye_control' returned '0': CMAKE_PREFIX_PATH=/home/yiyi/ackermann_sim/install/saye_msgs:/home/yiyi/ackermann_sim/install/saye_control:/home/yiyi/ackermann_sim/install/saye_localization:/home/yiyi/ackermann_sim/install/saye_bringup:/home/yiyi/ackermann_sim/install/saye_description:/home/yiyi/ackermann_sim/install/saye_behaviortree:/opt/ros/jazzy/opt/gz_sim_vendor:/opt/ros/jazzy/opt/gz_sensors_vendor:/opt/ros/jazzy/opt/gz_physics_vendor:/opt/ros/jazzy/opt/sdformat_vendor:/opt/ros/jazzy/opt/gz_gui_vendor:/opt/ros/jazzy/opt/gz_transport_vendor:/opt/ros/jazzy/opt/gz_rendering_vendor:/opt/ros/jazzy/opt/gz_plugin_vendor:/opt/ros/jazzy/opt/gz_fuel_tools_vendor:/opt/ros/jazzy/opt/gz_msgs_vendor:/opt/ros/jazzy/opt/gz_common_vendor:/opt/ros/jazzy/opt/gz_math_vendor:/opt/ros/jazzy/opt/gz_utils_vendor:/opt/ros/jazzy/opt/gz_tools_vendor:/opt/ros/jazzy/opt/gz_ogre_next_vendor:/opt/ros/jazzy/opt/gz_dartsim_vendor:/opt/ros/jazzy/opt/gz_cmake_vendor:/opt/ros/jazzy /usr/bin/cmake --build /home/yiyi/ackermann_sim/build/saye_control -- -j16 -l16
[0.564s] Invoking command in '/home/yiyi/ackermann_sim/build/saye_control': CMAKE_PREFIX_PATH=/home/yiyi/ackermann_sim/install/saye_msgs:/home/yiyi/ackermann_sim/install/saye_control:/home/yiyi/ackermann_sim/install/saye_localization:/home/yiyi/ackermann_sim/install/saye_bringup:/home/yiyi/ackermann_sim/install/saye_description:/home/yiyi/ackermann_sim/install/saye_behaviortree:/opt/ros/jazzy/opt/gz_sim_vendor:/opt/ros/jazzy/opt/gz_sensors_vendor:/opt/ros/jazzy/opt/gz_physics_vendor:/opt/ros/jazzy/opt/sdformat_vendor:/opt/ros/jazzy/opt/gz_gui_vendor:/opt/ros/jazzy/opt/gz_transport_vendor:/opt/ros/jazzy/opt/gz_rendering_vendor:/opt/ros/jazzy/opt/gz_plugin_vendor:/opt/ros/jazzy/opt/gz_fuel_tools_vendor:/opt/ros/jazzy/opt/gz_msgs_vendor:/opt/ros/jazzy/opt/gz_common_vendor:/opt/ros/jazzy/opt/gz_math_vendor:/opt/ros/jazzy/opt/gz_utils_vendor:/opt/ros/jazzy/opt/gz_tools_vendor:/opt/ros/jazzy/opt/gz_ogre_next_vendor:/opt/ros/jazzy/opt/gz_dartsim_vendor:/opt/ros/jazzy/opt/gz_cmake_vendor:/opt/ros/jazzy /usr/bin/cmake --install /home/yiyi/ackermann_sim/build/saye_control
[0.581s] -- Install configuration: ""
[0.582s] -- Up-to-date: /home/yiyi/ackermann_sim/install/saye_control/include/include
[0.582s] -- Up-to-date: /home/yiyi/ackermann_sim/install/saye_control/include/include/saye_control
[0.582s] -- Up-to-date: /home/yiyi/ackermann_sim/install/saye_control/include/include/saye_control/control.hpp
[0.582s] -- Up-to-date: /home/yiyi/ackermann_sim/install/saye_control/include/include/saye_control/joystick_controller_simulation.hpp
[0.583s] -- Up-to-date: /home/yiyi/ackermann_sim/install/saye_control/lib/saye_control/main
[0.584s] -- Up-to-date: /home/yiyi/ackermann_sim/install/saye_control/lib/saye_control/client
[0.585s] -- Up-to-date: /home/yiyi/ackermann_sim/install/saye_control/share/ament_index/resource_index/package_run_dependencies/saye_control
[0.585s] -- Up-to-date: /home/yiyi/ackermann_sim/install/saye_control/share/ament_index/resource_index/parent_prefix_path/saye_control
[0.585s] -- Up-to-date: /home/yiyi/ackermann_sim/install/saye_control/share/saye_control/environment/ament_prefix_path.sh
[0.585s] -- Up-to-date: /home/yiyi/ackermann_sim/install/saye_control/share/saye_control/environment/ament_prefix_path.dsv
[0.586s] -- Up-to-date: /home/yiyi/ackermann_sim/install/saye_control/share/saye_control/environment/path.sh
[0.586s] -- Up-to-date: /home/yiyi/ackermann_sim/install/saye_control/share/saye_control/environment/path.dsv
[0.586s] -- Up-to-date: /home/yiyi/ackermann_sim/install/saye_control/share/saye_control/local_setup.bash
[0.586s] -- Up-to-date: /home/yiyi/ackermann_sim/install/saye_control/share/saye_control/local_setup.sh
[0.586s] -- Up-to-date: /home/yiyi/ackermann_sim/install/saye_control/share/saye_control/local_setup.zsh
[0.586s] -- Up-to-date: /home/yiyi/ackermann_sim/install/saye_control/share/saye_control/local_setup.dsv
[0.586s] -- Installing: /home/yiyi/ackermann_sim/install/saye_control/share/saye_control/package.dsv
[0.586s] -- Up-to-date: /home/yiyi/ackermann_sim/install/saye_control/share/ament_index/resource_index/packages/saye_control
[0.587s] -- Up-to-date: /home/yiyi/ackermann_sim/install/saye_control/share/saye_control/cmake/saye_controlConfig.cmake
[0.587s] -- Up-to-date: /home/yiyi/ackermann_sim/install/saye_control/share/saye_control/cmake/saye_controlConfig-version.cmake
[0.587s] -- Up-to-date: /home/yiyi/ackermann_sim/install/saye_control/share/saye_control/package.xml
[0.591s] Invoked command in '/home/yiyi/ackermann_sim/build/saye_control' returned '0': CMAKE_PREFIX_PATH=/home/yiyi/ackermann_sim/install/saye_msgs:/home/yiyi/ackermann_sim/install/saye_control:/home/yiyi/ackermann_sim/install/saye_localization:/home/yiyi/ackermann_sim/install/saye_bringup:/home/yiyi/ackermann_sim/install/saye_description:/home/yiyi/ackermann_sim/install/saye_behaviortree:/opt/ros/jazzy/opt/gz_sim_vendor:/opt/ros/jazzy/opt/gz_sensors_vendor:/opt/ros/jazzy/opt/gz_physics_vendor:/opt/ros/jazzy/opt/sdformat_vendor:/opt/ros/jazzy/opt/gz_gui_vendor:/opt/ros/jazzy/opt/gz_transport_vendor:/opt/ros/jazzy/opt/gz_rendering_vendor:/opt/ros/jazzy/opt/gz_plugin_vendor:/opt/ros/jazzy/opt/gz_fuel_tools_vendor:/opt/ros/jazzy/opt/gz_msgs_vendor:/opt/ros/jazzy/opt/gz_common_vendor:/opt/ros/jazzy/opt/gz_math_vendor:/opt/ros/jazzy/opt/gz_utils_vendor:/opt/ros/jazzy/opt/gz_tools_vendor:/opt/ros/jazzy/opt/gz_ogre_next_vendor:/opt/ros/jazzy/opt/gz_dartsim_vendor:/opt/ros/jazzy/opt/gz_cmake_vendor:/opt/ros/jazzy /usr/bin/cmake --install /home/yiyi/ackermann_sim/build/saye_control
