[0.032s] Invoking command in '/home/yiyi/ackermann_sim/build/saye_mppi': CMAKE_PREFIX_PATH=${CMAKE_PREFIX_PATH}:/opt/ros/jazzy /usr/bin/cmake --build /home/yiyi/ackermann_sim/build/saye_mppi -- -j16 -l16
[0.191s] Built target ament_cmake_python_copy_saye_mppi_setup
[0.276s] Built target ament_cmake_python_copy_saye_mppi
[0.866s] running egg_info
[0.909s] writing saye_mppi.egg-info/PKG-INFO
[0.910s] writing dependency_links to saye_mppi.egg-info/dependency_links.txt
[0.911s] writing top-level names to saye_mppi.egg-info/top_level.txt
[1.050s] reading manifest file 'saye_mppi.egg-info/SOURCES.txt'
[1.054s] writing manifest file 'saye_mppi.egg-info/SOURCES.txt'
[1.176s] Built target ament_cmake_python_build_saye_mppi_egg
[1.219s] Invoked command in '/home/yiyi/ackermann_sim/build/saye_mppi' returned '0': CMAKE_PREFIX_PATH=${CMAKE_PREFIX_PATH}:/opt/ros/jazzy /usr/bin/cmake --build /home/yiyi/ackermann_sim/build/saye_mppi -- -j16 -l16
[1.260s] Invoking command in '/home/yiyi/ackermann_sim/build/saye_mppi': CMAKE_PREFIX_PATH=${CMAKE_PREFIX_PATH}:/opt/ros/jazzy /usr/bin/cmake --install /home/yiyi/ackermann_sim/build/saye_mppi
[1.283s] -- Install configuration: ""
[1.283s] -- Up-to-date: /home/yiyi/ackermann_sim/install/saye_mppi/share/saye_mppi/environment/pythonpath.sh
[1.283s] -- Up-to-date: /home/yiyi/ackermann_sim/install/saye_mppi/share/saye_mppi/environment/pythonpath.dsv
[1.283s] -- Up-to-date: /home/yiyi/ackermann_sim/install/saye_mppi/lib/python3.12/site-packages/saye_mppi-0.0.0-py3.12.egg-info
[1.283s] -- Installing: /home/yiyi/ackermann_sim/install/saye_mppi/lib/python3.12/site-packages/saye_mppi-0.0.0-py3.12.egg-info/PKG-INFO
[1.283s] -- Installing: /home/yiyi/ackermann_sim/install/saye_mppi/lib/python3.12/site-packages/saye_mppi-0.0.0-py3.12.egg-info/SOURCES.txt
[1.283s] -- Installing: /home/yiyi/ackermann_sim/install/saye_mppi/lib/python3.12/site-packages/saye_mppi-0.0.0-py3.12.egg-info/top_level.txt
[1.283s] -- Installing: /home/yiyi/ackermann_sim/install/saye_mppi/lib/python3.12/site-packages/saye_mppi-0.0.0-py3.12.egg-info/dependency_links.txt
[1.284s] -- Up-to-date: /home/yiyi/ackermann_sim/install/saye_mppi/lib/python3.12/site-packages/saye_mppi
[1.284s] -- Up-to-date: /home/yiyi/ackermann_sim/install/saye_mppi/lib/python3.12/site-packages/saye_mppi/__init__.py
[1.284s] -- Up-to-date: /home/yiyi/ackermann_sim/install/saye_mppi/lib/python3.12/site-packages/saye_mppi/path_commander.py
[1.284s] -- Up-to-date: /home/yiyi/ackermann_sim/install/saye_mppi/lib/python3.12/site-packages/saye_mppi/moving_obstacles.py
[1.376s] Listing '/home/yiyi/ackermann_sim/install/saye_mppi/lib/python3.12/site-packages/saye_mppi'...
[1.402s] -- Up-to-date: /home/yiyi/ackermann_sim/install/saye_mppi/share/saye_mppi/launch
[1.403s] -- Up-to-date: /home/yiyi/ackermann_sim/install/saye_mppi/share/saye_mppi/launch/mppi_navigation.launch.py
[1.403s] -- Up-to-date: /home/yiyi/ackermann_sim/install/saye_mppi/share/saye_mppi/launch/mppi_experiment.launch.py
[1.403s] -- Up-to-date: /home/yiyi/ackermann_sim/install/saye_mppi/share/saye_mppi/config
[1.403s] -- Up-to-date: /home/yiyi/ackermann_sim/install/saye_mppi/share/saye_mppi/config/mppi_nav2_params.yaml
[1.403s] -- Installing: /home/yiyi/ackermann_sim/install/saye_mppi/share/saye_mppi/config/moving_obstacles.yaml
[1.404s] -- Up-to-date: /home/yiyi/ackermann_sim/install/saye_mppi/share/saye_mppi/config/path_commander.yaml
[1.404s] -- Up-to-date: /home/yiyi/ackermann_sim/install/saye_mppi/share/saye_mppi/worlds
[1.404s] -- Up-to-date: /home/yiyi/ackermann_sim/install/saye_mppi/share/saye_mppi/worlds/saye_mppi_world.sdf
[1.404s] -- Up-to-date: /home/yiyi/ackermann_sim/install/saye_mppi/lib/saye_mppi/straight_path_commander
[1.404s] -- Up-to-date: /home/yiyi/ackermann_sim/install/saye_mppi/lib/saye_mppi/moving_obstacles
[1.404s] -- Up-to-date: /home/yiyi/ackermann_sim/install/saye_mppi/share/ament_index/resource_index/package_run_dependencies/saye_mppi
[1.404s] -- Up-to-date: /home/yiyi/ackermann_sim/install/saye_mppi/share/ament_index/resource_index/parent_prefix_path/saye_mppi
[1.405s] -- Up-to-date: /home/yiyi/ackermann_sim/install/saye_mppi/share/saye_mppi/environment/ament_prefix_path.sh
[1.405s] -- Up-to-date: /home/yiyi/ackermann_sim/install/saye_mppi/share/saye_mppi/environment/ament_prefix_path.dsv
[1.405s] -- Up-to-date: /home/yiyi/ackermann_sim/install/saye_mppi/share/saye_mppi/environment/path.sh
[1.405s] -- Up-to-date: /home/yiyi/ackermann_sim/install/saye_mppi/share/saye_mppi/environment/path.dsv
[1.405s] -- Up-to-date: /home/yiyi/ackermann_sim/install/saye_mppi/share/saye_mppi/local_setup.bash
[1.405s] -- Up-to-date: /home/yiyi/ackermann_sim/install/saye_mppi/share/saye_mppi/local_setup.sh
[1.406s] -- Up-to-date: /home/yiyi/ackermann_sim/install/saye_mppi/share/saye_mppi/local_setup.zsh
[1.406s] -- Up-to-date: /home/yiyi/ackermann_sim/install/saye_mppi/share/saye_mppi/local_setup.dsv
[1.406s] -- Installing: /home/yiyi/ackermann_sim/install/saye_mppi/share/saye_mppi/package.dsv
[1.406s] -- Up-to-date: /home/yiyi/ackermann_sim/install/saye_mppi/share/ament_index/resource_index/packages/saye_mppi
[1.406s] -- Up-to-date: /home/yiyi/ackermann_sim/install/saye_mppi/share/saye_mppi/cmake/saye_mppiConfig.cmake
[1.406s] -- Up-to-date: /home/yiyi/ackermann_sim/install/saye_mppi/share/saye_mppi/cmake/saye_mppiConfig-version.cmake
[1.406s] -- Up-to-date: /home/yiyi/ackermann_sim/install/saye_mppi/share/saye_mppi/package.xml
[1.418s] Invoked command in '/home/yiyi/ackermann_sim/build/saye_mppi' returned '0': CMAKE_PREFIX_PATH=${CMAKE_PREFIX_PATH}:/opt/ros/jazzy /usr/bin/cmake --install /home/yiyi/ackermann_sim/build/saye_mppi
