[0.142s] Invoking command in '/home/yiyi/ackermann_sim/build/saye_bringup_my': CMAKE_PREFIX_PATH=/home/yiyi/ackermann_sim/install/saye_description:/home/yiyi/ackermann_sim/install/saye_control:/home/yiyi/ackermann_sim/install/saye_msgs:/home/yiyi/ackermann_sim/install/saye_mppi:/home/yiyi/ackermann_sim/install/saye_localization:/home/yiyi/ackermann_sim/install/saye_bringup_my:/home/yiyi/ackermann_sim/install/saye_bringup:/home/yiyi/ackermann_sim/install/saye_behaviortree:/opt/ros/jazzy/opt/gz_sim_vendor:/opt/ros/jazzy/opt/gz_sensors_vendor:/opt/ros/jazzy/opt/gz_physics_vendor:/opt/ros/jazzy/opt/sdformat_vendor:/opt/ros/jazzy/opt/gz_gui_vendor:/opt/ros/jazzy/opt/gz_transport_vendor:/opt/ros/jazzy/opt/gz_rendering_vendor:/opt/ros/jazzy/opt/gz_plugin_vendor:/opt/ros/jazzy/opt/gz_fuel_tools_vendor:/opt/ros/jazzy/opt/gz_msgs_vendor:/opt/ros/jazzy/opt/gz_common_vendor:/opt/ros/jazzy/opt/gz_math_vendor:/opt/ros/jazzy/opt/gz_utils_vendor:/opt/ros/jazzy/opt/gz_tools_vendor:/opt/ros/jazzy/opt/gz_ogre_next_vendor:/opt/ros/jazzy/opt/gz_dartsim_vendor:/opt/ros/jazzy/opt/gz_cmake_vendor:/opt/ros/jazzy /usr/bin/cmake --build /home/yiyi/ackermann_sim/build/saye_bringup_my -- -j16 -l16
[0.176s] -- Found ament_cmake: 2.5.4 (/opt/ros/jazzy/share/ament_cmake/cmake)
[0.433s] -- Override CMake install command with custom implementation using symlinks instead of copying resources
[0.442s] -- Found rclpy: 7.1.5 (/opt/ros/jazzy/share/rclpy/cmake)
[0.442s] -- Found tf2_ros: 0.36.14 (/opt/ros/jazzy/share/tf2_ros/cmake)
[0.821s] -- Found rosidl_generator_c: 4.6.6 (/opt/ros/jazzy/share/rosidl_generator_c/cmake)
[0.832s] -- Found rosidl_generator_cpp: 4.6.6 (/opt/ros/jazzy/share/rosidl_generator_cpp/cmake)
[0.844s] -- Using all available rosidl_typesupport_c: rosidl_typesupport_fastrtps_c;rosidl_typesupport_introspection_c
[0.860s] -- Using all available rosidl_typesupport_cpp: rosidl_typesupport_fastrtps_cpp;rosidl_typesupport_introspection_cpp
[0.963s] -- Found rmw_implementation_cmake: 7.3.2 (/opt/ros/jazzy/share/rmw_implementation_cmake/cmake)
[0.965s] -- Found rmw_fastrtps_cpp: 8.4.3 (/opt/ros/jazzy/share/rmw_fastrtps_cpp/cmake)
[1.508s] -- Using RMW implementation 'rmw_fastrtps_cpp' as default
[2.071s] -- Found saye_description: 0.0.0 (/home/yiyi/ackermann_sim/install/saye_description/share/saye_description/cmake)
[2.071s] -- Found ament_lint_auto: 0.17.3 (/opt/ros/jazzy/share/ament_lint_auto/cmake)
[2.175s] -- Configuring done (2.0s)
[2.184s] -- Generating done (0.0s)
[2.188s] -- Build files have been written to: /home/yiyi/ackermann_sim/build/saye_bringup_my
[2.229s] Invoked command in '/home/yiyi/ackermann_sim/build/saye_bringup_my' returned '0': CMAKE_PREFIX_PATH=/home/yiyi/ackermann_sim/install/saye_description:/home/yiyi/ackermann_sim/install/saye_control:/home/yiyi/ackermann_sim/install/saye_msgs:/home/yiyi/ackermann_sim/install/saye_mppi:/home/yiyi/ackermann_sim/install/saye_localization:/home/yiyi/ackermann_sim/install/saye_bringup_my:/home/yiyi/ackermann_sim/install/saye_bringup:/home/yiyi/ackermann_sim/install/saye_behaviortree:/opt/ros/jazzy/opt/gz_sim_vendor:/opt/ros/jazzy/opt/gz_sensors_vendor:/opt/ros/jazzy/opt/gz_physics_vendor:/opt/ros/jazzy/opt/sdformat_vendor:/opt/ros/jazzy/opt/gz_gui_vendor:/opt/ros/jazzy/opt/gz_transport_vendor:/opt/ros/jazzy/opt/gz_rendering_vendor:/opt/ros/jazzy/opt/gz_plugin_vendor:/opt/ros/jazzy/opt/gz_fuel_tools_vendor:/opt/ros/jazzy/opt/gz_msgs_vendor:/opt/ros/jazzy/opt/gz_common_vendor:/opt/ros/jazzy/opt/gz_math_vendor:/opt/ros/jazzy/opt/gz_utils_vendor:/opt/ros/jazzy/opt/gz_tools_vendor:/opt/ros/jazzy/opt/gz_ogre_next_vendor:/opt/ros/jazzy/opt/gz_dartsim_vendor:/opt/ros/jazzy/opt/gz_cmake_vendor:/opt/ros/jazzy /usr/bin/cmake --build /home/yiyi/ackermann_sim/build/saye_bringup_my -- -j16 -l16
[2.244s] Invoking command in '/home/yiyi/ackermann_sim/build/saye_bringup_my': CMAKE_PREFIX_PATH=/home/yiyi/ackermann_sim/install/saye_description:/home/yiyi/ackermann_sim/install/saye_control:/home/yiyi/ackermann_sim/install/saye_msgs:/home/yiyi/ackermann_sim/install/saye_mppi:/home/yiyi/ackermann_sim/install/saye_localization:/home/yiyi/ackermann_sim/install/saye_bringup_my:/home/yiyi/ackermann_sim/install/saye_bringup:/home/yiyi/ackermann_sim/install/saye_behaviortree:/opt/ros/jazzy/opt/gz_sim_vendor:/opt/ros/jazzy/opt/gz_sensors_vendor:/opt/ros/jazzy/opt/gz_physics_vendor:/opt/ros/jazzy/opt/sdformat_vendor:/opt/ros/jazzy/opt/gz_gui_vendor:/opt/ros/jazzy/opt/gz_transport_vendor:/opt/ros/jazzy/opt/gz_rendering_vendor:/opt/ros/jazzy/opt/gz_plugin_vendor:/opt/ros/jazzy/opt/gz_fuel_tools_vendor:/opt/ros/jazzy/opt/gz_msgs_vendor:/opt/ros/jazzy/opt/gz_common_vendor:/opt/ros/jazzy/opt/gz_math_vendor:/opt/ros/jazzy/opt/gz_utils_vendor:/opt/ros/jazzy/opt/gz_tools_vendor:/opt/ros/jazzy/opt/gz_ogre_next_vendor:/opt/ros/jazzy/opt/gz_dartsim_vendor:/opt/ros/jazzy/opt/gz_cmake_vendor:/opt/ros/jazzy /usr/bin/cmake --install /home/yiyi/ackermann_sim/build/saye_bringup_my
[2.255s] -- Install configuration: ""
[2.256s] -- Execute custom install script
[2.256s] -- Up-to-date symlink: /home/yiyi/ackermann_sim/install/saye_bringup_my/share/saye_bringup_my//launch/amcl.launch.py
[2.256s] -- Up-to-date symlink: /home/yiyi/ackermann_sim/install/saye_bringup_my/share/saye_bringup_my//launch/navigation_bringup.launch.py
[2.257s] -- Up-to-date symlink: /home/yiyi/ackermann_sim/install/saye_bringup_my/share/saye_bringup_my//launch/saye_spawn.launch.py
[2.257s] -- Up-to-date symlink: /home/yiyi/ackermann_sim/install/saye_bringup_my/share/saye_bringup_my//launch/slam.launch.py
[2.257s] -- Up-to-date symlink: /home/yiyi/ackermann_sim/install/saye_bringup_my/share/saye_bringup_my//maps/map.pgm
[2.257s] -- Up-to-date symlink: /home/yiyi/ackermann_sim/install/saye_bringup_my/share/saye_bringup_my//maps/map.yaml
[2.258s] -- Up-to-date symlink: /home/yiyi/ackermann_sim/install/saye_bringup_my/share/saye_bringup_my//rviz/navigation.rviz
[2.258s] -- Up-to-date symlink: /home/yiyi/ackermann_sim/install/saye_bringup_my/share/saye_bringup_my//rviz/saye.rviz
[2.258s] -- Up-to-date symlink: /home/yiyi/ackermann_sim/install/saye_bringup_my/share/saye_bringup_my//config/amcl.yaml
[2.258s] -- Up-to-date symlink: /home/yiyi/ackermann_sim/install/saye_bringup_my/share/saye_bringup_my//config/nav2_params.yaml
[2.259s] -- Up-to-date symlink: /home/yiyi/ackermann_sim/install/saye_bringup_my/share/saye_bringup_my//config/navigation.yaml
[2.259s] -- Up-to-date symlink: /home/yiyi/ackermann_sim/install/saye_bringup_my/share/saye_bringup_my//config/ros_gz_bridge.yaml
[2.259s] -- Up-to-date symlink: /home/yiyi/ackermann_sim/install/saye_bringup_my/share/saye_bringup_my//config/slam.yaml
[2.259s] -- Up-to-date symlink: /home/yiyi/ackermann_sim/install/saye_bringup_my/lib/saye_bringup_my/ground_truth_pose.py
[2.259s] -- Symlinking: /home/yiyi/ackermann_sim/install/saye_bringup_my/lib/saye_bringup_my/start_navigation.sh
[2.273s] -- Up-to-date symlink: /home/yiyi/ackermann_sim/install/saye_bringup_my/share/ament_index/resource_index/package_run_dependencies/saye_bringup_my
[2.273s] -- Up-to-date symlink: /home/yiyi/ackermann_sim/install/saye_bringup_my/share/ament_index/resource_index/parent_prefix_path/saye_bringup_my
[2.273s] -- Up-to-date symlink: /home/yiyi/ackermann_sim/install/saye_bringup_my/share/saye_bringup_my/environment/ament_prefix_path.sh
[2.274s] -- Up-to-date symlink: /home/yiyi/ackermann_sim/install/saye_bringup_my/share/saye_bringup_my/environment/ament_prefix_path.dsv
[2.274s] -- Up-to-date symlink: /home/yiyi/ackermann_sim/install/saye_bringup_my/share/saye_bringup_my/environment/path.sh
[2.274s] -- Up-to-date symlink: /home/yiyi/ackermann_sim/install/saye_bringup_my/share/saye_bringup_my/environment/path.dsv
[2.274s] -- Up-to-date symlink: /home/yiyi/ackermann_sim/install/saye_bringup_my/share/saye_bringup_my/local_setup.bash
[2.274s] -- Up-to-date symlink: /home/yiyi/ackermann_sim/install/saye_bringup_my/share/saye_bringup_my/local_setup.sh
[2.275s] -- Up-to-date symlink: /home/yiyi/ackermann_sim/install/saye_bringup_my/share/saye_bringup_my/local_setup.zsh
[2.275s] -- Up-to-date symlink: /home/yiyi/ackermann_sim/install/saye_bringup_my/share/saye_bringup_my/local_setup.dsv
[2.275s] -- Symlinking: /home/yiyi/ackermann_sim/install/saye_bringup_my/share/saye_bringup_my/package.dsv
[2.289s] -- Up-to-date symlink: /home/yiyi/ackermann_sim/install/saye_bringup_my/share/ament_index/resource_index/packages/saye_bringup_my
[2.289s] -- Up-to-date symlink: /home/yiyi/ackermann_sim/install/saye_bringup_my/share/saye_bringup_my/cmake/saye_bringup_myConfig.cmake
[2.289s] -- Up-to-date symlink: /home/yiyi/ackermann_sim/install/saye_bringup_my/share/saye_bringup_my/cmake/saye_bringup_myConfig-version.cmake
[2.289s] -- Up-to-date symlink: /home/yiyi/ackermann_sim/install/saye_bringup_my/share/saye_bringup_my/package.xml
[2.291s] Invoked command in '/home/yiyi/ackermann_sim/build/saye_bringup_my' returned '0': CMAKE_PREFIX_PATH=/home/yiyi/ackermann_sim/install/saye_description:/home/yiyi/ackermann_sim/install/saye_control:/home/yiyi/ackermann_sim/install/saye_msgs:/home/yiyi/ackermann_sim/install/saye_mppi:/home/yiyi/ackermann_sim/install/saye_localization:/home/yiyi/ackermann_sim/install/saye_bringup_my:/home/yiyi/ackermann_sim/install/saye_bringup:/home/yiyi/ackermann_sim/install/saye_behaviortree:/opt/ros/jazzy/opt/gz_sim_vendor:/opt/ros/jazzy/opt/gz_sensors_vendor:/opt/ros/jazzy/opt/gz_physics_vendor:/opt/ros/jazzy/opt/sdformat_vendor:/opt/ros/jazzy/opt/gz_gui_vendor:/opt/ros/jazzy/opt/gz_transport_vendor:/opt/ros/jazzy/opt/gz_rendering_vendor:/opt/ros/jazzy/opt/gz_plugin_vendor:/opt/ros/jazzy/opt/gz_fuel_tools_vendor:/opt/ros/jazzy/opt/gz_msgs_vendor:/opt/ros/jazzy/opt/gz_common_vendor:/opt/ros/jazzy/opt/gz_math_vendor:/opt/ros/jazzy/opt/gz_utils_vendor:/opt/ros/jazzy/opt/gz_tools_vendor:/opt/ros/jazzy/opt/gz_ogre_next_vendor:/opt/ros/jazzy/opt/gz_dartsim_vendor:/opt/ros/jazzy/opt/gz_cmake_vendor:/opt/ros/jazzy /usr/bin/cmake --install /home/yiyi/ackermann_sim/build/saye_bringup_my
