[0.021s] Invoking command in '/home/yiyi/ackermann_sim/build/saye_description': CMAKE_PREFIX_PATH=${CMAKE_PREFIX_PATH}:/opt/ros/jazzy /usr/bin/cmake --build /home/yiyi/ackermann_sim/build/saye_description -- -j16 -l16
[0.143s] Invoked command in '/home/yiyi/ackermann_sim/build/saye_description' returned '0': CMAKE_PREFIX_PATH=${CMAKE_PREFIX_PATH}:/opt/ros/jazzy /usr/bin/cmake --build /home/yiyi/ackermann_sim/build/saye_description -- -j16 -l16
[0.164s] Invoking command in '/home/yiyi/ackermann_sim/build/saye_description': CMAKE_PREFIX_PATH=${CMAKE_PREFIX_PATH}:/opt/ros/jazzy /usr/bin/cmake --install /home/yiyi/ackermann_sim/build/saye_description
[0.180s] -- Install configuration: ""
[0.181s] -- Up-to-date: /home/yiyi/ackermann_sim/install/saye_description/share/saye_description//models
[0.182s] -- Up-to-date: /home/yiyi/ackermann_sim/install/saye_description/share/saye_description//models/saye
[0.182s] -- Up-to-date: /home/yiyi/ackermann_sim/install/saye_description/share/saye_description//models/saye/model.config
[0.182s] -- Up-to-date: /home/yiyi/ackermann_sim/install/saye_description/share/saye_description//models/saye/meshes
[0.182s] -- Up-to-date: /home/yiyi/ackermann_sim/install/saye_description/share/saye_description//models/saye/meshes/STL27L.dae
[0.182s] -- Up-to-date: /home/yiyi/ackermann_sim/install/saye_description/share/saye_description//models/saye/meshes/TopReduced.dae
[0.182s] -- Up-to-date: /home/yiyi/ackermann_sim/install/saye_description/share/saye_description//models/saye/meshes/sensor_rack_lowres_shallow_laser.dae
[0.182s] -- Up-to-date: /home/yiyi/ackermann_sim/install/saye_description/share/saye_description//models/saye/meshes/Wheel.dae
[0.182s] -- Up-to-date: /home/yiyi/ackermann_sim/install/saye_description/share/saye_description//models/saye/meshes/BaseReduced.dae
[0.183s] -- Up-to-date: /home/yiyi/ackermann_sim/install/saye_description/share/saye_description//models/saye/meshes/sensor_rack_support_lowres.dae
[0.183s] -- Up-to-date: /home/yiyi/ackermann_sim/install/saye_description/share/saye_description//models/saye/model.sdf
[0.183s] -- Up-to-date: /home/yiyi/ackermann_sim/install/saye_description/share/saye_description//models/saye/model_2d_lidar.sdf
[0.183s] -- Installing: /home/yiyi/ackermann_sim/install/saye_description/share/saye_description//models/walking_person
[0.185s] -- Installing: /home/yiyi/ackermann_sim/install/saye_description/share/saye_description//models/walking_person/thumbnails
[0.185s] -- Installing: /home/yiyi/ackermann_sim/install/saye_description/share/saye_description//models/walking_person/thumbnails/5.png
[0.185s] -- Installing: /home/yiyi/ackermann_sim/install/saye_description/share/saye_description//models/walking_person/thumbnails/1.png
[0.186s] -- Installing: /home/yiyi/ackermann_sim/install/saye_description/share/saye_description//models/walking_person/thumbnails/2.png
[0.186s] -- Installing: /home/yiyi/ackermann_sim/install/saye_description/share/saye_description//models/walking_person/thumbnails/4.png
[0.186s] -- Installing: /home/yiyi/ackermann_sim/install/saye_description/share/saye_description//models/walking_person/thumbnails/3.png
[0.187s] -- Installing: /home/yiyi/ackermann_sim/install/saye_description/share/saye_description//models/walking_person/materials
[0.187s] -- Installing: /home/yiyi/ackermann_sim/install/saye_description/share/saye_description//models/walking_person/materials/textures
[0.188s] -- Installing: /home/yiyi/ackermann_sim/install/saye_description/share/saye_description//models/walking_person/materials/textures/green_eye.png
[0.190s] -- Installing: /home/yiyi/ackermann_sim/install/saye_description/share/saye_description//models/walking_person/materials/textures/young_lightskinned_male_diffuse.png
[0.199s] -- Installing: /home/yiyi/ackermann_sim/install/saye_description/share/saye_description//models/walking_person/materials/textures/eyebrow001.png
[0.200s] -- Installing: /home/yiyi/ackermann_sim/install/saye_description/share/saye_description//models/walking_person/materials/textures/male02_diffuse_black-unmodified.png
[0.209s] -- Installing: /home/yiyi/ackermann_sim/install/saye_description/share/saye_description//models/walking_person/materials/textures/jeans_basic_diffuse.png
[0.217s] -- Installing: /home/yiyi/ackermann_sim/install/saye_description/share/saye_description//models/walking_person/materials/textures/jeans01_normals.png
[0.227s] -- Installing: /home/yiyi/ackermann_sim/install/saye_description/share/saye_description//models/walking_person/materials/textures/eyebrow001-unmodified.png
[0.227s] -- Installing: /home/yiyi/ackermann_sim/install/saye_description/share/saye_description//models/walking_person/materials/textures/teeth.png
[0.231s] -- Installing: /home/yiyi/ackermann_sim/install/saye_description/share/saye_description//models/walking_person/materials/textures/tshirt02_normals.png
[0.232s] -- Installing: /home/yiyi/ackermann_sim/install/saye_description/share/saye_description//models/walking_person/materials/textures/male02_diffuse_black.png
[0.241s] -- Installing: /home/yiyi/ackermann_sim/install/saye_description/share/saye_description//models/walking_person/materials/textures/tshirt02_texture.png
[0.242s] -- Installing: /home/yiyi/ackermann_sim/install/saye_description/share/saye_description//models/walking_person/model.config
[0.242s] -- Installing: /home/yiyi/ackermann_sim/install/saye_description/share/saye_description//models/walking_person/meshes
[0.242s] -- Installing: /home/yiyi/ackermann_sim/install/saye_description/share/saye_description//models/walking_person/meshes/walking.dae
[0.252s] -- Installing: /home/yiyi/ackermann_sim/install/saye_description/share/saye_description//models/walking_person/model.sdf
[0.252s] -- Up-to-date: /home/yiyi/ackermann_sim/install/saye_description/share/saye_description//worlds
[0.252s] -- Installing: /home/yiyi/ackermann_sim/install/saye_description/share/saye_description//worlds/saye_dynamic_corridor.sdf
[0.253s] -- Up-to-date: /home/yiyi/ackermann_sim/install/saye_description/share/saye_description//worlds/saye_world.sdf
[0.253s] -- Up-to-date: /home/yiyi/ackermann_sim/install/saye_description/share/saye_description//worlds/saye_long_corridor.sdf
[0.253s] -- Up-to-date: /home/yiyi/ackermann_sim/install/saye_description/share/saye_description//worlds/warehouse
[0.253s] -- Up-to-date: /home/yiyi/ackermann_sim/install/saye_description/share/saye_description//worlds/warehouse/thumbnails
[0.254s] -- Up-to-date: /home/yiyi/ackermann_sim/install/saye_description/share/saye_description//worlds/warehouse/thumbnails/1.png
[0.254s] -- Up-to-date: /home/yiyi/ackermann_sim/install/saye_description/share/saye_description//worlds/warehouse/thumbnails/2.png
[0.254s] -- Up-to-date: /home/yiyi/ackermann_sim/install/saye_description/share/saye_description//worlds/warehouse/thumbnails/4.png
[0.255s] -- Up-to-date: /home/yiyi/ackermann_sim/install/saye_description/share/saye_description//worlds/warehouse/thumbnails/3.png
[0.255s] -- Up-to-date: /home/yiyi/ackermann_sim/install/saye_description/share/saye_description//worlds/warehouse/model.config
[0.255s] -- Up-to-date: /home/yiyi/ackermann_sim/install/saye_description/share/saye_description//worlds/warehouse/meshes
[0.255s] -- Up-to-date: /home/yiyi/ackermann_sim/install/saye_description/share/saye_description//worlds/warehouse/meshes/Tape001_1K_Color.png
[0.255s] -- Up-to-date: /home/yiyi/ackermann_sim/install/saye_description/share/saye_description//worlds/warehouse/meshes/Rough_Square_Concrete_Block.jpg
[0.255s] -- Up-to-date: /home/yiyi/ackermann_sim/install/saye_description/share/saye_description//worlds/warehouse/meshes/Asphalt010_1K_Color.jpg
[0.256s] -- Up-to-date: /home/yiyi/ackermann_sim/install/saye_description/share/saye_description//worlds/warehouse/meshes/ground.png
[0.256s] -- Up-to-date: /home/yiyi/ackermann_sim/install/saye_description/share/saye_description//worlds/warehouse/meshes/Terrazzo005_1K_Color.jpg
[0.256s] -- Up-to-date: /home/yiyi/ackermann_sim/install/saye_description/share/saye_description//worlds/warehouse/meshes/warehouse.dae
[0.257s] -- Up-to-date: /home/yiyi/ackermann_sim/install/saye_description/share/saye_description//worlds/warehouse/meshes/warehouse_colision.stl
[0.257s] -- Up-to-date: /home/yiyi/ackermann_sim/install/saye_description/share/saye_description//worlds/warehouse/model.sdf
[0.257s] -- Up-to-date: /home/yiyi/ackermann_sim/install/saye_description/share/saye_description//hooks
[0.257s] -- Up-to-date: /home/yiyi/ackermann_sim/install/saye_description/share/saye_description//hooks/ros_gz_example_description.dsv.in
[0.257s] -- Up-to-date: /home/yiyi/ackermann_sim/install/saye_description/share/saye_description//hooks/ros_gz_example_description.sh.in
[0.257s] -- Up-to-date: /home/yiyi/ackermann_sim/install/saye_description/share/saye_description/environment/ros_gz_example_description.sh
[0.257s] -- Up-to-date: /home/yiyi/ackermann_sim/install/saye_description/share/saye_description/environment/ros_gz_example_description.dsv
[0.257s] -- Up-to-date: /home/yiyi/ackermann_sim/install/saye_description/share/ament_index/resource_index/package_run_dependencies/saye_description
[0.257s] -- Up-to-date: /home/yiyi/ackermann_sim/install/saye_description/share/ament_index/resource_index/parent_prefix_path/saye_description
[0.258s] -- Up-to-date: /home/yiyi/ackermann_sim/install/saye_description/share/saye_description/environment/ament_prefix_path.sh
[0.258s] -- Up-to-date: /home/yiyi/ackermann_sim/install/saye_description/share/saye_description/environment/ament_prefix_path.dsv
[0.258s] -- Up-to-date: /home/yiyi/ackermann_sim/install/saye_description/share/saye_description/environment/path.sh
[0.258s] -- Up-to-date: /home/yiyi/ackermann_sim/install/saye_description/share/saye_description/environment/path.dsv
[0.258s] -- Up-to-date: /home/yiyi/ackermann_sim/install/saye_description/share/saye_description/local_setup.bash
[0.258s] -- Up-to-date: /home/yiyi/ackermann_sim/install/saye_description/share/saye_description/local_setup.sh
[0.258s] -- Up-to-date: /home/yiyi/ackermann_sim/install/saye_description/share/saye_description/local_setup.zsh
[0.258s] -- Up-to-date: /home/yiyi/ackermann_sim/install/saye_description/share/saye_description/local_setup.dsv
[0.258s] -- Installing: /home/yiyi/ackermann_sim/install/saye_description/share/saye_description/package.dsv
[0.258s] -- Up-to-date: /home/yiyi/ackermann_sim/install/saye_description/share/ament_index/resource_index/packages/saye_description
[0.258s] -- Up-to-date: /home/yiyi/ackermann_sim/install/saye_description/share/saye_description/cmake/saye_descriptionConfig.cmake
[0.258s] -- Up-to-date: /home/yiyi/ackermann_sim/install/saye_description/share/saye_description/cmake/saye_descriptionConfig-version.cmake
[0.258s] -- Up-to-date: /home/yiyi/ackermann_sim/install/saye_description/share/saye_description/package.xml
[0.260s] Invoked command in '/home/yiyi/ackermann_sim/build/saye_description' returned '0': CMAKE_PREFIX_PATH=${CMAKE_PREFIX_PATH}:/opt/ros/jazzy /usr/bin/cmake --install /home/yiyi/ackermann_sim/build/saye_description
