[0.014s] Invoking command in '/home/yiyi/ackermann_sim/build/saye_description': CMAKE_PREFIX_PATH=${CMAKE_PREFIX_PATH}:/opt/ros/jazzy /usr/bin/cmake --build /home/yiyi/ackermann_sim/build/saye_description -- -j16 -l16
[0.053s] -- Found ament_cmake: 2.5.4 (/opt/ros/jazzy/share/ament_cmake/cmake)
[0.335s] -- Found ament_index_cpp: 1.8.1 (/opt/ros/jazzy/share/ament_index_cpp/cmake)
[0.344s] -- Looking for gz-plugin2 -- found version 2.0.4
[0.380s] -- Searching for dependencies of gz-plugin2
[0.388s] -- Looking for gz-utils2 -- found version 2.2.1
[0.388s] -- Searching for dependencies of gz-utils2
[0.389s] -- Searching for <gz-utils2> component [cli]
[0.397s] -- Looking for gz-utils2-cli -- found version 2.2.1
[0.397s] -- Searching for dependencies of gz-utils2-cli
[0.423s] -- Looking for gz-sim8 -- found version 8.9.0
[0.423s] -- Searching for dependencies of gz-sim8
[0.429s] -- Looking for sdformat14 -- found version 14.8.0
[0.429s] -- Searching for dependencies of sdformat14
[0.439s] -- Checking for module 'tinyxml2'
[0.474s] --   Found tinyxml2, version 10.0.0
[0.541s] -- Looking for gz-math7 -- found version 7.5.2
[0.541s] -- Searching for dependencies of gz-math7
[0.542s] -- Looking for gz-utils2 -- found version 2.2.1
[0.544s] -- Looking for gz-utils2 -- found version 2.2.1
[0.547s] -- Looking for gz-plugin2 -- found version 2.0.4
[0.547s] -- Searching for dependencies of gz-plugin2
[0.548s] -- Looking for gz-utils2 -- found version 2.2.1
[0.548s] -- Searching for <gz-plugin2> component [loader]
[0.553s] -- Looking for gz-plugin2-loader -- found version 2.0.4
[0.554s] -- Searching for dependencies of gz-plugin2-loader
[0.555s] -- Searching for <gz-plugin2> component [register]
[0.561s] -- Looking for gz-plugin2-register -- found version 2.0.4
[0.561s] -- Searching for dependencies of gz-plugin2-register
[0.569s] -- Looking for gz-transport13 -- found version 13.4.1
[0.569s] -- Searching for dependencies of gz-transport13
[5.142s] -- Found Protobuf: /usr/lib/x86_64-linux-gnu/libprotobuf.so (found version "3.21.12") 
[7.681s] -- Config-file not installed for ZeroMQ -- checking for pkg-config
[7.688s] -- Checking for module 'libzmq >= 4'
[7.719s] --   Found libzmq, version 4.3.5
[7.815s] -- Found ZeroMQ: TRUE (Required is at least version "4") 
[7.952s] -- Checking for module 'uuid'
[7.980s] --   Found uuid, version 2.39.3
[8.043s] -- Found UUID: TRUE  
[8.044s] -- Looking for gz-utils2 -- found version 2.2.1
[8.051s] -- Looking for gz-msgs10 -- found version 10.3.2
[8.051s] -- Searching for dependencies of gz-msgs10
[10.807s] -- Looking for gz-utils2 -- found version 2.2.1
[10.807s] -- Looking for gz-math7 -- found version 7.5.2
[10.827s] -- Searching for <gz-transport13> component [log]
[10.832s] -- Looking for gz-transport13-log -- found version 13.4.1
[10.832s] -- Searching for dependencies of gz-transport13-log
[10.834s] -- Searching for <gz-transport13> component [parameters]
[10.840s] -- Looking for gz-transport13-parameters -- found version 13.4.1
[10.840s] -- Searching for dependencies of gz-transport13-parameters
[10.842s] -- Looking for gz-msgs10 -- found version 10.3.2
[10.852s] -- Looking for gz-common5 -- found version 5.7.1
[10.852s] -- Searching for dependencies of gz-common5
[10.853s] -- Looking for gz-utils2 -- found version 2.2.1
[10.969s] -- Looking for dlfcn.h - found
[11.089s] -- Looking for libdl - found
[11.090s] -- Found DL: TRUE  
[11.105s] -- Searching for <gz-common5> component [av]
[11.112s] -- Looking for gz-common5-av -- found version 5.7.1
[11.112s] -- Searching for dependencies of gz-common5-av
[11.120s] -- Checking for module 'libswscale'
[11.149s] --   Found libswscale, version 7.5.100
[11.212s] -- Found SWSCALE: TRUE  
[11.220s] -- Checking for module 'libavdevice >= 56.4.100'
[11.246s] --   Found libavdevice, version 60.3.100
[11.332s] -- Found AVDEVICE: TRUE (Required is at least version "56.4.100") 
[11.340s] -- Checking for module 'libavformat'
[11.366s] --   Found libavformat, version 60.16.100
[11.435s] -- Found AVFORMAT: TRUE  
[11.444s] -- Checking for module 'libavcodec'
[11.469s] --   Found libavcodec, version 60.31.102
[11.536s] -- Found AVCODEC: TRUE  
[11.544s] -- Checking for module 'libavutil'
[11.570s] --   Found libavutil, version 58.29.100
[11.630s] -- Found AVUTIL: TRUE  
[11.633s] -- Searching for <gz-common5> component [events]
[11.638s] -- Looking for gz-common5-events -- found version 5.7.1
[11.639s] -- Searching for dependencies of gz-common5-events
[11.639s] -- Looking for gz-math7 -- found version 7.5.2
[11.641s] -- Searching for <gz-common5> component [graphics]
[11.646s] -- Looking for gz-common5-graphics -- found version 5.7.1
[11.647s] -- Searching for dependencies of gz-common5-graphics
[11.647s] -- Looking for gz-math7 -- found version 7.5.2
[11.661s] -- Found GzAssimp: TRUE (found version "5.3.0") 
[11.662s] -- Searching for <gz-common5> component [io]
[11.669s] -- Looking for gz-common5-io -- found version 5.7.1
[11.669s] -- Searching for dependencies of gz-common5-io
[11.670s] -- Searching for <gz-common5> component [profiler]
[11.677s] -- Looking for gz-common5-profiler -- found version 5.7.1
[11.677s] -- Searching for dependencies of gz-common5-profiler
[11.685s] -- Looking for gz-fuel_tools9 -- found version 9.1.1
[11.685s] -- Searching for dependencies of gz-fuel_tools9
[14.538s] -- Found CURL: /usr/lib/x86_64-linux-gnu/libcurl.so (found version "8.5.0")  
[14.563s] -- Checking for module 'jsoncpp'
[14.591s] --   Found jsoncpp, version 1.9.5
[14.654s] -- Found JSONCPP: TRUE  
[17.065s] -- Checking for module 'yaml-0.1'
[17.092s] --   Found yaml-0.1, version 0.2.5
[17.152s] -- Found YAML: TRUE  
[17.161s] -- Checking for module 'libzip'
[17.188s] --   Found libzip, version 1.7.3
[17.248s] -- Found ZIP: TRUE  
[17.248s] -- Looking for gz-utils2 -- found version 2.2.1
[17.249s] -- Looking for gz-common5 -- found version 5.7.1
[17.249s] -- Searching for dependencies of gz-common5
[17.249s] -- Looking for gz-utils2 -- found version 2.2.1
[17.250s] -- Looking for dlfcn.h - found
[17.250s] -- Looking for libdl - found
[17.261s] -- Searching for <gz-common5> component [testing]
[17.268s] -- Looking for gz-common5-testing -- found version 5.7.1
[17.268s] -- Searching for dependencies of gz-common5-testing
[17.270s] -- Looking for gz-math7 -- found version 7.5.2
[17.270s] -- Looking for gz-msgs10 -- found version 10.3.2
[17.278s] -- Looking for gz-gui8 -- found version 8.4.0
[17.278s] -- Searching for dependencies of gz-gui8
[19.688s] -- Looking for gz-utils2 -- found version 2.2.1
[19.689s] -- Looking for gz-math7 -- found version 7.5.2
[19.689s] -- Looking for gz-common5 -- found version 5.7.1
[19.690s] -- Looking for gz-plugin2 -- found version 2.0.4
[19.690s] -- Looking for gz-transport13 -- found version 13.4.1
[19.699s] -- Looking for gz-rendering8 -- found version 8.2.2
[19.699s] -- Searching for dependencies of gz-rendering8
[19.699s] -- Looking for gz-math7 -- found version 7.5.2
[19.700s] -- Searching for dependencies of gz-math7
[19.700s] -- Looking for gz-utils2 -- found version 2.2.1
[19.700s] -- Searching for <gz-math7> component [eigen3]
[19.708s] -- Looking for gz-math7-eigen3 -- found version 7.5.2
[19.708s] -- Searching for dependencies of gz-math7-eigen3
[19.714s] -- Looking for gz-common5 -- found version 5.7.1
[19.714s] -- Searching for dependencies of gz-common5
[19.715s] -- Looking for gz-utils2 -- found version 2.2.1
[19.715s] -- Looking for dlfcn.h - found
[19.715s] -- Looking for libdl - found
[19.725s] -- Searching for <gz-common5> component [graphics]
[19.725s] -- Searching for <gz-common5> component [events]
[19.725s] -- Searching for <gz-common5> component [geospatial]
[19.732s] -- Looking for gz-common5-geospatial -- found version 5.7.1
[19.732s] -- Searching for dependencies of gz-common5-geospatial
[19.732s] -- Looking for gz-math7 -- found version 7.5.2
[19.733s] -- Looking for gz-common5 -- found version 5.7.1
[19.736s] -- Looking for gz-plugin2 -- found version 2.0.4
[19.736s] -- Searching for dependencies of gz-plugin2
[19.736s] -- Looking for gz-utils2 -- found version 2.2.1
[19.736s] -- Searching for <gz-plugin2> component [all]
[19.742s] -- Looking for all libraries of gz-plugin2 -- found version 2.0.4
[19.743s] -- Looking for gz-plugin2 -- found version 2.0.4
[19.745s] -- Looking for gz-utils2 -- found version 2.2.1
[21.583s] -- Found OpenGL: /usr/lib/x86_64-linux-gnu/libOpenGL.so  found components: OpenGL 
[21.589s] -- Looking for gz-msgs10 -- found version 10.3.2
[21.929s] -- Looking for gz-physics7 -- found version 7.5.0
[21.929s] -- Searching for dependencies of gz-physics7
[21.929s] -- Looking for gz-common5 -- found version 5.7.1
[21.930s] -- Looking for gz-math7 -- found version 7.5.2
[21.930s] -- Looking for gz-plugin2 -- found version 2.0.4
[21.931s] -- Looking for gz-utils2 -- found version 2.2.1
[21.934s] -- Searching for <gz-physics7> component [heightmap]
[21.940s] -- Looking for gz-physics7-heightmap -- found version 7.5.0
[21.940s] -- Searching for dependencies of gz-physics7-heightmap
[21.940s] -- Looking for gz-common5 -- found version 5.7.1
[21.941s] -- Searching for <gz-physics7> component [mesh]
[21.946s] -- Looking for gz-physics7-mesh -- found version 7.5.0
[21.946s] -- Searching for dependencies of gz-physics7-mesh
[21.946s] -- Looking for gz-common5 -- found version 5.7.1
[21.948s] -- Searching for <gz-physics7> component [sdf]
[21.953s] -- Looking for gz-physics7-sdf -- found version 7.5.0
[21.953s] -- Searching for dependencies of gz-physics7-sdf
[21.953s] -- Looking for sdformat14 -- found version 14.8.0
[21.962s] -- Looking for gz-sensors8 -- found version 8.2.2
[21.962s] -- Searching for dependencies of gz-sensors8
[24.398s] -- Looking for gz-math7 -- found version 7.5.2
[24.398s] -- Looking for gz-common5 -- found version 5.7.1
[24.399s] -- Looking for gz-transport13 -- found version 13.4.1
[24.399s] -- Looking for gz-rendering8 -- found version 8.2.2
[24.399s] -- Looking for gz-msgs10 -- found version 10.3.2
[24.400s] -- Looking for sdformat14 -- found version 14.8.0
[24.405s] -- Searching for <gz-sensors8> component [air_pressure]
[24.411s] -- Looking for gz-sensors8-air_pressure -- found version 8.2.2
[24.411s] -- Searching for dependencies of gz-sensors8-air_pressure
[24.413s] -- Searching for <gz-sensors8> component [air_speed]
[24.418s] -- Looking for gz-sensors8-air_speed -- found version 8.2.2
[24.418s] -- Searching for dependencies of gz-sensors8-air_speed
[24.419s] -- Searching for <gz-sensors8> component [altimeter]
[24.425s] -- Looking for gz-sensors8-altimeter -- found version 8.2.2
[24.425s] -- Searching for dependencies of gz-sensors8-altimeter
[24.427s] -- Searching for <gz-sensors8> component [imu]
[24.433s] -- Looking for gz-sensors8-imu -- found version 8.2.2
[24.433s] -- Searching for dependencies of gz-sensors8-imu
[24.434s] -- Searching for <gz-sensors8> component [force_torque]
[24.440s] -- Looking for gz-sensors8-force_torque -- found version 8.2.2
[24.440s] -- Searching for dependencies of gz-sensors8-force_torque
[24.442s] -- Searching for <gz-sensors8> component [logical_camera]
[24.447s] -- Looking for gz-sensors8-logical_camera -- found version 8.2.2
[24.447s] -- Searching for dependencies of gz-sensors8-logical_camera
[24.449s] -- Searching for <gz-sensors8> component [magnetometer]
[24.455s] -- Looking for gz-sensors8-magnetometer -- found version 8.2.2
[24.455s] -- Searching for dependencies of gz-sensors8-magnetometer
[24.457s] -- Searching for <gz-sensors8> component [navsat]
[24.462s] -- Looking for gz-sensors8-navsat -- found version 8.2.2
[24.463s] -- Searching for dependencies of gz-sensors8-navsat
[24.464s] -- Searching for <gz-sensors8> component [dvl]
[24.470s] -- Looking for gz-sensors8-dvl -- found version 8.2.2
[24.470s] -- Searching for dependencies of gz-sensors8-dvl
[24.470s] -- Looking for gz-sensors8 -- found version 8.2.2
[24.471s] -- Searching for dependencies of gz-sensors8
[26.960s] -- Looking for gz-math7 -- found version 7.5.2
[26.960s] -- Looking for gz-common5 -- found version 5.7.1
[26.961s] -- Looking for gz-transport13 -- found version 13.4.1
[26.961s] -- Looking for gz-rendering8 -- found version 8.2.2
[26.961s] -- Looking for gz-msgs10 -- found version 10.3.2
[26.962s] -- Looking for sdformat14 -- found version 14.8.0
[26.962s] -- Searching for <gz-sensors8> component [rendering]
[26.992s] -- Looking for gz-sensors8-rendering -- found version 8.2.2
[26.992s] -- Searching for dependencies of gz-sensors8-rendering
[26.996s] -- Searching for <gz-sensors8> component [rendering]
[26.996s] -- Searching for <gz-sensors8> component [lidar]
[27.001s] -- Looking for gz-sensors8-lidar -- found version 8.2.2
[27.001s] -- Searching for dependencies of gz-sensors8-lidar
[27.002s] -- Looking for gz-sensors8 -- found version 8.2.2
[27.004s] -- Searching for <gz-sensors8> component [gpu_lidar]
[27.010s] -- Looking for gz-sensors8-gpu_lidar -- found version 8.2.2
[27.010s] -- Searching for dependencies of gz-sensors8-gpu_lidar
[27.010s] -- Looking for gz-sensors8 -- found version 8.2.2
[27.012s] -- Searching for <gz-sensors8> component [camera]
[27.017s] -- Looking for gz-sensors8-camera -- found version 8.2.2
[27.017s] -- Searching for dependencies of gz-sensors8-camera
[27.017s] -- Looking for gz-sensors8 -- found version 8.2.2
[27.019s] -- Searching for <gz-sensors8> component [boundingbox_camera]
[27.025s] -- Looking for gz-sensors8-boundingbox_camera -- found version 8.2.2
[27.025s] -- Searching for dependencies of gz-sensors8-boundingbox_camera
[27.027s] -- Searching for <gz-sensors8> component [segmentation_camera]
[27.033s] -- Looking for gz-sensors8-segmentation_camera -- found version 8.2.2
[27.033s] -- Searching for dependencies of gz-sensors8-segmentation_camera
[27.035s] -- Searching for <gz-sensors8> component [depth_camera]
[27.040s] -- Looking for gz-sensors8-depth_camera -- found version 8.2.2
[27.041s] -- Searching for dependencies of gz-sensors8-depth_camera
[27.041s] -- Looking for gz-sensors8 -- found version 8.2.2
[27.043s] -- Searching for <gz-sensors8> component [rgbd_camera]
[27.048s] -- Looking for gz-sensors8-rgbd_camera -- found version 8.2.2
[27.048s] -- Searching for dependencies of gz-sensors8-rgbd_camera
[27.049s] -- Looking for gz-sensors8 -- found version 8.2.2
[27.051s] -- Searching for <gz-sensors8> component [thermal_camera]
[27.056s] -- Looking for gz-sensors8-thermal_camera -- found version 8.2.2
[27.057s] -- Searching for dependencies of gz-sensors8-thermal_camera
[27.057s] -- Looking for gz-sensors8 -- found version 8.2.2
[27.059s] -- Searching for <gz-sensors8> component [wide_angle_camera]
[27.064s] -- Looking for gz-sensors8-wide_angle_camera -- found version 8.2.2
[27.064s] -- Searching for dependencies of gz-sensors8-wide_angle_camera
[27.067s] -- Looking for gz-rendering8 -- found version 8.2.2
[27.068s] -- Looking for gz-math7 -- found version 7.5.2
[27.068s] -- Looking for gz-utils2 -- found version 2.2.1
[29.611s] -- Found robot_state_publisher: 3.3.3 (/opt/ros/jazzy/share/robot_state_publisher/cmake)
[29.787s] -- Found rosidl_generator_c: 4.6.6 (/opt/ros/jazzy/share/rosidl_generator_c/cmake)
[29.805s] -- Found rosidl_generator_cpp: 4.6.6 (/opt/ros/jazzy/share/rosidl_generator_cpp/cmake)
[29.832s] -- Using all available rosidl_typesupport_c: rosidl_typesupport_fastrtps_c;rosidl_typesupport_introspection_c
[29.858s] -- Using all available rosidl_typesupport_cpp: rosidl_typesupport_fastrtps_cpp;rosidl_typesupport_introspection_cpp
[29.983s] -- Found rmw_implementation_cmake: 7.3.2 (/opt/ros/jazzy/share/rmw_implementation_cmake/cmake)
[29.988s] -- Found rmw_fastrtps_cpp: 8.4.3 (/opt/ros/jazzy/share/rmw_fastrtps_cpp/cmake)
[30.582s] -- Using RMW implementation 'rmw_fastrtps_cpp' as default
[31.425s] -- Found xacro: 2.1.1 (/opt/ros/jazzy/share/xacro/cmake)
[31.438s] -- Found ament_lint_auto: 0.17.3 (/opt/ros/jazzy/share/ament_lint_auto/cmake)
[31.566s] CMake Error at CMakeLists.txt:40 (target_link_libraries):
[31.566s]   The plain signature for target_link_libraries has already been used with
[31.566s]   the target "pedestrian_manager_system".  All uses of target_link_libraries
[31.566s]   with a target must be either all-keyword or all-plain.
[31.566s] 
[31.566s]   The uses of the plain signature are here:
[31.566s] 
[31.566s]    * /opt/ros/jazzy/share/ament_cmake_target_dependencies/cmake/ament_target_dependencies.cmake:146 (target_link_libraries)
[31.566s] 
[31.566s] 
[31.566s] 
[31.588s] -- Added test 'cppcheck' to perform static code analysis on C / C++ code
[31.588s] -- Configured cppcheck include dirs: /home/yiyi/ackermann_sim/src/ackermann-vehicle-gzsim-ros2/saye_description/plugins/pedestrian_manager/include
[31.589s] -- Configured cppcheck exclude dirs and/or files: 
[31.594s] -- Added test 'lint_cmake' to check CMake code style
[31.603s] -- Added test 'uncrustify' to check C / C++ code style
[31.603s] -- Configured uncrustify additional arguments: 
[31.607s] -- Added test 'xmllint' to check XML markup files
[31.610s] -- Configuring incomplete, errors occurred!
[31.636s] gmake: *** [Makefile:226: cmake_check_build_system] Error 1
[31.639s] Invoked command in '/home/yiyi/ackermann_sim/build/saye_description' returned '2': CMAKE_PREFIX_PATH=${CMAKE_PREFIX_PATH}:/opt/ros/jazzy /usr/bin/cmake --build /home/yiyi/ackermann_sim/build/saye_description -- -j16 -l16
