[100%] Built target saye_rapa_mppi
-- Install configuration: "Release"
-- Up-to-date: /home/yiyi/ackermann_sim/install/saye_rapa_mppi/lib/libsaye_rapa_mppi.so
-- Up-to-date: /home/yiyi/ackermann_sim/install/saye_rapa_mppi/include/
-- Up-to-date: /home/yiyi/ackermann_sim/install/saye_rapa_mppi/include//saye_rapa_mppi
-- Up-to-date: /home/yiyi/ackermann_sim/install/saye_rapa_mppi/include//saye_rapa_mppi/risk_aware_critic.hpp
-- Up-to-date: /home/yiyi/ackermann_sim/install/saye_rapa_mppi/include//saye_rapa_mppi/utils
-- Installing: /home/yiyi/ackermann_sim/install/saye_rapa_mppi/share/saye_rapa_mppi/plugins.xml
-- Up-to-date: /home/yiyi/ackermann_sim/install/saye_rapa_mppi/share/saye_rapa_mppi/config
-- Up-to-date: /home/yiyi/ackermann_sim/install/saye_rapa_mppi/share/saye_rapa_mppi/config/rapa_mppi_params.yaml
-- Up-to-date: /home/yiyi/ackermann_sim/install/saye_rapa_mppi/share/saye_rapa_mppi/plugins.xml
-- Up-to-date: /home/yiyi/ackermann_sim/install/saye_rapa_mppi/share/saye_rapa_mppi/environment/library_path.sh
-- Up-to-date: /home/yiyi/ackermann_sim/install/saye_rapa_mppi/share/saye_rapa_mppi/environment/library_path.dsv
-- Up-to-date: /home/yiyi/ackermann_sim/install/saye_rapa_mppi/share/ament_index/resource_index/package_run_dependencies/saye_rapa_mppi
-- Up-to-date: /home/yiyi/ackermann_sim/install/saye_rapa_mppi/share/ament_index/resource_index/parent_prefix_path/saye_rapa_mppi
-- Up-to-date: /home/yiyi/ackermann_sim/install/saye_rapa_mppi/share/saye_rapa_mppi/environment/ament_prefix_path.sh
-- Up-to-date: /home/yiyi/ackermann_sim/install/saye_rapa_mppi/share/saye_rapa_mppi/environment/ament_prefix_path.dsv
-- Up-to-date: /home/yiyi/ackermann_sim/install/saye_rapa_mppi/share/saye_rapa_mppi/environment/path.sh
-- Up-to-date: /home/yiyi/ackermann_sim/install/saye_rapa_mppi/share/saye_rapa_mppi/environment/path.dsv
-- Up-to-date: /home/yiyi/ackermann_sim/install/saye_rapa_mppi/share/saye_rapa_mppi/local_setup.bash
-- Up-to-date: /home/yiyi/ackermann_sim/install/saye_rapa_mppi/share/saye_rapa_mppi/local_setup.sh
-- Up-to-date: /home/yiyi/ackermann_sim/install/saye_rapa_mppi/share/saye_rapa_mppi/local_setup.zsh
-- Up-to-date: /home/yiyi/ackermann_sim/install/saye_rapa_mppi/share/saye_rapa_mppi/local_setup.dsv
-- Installing: /home/yiyi/ackermann_sim/install/saye_rapa_mppi/share/saye_rapa_mppi/package.dsv
-- Up-to-date: /home/yiyi/ackermann_sim/install/saye_rapa_mppi/share/ament_index/resource_index/packages/saye_rapa_mppi
-- Up-to-date: /home/yiyi/ackermann_sim/install/saye_rapa_mppi/share/ament_index/resource_index/nav2_mppi_controller__pluginlib__plugin/saye_rapa_mppi
-- Up-to-date: /home/yiyi/ackermann_sim/install/saye_rapa_mppi/share/saye_rapa_mppi/cmake/ament_cmake_export_include_directories-extras.cmake
-- Up-to-date: /home/yiyi/ackermann_sim/install/saye_rapa_mppi/share/saye_rapa_mppi/cmake/ament_cmake_export_libraries-extras.cmake
-- Up-to-date: /home/yiyi/ackermann_sim/install/saye_rapa_mppi/share/saye_rapa_mppi/cmake/ament_cmake_export_dependencies-extras.cmake
-- Up-to-date: /home/yiyi/ackermann_sim/install/saye_rapa_mppi/share/saye_rapa_mppi/cmake/saye_rapa_mppiConfig.cmake
-- Up-to-date: /home/yiyi/ackermann_sim/install/saye_rapa_mppi/share/saye_rapa_mppi/cmake/saye_rapa_mppiConfig-version.cmake
-- Up-to-date: /home/yiyi/ackermann_sim/install/saye_rapa_mppi/share/saye_rapa_mppi/package.xml
