[0.557s] Invoking command in '/home/yiyi/ackermann_sim/build/saye_rapa_mppi': CMAKE_PREFIX_PATH=/home/yiyi/ackermann_sim/install/saye_msgs:/home/yiyi/ackermann_sim/install/saye_prediction:/home/yiyi/ackermann_sim/install/saye_control:/home/yiyi/ackermann_sim/install/saye_mppi:/home/yiyi/ackermann_sim/install/saye_localization:/home/yiyi/ackermann_sim/install/saye_bringup_my:/home/yiyi/ackermann_sim/install/saye_bringup:/home/yiyi/ackermann_sim/install/saye_description:/home/yiyi/ackermann_sim/install/saye_behaviortree:/opt/ros/jazzy/opt/gz_sim_vendor:/opt/ros/jazzy/opt/gz_sensors_vendor:/opt/ros/jazzy/opt/gz_physics_vendor:/opt/ros/jazzy/opt/sdformat_vendor:/opt/ros/jazzy/opt/gz_gui_vendor:/opt/ros/jazzy/opt/gz_transport_vendor:/opt/ros/jazzy/opt/gz_rendering_vendor:/opt/ros/jazzy/opt/gz_plugin_vendor:/opt/ros/jazzy/opt/gz_fuel_tools_vendor:/opt/ros/jazzy/opt/gz_msgs_vendor:/opt/ros/jazzy/opt/gz_common_vendor:/opt/ros/jazzy/opt/gz_math_vendor:/opt/ros/jazzy/opt/gz_utils_vendor:/opt/ros/jazzy/opt/gz_tools_vendor:/opt/ros/jazzy/opt/gz_ogre_next_vendor:/opt/ros/jazzy/opt/gz_dartsim_vendor:/opt/ros/jazzy/opt/gz_cmake_vendor:/opt/ros/jazzy PYTHONPATH=/home/yiyi/ackermann_sim/install/saye_msgs/lib/python3.12/site-packages:/home/yiyi/ackermann_sim/install/saye_prediction/lib/python3.12/site-packages:/home/yiyi/ackermann_sim/install/saye_mppi/lib/python3.12/site-packages:/opt/ros/jazzy/lib/python3.12/site-packages /usr/bin/cmake --build /home/yiyi/ackermann_sim/build/saye_rapa_mppi -- -j16 -l16
[0.691s] [100%] Built target saye_rapa_mppi
[0.714s] Invoked command in '/home/yiyi/ackermann_sim/build/saye_rapa_mppi' returned '0': CMAKE_PREFIX_PATH=/home/yiyi/ackermann_sim/install/saye_msgs:/home/yiyi/ackermann_sim/install/saye_prediction:/home/yiyi/ackermann_sim/install/saye_control:/home/yiyi/ackermann_sim/install/saye_mppi:/home/yiyi/ackermann_sim/install/saye_localization:/home/yiyi/ackermann_sim/install/saye_bringup_my:/home/yiyi/ackermann_sim/install/saye_bringup:/home/yiyi/ackermann_sim/install/saye_description:/home/yiyi/ackermann_sim/install/saye_behaviortree:/opt/ros/jazzy/opt/gz_sim_vendor:/opt/ros/jazzy/opt/gz_sensors_vendor:/opt/ros/jazzy/opt/gz_physics_vendor:/opt/ros/jazzy/opt/sdformat_vendor:/opt/ros/jazzy/opt/gz_gui_vendor:/opt/ros/jazzy/opt/gz_transport_vendor:/opt/ros/jazzy/opt/gz_rendering_vendor:/opt/ros/jazzy/opt/gz_plugin_vendor:/opt/ros/jazzy/opt/gz_fuel_tools_vendor:/opt/ros/jazzy/opt/gz_msgs_vendor:/opt/ros/jazzy/opt/gz_common_vendor:/opt/ros/jazzy/opt/gz_math_vendor:/opt/ros/jazzy/opt/gz_utils_vendor:/opt/ros/jazzy/opt/gz_tools_vendor:/opt/ros/jazzy/opt/gz_ogre_next_vendor:/opt/ros/jazzy/opt/gz_dartsim_vendor:/opt/ros/jazzy/opt/gz_cmake_vendor:/opt/ros/jazzy PYTHONPATH=/home/yiyi/ackermann_sim/install/saye_msgs/lib/python3.12/site-packages:/home/yiyi/ackermann_sim/install/saye_prediction/lib/python3.12/site-packages:/home/yiyi/ackermann_sim/install/saye_mppi/lib/python3.12/site-packages:/opt/ros/jazzy/lib/python3.12/site-packages /usr/bin/cmake --build /home/yiyi/ackermann_sim/build/saye_rapa_mppi -- -j16 -l16
[0.733s] Invoking command in '/home/yiyi/ackermann_sim/build/saye_rapa_mppi': CMAKE_PREFIX_PATH=/home/yiyi/ackermann_sim/install/saye_msgs:/home/yiyi/ackermann_sim/install/saye_prediction:/home/yiyi/ackermann_sim/install/saye_control:/home/yiyi/ackermann_sim/install/saye_mppi:/home/yiyi/ackermann_sim/install/saye_localization:/home/yiyi/ackermann_sim/install/saye_bringup_my:/home/yiyi/ackermann_sim/install/saye_bringup:/home/yiyi/ackermann_sim/install/saye_description:/home/yiyi/ackermann_sim/install/saye_behaviortree:/opt/ros/jazzy/opt/gz_sim_vendor:/opt/ros/jazzy/opt/gz_sensors_vendor:/opt/ros/jazzy/opt/gz_physics_vendor:/opt/ros/jazzy/opt/sdformat_vendor:/opt/ros/jazzy/opt/gz_gui_vendor:/opt/ros/jazzy/opt/gz_transport_vendor:/opt/ros/jazzy/opt/gz_rendering_vendor:/opt/ros/jazzy/opt/gz_plugin_vendor:/opt/ros/jazzy/opt/gz_fuel_tools_vendor:/opt/ros/jazzy/opt/gz_msgs_vendor:/opt/ros/jazzy/opt/gz_common_vendor:/opt/ros/jazzy/opt/gz_math_vendor:/opt/ros/jazzy/opt/gz_utils_vendor:/opt/ros/jazzy/opt/gz_tools_vendor:/opt/ros/jazzy/opt/gz_ogre_next_vendor:/opt/ros/jazzy/opt/gz_dartsim_vendor:/opt/ros/jazzy/opt/gz_cmake_vendor:/opt/ros/jazzy PYTHONPATH=/home/yiyi/ackermann_sim/install/saye_msgs/lib/python3.12/site-packages:/home/yiyi/ackermann_sim/install/saye_prediction/lib/python3.12/site-packages:/home/yiyi/ackermann_sim/install/saye_mppi/lib/python3.12/site-packages:/opt/ros/jazzy/lib/python3.12/site-packages /usr/bin/cmake --install /home/yiyi/ackermann_sim/build/saye_rapa_mppi
[0.749s] -- Install configuration: "Release"
[0.749s] -- Up-to-date: /home/yiyi/ackermann_sim/install/saye_rapa_mppi/lib/libsaye_rapa_mppi.so
[0.750s] -- Up-to-date: /home/yiyi/ackermann_sim/install/saye_rapa_mppi/include/
[0.750s] -- Up-to-date: /home/yiyi/ackermann_sim/install/saye_rapa_mppi/include//saye_rapa_mppi
[0.751s] -- Up-to-date: /home/yiyi/ackermann_sim/install/saye_rapa_mppi/include//saye_rapa_mppi/risk_aware_critic.hpp
[0.751s] -- Up-to-date: /home/yiyi/ackermann_sim/install/saye_rapa_mppi/include//saye_rapa_mppi/utils
[0.751s] -- Installing: /home/yiyi/ackermann_sim/install/saye_rapa_mppi/share/saye_rapa_mppi/plugins.xml
[0.751s] -- Up-to-date: /home/yiyi/ackermann_sim/install/saye_rapa_mppi/share/saye_rapa_mppi/config
[0.752s] -- Up-to-date: /home/yiyi/ackermann_sim/install/saye_rapa_mppi/share/saye_rapa_mppi/config/rapa_mppi_params.yaml
[0.752s] -- Up-to-date: /home/yiyi/ackermann_sim/install/saye_rapa_mppi/share/saye_rapa_mppi/plugins.xml
[0.752s] -- Up-to-date: /home/yiyi/ackermann_sim/install/saye_rapa_mppi/share/saye_rapa_mppi/environment/library_path.sh
[0.752s] -- Up-to-date: /home/yiyi/ackermann_sim/install/saye_rapa_mppi/share/saye_rapa_mppi/environment/library_path.dsv
[0.752s] -- Up-to-date: /home/yiyi/ackermann_sim/install/saye_rapa_mppi/share/ament_index/resource_index/package_run_dependencies/saye_rapa_mppi
[0.753s] -- Up-to-date: /home/yiyi/ackermann_sim/install/saye_rapa_mppi/share/ament_index/resource_index/parent_prefix_path/saye_rapa_mppi
[0.753s] -- Up-to-date: /home/yiyi/ackermann_sim/install/saye_rapa_mppi/share/saye_rapa_mppi/environment/ament_prefix_path.sh
[0.753s] -- Up-to-date: /home/yiyi/ackermann_sim/install/saye_rapa_mppi/share/saye_rapa_mppi/environment/ament_prefix_path.dsv
[0.753s] -- Up-to-date: /home/yiyi/ackermann_sim/install/saye_rapa_mppi/share/saye_rapa_mppi/environment/path.sh
[0.753s] -- Up-to-date: /home/yiyi/ackermann_sim/install/saye_rapa_mppi/share/saye_rapa_mppi/environment/path.dsv
[0.753s] -- Up-to-date: /home/yiyi/ackermann_sim/install/saye_rapa_mppi/share/saye_rapa_mppi/local_setup.bash
[0.753s] -- Up-to-date: /home/yiyi/ackermann_sim/install/saye_rapa_mppi/share/saye_rapa_mppi/local_setup.sh
[0.753s] -- Up-to-date: /home/yiyi/ackermann_sim/install/saye_rapa_mppi/share/saye_rapa_mppi/local_setup.zsh
[0.753s] -- Up-to-date: /home/yiyi/ackermann_sim/install/saye_rapa_mppi/share/saye_rapa_mppi/local_setup.dsv
[0.753s] -- Installing: /home/yiyi/ackermann_sim/install/saye_rapa_mppi/share/saye_rapa_mppi/package.dsv
[0.754s] -- Up-to-date: /home/yiyi/ackermann_sim/install/saye_rapa_mppi/share/ament_index/resource_index/packages/saye_rapa_mppi
[0.754s] -- Up-to-date: /home/yiyi/ackermann_sim/install/saye_rapa_mppi/share/ament_index/resource_index/nav2_mppi_controller__pluginlib__plugin/saye_rapa_mppi
[0.754s] -- Up-to-date: /home/yiyi/ackermann_sim/install/saye_rapa_mppi/share/saye_rapa_mppi/cmake/ament_cmake_export_include_directories-extras.cmake
[0.754s] -- Up-to-date: /home/yiyi/ackermann_sim/install/saye_rapa_mppi/share/saye_rapa_mppi/cmake/ament_cmake_export_libraries-extras.cmake
[0.754s] -- Up-to-date: /home/yiyi/ackermann_sim/install/saye_rapa_mppi/share/saye_rapa_mppi/cmake/ament_cmake_export_dependencies-extras.cmake
[0.755s] -- Up-to-date: /home/yiyi/ackermann_sim/install/saye_rapa_mppi/share/saye_rapa_mppi/cmake/saye_rapa_mppiConfig.cmake
[0.755s] -- Up-to-date: /home/yiyi/ackermann_sim/install/saye_rapa_mppi/share/saye_rapa_mppi/cmake/saye_rapa_mppiConfig-version.cmake
[0.755s] -- Up-to-date: /home/yiyi/ackermann_sim/install/saye_rapa_mppi/share/saye_rapa_mppi/package.xml
[0.756s] Invoked command in '/home/yiyi/ackermann_sim/build/saye_rapa_mppi' returned '0': CMAKE_PREFIX_PATH=/home/yiyi/ackermann_sim/install/saye_msgs:/home/yiyi/ackermann_sim/install/saye_prediction:/home/yiyi/ackermann_sim/install/saye_control:/home/yiyi/ackermann_sim/install/saye_mppi:/home/yiyi/ackermann_sim/install/saye_localization:/home/yiyi/ackermann_sim/install/saye_bringup_my:/home/yiyi/ackermann_sim/install/saye_bringup:/home/yiyi/ackermann_sim/install/saye_description:/home/yiyi/ackermann_sim/install/saye_behaviortree:/opt/ros/jazzy/opt/gz_sim_vendor:/opt/ros/jazzy/opt/gz_sensors_vendor:/opt/ros/jazzy/opt/gz_physics_vendor:/opt/ros/jazzy/opt/sdformat_vendor:/opt/ros/jazzy/opt/gz_gui_vendor:/opt/ros/jazzy/opt/gz_transport_vendor:/opt/ros/jazzy/opt/gz_rendering_vendor:/opt/ros/jazzy/opt/gz_plugin_vendor:/opt/ros/jazzy/opt/gz_fuel_tools_vendor:/opt/ros/jazzy/opt/gz_msgs_vendor:/opt/ros/jazzy/opt/gz_common_vendor:/opt/ros/jazzy/opt/gz_math_vendor:/opt/ros/jazzy/opt/gz_utils_vendor:/opt/ros/jazzy/opt/gz_tools_vendor:/opt/ros/jazzy/opt/gz_ogre_next_vendor:/opt/ros/jazzy/opt/gz_dartsim_vendor:/opt/ros/jazzy/opt/gz_cmake_vendor:/opt/ros/jazzy PYTHONPATH=/home/yiyi/ackermann_sim/install/saye_msgs/lib/python3.12/site-packages:/home/yiyi/ackermann_sim/install/saye_prediction/lib/python3.12/site-packages:/home/yiyi/ackermann_sim/install/saye_mppi/lib/python3.12/site-packages:/opt/ros/jazzy/lib/python3.12/site-packages /usr/bin/cmake --install /home/yiyi/ackermann_sim/build/saye_rapa_mppi
