[0.447s] Invoking command in '/home/yiyi/ackermann_sim/build/saye_prediction': CMAKE_PREFIX_PATH=/home/yiyi/ackermann_sim/install/saye_msgs:/home/yiyi/ackermann_sim/install/saye_control:/home/yiyi/ackermann_sim/install/saye_mppi:/home/yiyi/ackermann_sim/install/saye_localization:/home/yiyi/ackermann_sim/install/saye_bringup_my:/home/yiyi/ackermann_sim/install/saye_bringup:/home/yiyi/ackermann_sim/install/saye_description:/home/yiyi/ackermann_sim/install/saye_behaviortree:/opt/ros/jazzy/opt/gz_sim_vendor:/opt/ros/jazzy/opt/gz_sensors_vendor:/opt/ros/jazzy/opt/gz_physics_vendor:/opt/ros/jazzy/opt/sdformat_vendor:/opt/ros/jazzy/opt/gz_gui_vendor:/opt/ros/jazzy/opt/gz_transport_vendor:/opt/ros/jazzy/opt/gz_rendering_vendor:/opt/ros/jazzy/opt/gz_plugin_vendor:/opt/ros/jazzy/opt/gz_fuel_tools_vendor:/opt/ros/jazzy/opt/gz_msgs_vendor:/opt/ros/jazzy/opt/gz_common_vendor:/opt/ros/jazzy/opt/gz_math_vendor:/opt/ros/jazzy/opt/gz_utils_vendor:/opt/ros/jazzy/opt/gz_tools_vendor:/opt/ros/jazzy/opt/gz_ogre_next_vendor:/opt/ros/jazzy/opt/gz_dartsim_vendor:/opt/ros/jazzy/opt/gz_cmake_vendor:/opt/ros/jazzy LD_LIBRARY_PATH=/home/yiyi/ackermann_sim/install/saye_msgs/lib /usr/bin/cmake --build /home/yiyi/ackermann_sim/build/saye_prediction -- -j16 -l16
[0.487s] -- Found ament_cmake: 2.5.4 (/opt/ros/jazzy/share/ament_cmake/cmake)
[0.780s] -- Found rclpy: 7.1.5 (/opt/ros/jazzy/share/rclpy/cmake)
[0.781s] -- Found std_msgs: 5.3.6 (/opt/ros/jazzy/share/std_msgs/cmake)
[1.178s] -- Found rosidl_generator_c: 4.6.6 (/opt/ros/jazzy/share/rosidl_generator_c/cmake)
[1.189s] -- Found rosidl_generator_cpp: 4.6.6 (/opt/ros/jazzy/share/rosidl_generator_cpp/cmake)
[1.203s] -- Using all available rosidl_typesupport_c: rosidl_typesupport_fastrtps_c;rosidl_typesupport_introspection_c
[1.220s] -- Using all available rosidl_typesupport_cpp: rosidl_typesupport_fastrtps_cpp;rosidl_typesupport_introspection_cpp
[1.253s] -- Found geometry_msgs: 5.3.6 (/opt/ros/jazzy/share/geometry_msgs/cmake)
[1.271s] -- Found sensor_msgs: 5.3.6 (/opt/ros/jazzy/share/sensor_msgs/cmake)
[1.317s] -- Found nav_msgs: 5.3.6 (/opt/ros/jazzy/share/nav_msgs/cmake)
[1.368s] -- Found saye_msgs: 0.0.0 (/home/yiyi/ackermann_sim/install/saye_msgs/share/saye_msgs/cmake)
[1.604s] -- Found visualization_msgs: 5.3.6 (/opt/ros/jazzy/share/visualization_msgs/cmake)
[1.763s] -- Found ament_lint_auto: 0.17.3 (/opt/ros/jazzy/share/ament_lint_auto/cmake)
[1.886s] -- Added test 'flake8' to check Python code syntax and style conventions
[1.887s] -- Configured 'flake8' exclude dirs and/or files: 
[1.887s] -- Added test 'lint_cmake' to check CMake code style
[1.888s] -- Added test 'pep257' to check Python code against some of the docstring style conventions in PEP 257
[1.891s] -- Added test 'xmllint' to check XML markup files
[1.892s] -- Configuring done (1.4s)
[1.903s] -- Generating done (0.0s)
[1.907s] -- Build files have been written to: /home/yiyi/ackermann_sim/build/saye_prediction
[1.976s] Built target ament_cmake_python_copy_saye_prediction
[2.267s] running egg_info
[2.293s] writing saye_prediction.egg-info/PKG-INFO
[2.294s] writing dependency_links to saye_prediction.egg-info/dependency_links.txt
[2.294s] writing top-level names to saye_prediction.egg-info/top_level.txt
[2.371s] reading manifest file 'saye_prediction.egg-info/SOURCES.txt'
[2.372s] writing manifest file 'saye_prediction.egg-info/SOURCES.txt'
[2.409s] Built target ament_cmake_python_build_saye_prediction_egg
[2.427s] Invoked command in '/home/yiyi/ackermann_sim/build/saye_prediction' returned '0': CMAKE_PREFIX_PATH=/home/yiyi/ackermann_sim/install/saye_msgs:/home/yiyi/ackermann_sim/install/saye_control:/home/yiyi/ackermann_sim/install/saye_mppi:/home/yiyi/ackermann_sim/install/saye_localization:/home/yiyi/ackermann_sim/install/saye_bringup_my:/home/yiyi/ackermann_sim/install/saye_bringup:/home/yiyi/ackermann_sim/install/saye_description:/home/yiyi/ackermann_sim/install/saye_behaviortree:/opt/ros/jazzy/opt/gz_sim_vendor:/opt/ros/jazzy/opt/gz_sensors_vendor:/opt/ros/jazzy/opt/gz_physics_vendor:/opt/ros/jazzy/opt/sdformat_vendor:/opt/ros/jazzy/opt/gz_gui_vendor:/opt/ros/jazzy/opt/gz_transport_vendor:/opt/ros/jazzy/opt/gz_rendering_vendor:/opt/ros/jazzy/opt/gz_plugin_vendor:/opt/ros/jazzy/opt/gz_fuel_tools_vendor:/opt/ros/jazzy/opt/gz_msgs_vendor:/opt/ros/jazzy/opt/gz_common_vendor:/opt/ros/jazzy/opt/gz_math_vendor:/opt/ros/jazzy/opt/gz_utils_vendor:/opt/ros/jazzy/opt/gz_tools_vendor:/opt/ros/jazzy/opt/gz_ogre_next_vendor:/opt/ros/jazzy/opt/gz_dartsim_vendor:/opt/ros/jazzy/opt/gz_cmake_vendor:/opt/ros/jazzy LD_LIBRARY_PATH=/home/yiyi/ackermann_sim/install/saye_msgs/lib /usr/bin/cmake --build /home/yiyi/ackermann_sim/build/saye_prediction -- -j16 -l16
[2.442s] Invoking command in '/home/yiyi/ackermann_sim/build/saye_prediction': CMAKE_PREFIX_PATH=/home/yiyi/ackermann_sim/install/saye_msgs:/home/yiyi/ackermann_sim/install/saye_control:/home/yiyi/ackermann_sim/install/saye_mppi:/home/yiyi/ackermann_sim/install/saye_localization:/home/yiyi/ackermann_sim/install/saye_bringup_my:/home/yiyi/ackermann_sim/install/saye_bringup:/home/yiyi/ackermann_sim/install/saye_description:/home/yiyi/ackermann_sim/install/saye_behaviortree:/opt/ros/jazzy/opt/gz_sim_vendor:/opt/ros/jazzy/opt/gz_sensors_vendor:/opt/ros/jazzy/opt/gz_physics_vendor:/opt/ros/jazzy/opt/sdformat_vendor:/opt/ros/jazzy/opt/gz_gui_vendor:/opt/ros/jazzy/opt/gz_transport_vendor:/opt/ros/jazzy/opt/gz_rendering_vendor:/opt/ros/jazzy/opt/gz_plugin_vendor:/opt/ros/jazzy/opt/gz_fuel_tools_vendor:/opt/ros/jazzy/opt/gz_msgs_vendor:/opt/ros/jazzy/opt/gz_common_vendor:/opt/ros/jazzy/opt/gz_math_vendor:/opt/ros/jazzy/opt/gz_utils_vendor:/opt/ros/jazzy/opt/gz_tools_vendor:/opt/ros/jazzy/opt/gz_ogre_next_vendor:/opt/ros/jazzy/opt/gz_dartsim_vendor:/opt/ros/jazzy/opt/gz_cmake_vendor:/opt/ros/jazzy LD_LIBRARY_PATH=/home/yiyi/ackermann_sim/install/saye_msgs/lib /usr/bin/cmake --install /home/yiyi/ackermann_sim/build/saye_prediction
[2.454s] -- Install configuration: ""
[2.455s] -- Up-to-date: /home/yiyi/ackermann_sim/install/saye_prediction/share/saye_prediction/environment/pythonpath.sh
[2.455s] -- Up-to-date: /home/yiyi/ackermann_sim/install/saye_prediction/share/saye_prediction/environment/pythonpath.dsv
[2.455s] -- Up-to-date: /home/yiyi/ackermann_sim/install/saye_prediction/lib/python3.12/site-packages/saye_prediction-0.0.1-py3.12.egg-info
[2.455s] -- Installing: /home/yiyi/ackermann_sim/install/saye_prediction/lib/python3.12/site-packages/saye_prediction-0.0.1-py3.12.egg-info/PKG-INFO
[2.455s] -- Installing: /home/yiyi/ackermann_sim/install/saye_prediction/lib/python3.12/site-packages/saye_prediction-0.0.1-py3.12.egg-info/SOURCES.txt
[2.456s] -- Installing: /home/yiyi/ackermann_sim/install/saye_prediction/lib/python3.12/site-packages/saye_prediction-0.0.1-py3.12.egg-info/top_level.txt
[2.456s] -- Installing: /home/yiyi/ackermann_sim/install/saye_prediction/lib/python3.12/site-packages/saye_prediction-0.0.1-py3.12.egg-info/dependency_links.txt
[2.456s] -- Up-to-date: /home/yiyi/ackermann_sim/install/saye_prediction/lib/python3.12/site-packages/saye_prediction
[2.456s] -- Up-to-date: /home/yiyi/ackermann_sim/install/saye_prediction/lib/python3.12/site-packages/saye_prediction/prediction_verifier.py
[2.456s] -- Up-to-date: /home/yiyi/ackermann_sim/install/saye_prediction/lib/python3.12/site-packages/saye_prediction/__init__.py
[2.457s] -- Installing: /home/yiyi/ackermann_sim/install/saye_prediction/lib/python3.12/site-packages/saye_prediction/gazebo_pose_bridge.py
[2.457s] -- Up-to-date: /home/yiyi/ackermann_sim/install/saye_prediction/lib/python3.12/site-packages/saye_prediction/prediction_visualizer.py
[2.457s] -- Installing: /home/yiyi/ackermann_sim/install/saye_prediction/lib/python3.12/site-packages/saye_prediction/ground_truth_predictor.py
[2.509s] Listing '/home/yiyi/ackermann_sim/install/saye_prediction/lib/python3.12/site-packages/saye_prediction'...
[2.509s] Compiling '/home/yiyi/ackermann_sim/install/saye_prediction/lib/python3.12/site-packages/saye_prediction/gazebo_pose_bridge.py'...
[2.509s] Compiling '/home/yiyi/ackermann_sim/install/saye_prediction/lib/python3.12/site-packages/saye_prediction/ground_truth_predictor.py'...
[2.517s] -- Up-to-date: /home/yiyi/ackermann_sim/install/saye_prediction/lib/saye_prediction/ground_truth_predictor
[2.517s] -- Up-to-date: /home/yiyi/ackermann_sim/install/saye_prediction/lib/saye_prediction/prediction_visualizer
[2.518s] -- Up-to-date: /home/yiyi/ackermann_sim/install/saye_prediction/lib/saye_prediction/prediction_verifier
[2.518s] -- Installing: /home/yiyi/ackermann_sim/install/saye_prediction/lib/saye_prediction/gazebo_pose_bridge
[2.518s] -- Up-to-date: /home/yiyi/ackermann_sim/install/saye_prediction/share/saye_prediction/launch
[2.518s] -- Installing: /home/yiyi/ackermann_sim/install/saye_prediction/share/saye_prediction/launch/ground_truth_prediction.launch.py
[2.518s] -- Up-to-date: /home/yiyi/ackermann_sim/install/saye_prediction/share/saye_prediction/config
[2.519s] -- Installing: /home/yiyi/ackermann_sim/install/saye_prediction/share/saye_prediction/config/ground_truth_predictor.yaml
[2.519s] -- Up-to-date: /home/yiyi/ackermann_sim/install/saye_prediction/share/saye_prediction/config/scenario1_actors.yaml
[2.519s] -- Installing: /home/yiyi/ackermann_sim/install/saye_prediction/share/ament_index/resource_index/package_run_dependencies/saye_prediction
[2.519s] -- Up-to-date: /home/yiyi/ackermann_sim/install/saye_prediction/share/ament_index/resource_index/parent_prefix_path/saye_prediction
[2.520s] -- Up-to-date: /home/yiyi/ackermann_sim/install/saye_prediction/share/saye_prediction/environment/ament_prefix_path.sh
[2.520s] -- Up-to-date: /home/yiyi/ackermann_sim/install/saye_prediction/share/saye_prediction/environment/ament_prefix_path.dsv
[2.520s] -- Up-to-date: /home/yiyi/ackermann_sim/install/saye_prediction/share/saye_prediction/environment/path.sh
[2.520s] -- Up-to-date: /home/yiyi/ackermann_sim/install/saye_prediction/share/saye_prediction/environment/path.dsv
[2.520s] -- Up-to-date: /home/yiyi/ackermann_sim/install/saye_prediction/share/saye_prediction/local_setup.bash
[2.520s] -- Up-to-date: /home/yiyi/ackermann_sim/install/saye_prediction/share/saye_prediction/local_setup.sh
[2.520s] -- Up-to-date: /home/yiyi/ackermann_sim/install/saye_prediction/share/saye_prediction/local_setup.zsh
[2.520s] -- Up-to-date: /home/yiyi/ackermann_sim/install/saye_prediction/share/saye_prediction/local_setup.dsv
[2.520s] -- Installing: /home/yiyi/ackermann_sim/install/saye_prediction/share/saye_prediction/package.dsv
[2.520s] -- Up-to-date: /home/yiyi/ackermann_sim/install/saye_prediction/share/ament_index/resource_index/packages/saye_prediction
[2.520s] -- Up-to-date: /home/yiyi/ackermann_sim/install/saye_prediction/share/saye_prediction/cmake/saye_predictionConfig.cmake
[2.520s] -- Up-to-date: /home/yiyi/ackermann_sim/install/saye_prediction/share/saye_prediction/cmake/saye_predictionConfig-version.cmake
[2.520s] -- Installing: /home/yiyi/ackermann_sim/install/saye_prediction/share/saye_prediction/package.xml
[2.524s] Invoked command in '/home/yiyi/ackermann_sim/build/saye_prediction' returned '0': CMAKE_PREFIX_PATH=/home/yiyi/ackermann_sim/install/saye_msgs:/home/yiyi/ackermann_sim/install/saye_control:/home/yiyi/ackermann_sim/install/saye_mppi:/home/yiyi/ackermann_sim/install/saye_localization:/home/yiyi/ackermann_sim/install/saye_bringup_my:/home/yiyi/ackermann_sim/install/saye_bringup:/home/yiyi/ackermann_sim/install/saye_description:/home/yiyi/ackermann_sim/install/saye_behaviortree:/opt/ros/jazzy/opt/gz_sim_vendor:/opt/ros/jazzy/opt/gz_sensors_vendor:/opt/ros/jazzy/opt/gz_physics_vendor:/opt/ros/jazzy/opt/sdformat_vendor:/opt/ros/jazzy/opt/gz_gui_vendor:/opt/ros/jazzy/opt/gz_transport_vendor:/opt/ros/jazzy/opt/gz_rendering_vendor:/opt/ros/jazzy/opt/gz_plugin_vendor:/opt/ros/jazzy/opt/gz_fuel_tools_vendor:/opt/ros/jazzy/opt/gz_msgs_vendor:/opt/ros/jazzy/opt/gz_common_vendor:/opt/ros/jazzy/opt/gz_math_vendor:/opt/ros/jazzy/opt/gz_utils_vendor:/opt/ros/jazzy/opt/gz_tools_vendor:/opt/ros/jazzy/opt/gz_ogre_next_vendor:/opt/ros/jazzy/opt/gz_dartsim_vendor:/opt/ros/jazzy/opt/gz_cmake_vendor:/opt/ros/jazzy LD_LIBRARY_PATH=/home/yiyi/ackermann_sim/install/saye_msgs/lib /usr/bin/cmake --install /home/yiyi/ackermann_sim/build/saye_prediction
