[0.018s] Invoking command in '/home/yiyi/ackermann_sim/build/saye_msgs': CMAKE_PREFIX_PATH=${CMAKE_PREFIX_PATH}:/opt/ros/jazzy /usr/bin/cmake /home/yiyi/ackermann_sim/src/ackermann-vehicle-gzsim-ros2/saye_msgs -DCMAKE_INSTALL_PREFIX=/home/yiyi/ackermann_sim/install/saye_msgs
[0.610s] -- The C compiler identification is GNU 13.3.0
[2.626s] -- The CXX compiler identification is GNU 13.3.0
[4.521s] -- Detecting C compiler ABI info
[5.300s] -- Detecting C compiler ABI info - done
[5.310s] -- Check for working C compiler: /usr/bin/cc - skipped
[5.312s] -- Detecting C compile features
[5.313s] -- Detecting C compile features - done
[5.595s] -- Detecting CXX compiler ABI info
[6.307s] -- Detecting CXX compiler ABI info - done
[6.317s] -- Check for working CXX compiler: /usr/bin/c++ - skipped
[6.317s] -- Detecting CXX compile features
[6.318s] -- Detecting CXX compile features - done
[6.357s] -- Found ament_cmake: 2.5.4 (/opt/ros/jazzy/share/ament_cmake/cmake)
[6.606s] -- Found Python3: /usr/bin/python3 (found version "3.12.3") found components: Interpreter 
[6.831s] -- Found rclcpp: 28.1.12 (/opt/ros/jazzy/share/rclcpp/cmake)
[7.305s] -- Found rosidl_generator_c: 4.6.6 (/opt/ros/jazzy/share/rosidl_generator_c/cmake)
[7.339s] -- Found rosidl_generator_cpp: 4.6.6 (/opt/ros/jazzy/share/rosidl_generator_cpp/cmake)
[7.382s] -- Using all available rosidl_typesupport_c: rosidl_typesupport_fastrtps_c;rosidl_typesupport_introspection_c
[7.423s] -- Using all available rosidl_typesupport_cpp: rosidl_typesupport_fastrtps_cpp;rosidl_typesupport_introspection_cpp
[7.578s] -- Found rmw_implementation_cmake: 7.3.2 (/opt/ros/jazzy/share/rmw_implementation_cmake/cmake)
[7.587s] -- Found rmw_fastrtps_cpp: 8.4.3 (/opt/ros/jazzy/share/rmw_fastrtps_cpp/cmake)
[7.794s] -- Found OpenSSL: /usr/lib/x86_64-linux-gnu/libcrypto.so (found version "3.0.13")  
[8.324s] -- Found FastRTPS: /opt/ros/jazzy/include (Required is at least version "2.13") 
[8.608s] -- Using RMW implementation 'rmw_fastrtps_cpp' as default
[9.153s] -- Found sensor_msgs: 5.3.6 (/opt/ros/jazzy/share/sensor_msgs/cmake)
[9.252s] -- Found nav_msgs: 5.3.6 (/opt/ros/jazzy/share/nav_msgs/cmake)
[9.295s] -- Found nav2_msgs: 1.3.9 (/opt/ros/jazzy/share/nav2_msgs/cmake)
[9.481s] -- Found rosidl_default_generators: 1.6.0 (/opt/ros/jazzy/share/rosidl_default_generators/cmake)
[9.525s] -- Found rosidl_adapter: 4.6.6 (/opt/ros/jazzy/share/rosidl_adapter/cmake)
[10.472s] -- Found ament_cmake_ros: 0.12.0 (/opt/ros/jazzy/share/ament_cmake_ros/cmake)
[11.849s] -- Using all available rosidl_typesupport_c: rosidl_typesupport_fastrtps_c;rosidl_typesupport_introspection_c
[12.382s] -- Using all available rosidl_typesupport_cpp: rosidl_typesupport_fastrtps_cpp;rosidl_typesupport_introspection_cpp
[12.393s] -- Found python_cmake_module: 0.11.1 (/opt/ros/jazzy/share/python_cmake_module/cmake)
[12.584s] -- Found PythonExtra: /usr/bin/python3  
[13.180s] -- Found Python3: /usr/bin/python3 (found version "3.12.3") found components: Interpreter Development NumPy Development.Module Development.Embed 
[13.313s] -- Found ament_lint_auto: 0.17.3 (/opt/ros/jazzy/share/ament_lint_auto/cmake)
[13.386s] -- Added test 'lint_cmake' to check CMake code style
[13.390s] -- Added test 'xmllint' to check XML markup files
[13.399s] -- Configuring done (13.4s)
[13.520s] -- Generating done (0.1s)
[13.539s] -- Build files have been written to: /home/yiyi/ackermann_sim/build/saye_msgs
[13.561s] Invoked command in '/home/yiyi/ackermann_sim/build/saye_msgs' returned '0': CMAKE_PREFIX_PATH=${CMAKE_PREFIX_PATH}:/opt/ros/jazzy /usr/bin/cmake /home/yiyi/ackermann_sim/src/ackermann-vehicle-gzsim-ros2/saye_msgs -DCMAKE_INSTALL_PREFIX=/home/yiyi/ackermann_sim/install/saye_msgs
[13.561s] Invoking command in '/home/yiyi/ackermann_sim/build/saye_msgs': CMAKE_PREFIX_PATH=${CMAKE_PREFIX_PATH}:/opt/ros/jazzy /usr/bin/cmake --build /home/yiyi/ackermann_sim/build/saye_msgs -- -j16 -l16
[13.666s] [  1%] Generating type hashes for ROS interfaces
[13.685s] [  1%] Built target ament_cmake_python_copy_saye_msgs
[13.975s] running egg_info
[13.976s] creating saye_msgs.egg-info
[14.001s] writing saye_msgs.egg-info/PKG-INFO
[14.002s] writing dependency_links to saye_msgs.egg-info/dependency_links.txt
[14.002s] writing top-level names to saye_msgs.egg-info/top_level.txt
[14.002s] writing manifest file 'saye_msgs.egg-info/SOURCES.txt'
[14.077s] reading manifest file 'saye_msgs.egg-info/SOURCES.txt'
[14.078s] writing manifest file 'saye_msgs.egg-info/SOURCES.txt'
[14.120s] [  1%] Built target ament_cmake_python_build_saye_msgs_egg
[14.137s] [  1%] Built target saye_msgs__rosidl_generator_type_description
[14.158s] [  2%] Generating C code for ROS interfaces
[14.180s] [  4%] Generating C++ code for ROS interfaces
[14.858s] [  4%] Built target saye_msgs__cpp
[14.989s] [  9%] Building C object CMakeFiles/saye_msgs__rosidl_generator_c.dir/rosidl_generator_c/saye_msgs/msg/detail/gmm_component__functions.c.o
[14.989s] [  9%] Building C object CMakeFiles/saye_msgs__rosidl_generator_c.dir/rosidl_generator_c/saye_msgs/msg/detail/map__description.c.o
[14.990s] [  9%] Building C object CMakeFiles/saye_msgs__rosidl_generator_c.dir/rosidl_generator_c/saye_msgs/msg/detail/map__type_support.c.o
[14.990s] [  9%] Building C object CMakeFiles/saye_msgs__rosidl_generator_c.dir/rosidl_generator_c/saye_msgs/msg/detail/map__functions.c.o
[14.990s] [ 12%] Building C object CMakeFiles/saye_msgs__rosidl_generator_c.dir/rosidl_generator_c/saye_msgs/msg/detail/gmm_component__type_support.c.o
[14.990s] [ 12%] Building C object CMakeFiles/saye_msgs__rosidl_generator_c.dir/rosidl_generator_c/saye_msgs/msg/detail/gmm_component__description.c.o
[14.991s] [ 13%] Building C object CMakeFiles/saye_msgs__rosidl_generator_c.dir/rosidl_generator_c/saye_msgs/msg/detail/pedestrian_prediction__type_support.c.o
[14.991s] [ 14%] Building C object CMakeFiles/saye_msgs__rosidl_generator_c.dir/rosidl_generator_c/saye_msgs/msg/detail/pedestrian_prediction__description.c.o
[14.991s] [ 16%] Building C object CMakeFiles/saye_msgs__rosidl_generator_c.dir/rosidl_generator_c/saye_msgs/msg/detail/pedestrian_prediction__functions.c.o
[14.991s] [ 17%] Building C object CMakeFiles/saye_msgs__rosidl_generator_c.dir/rosidl_generator_c/saye_msgs/msg/detail/pedestrian_predictions__type_support.c.o
[14.992s] [ 18%] Building C object CMakeFiles/saye_msgs__rosidl_generator_c.dir/rosidl_generator_c/saye_msgs/msg/detail/pedestrian_predictions__functions.c.o
[14.992s] [ 20%] Building C object CMakeFiles/saye_msgs__rosidl_generator_c.dir/rosidl_generator_c/saye_msgs/srv/detail/share_map__functions.c.o
[14.992s] [ 21%] Building C object CMakeFiles/saye_msgs__rosidl_generator_c.dir/rosidl_generator_c/saye_msgs/msg/detail/pedestrian_predictions__description.c.o
[14.993s] [ 22%] Building C object CMakeFiles/saye_msgs__rosidl_generator_c.dir/rosidl_generator_c/saye_msgs/srv/detail/share_map__type_support.c.o
[14.994s] [ 24%] Building C object CMakeFiles/saye_msgs__rosidl_generator_c.dir/rosidl_generator_c/saye_msgs/srv/detail/share_map__description.c.o
[15.144s] [ 25%] Linking C shared library libsaye_msgs__rosidl_generator_c.so
[15.529s] [ 25%] Built target saye_msgs__rosidl_generator_c
[15.553s] [ 27%] Generating C type support for eProsima Fast-RTPS
[15.553s] [ 28%] Generating C++ type support dispatch for ROS interfaces
[15.553s] [ 29%] Generating C++ type support for eProsima Fast-RTPS
[15.554s] [ 31%] Generating C type support dispatch for ROS interfaces
[15.554s] [ 32%] Generating C introspection for ROS interfaces
[15.556s] [ 33%] Generating C++ introspection for ROS interfaces
[16.147s] [ 36%] Building CXX object CMakeFiles/saye_msgs__rosidl_typesupport_cpp.dir/rosidl_typesupport_cpp/saye_msgs/srv/share_map__type_support.cpp.o
[16.147s] [ 36%] Building CXX object CMakeFiles/saye_msgs__rosidl_typesupport_cpp.dir/rosidl_typesupport_cpp/saye_msgs/msg/pedestrian_prediction__type_support.cpp.o
[16.149s] [ 37%] Building CXX object CMakeFiles/saye_msgs__rosidl_typesupport_cpp.dir/rosidl_typesupport_cpp/saye_msgs/msg/gmm_component__type_support.cpp.o
[16.149s] [ 39%] Building CXX object CMakeFiles/saye_msgs__rosidl_typesupport_cpp.dir/rosidl_typesupport_cpp/saye_msgs/msg/map__type_support.cpp.o
[16.149s] [ 40%] Building CXX object CMakeFiles/saye_msgs__rosidl_typesupport_cpp.dir/rosidl_typesupport_cpp/saye_msgs/msg/pedestrian_predictions__type_support.cpp.o
[16.250s] [ 43%] Building CXX object CMakeFiles/saye_msgs__rosidl_typesupport_c.dir/rosidl_typesupport_c/saye_msgs/msg/map__type_support.cpp.o
[16.250s] [ 43%] Building CXX object CMakeFiles/saye_msgs__rosidl_typesupport_introspection_cpp.dir/rosidl_typesupport_introspection_cpp/saye_msgs/msg/detail/map__type_support.cpp.o
[16.262s] [ 44%] Building CXX object CMakeFiles/saye_msgs__rosidl_typesupport_c.dir/rosidl_typesupport_c/saye_msgs/msg/pedestrian_prediction__type_support.cpp.o
[16.262s] [ 45%] Building CXX object CMakeFiles/saye_msgs__rosidl_typesupport_c.dir/rosidl_typesupport_c/saye_msgs/msg/gmm_component__type_support.cpp.o
[16.262s] [ 47%] Building CXX object CMakeFiles/saye_msgs__rosidl_typesupport_c.dir/rosidl_typesupport_c/saye_msgs/msg/pedestrian_predictions__type_support.cpp.o
[16.263s] [ 50%] Building CXX object CMakeFiles/saye_msgs__rosidl_typesupport_introspection_cpp.dir/rosidl_typesupport_introspection_cpp/saye_msgs/msg/detail/pedestrian_prediction__type_support.cpp.o
[16.264s] [ 50%] Building CXX object CMakeFiles/saye_msgs__rosidl_typesupport_introspection_cpp.dir/rosidl_typesupport_introspection_cpp/saye_msgs/msg/detail/gmm_component__type_support.cpp.o
[16.283s] [ 51%] Building CXX object CMakeFiles/saye_msgs__rosidl_typesupport_c.dir/rosidl_typesupport_c/saye_msgs/srv/share_map__type_support.cpp.o
[16.316s] [ 52%] Building C object CMakeFiles/saye_msgs__rosidl_typesupport_introspection_c.dir/rosidl_typesupport_introspection_c/saye_msgs/msg/detail/map__type_support.c.o
[16.378s] [ 55%] Building C object CMakeFiles/saye_msgs__rosidl_typesupport_introspection_c.dir/rosidl_typesupport_introspection_c/saye_msgs/msg/detail/pedestrian_prediction__type_support.c.o
[16.378s] [ 55%] Building C object CMakeFiles/saye_msgs__rosidl_typesupport_introspection_c.dir/rosidl_typesupport_introspection_c/saye_msgs/msg/detail/gmm_component__type_support.c.o
[16.379s] [ 56%] Building CXX object CMakeFiles/saye_msgs__rosidl_typesupport_introspection_cpp.dir/rosidl_typesupport_introspection_cpp/saye_msgs/msg/detail/pedestrian_predictions__type_support.cpp.o
[16.384s] [ 58%] Building C object CMakeFiles/saye_msgs__rosidl_typesupport_introspection_c.dir/rosidl_typesupport_introspection_c/saye_msgs/msg/detail/pedestrian_predictions__type_support.c.o
[16.424s] [ 59%] Linking CXX shared library libsaye_msgs__rosidl_typesupport_c.so
[16.481s] [ 60%] Building C object CMakeFiles/saye_msgs__rosidl_typesupport_introspection_c.dir/rosidl_typesupport_introspection_c/saye_msgs/srv/detail/share_map__type_support.c.o
[16.504s] [ 62%] Building CXX object CMakeFiles/saye_msgs__rosidl_typesupport_introspection_cpp.dir/rosidl_typesupport_introspection_cpp/saye_msgs/srv/detail/share_map__type_support.cpp.o
[16.592s] [ 63%] Building CXX object CMakeFiles/saye_msgs__rosidl_typesupport_fastrtps_cpp.dir/rosidl_typesupport_fastrtps_cpp/saye_msgs/msg/detail/dds_fastrtps/pedestrian_prediction__type_support.cpp.o
[16.593s] [ 64%] Building CXX object CMakeFiles/saye_msgs__rosidl_typesupport_fastrtps_cpp.dir/rosidl_typesupport_fastrtps_cpp/saye_msgs/msg/detail/dds_fastrtps/gmm_component__type_support.cpp.o
[16.599s] [ 66%] Building CXX object CMakeFiles/saye_msgs__rosidl_typesupport_fastrtps_cpp.dir/rosidl_typesupport_fastrtps_cpp/saye_msgs/msg/detail/dds_fastrtps/map__type_support.cpp.o
[16.626s] [ 67%] Building CXX object CMakeFiles/saye_msgs__rosidl_typesupport_fastrtps_c.dir/rosidl_typesupport_fastrtps_c/saye_msgs/msg/detail/map__type_support_c.cpp.o
[16.634s] [ 68%] Linking C shared library libsaye_msgs__rosidl_typesupport_introspection_c.so
[16.905s] [ 68%] Built target saye_msgs__rosidl_typesupport_c
[16.910s] [ 70%] Building CXX object CMakeFiles/saye_msgs__rosidl_typesupport_fastrtps_cpp.dir/rosidl_typesupport_fastrtps_cpp/saye_msgs/msg/detail/dds_fastrtps/pedestrian_predictions__type_support.cpp.o
[16.937s] [ 72%] Building CXX object CMakeFiles/saye_msgs__rosidl_typesupport_fastrtps_c.dir/rosidl_typesupport_fastrtps_c/saye_msgs/msg/detail/gmm_component__type_support_c.cpp.o
[16.940s] [ 72%] Building CXX object CMakeFiles/saye_msgs__rosidl_typesupport_fastrtps_cpp.dir/rosidl_typesupport_fastrtps_cpp/saye_msgs/srv/detail/dds_fastrtps/share_map__type_support.cpp.o
[16.940s] [ 74%] Building CXX object CMakeFiles/saye_msgs__rosidl_typesupport_fastrtps_c.dir/rosidl_typesupport_fastrtps_c/saye_msgs/msg/detail/pedestrian_prediction__type_support_c.cpp.o
[17.062s] [ 75%] Building CXX object CMakeFiles/saye_msgs__rosidl_typesupport_fastrtps_c.dir/rosidl_typesupport_fastrtps_c/saye_msgs/msg/detail/pedestrian_predictions__type_support_c.cpp.o
[17.083s] [ 77%] Building CXX object CMakeFiles/saye_msgs__rosidl_typesupport_fastrtps_c.dir/rosidl_typesupport_fastrtps_c/saye_msgs/srv/detail/share_map__type_support_c.cpp.o
[17.178s] [ 78%] Linking CXX shared library libsaye_msgs__rosidl_typesupport_cpp.so
[17.206s] [ 78%] Built target saye_msgs__rosidl_typesupport_introspection_c
[17.541s] [ 79%] Linking CXX shared library libsaye_msgs__rosidl_typesupport_introspection_cpp.so
[17.689s] [ 79%] Built target saye_msgs__rosidl_typesupport_cpp
[17.985s] [ 79%] Built target saye_msgs__rosidl_typesupport_introspection_cpp
[18.011s] [ 81%] Linking CXX shared library libsaye_msgs__rosidl_typesupport_fastrtps_c.so
[18.106s] [ 82%] Linking CXX shared library libsaye_msgs__rosidl_typesupport_fastrtps_cpp.so
[18.484s] [ 82%] Built target saye_msgs__rosidl_typesupport_fastrtps_c
[18.579s] [ 82%] Built target saye_msgs__rosidl_typesupport_fastrtps_cpp
[18.621s] [ 82%] Built target saye_msgs
[18.665s] [ 83%] Generating Python code for ROS interfaces
[19.721s] [ 83%] Built target saye_msgs__py
[19.763s] [ 87%] Building C object CMakeFiles/saye_msgs__rosidl_generator_py.dir/rosidl_generator_py/saye_msgs/srv/_share_map_s.c.o
[19.764s] [ 87%] Building C object CMakeFiles/saye_msgs__rosidl_generator_py.dir/rosidl_generator_py/saye_msgs/msg/_pedestrian_predictions_s.c.o
[19.764s] [ 87%] Building C object CMakeFiles/saye_msgs__rosidl_generator_py.dir/rosidl_generator_py/saye_msgs/msg/_map_s.c.o
[19.764s] [ 89%] Building C object CMakeFiles/saye_msgs__rosidl_generator_py.dir/rosidl_generator_py/saye_msgs/msg/_gmm_component_s.c.o
[19.764s] [ 90%] Building C object CMakeFiles/saye_msgs__rosidl_generator_py.dir/rosidl_generator_py/saye_msgs/msg/_pedestrian_prediction_s.c.o
[20.067s] [ 91%] Linking C shared library libsaye_msgs__rosidl_generator_py.so
[20.462s] [ 91%] Built target saye_msgs__rosidl_generator_py
[20.503s] [ 95%] Building C object CMakeFiles/saye_msgs_s__rosidl_typesupport_fastrtps_c.dir/rosidl_generator_py/saye_msgs/_saye_msgs_s.ep.rosidl_typesupport_fastrtps_c.c.o
[20.503s] [ 95%] Building C object CMakeFiles/saye_msgs_s__rosidl_typesupport_c.dir/rosidl_generator_py/saye_msgs/_saye_msgs_s.ep.rosidl_typesupport_c.c.o
[20.503s] [ 95%] Building C object CMakeFiles/saye_msgs_s__rosidl_typesupport_introspection_c.dir/rosidl_generator_py/saye_msgs/_saye_msgs_s.ep.rosidl_typesupport_introspection_c.c.o
[20.690s] [ 97%] Linking C shared module rosidl_generator_py/saye_msgs/saye_msgs_s__rosidl_typesupport_c.so
[20.690s] [ 98%] Linking C shared module rosidl_generator_py/saye_msgs/saye_msgs_s__rosidl_typesupport_introspection_c.so
[20.699s] [100%] Linking C shared module rosidl_generator_py/saye_msgs/saye_msgs_s__rosidl_typesupport_fastrtps_c.so
[20.987s] [100%] Built target saye_msgs_s__rosidl_typesupport_c
[20.993s] [100%] Built target saye_msgs_s__rosidl_typesupport_introspection_c
[21.074s] [100%] Built target saye_msgs_s__rosidl_typesupport_fastrtps_c
[21.101s] Invoked command in '/home/yiyi/ackermann_sim/build/saye_msgs' returned '0': CMAKE_PREFIX_PATH=${CMAKE_PREFIX_PATH}:/opt/ros/jazzy /usr/bin/cmake --build /home/yiyi/ackermann_sim/build/saye_msgs -- -j16 -l16
[21.121s] Invoking command in '/home/yiyi/ackermann_sim/build/saye_msgs': CMAKE_PREFIX_PATH=${CMAKE_PREFIX_PATH}:/opt/ros/jazzy /usr/bin/cmake --install /home/yiyi/ackermann_sim/build/saye_msgs
[21.138s] -- Install configuration: ""
[21.140s] -- Installing: /home/yiyi/ackermann_sim/install/saye_msgs/share/ament_index/resource_index/rosidl_interfaces/saye_msgs
[21.142s] -- Installing: /home/yiyi/ackermann_sim/install/saye_msgs/share/saye_msgs/msg/Map.json
[21.142s] -- Installing: /home/yiyi/ackermann_sim/install/saye_msgs/share/saye_msgs/msg/GMMComponent.json
[21.142s] -- Installing: /home/yiyi/ackermann_sim/install/saye_msgs/share/saye_msgs/msg/PedestrianPrediction.json
[21.143s] -- Installing: /home/yiyi/ackermann_sim/install/saye_msgs/share/saye_msgs/msg/PedestrianPredictions.json
[21.143s] -- Installing: /home/yiyi/ackermann_sim/install/saye_msgs/share/saye_msgs/srv/ShareMap.json
[21.143s] -- Installing: /home/yiyi/ackermann_sim/install/saye_msgs/include/saye_msgs/saye_msgs
[21.145s] -- Installing: /home/yiyi/ackermann_sim/install/saye_msgs/include/saye_msgs/saye_msgs/srv
[21.146s] -- Installing: /home/yiyi/ackermann_sim/install/saye_msgs/include/saye_msgs/saye_msgs/srv/share_map.h
[21.146s] -- Installing: /home/yiyi/ackermann_sim/install/saye_msgs/include/saye_msgs/saye_msgs/srv/detail
[21.146s] -- Installing: /home/yiyi/ackermann_sim/install/saye_msgs/include/saye_msgs/saye_msgs/srv/detail/share_map__functions.c
[21.147s] -- Installing: /home/yiyi/ackermann_sim/install/saye_msgs/include/saye_msgs/saye_msgs/srv/detail/share_map__functions.h
[21.147s] -- Installing: /home/yiyi/ackermann_sim/install/saye_msgs/include/saye_msgs/saye_msgs/srv/detail/share_map__type_support.c
[21.148s] -- Installing: /home/yiyi/ackermann_sim/install/saye_msgs/include/saye_msgs/saye_msgs/srv/detail/share_map__type_support.h
[21.148s] -- Installing: /home/yiyi/ackermann_sim/install/saye_msgs/include/saye_msgs/saye_msgs/srv/detail/share_map__struct.h
[21.148s] -- Installing: /home/yiyi/ackermann_sim/install/saye_msgs/include/saye_msgs/saye_msgs/srv/detail/share_map__description.c
[21.148s] -- Installing: /home/yiyi/ackermann_sim/install/saye_msgs/include/saye_msgs/saye_msgs/msg
[21.148s] -- Installing: /home/yiyi/ackermann_sim/install/saye_msgs/include/saye_msgs/saye_msgs/msg/rosidl_generator_c__visibility_control.h
[21.149s] -- Installing: /home/yiyi/ackermann_sim/install/saye_msgs/include/saye_msgs/saye_msgs/msg/pedestrian_prediction.h
[21.149s] -- Installing: /home/yiyi/ackermann_sim/install/saye_msgs/include/saye_msgs/saye_msgs/msg/pedestrian_predictions.h
[21.149s] -- Installing: /home/yiyi/ackermann_sim/install/saye_msgs/include/saye_msgs/saye_msgs/msg/detail
[21.150s] -- Installing: /home/yiyi/ackermann_sim/install/saye_msgs/include/saye_msgs/saye_msgs/msg/detail/pedestrian_predictions__functions.h
[21.150s] -- Installing: /home/yiyi/ackermann_sim/install/saye_msgs/include/saye_msgs/saye_msgs/msg/detail/gmm_component__type_support.h
[21.150s] -- Installing: /home/yiyi/ackermann_sim/install/saye_msgs/include/saye_msgs/saye_msgs/msg/detail/gmm_component__struct.h
[21.150s] -- Installing: /home/yiyi/ackermann_sim/install/saye_msgs/include/saye_msgs/saye_msgs/msg/detail/pedestrian_prediction__functions.c
[21.151s] -- Installing: /home/yiyi/ackermann_sim/install/saye_msgs/include/saye_msgs/saye_msgs/msg/detail/pedestrian_prediction__description.c
[21.151s] -- Installing: /home/yiyi/ackermann_sim/install/saye_msgs/include/saye_msgs/saye_msgs/msg/detail/map__functions.h
[21.151s] -- Installing: /home/yiyi/ackermann_sim/install/saye_msgs/include/saye_msgs/saye_msgs/msg/detail/pedestrian_predictions__type_support.c
[21.152s] -- Installing: /home/yiyi/ackermann_sim/install/saye_msgs/include/saye_msgs/saye_msgs/msg/detail/map__type_support.h
[21.152s] -- Installing: /home/yiyi/ackermann_sim/install/saye_msgs/include/saye_msgs/saye_msgs/msg/detail/pedestrian_prediction__functions.h
[21.152s] -- Installing: /home/yiyi/ackermann_sim/install/saye_msgs/include/saye_msgs/saye_msgs/msg/detail/gmm_component__functions.h
[21.153s] -- Installing: /home/yiyi/ackermann_sim/install/saye_msgs/include/saye_msgs/saye_msgs/msg/detail/gmm_component__type_support.c
[21.153s] -- Installing: /home/yiyi/ackermann_sim/install/saye_msgs/include/saye_msgs/saye_msgs/msg/detail/pedestrian_predictions__type_support.h
[21.153s] -- Installing: /home/yiyi/ackermann_sim/install/saye_msgs/include/saye_msgs/saye_msgs/msg/detail/gmm_component__functions.c
[21.154s] -- Installing: /home/yiyi/ackermann_sim/install/saye_msgs/include/saye_msgs/saye_msgs/msg/detail/pedestrian_prediction__struct.h
[21.154s] -- Installing: /home/yiyi/ackermann_sim/install/saye_msgs/include/saye_msgs/saye_msgs/msg/detail/pedestrian_prediction__type_support.h
[21.154s] -- Installing: /home/yiyi/ackermann_sim/install/saye_msgs/include/saye_msgs/saye_msgs/msg/detail/pedestrian_prediction__type_support.c
[21.154s] -- Installing: /home/yiyi/ackermann_sim/install/saye_msgs/include/saye_msgs/saye_msgs/msg/detail/map__struct.h
[21.155s] -- Installing: /home/yiyi/ackermann_sim/install/saye_msgs/include/saye_msgs/saye_msgs/msg/detail/map__functions.c
[21.155s] -- Installing: /home/yiyi/ackermann_sim/install/saye_msgs/include/saye_msgs/saye_msgs/msg/detail/pedestrian_predictions__description.c
[21.155s] -- Installing: /home/yiyi/ackermann_sim/install/saye_msgs/include/saye_msgs/saye_msgs/msg/detail/map__description.c
[21.155s] -- Installing: /home/yiyi/ackermann_sim/install/saye_msgs/include/saye_msgs/saye_msgs/msg/detail/map__type_support.c
[21.156s] -- Installing: /home/yiyi/ackermann_sim/install/saye_msgs/include/saye_msgs/saye_msgs/msg/detail/pedestrian_predictions__functions.c
[21.156s] -- Installing: /home/yiyi/ackermann_sim/install/saye_msgs/include/saye_msgs/saye_msgs/msg/detail/gmm_component__description.c
[21.156s] -- Installing: /home/yiyi/ackermann_sim/install/saye_msgs/include/saye_msgs/saye_msgs/msg/detail/pedestrian_predictions__struct.h
[21.157s] -- Installing: /home/yiyi/ackermann_sim/install/saye_msgs/include/saye_msgs/saye_msgs/msg/map.h
[21.157s] -- Installing: /home/yiyi/ackermann_sim/install/saye_msgs/include/saye_msgs/saye_msgs/msg/gmm_component.h
[21.158s] -- Installing: /home/yiyi/ackermann_sim/install/saye_msgs/share/saye_msgs/environment/library_path.sh
[21.158s] -- Installing: /home/yiyi/ackermann_sim/install/saye_msgs/share/saye_msgs/environment/library_path.dsv
[21.159s] -- Installing: /home/yiyi/ackermann_sim/install/saye_msgs/lib/libsaye_msgs__rosidl_generator_c.so
[21.160s] -- Set non-toolchain portion of runtime path of "/home/yiyi/ackermann_sim/install/saye_msgs/lib/libsaye_msgs__rosidl_generator_c.so" to ""
[21.160s] -- Up-to-date: /home/yiyi/ackermann_sim/install/saye_msgs/include/saye_msgs/saye_msgs
[21.160s] -- Up-to-date: /home/yiyi/ackermann_sim/install/saye_msgs/include/saye_msgs/saye_msgs/srv
[21.160s] -- Up-to-date: /home/yiyi/ackermann_sim/install/saye_msgs/include/saye_msgs/saye_msgs/srv/detail
[21.160s] -- Installing: /home/yiyi/ackermann_sim/install/saye_msgs/include/saye_msgs/saye_msgs/srv/detail/share_map__rosidl_typesupport_fastrtps_c.h
[21.161s] -- Up-to-date: /home/yiyi/ackermann_sim/install/saye_msgs/include/saye_msgs/saye_msgs/msg
[21.161s] -- Installing: /home/yiyi/ackermann_sim/install/saye_msgs/include/saye_msgs/saye_msgs/msg/rosidl_typesupport_fastrtps_c__visibility_control.h
[21.161s] -- Up-to-date: /home/yiyi/ackermann_sim/install/saye_msgs/include/saye_msgs/saye_msgs/msg/detail
[21.161s] -- Installing: /home/yiyi/ackermann_sim/install/saye_msgs/include/saye_msgs/saye_msgs/msg/detail/pedestrian_predictions__rosidl_typesupport_fastrtps_c.h
[21.162s] -- Installing: /home/yiyi/ackermann_sim/install/saye_msgs/include/saye_msgs/saye_msgs/msg/detail/map__rosidl_typesupport_fastrtps_c.h
[21.162s] -- Installing: /home/yiyi/ackermann_sim/install/saye_msgs/include/saye_msgs/saye_msgs/msg/detail/gmm_component__rosidl_typesupport_fastrtps_c.h
[21.162s] -- Installing: /home/yiyi/ackermann_sim/install/saye_msgs/include/saye_msgs/saye_msgs/msg/detail/pedestrian_prediction__rosidl_typesupport_fastrtps_c.h
[21.162s] -- Installing: /home/yiyi/ackermann_sim/install/saye_msgs/lib/libsaye_msgs__rosidl_typesupport_fastrtps_c.so
[21.162s] -- Set non-toolchain portion of runtime path of "/home/yiyi/ackermann_sim/install/saye_msgs/lib/libsaye_msgs__rosidl_typesupport_fastrtps_c.so" to ""
[21.162s] -- Up-to-date: /home/yiyi/ackermann_sim/install/saye_msgs/include/saye_msgs/saye_msgs
[21.163s] -- Up-to-date: /home/yiyi/ackermann_sim/install/saye_msgs/include/saye_msgs/saye_msgs/srv
[21.163s] -- Installing: /home/yiyi/ackermann_sim/install/saye_msgs/include/saye_msgs/saye_msgs/srv/share_map.hpp
[21.163s] -- Up-to-date: /home/yiyi/ackermann_sim/install/saye_msgs/include/saye_msgs/saye_msgs/srv/detail
[21.163s] -- Installing: /home/yiyi/ackermann_sim/install/saye_msgs/include/saye_msgs/saye_msgs/srv/detail/share_map__builder.hpp
[21.163s] -- Installing: /home/yiyi/ackermann_sim/install/saye_msgs/include/saye_msgs/saye_msgs/srv/detail/share_map__traits.hpp
[21.164s] -- Installing: /home/yiyi/ackermann_sim/install/saye_msgs/include/saye_msgs/saye_msgs/srv/detail/share_map__struct.hpp
[21.164s] -- Installing: /home/yiyi/ackermann_sim/install/saye_msgs/include/saye_msgs/saye_msgs/srv/detail/share_map__type_support.hpp
[21.164s] -- Up-to-date: /home/yiyi/ackermann_sim/install/saye_msgs/include/saye_msgs/saye_msgs/msg
[21.164s] -- Installing: /home/yiyi/ackermann_sim/install/saye_msgs/include/saye_msgs/saye_msgs/msg/rosidl_generator_cpp__visibility_control.hpp
[21.165s] -- Installing: /home/yiyi/ackermann_sim/install/saye_msgs/include/saye_msgs/saye_msgs/msg/pedestrian_predictions.hpp
[21.165s] -- Installing: /home/yiyi/ackermann_sim/install/saye_msgs/include/saye_msgs/saye_msgs/msg/pedestrian_prediction.hpp
[21.165s] -- Installing: /home/yiyi/ackermann_sim/install/saye_msgs/include/saye_msgs/saye_msgs/msg/map.hpp
[21.165s] -- Installing: /home/yiyi/ackermann_sim/install/saye_msgs/include/saye_msgs/saye_msgs/msg/gmm_component.hpp
[21.165s] -- Up-to-date: /home/yiyi/ackermann_sim/install/saye_msgs/include/saye_msgs/saye_msgs/msg/detail
[21.165s] -- Installing: /home/yiyi/ackermann_sim/install/saye_msgs/include/saye_msgs/saye_msgs/msg/detail/map__type_support.hpp
[21.166s] -- Installing: /home/yiyi/ackermann_sim/install/saye_msgs/include/saye_msgs/saye_msgs/msg/detail/map__builder.hpp
[21.166s] -- Installing: /home/yiyi/ackermann_sim/install/saye_msgs/include/saye_msgs/saye_msgs/msg/detail/map__struct.hpp
[21.167s] -- Installing: /home/yiyi/ackermann_sim/install/saye_msgs/include/saye_msgs/saye_msgs/msg/detail/pedestrian_predictions__builder.hpp
[21.167s] -- Installing: /home/yiyi/ackermann_sim/install/saye_msgs/include/saye_msgs/saye_msgs/msg/detail/pedestrian_prediction__type_support.hpp
[21.167s] -- Installing: /home/yiyi/ackermann_sim/install/saye_msgs/include/saye_msgs/saye_msgs/msg/detail/gmm_component__builder.hpp
[21.167s] -- Installing: /home/yiyi/ackermann_sim/install/saye_msgs/include/saye_msgs/saye_msgs/msg/detail/gmm_component__struct.hpp
[21.167s] -- Installing: /home/yiyi/ackermann_sim/install/saye_msgs/include/saye_msgs/saye_msgs/msg/detail/pedestrian_prediction__struct.hpp
[21.168s] -- Installing: /home/yiyi/ackermann_sim/install/saye_msgs/include/saye_msgs/saye_msgs/msg/detail/gmm_component__type_support.hpp
[21.168s] -- Installing: /home/yiyi/ackermann_sim/install/saye_msgs/include/saye_msgs/saye_msgs/msg/detail/gmm_component__traits.hpp
[21.168s] -- Installing: /home/yiyi/ackermann_sim/install/saye_msgs/include/saye_msgs/saye_msgs/msg/detail/pedestrian_predictions__type_support.hpp
[21.168s] -- Installing: /home/yiyi/ackermann_sim/install/saye_msgs/include/saye_msgs/saye_msgs/msg/detail/pedestrian_predictions__struct.hpp
[21.169s] -- Installing: /home/yiyi/ackermann_sim/install/saye_msgs/include/saye_msgs/saye_msgs/msg/detail/pedestrian_prediction__traits.hpp
[21.169s] -- Installing: /home/yiyi/ackermann_sim/install/saye_msgs/include/saye_msgs/saye_msgs/msg/detail/pedestrian_prediction__builder.hpp
[21.169s] -- Installing: /home/yiyi/ackermann_sim/install/saye_msgs/include/saye_msgs/saye_msgs/msg/detail/map__traits.hpp
[21.169s] -- Installing: /home/yiyi/ackermann_sim/install/saye_msgs/include/saye_msgs/saye_msgs/msg/detail/pedestrian_predictions__traits.hpp
[21.169s] -- Up-to-date: /home/yiyi/ackermann_sim/install/saye_msgs/include/saye_msgs/saye_msgs
[21.169s] -- Up-to-date: /home/yiyi/ackermann_sim/install/saye_msgs/include/saye_msgs/saye_msgs/srv
[21.169s] -- Up-to-date: /home/yiyi/ackermann_sim/install/saye_msgs/include/saye_msgs/saye_msgs/srv/detail
[21.169s] -- Installing: /home/yiyi/ackermann_sim/install/saye_msgs/include/saye_msgs/saye_msgs/srv/detail/share_map__rosidl_typesupport_fastrtps_cpp.hpp
[21.169s] -- Installing: /home/yiyi/ackermann_sim/install/saye_msgs/include/saye_msgs/saye_msgs/srv/detail/dds_fastrtps
[21.170s] -- Up-to-date: /home/yiyi/ackermann_sim/install/saye_msgs/include/saye_msgs/saye_msgs/msg
[21.170s] -- Installing: /home/yiyi/ackermann_sim/install/saye_msgs/include/saye_msgs/saye_msgs/msg/rosidl_typesupport_fastrtps_cpp__visibility_control.h
[21.170s] -- Up-to-date: /home/yiyi/ackermann_sim/install/saye_msgs/include/saye_msgs/saye_msgs/msg/detail
[21.170s] -- Installing: /home/yiyi/ackermann_sim/install/saye_msgs/include/saye_msgs/saye_msgs/msg/detail/gmm_component__rosidl_typesupport_fastrtps_cpp.hpp
[21.170s] -- Installing: /home/yiyi/ackermann_sim/install/saye_msgs/include/saye_msgs/saye_msgs/msg/detail/dds_fastrtps
[21.171s] -- Installing: /home/yiyi/ackermann_sim/install/saye_msgs/include/saye_msgs/saye_msgs/msg/detail/pedestrian_prediction__rosidl_typesupport_fastrtps_cpp.hpp
[21.171s] -- Installing: /home/yiyi/ackermann_sim/install/saye_msgs/include/saye_msgs/saye_msgs/msg/detail/pedestrian_predictions__rosidl_typesupport_fastrtps_cpp.hpp
[21.171s] -- Installing: /home/yiyi/ackermann_sim/install/saye_msgs/include/saye_msgs/saye_msgs/msg/detail/map__rosidl_typesupport_fastrtps_cpp.hpp
[21.171s] -- Installing: /home/yiyi/ackermann_sim/install/saye_msgs/lib/libsaye_msgs__rosidl_typesupport_fastrtps_cpp.so
[21.173s] -- Set non-toolchain portion of runtime path of "/home/yiyi/ackermann_sim/install/saye_msgs/lib/libsaye_msgs__rosidl_typesupport_fastrtps_cpp.so" to ""
[21.173s] -- Up-to-date: /home/yiyi/ackermann_sim/install/saye_msgs/include/saye_msgs/saye_msgs
[21.173s] -- Up-to-date: /home/yiyi/ackermann_sim/install/saye_msgs/include/saye_msgs/saye_msgs/srv
[21.173s] -- Up-to-date: /home/yiyi/ackermann_sim/install/saye_msgs/include/saye_msgs/saye_msgs/srv/detail
[21.173s] -- Installing: /home/yiyi/ackermann_sim/install/saye_msgs/include/saye_msgs/saye_msgs/srv/detail/share_map__type_support.c
[21.174s] -- Installing: /home/yiyi/ackermann_sim/install/saye_msgs/include/saye_msgs/saye_msgs/srv/detail/share_map__rosidl_typesupport_introspection_c.h
[21.174s] -- Up-to-date: /home/yiyi/ackermann_sim/install/saye_msgs/include/saye_msgs/saye_msgs/msg
[21.174s] -- Installing: /home/yiyi/ackermann_sim/install/saye_msgs/include/saye_msgs/saye_msgs/msg/rosidl_typesupport_introspection_c__visibility_control.h
[21.174s] -- Up-to-date: /home/yiyi/ackermann_sim/install/saye_msgs/include/saye_msgs/saye_msgs/msg/detail
[21.174s] -- Installing: /home/yiyi/ackermann_sim/install/saye_msgs/include/saye_msgs/saye_msgs/msg/detail/map__rosidl_typesupport_introspection_c.h
[21.174s] -- Installing: /home/yiyi/ackermann_sim/install/saye_msgs/include/saye_msgs/saye_msgs/msg/detail/pedestrian_predictions__type_support.c
[21.175s] -- Installing: /home/yiyi/ackermann_sim/install/saye_msgs/include/saye_msgs/saye_msgs/msg/detail/pedestrian_prediction__rosidl_typesupport_introspection_c.h
[21.175s] -- Installing: /home/yiyi/ackermann_sim/install/saye_msgs/include/saye_msgs/saye_msgs/msg/detail/gmm_component__type_support.c
[21.175s] -- Installing: /home/yiyi/ackermann_sim/install/saye_msgs/include/saye_msgs/saye_msgs/msg/detail/pedestrian_prediction__type_support.c
[21.175s] -- Installing: /home/yiyi/ackermann_sim/install/saye_msgs/include/saye_msgs/saye_msgs/msg/detail/pedestrian_predictions__rosidl_typesupport_introspection_c.h
[21.176s] -- Installing: /home/yiyi/ackermann_sim/install/saye_msgs/include/saye_msgs/saye_msgs/msg/detail/map__type_support.c
[21.176s] -- Installing: /home/yiyi/ackermann_sim/install/saye_msgs/include/saye_msgs/saye_msgs/msg/detail/gmm_component__rosidl_typesupport_introspection_c.h
[21.176s] -- Installing: /home/yiyi/ackermann_sim/install/saye_msgs/lib/libsaye_msgs__rosidl_typesupport_introspection_c.so
[21.177s] -- Set non-toolchain portion of runtime path of "/home/yiyi/ackermann_sim/install/saye_msgs/lib/libsaye_msgs__rosidl_typesupport_introspection_c.so" to ""
[21.177s] -- Installing: /home/yiyi/ackermann_sim/install/saye_msgs/lib/libsaye_msgs__rosidl_typesupport_c.so
[21.177s] -- Set non-toolchain portion of runtime path of "/home/yiyi/ackermann_sim/install/saye_msgs/lib/libsaye_msgs__rosidl_typesupport_c.so" to ""
[21.177s] -- Up-to-date: /home/yiyi/ackermann_sim/install/saye_msgs/include/saye_msgs/saye_msgs
[21.178s] -- Up-to-date: /home/yiyi/ackermann_sim/install/saye_msgs/include/saye_msgs/saye_msgs/srv
[21.178s] -- Up-to-date: /home/yiyi/ackermann_sim/install/saye_msgs/include/saye_msgs/saye_msgs/srv/detail
[21.178s] -- Installing: /home/yiyi/ackermann_sim/install/saye_msgs/include/saye_msgs/saye_msgs/srv/detail/share_map__rosidl_typesupport_introspection_cpp.hpp
[21.178s] -- Installing: /home/yiyi/ackermann_sim/install/saye_msgs/include/saye_msgs/saye_msgs/srv/detail/share_map__type_support.cpp
[21.179s] -- Up-to-date: /home/yiyi/ackermann_sim/install/saye_msgs/include/saye_msgs/saye_msgs/msg
[21.179s] -- Up-to-date: /home/yiyi/ackermann_sim/install/saye_msgs/include/saye_msgs/saye_msgs/msg/detail
[21.179s] -- Installing: /home/yiyi/ackermann_sim/install/saye_msgs/include/saye_msgs/saye_msgs/msg/detail/pedestrian_prediction__rosidl_typesupport_introspection_cpp.hpp
[21.179s] -- Installing: /home/yiyi/ackermann_sim/install/saye_msgs/include/saye_msgs/saye_msgs/msg/detail/map__type_support.cpp
[21.179s] -- Installing: /home/yiyi/ackermann_sim/install/saye_msgs/include/saye_msgs/saye_msgs/msg/detail/pedestrian_prediction__type_support.cpp
[21.180s] -- Installing: /home/yiyi/ackermann_sim/install/saye_msgs/include/saye_msgs/saye_msgs/msg/detail/pedestrian_predictions__type_support.cpp
[21.180s] -- Installing: /home/yiyi/ackermann_sim/install/saye_msgs/include/saye_msgs/saye_msgs/msg/detail/pedestrian_predictions__rosidl_typesupport_introspection_cpp.hpp
[21.180s] -- Installing: /home/yiyi/ackermann_sim/install/saye_msgs/include/saye_msgs/saye_msgs/msg/detail/map__rosidl_typesupport_introspection_cpp.hpp
[21.180s] -- Installing: /home/yiyi/ackermann_sim/install/saye_msgs/include/saye_msgs/saye_msgs/msg/detail/gmm_component__type_support.cpp
[21.181s] -- Installing: /home/yiyi/ackermann_sim/install/saye_msgs/include/saye_msgs/saye_msgs/msg/detail/gmm_component__rosidl_typesupport_introspection_cpp.hpp
[21.181s] -- Installing: /home/yiyi/ackermann_sim/install/saye_msgs/lib/libsaye_msgs__rosidl_typesupport_introspection_cpp.so
[21.181s] -- Set non-toolchain portion of runtime path of "/home/yiyi/ackermann_sim/install/saye_msgs/lib/libsaye_msgs__rosidl_typesupport_introspection_cpp.so" to ""
[21.182s] -- Installing: /home/yiyi/ackermann_sim/install/saye_msgs/lib/libsaye_msgs__rosidl_typesupport_cpp.so
[21.182s] -- Set non-toolchain portion of runtime path of "/home/yiyi/ackermann_sim/install/saye_msgs/lib/libsaye_msgs__rosidl_typesupport_cpp.so" to ""
[21.182s] -- Installing: /home/yiyi/ackermann_sim/install/saye_msgs/share/saye_msgs/environment/pythonpath.sh
[21.183s] -- Installing: /home/yiyi/ackermann_sim/install/saye_msgs/share/saye_msgs/environment/pythonpath.dsv
[21.183s] -- Installing: /home/yiyi/ackermann_sim/install/saye_msgs/lib/python3.12/site-packages/saye_msgs-0.0.0-py3.12.egg-info
[21.185s] -- Installing: /home/yiyi/ackermann_sim/install/saye_msgs/lib/python3.12/site-packages/saye_msgs-0.0.0-py3.12.egg-info/PKG-INFO
[21.185s] -- Installing: /home/yiyi/ackermann_sim/install/saye_msgs/lib/python3.12/site-packages/saye_msgs-0.0.0-py3.12.egg-info/SOURCES.txt
[21.185s] -- Installing: /home/yiyi/ackermann_sim/install/saye_msgs/lib/python3.12/site-packages/saye_msgs-0.0.0-py3.12.egg-info/top_level.txt
[21.185s] -- Installing: /home/yiyi/ackermann_sim/install/saye_msgs/lib/python3.12/site-packages/saye_msgs-0.0.0-py3.12.egg-info/dependency_links.txt
[21.185s] -- Installing: /home/yiyi/ackermann_sim/install/saye_msgs/lib/python3.12/site-packages/saye_msgs
[21.186s] -- Installing: /home/yiyi/ackermann_sim/install/saye_msgs/lib/python3.12/site-packages/saye_msgs/saye_msgs_s__rosidl_typesupport_fastrtps_c.so
[21.186s] -- Installing: /home/yiyi/ackermann_sim/install/saye_msgs/lib/python3.12/site-packages/saye_msgs/__init__.py
[21.186s] -- Installing: /home/yiyi/ackermann_sim/install/saye_msgs/lib/python3.12/site-packages/saye_msgs/_saye_msgs_s.ep.rosidl_typesupport_introspection_c.c
[21.187s] -- Installing: /home/yiyi/ackermann_sim/install/saye_msgs/lib/python3.12/site-packages/saye_msgs/_saye_msgs_s.ep.rosidl_typesupport_fastrtps_c.c
[21.187s] -- Installing: /home/yiyi/ackermann_sim/install/saye_msgs/lib/python3.12/site-packages/saye_msgs/srv
[21.188s] -- Installing: /home/yiyi/ackermann_sim/install/saye_msgs/lib/python3.12/site-packages/saye_msgs/srv/_share_map.py
[21.188s] -- Installing: /home/yiyi/ackermann_sim/install/saye_msgs/lib/python3.12/site-packages/saye_msgs/srv/__init__.py
[21.188s] -- Installing: /home/yiyi/ackermann_sim/install/saye_msgs/lib/python3.12/site-packages/saye_msgs/srv/_share_map_s.c
[21.188s] -- Installing: /home/yiyi/ackermann_sim/install/saye_msgs/lib/python3.12/site-packages/saye_msgs/saye_msgs_s__rosidl_typesupport_c.so
[21.189s] -- Installing: /home/yiyi/ackermann_sim/install/saye_msgs/lib/python3.12/site-packages/saye_msgs/msg
[21.189s] -- Installing: /home/yiyi/ackermann_sim/install/saye_msgs/lib/python3.12/site-packages/saye_msgs/msg/_gmm_component_s.c
[21.189s] -- Installing: /home/yiyi/ackermann_sim/install/saye_msgs/lib/python3.12/site-packages/saye_msgs/msg/__init__.py
[21.190s] -- Installing: /home/yiyi/ackermann_sim/install/saye_msgs/lib/python3.12/site-packages/saye_msgs/msg/_pedestrian_prediction_s.c
[21.190s] -- Installing: /home/yiyi/ackermann_sim/install/saye_msgs/lib/python3.12/site-packages/saye_msgs/msg/_gmm_component.py
[21.190s] -- Installing: /home/yiyi/ackermann_sim/install/saye_msgs/lib/python3.12/site-packages/saye_msgs/msg/_pedestrian_predictions_s.c
[21.191s] -- Installing: /home/yiyi/ackermann_sim/install/saye_msgs/lib/python3.12/site-packages/saye_msgs/msg/_pedestrian_prediction.py
[21.191s] -- Installing: /home/yiyi/ackermann_sim/install/saye_msgs/lib/python3.12/site-packages/saye_msgs/msg/_map_s.c
[21.192s] -- Installing: /home/yiyi/ackermann_sim/install/saye_msgs/lib/python3.12/site-packages/saye_msgs/msg/_map.py
[21.192s] -- Installing: /home/yiyi/ackermann_sim/install/saye_msgs/lib/python3.12/site-packages/saye_msgs/msg/_pedestrian_predictions.py
[21.192s] -- Installing: /home/yiyi/ackermann_sim/install/saye_msgs/lib/python3.12/site-packages/saye_msgs/_saye_msgs_s.ep.rosidl_typesupport_c.c
[21.192s] -- Installing: /home/yiyi/ackermann_sim/install/saye_msgs/lib/python3.12/site-packages/saye_msgs/saye_msgs_s__rosidl_typesupport_introspection_c.so
[21.256s] Listing '/home/yiyi/ackermann_sim/install/saye_msgs/lib/python3.12/site-packages/saye_msgs'...
[21.257s] Compiling '/home/yiyi/ackermann_sim/install/saye_msgs/lib/python3.12/site-packages/saye_msgs/__init__.py'...
[21.257s] Listing '/home/yiyi/ackermann_sim/install/saye_msgs/lib/python3.12/site-packages/saye_msgs/msg'...
[21.257s] Compiling '/home/yiyi/ackermann_sim/install/saye_msgs/lib/python3.12/site-packages/saye_msgs/msg/__init__.py'...
[21.257s] Compiling '/home/yiyi/ackermann_sim/install/saye_msgs/lib/python3.12/site-packages/saye_msgs/msg/_gmm_component.py'...
[21.257s] Compiling '/home/yiyi/ackermann_sim/install/saye_msgs/lib/python3.12/site-packages/saye_msgs/msg/_map.py'...
[21.257s] Compiling '/home/yiyi/ackermann_sim/install/saye_msgs/lib/python3.12/site-packages/saye_msgs/msg/_pedestrian_prediction.py'...
[21.257s] Compiling '/home/yiyi/ackermann_sim/install/saye_msgs/lib/python3.12/site-packages/saye_msgs/msg/_pedestrian_predictions.py'...
[21.257s] Listing '/home/yiyi/ackermann_sim/install/saye_msgs/lib/python3.12/site-packages/saye_msgs/srv'...
[21.257s] Compiling '/home/yiyi/ackermann_sim/install/saye_msgs/lib/python3.12/site-packages/saye_msgs/srv/__init__.py'...
[21.258s] Compiling '/home/yiyi/ackermann_sim/install/saye_msgs/lib/python3.12/site-packages/saye_msgs/srv/_share_map.py'...
[21.264s] -- Installing: /home/yiyi/ackermann_sim/install/saye_msgs/lib/python3.12/site-packages/saye_msgs/saye_msgs_s__rosidl_typesupport_fastrtps_c.so
[21.265s] -- Set non-toolchain portion of runtime path of "/home/yiyi/ackermann_sim/install/saye_msgs/lib/python3.12/site-packages/saye_msgs/saye_msgs_s__rosidl_typesupport_fastrtps_c.so" to ""
[21.265s] -- Installing: /home/yiyi/ackermann_sim/install/saye_msgs/lib/python3.12/site-packages/saye_msgs/saye_msgs_s__rosidl_typesupport_introspection_c.so
[21.266s] -- Set non-toolchain portion of runtime path of "/home/yiyi/ackermann_sim/install/saye_msgs/lib/python3.12/site-packages/saye_msgs/saye_msgs_s__rosidl_typesupport_introspection_c.so" to ""
[21.266s] -- Installing: /home/yiyi/ackermann_sim/install/saye_msgs/lib/python3.12/site-packages/saye_msgs/saye_msgs_s__rosidl_typesupport_c.so
[21.267s] -- Set non-toolchain portion of runtime path of "/home/yiyi/ackermann_sim/install/saye_msgs/lib/python3.12/site-packages/saye_msgs/saye_msgs_s__rosidl_typesupport_c.so" to ""
[21.267s] -- Installing: /home/yiyi/ackermann_sim/install/saye_msgs/lib/libsaye_msgs__rosidl_generator_py.so
[21.268s] -- Set non-toolchain portion of runtime path of "/home/yiyi/ackermann_sim/install/saye_msgs/lib/libsaye_msgs__rosidl_generator_py.so" to ""
[21.268s] -- Installing: /home/yiyi/ackermann_sim/install/saye_msgs/share/saye_msgs/msg/Map.idl
[21.268s] -- Installing: /home/yiyi/ackermann_sim/install/saye_msgs/share/saye_msgs/msg/GMMComponent.idl
[21.269s] -- Installing: /home/yiyi/ackermann_sim/install/saye_msgs/share/saye_msgs/msg/PedestrianPrediction.idl
[21.269s] -- Installing: /home/yiyi/ackermann_sim/install/saye_msgs/share/saye_msgs/msg/PedestrianPredictions.idl
[21.270s] -- Installing: /home/yiyi/ackermann_sim/install/saye_msgs/share/saye_msgs/srv/ShareMap.idl
[21.270s] -- Installing: /home/yiyi/ackermann_sim/install/saye_msgs/share/saye_msgs/msg/Map.msg
[21.270s] -- Installing: /home/yiyi/ackermann_sim/install/saye_msgs/share/saye_msgs/msg/GMMComponent.msg
[21.270s] -- Installing: /home/yiyi/ackermann_sim/install/saye_msgs/share/saye_msgs/msg/PedestrianPrediction.msg
[21.270s] -- Installing: /home/yiyi/ackermann_sim/install/saye_msgs/share/saye_msgs/msg/PedestrianPredictions.msg
[21.271s] -- Installing: /home/yiyi/ackermann_sim/install/saye_msgs/share/saye_msgs/srv/ShareMap.srv
[21.272s] -- Installing: /home/yiyi/ackermann_sim/install/saye_msgs/share/ament_index/resource_index/package_run_dependencies/saye_msgs
[21.272s] -- Installing: /home/yiyi/ackermann_sim/install/saye_msgs/share/ament_index/resource_index/parent_prefix_path/saye_msgs
[21.273s] -- Installing: /home/yiyi/ackermann_sim/install/saye_msgs/share/saye_msgs/environment/ament_prefix_path.sh
[21.273s] -- Installing: /home/yiyi/ackermann_sim/install/saye_msgs/share/saye_msgs/environment/ament_prefix_path.dsv
[21.273s] -- Installing: /home/yiyi/ackermann_sim/install/saye_msgs/share/saye_msgs/environment/path.sh
[21.274s] -- Installing: /home/yiyi/ackermann_sim/install/saye_msgs/share/saye_msgs/environment/path.dsv
[21.274s] -- Installing: /home/yiyi/ackermann_sim/install/saye_msgs/share/saye_msgs/local_setup.bash
[21.274s] -- Installing: /home/yiyi/ackermann_sim/install/saye_msgs/share/saye_msgs/local_setup.sh
[21.274s] -- Installing: /home/yiyi/ackermann_sim/install/saye_msgs/share/saye_msgs/local_setup.zsh
[21.275s] -- Installing: /home/yiyi/ackermann_sim/install/saye_msgs/share/saye_msgs/local_setup.dsv
[21.275s] -- Installing: /home/yiyi/ackermann_sim/install/saye_msgs/share/saye_msgs/package.dsv
[21.276s] -- Installing: /home/yiyi/ackermann_sim/install/saye_msgs/share/ament_index/resource_index/packages/saye_msgs
[21.277s] -- Installing: /home/yiyi/ackermann_sim/install/saye_msgs/share/saye_msgs/cmake/export_saye_msgs__rosidl_generator_cExport.cmake
[21.277s] -- Installing: /home/yiyi/ackermann_sim/install/saye_msgs/share/saye_msgs/cmake/export_saye_msgs__rosidl_generator_cExport-noconfig.cmake
[21.277s] -- Installing: /home/yiyi/ackermann_sim/install/saye_msgs/share/saye_msgs/cmake/export_saye_msgs__rosidl_typesupport_fastrtps_cExport.cmake
[21.278s] -- Installing: /home/yiyi/ackermann_sim/install/saye_msgs/share/saye_msgs/cmake/export_saye_msgs__rosidl_typesupport_fastrtps_cExport-noconfig.cmake
[21.278s] -- Installing: /home/yiyi/ackermann_sim/install/saye_msgs/share/saye_msgs/cmake/export_saye_msgs__rosidl_generator_cppExport.cmake
[21.278s] -- Installing: /home/yiyi/ackermann_sim/install/saye_msgs/share/saye_msgs/cmake/export_saye_msgs__rosidl_typesupport_fastrtps_cppExport.cmake
[21.278s] -- Installing: /home/yiyi/ackermann_sim/install/saye_msgs/share/saye_msgs/cmake/export_saye_msgs__rosidl_typesupport_fastrtps_cppExport-noconfig.cmake
[21.279s] -- Installing: /home/yiyi/ackermann_sim/install/saye_msgs/share/saye_msgs/cmake/saye_msgs__rosidl_typesupport_introspection_cExport.cmake
[21.279s] -- Installing: /home/yiyi/ackermann_sim/install/saye_msgs/share/saye_msgs/cmake/saye_msgs__rosidl_typesupport_introspection_cExport-noconfig.cmake
[21.279s] -- Installing: /home/yiyi/ackermann_sim/install/saye_msgs/share/saye_msgs/cmake/saye_msgs__rosidl_typesupport_cExport.cmake
[21.280s] -- Installing: /home/yiyi/ackermann_sim/install/saye_msgs/share/saye_msgs/cmake/saye_msgs__rosidl_typesupport_cExport-noconfig.cmake
[21.280s] -- Installing: /home/yiyi/ackermann_sim/install/saye_msgs/share/saye_msgs/cmake/saye_msgs__rosidl_typesupport_introspection_cppExport.cmake
[21.280s] -- Installing: /home/yiyi/ackermann_sim/install/saye_msgs/share/saye_msgs/cmake/saye_msgs__rosidl_typesupport_introspection_cppExport-noconfig.cmake
[21.280s] -- Installing: /home/yiyi/ackermann_sim/install/saye_msgs/share/saye_msgs/cmake/saye_msgs__rosidl_typesupport_cppExport.cmake
[21.281s] -- Installing: /home/yiyi/ackermann_sim/install/saye_msgs/share/saye_msgs/cmake/saye_msgs__rosidl_typesupport_cppExport-noconfig.cmake
[21.281s] -- Installing: /home/yiyi/ackermann_sim/install/saye_msgs/share/saye_msgs/cmake/export_saye_msgs__rosidl_generator_pyExport.cmake
[21.281s] -- Installing: /home/yiyi/ackermann_sim/install/saye_msgs/share/saye_msgs/cmake/export_saye_msgs__rosidl_generator_pyExport-noconfig.cmake
[21.282s] -- Installing: /home/yiyi/ackermann_sim/install/saye_msgs/share/saye_msgs/cmake/rosidl_cmake-extras.cmake
[21.282s] -- Installing: /home/yiyi/ackermann_sim/install/saye_msgs/share/saye_msgs/cmake/ament_cmake_export_dependencies-extras.cmake
[21.282s] -- Installing: /home/yiyi/ackermann_sim/install/saye_msgs/share/saye_msgs/cmake/ament_cmake_export_include_directories-extras.cmake
[21.282s] -- Installing: /home/yiyi/ackermann_sim/install/saye_msgs/share/saye_msgs/cmake/ament_cmake_export_libraries-extras.cmake
[21.283s] -- Installing: /home/yiyi/ackermann_sim/install/saye_msgs/share/saye_msgs/cmake/ament_cmake_export_targets-extras.cmake
[21.283s] -- Installing: /home/yiyi/ackermann_sim/install/saye_msgs/share/saye_msgs/cmake/rosidl_cmake_export_typesupport_targets-extras.cmake
[21.283s] -- Installing: /home/yiyi/ackermann_sim/install/saye_msgs/share/saye_msgs/cmake/rosidl_cmake_export_typesupport_libraries-extras.cmake
[21.283s] -- Installing: /home/yiyi/ackermann_sim/install/saye_msgs/share/saye_msgs/cmake/saye_msgsConfig.cmake
[21.284s] -- Installing: /home/yiyi/ackermann_sim/install/saye_msgs/share/saye_msgs/cmake/saye_msgsConfig-version.cmake
[21.284s] -- Installing: /home/yiyi/ackermann_sim/install/saye_msgs/share/saye_msgs/package.xml
[21.288s] Invoked command in '/home/yiyi/ackermann_sim/build/saye_msgs' returned '0': CMAKE_PREFIX_PATH=${CMAKE_PREFIX_PATH}:/opt/ros/jazzy /usr/bin/cmake --install /home/yiyi/ackermann_sim/build/saye_msgs
