-- Found ament_cmake: 2.5.4 (/opt/ros/jazzy/share/ament_cmake/cmake)
-- Override CMake install command with custom implementation using symlinks instead of copying resources
-- Found rclpy: 7.1.5 (/opt/ros/jazzy/share/rclpy/cmake)
-- Found tf2_ros: 0.36.14 (/opt/ros/jazzy/share/tf2_ros/cmake)
-- Found rosidl_generator_c: 4.6.6 (/opt/ros/jazzy/share/rosidl_generator_c/cmake)
-- Found rosidl_generator_cpp: 4.6.6 (/opt/ros/jazzy/share/rosidl_generator_cpp/cmake)
-- Using all available rosidl_typesupport_c: rosidl_typesupport_fastrtps_c;rosidl_typesupport_introspection_c
-- Using all available rosidl_typesupport_cpp: rosidl_typesupport_fastrtps_cpp;rosidl_typesupport_introspection_cpp
-- Found rmw_implementation_cmake: 7.3.2 (/opt/ros/jazzy/share/rmw_implementation_cmake/cmake)
-- Found rmw_fastrtps_cpp: 8.4.3 (/opt/ros/jazzy/share/rmw_fastrtps_cpp/cmake)
-- Using RMW implementation 'rmw_fastrtps_cpp' as default
-- Found saye_description: 0.0.0 (/home/yiyi/ackermann_sim/install/saye_description/share/saye_description/cmake)
-- Found ament_lint_auto: 0.17.3 (/opt/ros/jazzy/share/ament_lint_auto/cmake)
-- Configuring done (2.4s)
-- Generating done (0.0s)
-- Build files have been written to: /home/yiyi/ackermann_sim/build/saye_bringup_my
-- Install configuration: ""
-- Execute custom install script
-- Symlinking: /home/yiyi/ackermann_sim/install/saye_bringup_my/share/saye_bringup_my//launch/actor_pose_test.launch.py
-- Up-to-date symlink: /home/yiyi/ackermann_sim/install/saye_bringup_my/share/saye_bringup_my//launch/amcl.launch.py
-- Up-to-date symlink: /home/yiyi/ackermann_sim/install/saye_bringup_my/share/saye_bringup_my//launch/navigation_bringup.launch.py
-- Up-to-date symlink: /home/yiyi/ackermann_sim/install/saye_bringup_my/share/saye_bringup_my//launch/saye_spawn.launch.py
-- Up-to-date symlink: /home/yiyi/ackermann_sim/install/saye_bringup_my/share/saye_bringup_my//launch/slam.launch.py
-- Up-to-date symlink: /home/yiyi/ackermann_sim/install/saye_bringup_my/share/saye_bringup_my//maps/map.pgm
-- Up-to-date symlink: /home/yiyi/ackermann_sim/install/saye_bringup_my/share/saye_bringup_my//maps/map.yaml
-- Up-to-date symlink: /home/yiyi/ackermann_sim/install/saye_bringup_my/share/saye_bringup_my//rviz/navigation.rviz
-- Up-to-date symlink: /home/yiyi/ackermann_sim/install/saye_bringup_my/share/saye_bringup_my//rviz/saye.rviz
-- Up-to-date symlink: /home/yiyi/ackermann_sim/install/saye_bringup_my/share/saye_bringup_my//config/amcl.yaml
-- Up-to-date symlink: /home/yiyi/ackermann_sim/install/saye_bringup_my/share/saye_bringup_my//config/nav2_params.yaml
-- Up-to-date symlink: /home/yiyi/ackermann_sim/install/saye_bringup_my/share/saye_bringup_my//config/navigation.yaml
-- Up-to-date symlink: /home/yiyi/ackermann_sim/install/saye_bringup_my/share/saye_bringup_my//config/ros_gz_bridge.yaml
-- Up-to-date symlink: /home/yiyi/ackermann_sim/install/saye_bringup_my/share/saye_bringup_my//config/slam.yaml
-- Up-to-date symlink: /home/yiyi/ackermann_sim/install/saye_bringup_my/lib/saye_bringup_my/ground_truth_pose
-- Up-to-date symlink: /home/yiyi/ackermann_sim/install/saye_bringup_my/lib/saye_bringup_my/start_navigation.sh
-- Up-to-date symlink: /home/yiyi/ackermann_sim/install/saye_bringup_my/share/ament_index/resource_index/package_run_dependencies/saye_bringup_my
-- Up-to-date symlink: /home/yiyi/ackermann_sim/install/saye_bringup_my/share/ament_index/resource_index/parent_prefix_path/saye_bringup_my
-- Up-to-date symlink: /home/yiyi/ackermann_sim/install/saye_bringup_my/share/saye_bringup_my/environment/ament_prefix_path.sh
-- Up-to-date symlink: /home/yiyi/ackermann_sim/install/saye_bringup_my/share/saye_bringup_my/environment/ament_prefix_path.dsv
-- Up-to-date symlink: /home/yiyi/ackermann_sim/install/saye_bringup_my/share/saye_bringup_my/environment/path.sh
-- Up-to-date symlink: /home/yiyi/ackermann_sim/install/saye_bringup_my/share/saye_bringup_my/environment/path.dsv
-- Up-to-date symlink: /home/yiyi/ackermann_sim/install/saye_bringup_my/share/saye_bringup_my/local_setup.bash
-- Up-to-date symlink: /home/yiyi/ackermann_sim/install/saye_bringup_my/share/saye_bringup_my/local_setup.sh
-- Up-to-date symlink: /home/yiyi/ackermann_sim/install/saye_bringup_my/share/saye_bringup_my/local_setup.zsh
-- Up-to-date symlink: /home/yiyi/ackermann_sim/install/saye_bringup_my/share/saye_bringup_my/local_setup.dsv
-- Symlinking: /home/yiyi/ackermann_sim/install/saye_bringup_my/share/saye_bringup_my/package.dsv
-- Up-to-date symlink: /home/yiyi/ackermann_sim/install/saye_bringup_my/share/ament_index/resource_index/packages/saye_bringup_my
-- Up-to-date symlink: /home/yiyi/ackermann_sim/install/saye_bringup_my/share/saye_bringup_my/cmake/saye_bringup_myConfig.cmake
-- Up-to-date symlink: /home/yiyi/ackermann_sim/install/saye_bringup_my/share/saye_bringup_my/cmake/saye_bringup_myConfig-version.cmake
-- Up-to-date symlink: /home/yiyi/ackermann_sim/install/saye_bringup_my/share/saye_bringup_my/package.xml
