[100%] Built target main
-- Install configuration: ""
-- Up-to-date: /home/yiyi/ackermann_sim/install/saye_localization/include/include
-- Up-to-date: /home/yiyi/ackermann_sim/install/saye_localization/include/include/saye_localization
-- Up-to-date: /home/yiyi/ackermann_sim/install/saye_localization/include/include/saye_localization/kalman_filter.hpp
-- Up-to-date: /home/yiyi/ackermann_sim/install/saye_localization/lib/saye_localization/main
-- Up-to-date: /home/yiyi/ackermann_sim/install/saye_localization/share/ament_index/resource_index/package_run_dependencies/saye_localization
-- Up-to-date: /home/yiyi/ackermann_sim/install/saye_localization/share/ament_index/resource_index/parent_prefix_path/saye_localization
-- Up-to-date: /home/yiyi/ackermann_sim/install/saye_localization/share/saye_localization/environment/ament_prefix_path.sh
-- Up-to-date: /home/yiyi/ackermann_sim/install/saye_localization/share/saye_localization/environment/ament_prefix_path.dsv
-- Up-to-date: /home/yiyi/ackermann_sim/install/saye_localization/share/saye_localization/environment/path.sh
-- Up-to-date: /home/yiyi/ackermann_sim/install/saye_localization/share/saye_localization/environment/path.dsv
-- Up-to-date: /home/yiyi/ackermann_sim/install/saye_localization/share/saye_localization/local_setup.bash
-- Up-to-date: /home/yiyi/ackermann_sim/install/saye_localization/share/saye_localization/local_setup.sh
-- Up-to-date: /home/yiyi/ackermann_sim/install/saye_localization/share/saye_localization/local_setup.zsh
-- Up-to-date: /home/yiyi/ackermann_sim/install/saye_localization/share/saye_localization/local_setup.dsv
-- Installing: /home/yiyi/ackermann_sim/install/saye_localization/share/saye_localization/package.dsv
-- Up-to-date: /home/yiyi/ackermann_sim/install/saye_localization/share/ament_index/resource_index/packages/saye_localization
-- Up-to-date: /home/yiyi/ackermann_sim/install/saye_localization/share/saye_localization/cmake/saye_localizationConfig.cmake
-- Up-to-date: /home/yiyi/ackermann_sim/install/saye_localization/share/saye_localization/cmake/saye_localizationConfig-version.cmake
-- Up-to-date: /home/yiyi/ackermann_sim/install/saye_localization/share/saye_localization/package.xml
