[0.408s] DEBUG:colcon:Command line arguments: ['/usr/bin/colcon', 'build', '--packages-select', 'saye_bringup', 'saye_mppi']
[0.408s] DEBUG:colcon:Parsed command line arguments: Namespace(log_base=None, log_level=None, verb_name='build', build_base='build', install_base='install', merge_install=False, symlink_install=False, test_result_base=None, continue_on_error=False, executor='parallel', parallel_workers=16, event_handlers=None, ignore_user_meta=False, metas=['./colcon.meta'], base_paths=['.'], packages_ignore=None, packages_ignore_regex=None, paths=None, packages_up_to=None, packages_up_to_regex=None, packages_above=None, packages_above_and_dependencies=None, packages_above_depth=None, packages_select_by_dep=None, packages_skip_by_dep=None, packages_skip_up_to=None, packages_select_build_failed=False, packages_skip_build_finished=False, packages_select_test_failures=False, packages_skip_test_passed=False, packages_select=['saye_bringup', 'saye_mppi'], packages_skip=None, packages_select_regex=None, packages_skip_regex=None, packages_start=None, packages_end=None, allow_overriding=[], cmake_args=None, cmake_target=None, cmake_target_skip_unavailable=False, cmake_clean_cache=False, cmake_clean_first=False, cmake_force_configure=False, ament_cmake_args=None, catkin_cmake_args=None, catkin_skip_building_tests=False, verb_parser=<colcon_defaults.argument_parser.defaults.DefaultArgumentsDecorator object at 0x798d81473380>, verb_extension=<colcon_core.verb.build.BuildVerb object at 0x798d81c926c0>, main=<bound method BuildVerb.main of <colcon_core.verb.build.BuildVerb object at 0x798d81c926c0>>)
[0.459s] Level 1:colcon.colcon_core.package_discovery:discover_packages(colcon_meta) check parameters
[0.459s] Level 1:colcon.colcon_core.package_discovery:discover_packages(recursive) check parameters
[0.459s] Level 1:colcon.colcon_core.package_discovery:discover_packages(ignore) check parameters
[0.459s] Level 1:colcon.colcon_core.package_discovery:discover_packages(path) check parameters
[0.459s] Level 1:colcon.colcon_core.package_discovery:discover_packages(colcon_meta) discover
[0.459s] Level 1:colcon.colcon_core.package_discovery:discover_packages(recursive) discover
[0.460s] INFO:colcon.colcon_core.package_discovery:Crawling recursively for packages in '/home/yiyi/ackermann_sim'
[0.460s] Level 1:colcon.colcon_core.package_identification:_identify(.) by extensions ['ignore', 'ignore_ament_install']
[0.460s] Level 1:colcon.colcon_core.package_identification:_identify(.) by extension 'ignore'
[0.460s] Level 1:colcon.colcon_core.package_identification:_identify(.) by extension 'ignore_ament_install'
[0.460s] Level 1:colcon.colcon_core.package_identification:_identify(.) by extensions ['colcon_pkg']
[0.460s] Level 1:colcon.colcon_core.package_identification:_identify(.) by extension 'colcon_pkg'
[0.460s] Level 1:colcon.colcon_core.package_identification:_identify(.) by extensions ['colcon_meta']
[0.460s] Level 1:colcon.colcon_core.package_identification:_identify(.) by extension 'colcon_meta'
[0.460s] Level 1:colcon.colcon_core.package_identification:_identify(.) by extensions ['ros']
[0.460s] Level 1:colcon.colcon_core.package_identification:_identify(.) by extension 'ros'
[0.491s] Level 1:colcon.colcon_core.package_identification:_identify(.) by extensions ['cmake', 'python']
[0.491s] Level 1:colcon.colcon_core.package_identification:_identify(.) by extension 'cmake'
[0.491s] Level 1:colcon.colcon_core.package_identification:_identify(.) by extension 'python'
[0.491s] Level 1:colcon.colcon_core.package_identification:_identify(.) by extensions ['python_setup_py']
[0.491s] Level 1:colcon.colcon_core.package_identification:_identify(.) by extension 'python_setup_py'
[0.491s] Level 1:colcon.colcon_core.package_identification:_identify(build) by extensions ['ignore', 'ignore_ament_install']
[0.491s] Level 1:colcon.colcon_core.package_identification:_identify(build) by extension 'ignore'
[0.491s] Level 1:colcon.colcon_core.package_identification:_identify(build) ignored
[0.491s] Level 1:colcon.colcon_core.package_identification:_identify(install) by extensions ['ignore', 'ignore_ament_install']
[0.491s] Level 1:colcon.colcon_core.package_identification:_identify(install) by extension 'ignore'
[0.492s] Level 1:colcon.colcon_core.package_identification:_identify(install) ignored
[0.492s] Level 1:colcon.colcon_core.package_identification:_identify(log) by extensions ['ignore', 'ignore_ament_install']
[0.492s] Level 1:colcon.colcon_core.package_identification:_identify(log) by extension 'ignore'
[0.492s] Level 1:colcon.colcon_core.package_identification:_identify(log) ignored
[0.492s] Level 1:colcon.colcon_core.package_identification:_identify(src) by extensions ['ignore', 'ignore_ament_install']
[0.493s] Level 1:colcon.colcon_core.package_identification:_identify(src) by extension 'ignore'
[0.493s] Level 1:colcon.colcon_core.package_identification:_identify(src) by extension 'ignore_ament_install'
[0.493s] Level 1:colcon.colcon_core.package_identification:_identify(src) by extensions ['colcon_pkg']
[0.493s] Level 1:colcon.colcon_core.package_identification:_identify(src) by extension 'colcon_pkg'
[0.493s] Level 1:colcon.colcon_core.package_identification:_identify(src) by extensions ['colcon_meta']
[0.493s] Level 1:colcon.colcon_core.package_identification:_identify(src) by extension 'colcon_meta'
[0.493s] Level 1:colcon.colcon_core.package_identification:_identify(src) by extensions ['ros']
[0.493s] Level 1:colcon.colcon_core.package_identification:_identify(src) by extension 'ros'
[0.493s] Level 1:colcon.colcon_core.package_identification:_identify(src) by extensions ['cmake', 'python']
[0.493s] Level 1:colcon.colcon_core.package_identification:_identify(src) by extension 'cmake'
[0.493s] Level 1:colcon.colcon_core.package_identification:_identify(src) by extension 'python'
[0.493s] Level 1:colcon.colcon_core.package_identification:_identify(src) by extensions ['python_setup_py']
[0.493s] Level 1:colcon.colcon_core.package_identification:_identify(src) by extension 'python_setup_py'
[0.493s] Level 1:colcon.colcon_core.package_identification:_identify(src/ackermann-vehicle-gzsim-ros2) by extensions ['ignore', 'ignore_ament_install']
[0.493s] Level 1:colcon.colcon_core.package_identification:_identify(src/ackermann-vehicle-gzsim-ros2) by extension 'ignore'
[0.493s] Level 1:colcon.colcon_core.package_identification:_identify(src/ackermann-vehicle-gzsim-ros2) by extension 'ignore_ament_install'
[0.494s] Level 1:colcon.colcon_core.package_identification:_identify(src/ackermann-vehicle-gzsim-ros2) by extensions ['colcon_pkg']
[0.494s] Level 1:colcon.colcon_core.package_identification:_identify(src/ackermann-vehicle-gzsim-ros2) by extension 'colcon_pkg'
[0.494s] Level 1:colcon.colcon_core.package_identification:_identify(src/ackermann-vehicle-gzsim-ros2) by extensions ['colcon_meta']
[0.494s] Level 1:colcon.colcon_core.package_identification:_identify(src/ackermann-vehicle-gzsim-ros2) by extension 'colcon_meta'
[0.494s] Level 1:colcon.colcon_core.package_identification:_identify(src/ackermann-vehicle-gzsim-ros2) by extensions ['ros']
[0.494s] Level 1:colcon.colcon_core.package_identification:_identify(src/ackermann-vehicle-gzsim-ros2) by extension 'ros'
[0.494s] Level 1:colcon.colcon_core.package_identification:_identify(src/ackermann-vehicle-gzsim-ros2) by extensions ['cmake', 'python']
[0.494s] Level 1:colcon.colcon_core.package_identification:_identify(src/ackermann-vehicle-gzsim-ros2) by extension 'cmake'
[0.494s] Level 1:colcon.colcon_core.package_identification:_identify(src/ackermann-vehicle-gzsim-ros2) by extension 'python'
[0.494s] Level 1:colcon.colcon_core.package_identification:_identify(src/ackermann-vehicle-gzsim-ros2) by extensions ['python_setup_py']
[0.494s] Level 1:colcon.colcon_core.package_identification:_identify(src/ackermann-vehicle-gzsim-ros2) by extension 'python_setup_py'
[0.494s] Level 1:colcon.colcon_core.package_identification:_identify(src/ackermann-vehicle-gzsim-ros2/saye_behaviortree) by extensions ['ignore', 'ignore_ament_install']
[0.494s] Level 1:colcon.colcon_core.package_identification:_identify(src/ackermann-vehicle-gzsim-ros2/saye_behaviortree) by extension 'ignore'
[0.494s] Level 1:colcon.colcon_core.package_identification:_identify(src/ackermann-vehicle-gzsim-ros2/saye_behaviortree) by extension 'ignore_ament_install'
[0.494s] Level 1:colcon.colcon_core.package_identification:_identify(src/ackermann-vehicle-gzsim-ros2/saye_behaviortree) by extensions ['colcon_pkg']
[0.494s] Level 1:colcon.colcon_core.package_identification:_identify(src/ackermann-vehicle-gzsim-ros2/saye_behaviortree) by extension 'colcon_pkg'
[0.494s] Level 1:colcon.colcon_core.package_identification:_identify(src/ackermann-vehicle-gzsim-ros2/saye_behaviortree) by extensions ['colcon_meta']
[0.494s] Level 1:colcon.colcon_core.package_identification:_identify(src/ackermann-vehicle-gzsim-ros2/saye_behaviortree) by extension 'colcon_meta'
[0.494s] Level 1:colcon.colcon_core.package_identification:_identify(src/ackermann-vehicle-gzsim-ros2/saye_behaviortree) by extensions ['ros']
[0.494s] Level 1:colcon.colcon_core.package_identification:_identify(src/ackermann-vehicle-gzsim-ros2/saye_behaviortree) by extension 'ros'
[0.497s] DEBUG:colcon.colcon_core.package_identification:Package 'src/ackermann-vehicle-gzsim-ros2/saye_behaviortree' with type 'ros.ament_cmake' and name 'saye_behaviortree'
[0.498s] Level 1:colcon.colcon_core.package_identification:_identify(src/ackermann-vehicle-gzsim-ros2/saye_bringup) by extensions ['ignore', 'ignore_ament_install']
[0.498s] Level 1:colcon.colcon_core.package_identification:_identify(src/ackermann-vehicle-gzsim-ros2/saye_bringup) by extension 'ignore'
[0.498s] Level 1:colcon.colcon_core.package_identification:_identify(src/ackermann-vehicle-gzsim-ros2/saye_bringup) by extension 'ignore_ament_install'
[0.498s] Level 1:colcon.colcon_core.package_identification:_identify(src/ackermann-vehicle-gzsim-ros2/saye_bringup) by extensions ['colcon_pkg']
[0.498s] Level 1:colcon.colcon_core.package_identification:_identify(src/ackermann-vehicle-gzsim-ros2/saye_bringup) by extension 'colcon_pkg'
[0.498s] Level 1:colcon.colcon_core.package_identification:_identify(src/ackermann-vehicle-gzsim-ros2/saye_bringup) by extensions ['colcon_meta']
[0.498s] Level 1:colcon.colcon_core.package_identification:_identify(src/ackermann-vehicle-gzsim-ros2/saye_bringup) by extension 'colcon_meta'
[0.498s] Level 1:colcon.colcon_core.package_identification:_identify(src/ackermann-vehicle-gzsim-ros2/saye_bringup) by extensions ['ros']
[0.498s] Level 1:colcon.colcon_core.package_identification:_identify(src/ackermann-vehicle-gzsim-ros2/saye_bringup) by extension 'ros'
[0.499s] DEBUG:colcon.colcon_core.package_identification:Package 'src/ackermann-vehicle-gzsim-ros2/saye_bringup' with type 'ros.ament_cmake' and name 'saye_bringup'
[0.499s] Level 1:colcon.colcon_core.package_identification:_identify(src/ackermann-vehicle-gzsim-ros2/saye_control) by extensions ['ignore', 'ignore_ament_install']
[0.499s] Level 1:colcon.colcon_core.package_identification:_identify(src/ackermann-vehicle-gzsim-ros2/saye_control) by extension 'ignore'
[0.499s] Level 1:colcon.colcon_core.package_identification:_identify(src/ackermann-vehicle-gzsim-ros2/saye_control) by extension 'ignore_ament_install'
[0.499s] Level 1:colcon.colcon_core.package_identification:_identify(src/ackermann-vehicle-gzsim-ros2/saye_control) by extensions ['colcon_pkg']
[0.499s] Level 1:colcon.colcon_core.package_identification:_identify(src/ackermann-vehicle-gzsim-ros2/saye_control) by extension 'colcon_pkg'
[0.499s] Level 1:colcon.colcon_core.package_identification:_identify(src/ackermann-vehicle-gzsim-ros2/saye_control) by extensions ['colcon_meta']
[0.499s] Level 1:colcon.colcon_core.package_identification:_identify(src/ackermann-vehicle-gzsim-ros2/saye_control) by extension 'colcon_meta'
[0.499s] Level 1:colcon.colcon_core.package_identification:_identify(src/ackermann-vehicle-gzsim-ros2/saye_control) by extensions ['ros']
[0.499s] Level 1:colcon.colcon_core.package_identification:_identify(src/ackermann-vehicle-gzsim-ros2/saye_control) by extension 'ros'
[0.500s] DEBUG:colcon.colcon_core.package_identification:Package 'src/ackermann-vehicle-gzsim-ros2/saye_control' with type 'ros.ament_cmake' and name 'saye_control'
[0.500s] Level 1:colcon.colcon_core.package_identification:_identify(src/ackermann-vehicle-gzsim-ros2/saye_description) by extensions ['ignore', 'ignore_ament_install']
[0.500s] Level 1:colcon.colcon_core.package_identification:_identify(src/ackermann-vehicle-gzsim-ros2/saye_description) by extension 'ignore'
[0.500s] Level 1:colcon.colcon_core.package_identification:_identify(src/ackermann-vehicle-gzsim-ros2/saye_description) by extension 'ignore_ament_install'
[0.501s] Level 1:colcon.colcon_core.package_identification:_identify(src/ackermann-vehicle-gzsim-ros2/saye_description) by extensions ['colcon_pkg']
[0.501s] Level 1:colcon.colcon_core.package_identification:_identify(src/ackermann-vehicle-gzsim-ros2/saye_description) by extension 'colcon_pkg'
[0.501s] Level 1:colcon.colcon_core.package_identification:_identify(src/ackermann-vehicle-gzsim-ros2/saye_description) by extensions ['colcon_meta']
[0.501s] Level 1:colcon.colcon_core.package_identification:_identify(src/ackermann-vehicle-gzsim-ros2/saye_description) by extension 'colcon_meta'
[0.501s] Level 1:colcon.colcon_core.package_identification:_identify(src/ackermann-vehicle-gzsim-ros2/saye_description) by extensions ['ros']
[0.501s] Level 1:colcon.colcon_core.package_identification:_identify(src/ackermann-vehicle-gzsim-ros2/saye_description) by extension 'ros'
[0.501s] DEBUG:colcon.colcon_core.package_identification:Package 'src/ackermann-vehicle-gzsim-ros2/saye_description' with type 'ros.ament_cmake' and name 'saye_description'
[0.501s] Level 1:colcon.colcon_core.package_identification:_identify(src/ackermann-vehicle-gzsim-ros2/saye_localization) by extensions ['ignore', 'ignore_ament_install']
[0.501s] Level 1:colcon.colcon_core.package_identification:_identify(src/ackermann-vehicle-gzsim-ros2/saye_localization) by extension 'ignore'
[0.501s] Level 1:colcon.colcon_core.package_identification:_identify(src/ackermann-vehicle-gzsim-ros2/saye_localization) by extension 'ignore_ament_install'
[0.502s] Level 1:colcon.colcon_core.package_identification:_identify(src/ackermann-vehicle-gzsim-ros2/saye_localization) by extensions ['colcon_pkg']
[0.502s] Level 1:colcon.colcon_core.package_identification:_identify(src/ackermann-vehicle-gzsim-ros2/saye_localization) by extension 'colcon_pkg'
[0.502s] Level 1:colcon.colcon_core.package_identification:_identify(src/ackermann-vehicle-gzsim-ros2/saye_localization) by extensions ['colcon_meta']
[0.502s] Level 1:colcon.colcon_core.package_identification:_identify(src/ackermann-vehicle-gzsim-ros2/saye_localization) by extension 'colcon_meta'
[0.502s] Level 1:colcon.colcon_core.package_identification:_identify(src/ackermann-vehicle-gzsim-ros2/saye_localization) by extensions ['ros']
[0.502s] Level 1:colcon.colcon_core.package_identification:_identify(src/ackermann-vehicle-gzsim-ros2/saye_localization) by extension 'ros'
[0.502s] DEBUG:colcon.colcon_core.package_identification:Package 'src/ackermann-vehicle-gzsim-ros2/saye_localization' with type 'ros.ament_cmake' and name 'saye_localization'
[0.502s] Level 1:colcon.colcon_core.package_identification:_identify(src/ackermann-vehicle-gzsim-ros2/saye_mppi) by extensions ['ignore', 'ignore_ament_install']
[0.502s] Level 1:colcon.colcon_core.package_identification:_identify(src/ackermann-vehicle-gzsim-ros2/saye_mppi) by extension 'ignore'
[0.503s] Level 1:colcon.colcon_core.package_identification:_identify(src/ackermann-vehicle-gzsim-ros2/saye_mppi) by extension 'ignore_ament_install'
[0.503s] Level 1:colcon.colcon_core.package_identification:_identify(src/ackermann-vehicle-gzsim-ros2/saye_mppi) by extensions ['colcon_pkg']
[0.503s] Level 1:colcon.colcon_core.package_identification:_identify(src/ackermann-vehicle-gzsim-ros2/saye_mppi) by extension 'colcon_pkg'
[0.503s] Level 1:colcon.colcon_core.package_identification:_identify(src/ackermann-vehicle-gzsim-ros2/saye_mppi) by extensions ['colcon_meta']
[0.503s] Level 1:colcon.colcon_core.package_identification:_identify(src/ackermann-vehicle-gzsim-ros2/saye_mppi) by extension 'colcon_meta'
[0.503s] Level 1:colcon.colcon_core.package_identification:_identify(src/ackermann-vehicle-gzsim-ros2/saye_mppi) by extensions ['ros']
[0.503s] Level 1:colcon.colcon_core.package_identification:_identify(src/ackermann-vehicle-gzsim-ros2/saye_mppi) by extension 'ros'
[0.503s] DEBUG:colcon.colcon_core.package_identification:Package 'src/ackermann-vehicle-gzsim-ros2/saye_mppi' with type 'ros.ament_cmake' and name 'saye_mppi'
[0.503s] Level 1:colcon.colcon_core.package_identification:_identify(src/ackermann-vehicle-gzsim-ros2/saye_msgs) by extensions ['ignore', 'ignore_ament_install']
[0.503s] Level 1:colcon.colcon_core.package_identification:_identify(src/ackermann-vehicle-gzsim-ros2/saye_msgs) by extension 'ignore'
[0.504s] Level 1:colcon.colcon_core.package_identification:_identify(src/ackermann-vehicle-gzsim-ros2/saye_msgs) by extension 'ignore_ament_install'
[0.504s] Level 1:colcon.colcon_core.package_identification:_identify(src/ackermann-vehicle-gzsim-ros2/saye_msgs) by extensions ['colcon_pkg']
[0.504s] Level 1:colcon.colcon_core.package_identification:_identify(src/ackermann-vehicle-gzsim-ros2/saye_msgs) by extension 'colcon_pkg'
[0.504s] Level 1:colcon.colcon_core.package_identification:_identify(src/ackermann-vehicle-gzsim-ros2/saye_msgs) by extensions ['colcon_meta']
[0.504s] Level 1:colcon.colcon_core.package_identification:_identify(src/ackermann-vehicle-gzsim-ros2/saye_msgs) by extension 'colcon_meta'
[0.504s] Level 1:colcon.colcon_core.package_identification:_identify(src/ackermann-vehicle-gzsim-ros2/saye_msgs) by extensions ['ros']
[0.504s] Level 1:colcon.colcon_core.package_identification:_identify(src/ackermann-vehicle-gzsim-ros2/saye_msgs) by extension 'ros'
[0.505s] DEBUG:colcon.colcon_core.package_identification:Package 'src/ackermann-vehicle-gzsim-ros2/saye_msgs' with type 'ros.ament_cmake' and name 'saye_msgs'
[0.505s] Level 1:colcon.colcon_core.package_discovery:discover_packages(recursive) using defaults
[0.505s] Level 1:colcon.colcon_core.package_discovery:discover_packages(ignore) discover
[0.505s] Level 1:colcon.colcon_core.package_discovery:discover_packages(ignore) using defaults
[0.505s] Level 1:colcon.colcon_core.package_discovery:discover_packages(path) discover
[0.505s] Level 1:colcon.colcon_core.package_discovery:discover_packages(path) using defaults
[0.526s] INFO:colcon.colcon_core.package_selection:Skipping not selected package 'saye_behaviortree' in 'src/ackermann-vehicle-gzsim-ros2/saye_behaviortree'
[0.526s] INFO:colcon.colcon_core.package_selection:Skipping not selected package 'saye_description' in 'src/ackermann-vehicle-gzsim-ros2/saye_description'
[0.526s] INFO:colcon.colcon_core.package_selection:Skipping not selected package 'saye_localization' in 'src/ackermann-vehicle-gzsim-ros2/saye_localization'
[0.526s] INFO:colcon.colcon_core.package_selection:Skipping not selected package 'saye_msgs' in 'src/ackermann-vehicle-gzsim-ros2/saye_msgs'
[0.526s] INFO:colcon.colcon_core.package_selection:Skipping not selected package 'saye_control' in 'src/ackermann-vehicle-gzsim-ros2/saye_control'
[0.526s] Level 1:colcon.colcon_core.package_discovery:discover_packages(prefix_path) check parameters
[0.526s] Level 1:colcon.colcon_core.package_discovery:discover_packages(prefix_path) discover
[0.529s] DEBUG:colcon.colcon_installed_package_information.package_discovery:Found 7 installed packages in /home/yiyi/ackermann_sim/install
[0.532s] DEBUG:colcon.colcon_installed_package_information.package_discovery:Found 380 installed packages in /opt/ros/jazzy
[0.533s] Level 1:colcon.colcon_core.package_discovery:discover_packages(prefix_path) using defaults
[0.596s] Level 5:colcon.colcon_core.verb:set package 'saye_mppi' build argument 'cmake_args' from command line to 'None'
[0.596s] Level 5:colcon.colcon_core.verb:set package 'saye_mppi' build argument 'cmake_target' from command line to 'None'
[0.596s] Level 5:colcon.colcon_core.verb:set package 'saye_mppi' build argument 'cmake_target_skip_unavailable' from command line to 'False'
[0.596s] Level 5:colcon.colcon_core.verb:set package 'saye_mppi' build argument 'cmake_clean_cache' from command line to 'False'
[0.597s] Level 5:colcon.colcon_core.verb:set package 'saye_mppi' build argument 'cmake_clean_first' from command line to 'False'
[0.597s] Level 5:colcon.colcon_core.verb:set package 'saye_mppi' build argument 'cmake_force_configure' from command line to 'False'
[0.597s] Level 5:colcon.colcon_core.verb:set package 'saye_mppi' build argument 'ament_cmake_args' from command line to 'None'
[0.597s] Level 5:colcon.colcon_core.verb:set package 'saye_mppi' build argument 'catkin_cmake_args' from command line to 'None'
[0.597s] Level 5:colcon.colcon_core.verb:set package 'saye_mppi' build argument 'catkin_skip_building_tests' from command line to 'False'
[0.597s] DEBUG:colcon.colcon_core.verb:Building package 'saye_mppi' with the following arguments: {'ament_cmake_args': None, 'build_base': '/home/yiyi/ackermann_sim/build/saye_mppi', 'catkin_cmake_args': None, 'catkin_skip_building_tests': False, 'cmake_args': None, 'cmake_clean_cache': False, 'cmake_clean_first': False, 'cmake_force_configure': False, 'cmake_target': None, 'cmake_target_skip_unavailable': False, 'install_base': '/home/yiyi/ackermann_sim/install/saye_mppi', 'merge_install': False, 'path': '/home/yiyi/ackermann_sim/src/ackermann-vehicle-gzsim-ros2/saye_mppi', 'symlink_install': False, 'test_result_base': None}
[0.597s] Level 5:colcon.colcon_core.verb:set package 'saye_bringup' build argument 'cmake_args' from command line to 'None'
[0.597s] Level 5:colcon.colcon_core.verb:set package 'saye_bringup' build argument 'cmake_target' from command line to 'None'
[0.597s] Level 5:colcon.colcon_core.verb:set package 'saye_bringup' build argument 'cmake_target_skip_unavailable' from command line to 'False'
[0.597s] Level 5:colcon.colcon_core.verb:set package 'saye_bringup' build argument 'cmake_clean_cache' from command line to 'False'
[0.597s] Level 5:colcon.colcon_core.verb:set package 'saye_bringup' build argument 'cmake_clean_first' from command line to 'False'
[0.597s] Level 5:colcon.colcon_core.verb:set package 'saye_bringup' build argument 'cmake_force_configure' from command line to 'False'
[0.597s] Level 5:colcon.colcon_core.verb:set package 'saye_bringup' build argument 'ament_cmake_args' from command line to 'None'
[0.597s] Level 5:colcon.colcon_core.verb:set package 'saye_bringup' build argument 'catkin_cmake_args' from command line to 'None'
[0.597s] Level 5:colcon.colcon_core.verb:set package 'saye_bringup' build argument 'catkin_skip_building_tests' from command line to 'False'
[0.597s] DEBUG:colcon.colcon_core.verb:Building package 'saye_bringup' with the following arguments: {'ament_cmake_args': None, 'build_base': '/home/yiyi/ackermann_sim/build/saye_bringup', 'catkin_cmake_args': None, 'catkin_skip_building_tests': False, 'cmake_args': None, 'cmake_clean_cache': False, 'cmake_clean_first': False, 'cmake_force_configure': False, 'cmake_target': None, 'cmake_target_skip_unavailable': False, 'install_base': '/home/yiyi/ackermann_sim/install/saye_bringup', 'merge_install': False, 'path': '/home/yiyi/ackermann_sim/src/ackermann-vehicle-gzsim-ros2/saye_bringup', 'symlink_install': False, 'test_result_base': None}
[0.597s] INFO:colcon.colcon_core.executor:Executing jobs using 'parallel' executor
[0.599s] DEBUG:colcon.colcon_parallel_executor.executor.parallel:run_until_complete
[0.599s] INFO:colcon.colcon_ros.task.ament_cmake.build:Building ROS package in '/home/yiyi/ackermann_sim/src/ackermann-vehicle-gzsim-ros2/saye_mppi' with build type 'ament_cmake'
[0.599s] INFO:colcon.colcon_cmake.task.cmake.build:Building CMake package in '/home/yiyi/ackermann_sim/src/ackermann-vehicle-gzsim-ros2/saye_mppi'
[0.602s] INFO:colcon.colcon_core.plugin_system:Skipping extension 'colcon_core.shell.bat': Not used on non-Windows systems
[0.602s] INFO:colcon.colcon_core.shell:Skip shell extension 'powershell' for command environment: Not usable outside of PowerShell
[0.602s] DEBUG:colcon.colcon_core.shell:Skip shell extension 'dsv' for command environment
[0.607s] INFO:colcon.colcon_ros.task.ament_cmake.build:Building ROS package in '/home/yiyi/ackermann_sim/src/ackermann-vehicle-gzsim-ros2/saye_bringup' with build type 'ament_cmake'
[0.608s] INFO:colcon.colcon_cmake.task.cmake.build:Building CMake package in '/home/yiyi/ackermann_sim/src/ackermann-vehicle-gzsim-ros2/saye_bringup'
[0.608s] INFO:colcon.colcon_core.shell:Skip shell extension 'powershell' for command environment: Not usable outside of PowerShell
[0.608s] DEBUG:colcon.colcon_core.shell:Skip shell extension 'dsv' for command environment
[0.617s] DEBUG:colcon.colcon_core.event_handler.log_command:Invoking command in '/home/yiyi/ackermann_sim/build/saye_mppi': CMAKE_PREFIX_PATH=${CMAKE_PREFIX_PATH}:/opt/ros/jazzy /usr/bin/cmake --build /home/yiyi/ackermann_sim/build/saye_mppi -- -j16 -l16
[0.764s] DEBUG:colcon.colcon_core.event_handler.log_command:Invoking command in '/home/yiyi/ackermann_sim/build/saye_bringup': CMAKE_PREFIX_PATH=/home/yiyi/ackermann_sim/install/saye_description:/home/yiyi/ackermann_sim/install/saye_control:/home/yiyi/ackermann_sim/install/saye_msgs:/home/yiyi/ackermann_sim/install/saye_localization:/home/yiyi/ackermann_sim/install/saye_bringup:/home/yiyi/ackermann_sim/install/saye_behaviortree:/opt/ros/jazzy/opt/gz_sim_vendor:/opt/ros/jazzy/opt/gz_sensors_vendor:/opt/ros/jazzy/opt/gz_physics_vendor:/opt/ros/jazzy/opt/sdformat_vendor:/opt/ros/jazzy/opt/gz_gui_vendor:/opt/ros/jazzy/opt/gz_transport_vendor:/opt/ros/jazzy/opt/gz_rendering_vendor:/opt/ros/jazzy/opt/gz_plugin_vendor:/opt/ros/jazzy/opt/gz_fuel_tools_vendor:/opt/ros/jazzy/opt/gz_msgs_vendor:/opt/ros/jazzy/opt/gz_common_vendor:/opt/ros/jazzy/opt/gz_math_vendor:/opt/ros/jazzy/opt/gz_utils_vendor:/opt/ros/jazzy/opt/gz_tools_vendor:/opt/ros/jazzy/opt/gz_ogre_next_vendor:/opt/ros/jazzy/opt/gz_dartsim_vendor:/opt/ros/jazzy/opt/gz_cmake_vendor:/opt/ros/jazzy GZ_SIM_RESOURCE_PATH=/home/yiyi/ackermann_sim/install/saye_description/share/saye_description/models /usr/bin/cmake --build /home/yiyi/ackermann_sim/build/saye_bringup -- -j16 -l16
[0.822s] DEBUG:colcon.colcon_core.event_handler.log_command:Invoked command in '/home/yiyi/ackermann_sim/build/saye_bringup' returned '0': CMAKE_PREFIX_PATH=/home/yiyi/ackermann_sim/install/saye_description:/home/yiyi/ackermann_sim/install/saye_control:/home/yiyi/ackermann_sim/install/saye_msgs:/home/yiyi/ackermann_sim/install/saye_localization:/home/yiyi/ackermann_sim/install/saye_bringup:/home/yiyi/ackermann_sim/install/saye_behaviortree:/opt/ros/jazzy/opt/gz_sim_vendor:/opt/ros/jazzy/opt/gz_sensors_vendor:/opt/ros/jazzy/opt/gz_physics_vendor:/opt/ros/jazzy/opt/sdformat_vendor:/opt/ros/jazzy/opt/gz_gui_vendor:/opt/ros/jazzy/opt/gz_transport_vendor:/opt/ros/jazzy/opt/gz_rendering_vendor:/opt/ros/jazzy/opt/gz_plugin_vendor:/opt/ros/jazzy/opt/gz_fuel_tools_vendor:/opt/ros/jazzy/opt/gz_msgs_vendor:/opt/ros/jazzy/opt/gz_common_vendor:/opt/ros/jazzy/opt/gz_math_vendor:/opt/ros/jazzy/opt/gz_utils_vendor:/opt/ros/jazzy/opt/gz_tools_vendor:/opt/ros/jazzy/opt/gz_ogre_next_vendor:/opt/ros/jazzy/opt/gz_dartsim_vendor:/opt/ros/jazzy/opt/gz_cmake_vendor:/opt/ros/jazzy GZ_SIM_RESOURCE_PATH=/home/yiyi/ackermann_sim/install/saye_description/share/saye_description/models /usr/bin/cmake --build /home/yiyi/ackermann_sim/build/saye_bringup -- -j16 -l16
[0.837s] DEBUG:colcon.colcon_core.event_handler.log_command:Invoking command in '/home/yiyi/ackermann_sim/build/saye_bringup': CMAKE_PREFIX_PATH=/home/yiyi/ackermann_sim/install/saye_description:/home/yiyi/ackermann_sim/install/saye_control:/home/yiyi/ackermann_sim/install/saye_msgs:/home/yiyi/ackermann_sim/install/saye_localization:/home/yiyi/ackermann_sim/install/saye_bringup:/home/yiyi/ackermann_sim/install/saye_behaviortree:/opt/ros/jazzy/opt/gz_sim_vendor:/opt/ros/jazzy/opt/gz_sensors_vendor:/opt/ros/jazzy/opt/gz_physics_vendor:/opt/ros/jazzy/opt/sdformat_vendor:/opt/ros/jazzy/opt/gz_gui_vendor:/opt/ros/jazzy/opt/gz_transport_vendor:/opt/ros/jazzy/opt/gz_rendering_vendor:/opt/ros/jazzy/opt/gz_plugin_vendor:/opt/ros/jazzy/opt/gz_fuel_tools_vendor:/opt/ros/jazzy/opt/gz_msgs_vendor:/opt/ros/jazzy/opt/gz_common_vendor:/opt/ros/jazzy/opt/gz_math_vendor:/opt/ros/jazzy/opt/gz_utils_vendor:/opt/ros/jazzy/opt/gz_tools_vendor:/opt/ros/jazzy/opt/gz_ogre_next_vendor:/opt/ros/jazzy/opt/gz_dartsim_vendor:/opt/ros/jazzy/opt/gz_cmake_vendor:/opt/ros/jazzy GZ_SIM_RESOURCE_PATH=/home/yiyi/ackermann_sim/install/saye_description/share/saye_description/models /usr/bin/cmake --install /home/yiyi/ackermann_sim/build/saye_bringup
[0.854s] Level 1:colcon.colcon_core.environment:create_environment_scripts_only(saye_bringup)
[0.855s] DEBUG:colcon.colcon_core.event_handler.log_command:Invoked command in '/home/yiyi/ackermann_sim/build/saye_bringup' returned '0': CMAKE_PREFIX_PATH=/home/yiyi/ackermann_sim/install/saye_description:/home/yiyi/ackermann_sim/install/saye_control:/home/yiyi/ackermann_sim/install/saye_msgs:/home/yiyi/ackermann_sim/install/saye_localization:/home/yiyi/ackermann_sim/install/saye_bringup:/home/yiyi/ackermann_sim/install/saye_behaviortree:/opt/ros/jazzy/opt/gz_sim_vendor:/opt/ros/jazzy/opt/gz_sensors_vendor:/opt/ros/jazzy/opt/gz_physics_vendor:/opt/ros/jazzy/opt/sdformat_vendor:/opt/ros/jazzy/opt/gz_gui_vendor:/opt/ros/jazzy/opt/gz_transport_vendor:/opt/ros/jazzy/opt/gz_rendering_vendor:/opt/ros/jazzy/opt/gz_plugin_vendor:/opt/ros/jazzy/opt/gz_fuel_tools_vendor:/opt/ros/jazzy/opt/gz_msgs_vendor:/opt/ros/jazzy/opt/gz_common_vendor:/opt/ros/jazzy/opt/gz_math_vendor:/opt/ros/jazzy/opt/gz_utils_vendor:/opt/ros/jazzy/opt/gz_tools_vendor:/opt/ros/jazzy/opt/gz_ogre_next_vendor:/opt/ros/jazzy/opt/gz_dartsim_vendor:/opt/ros/jazzy/opt/gz_cmake_vendor:/opt/ros/jazzy GZ_SIM_RESOURCE_PATH=/home/yiyi/ackermann_sim/install/saye_description/share/saye_description/models /usr/bin/cmake --install /home/yiyi/ackermann_sim/build/saye_bringup
[0.858s] Level 1:colcon.colcon_core.environment:checking '/home/yiyi/ackermann_sim/install/saye_bringup' for CMake module files
[0.859s] Level 1:colcon.colcon_core.environment:checking '/home/yiyi/ackermann_sim/install/saye_bringup' for CMake config files
[0.859s] Level 1:colcon.colcon_core.shell:create_environment_hook('saye_bringup', 'cmake_prefix_path')
[0.859s] INFO:colcon.colcon_core.shell:Creating environment hook '/home/yiyi/ackermann_sim/install/saye_bringup/share/saye_bringup/hook/cmake_prefix_path.ps1'
[0.860s] INFO:colcon.colcon_core.shell:Creating environment descriptor '/home/yiyi/ackermann_sim/install/saye_bringup/share/saye_bringup/hook/cmake_prefix_path.dsv'
[0.861s] INFO:colcon.colcon_core.shell:Creating environment hook '/home/yiyi/ackermann_sim/install/saye_bringup/share/saye_bringup/hook/cmake_prefix_path.sh'
[0.862s] Level 1:colcon.colcon_core.environment:checking '/home/yiyi/ackermann_sim/install/saye_bringup/bin'
[0.862s] Level 1:colcon.colcon_core.environment:checking '/home/yiyi/ackermann_sim/install/saye_bringup/lib/pkgconfig/saye_bringup.pc'
[0.862s] Level 1:colcon.colcon_core.environment:checking '/home/yiyi/ackermann_sim/install/saye_bringup/lib/python3.12/site-packages'
[0.862s] Level 1:colcon.colcon_core.environment:checking '/home/yiyi/ackermann_sim/install/saye_bringup/bin'
[0.862s] INFO:colcon.colcon_core.shell:Creating package script '/home/yiyi/ackermann_sim/install/saye_bringup/share/saye_bringup/package.ps1'
[0.863s] INFO:colcon.colcon_core.shell:Creating package descriptor '/home/yiyi/ackermann_sim/install/saye_bringup/share/saye_bringup/package.dsv'
[0.864s] INFO:colcon.colcon_core.shell:Creating package script '/home/yiyi/ackermann_sim/install/saye_bringup/share/saye_bringup/package.sh'
[0.864s] INFO:colcon.colcon_core.shell:Creating package script '/home/yiyi/ackermann_sim/install/saye_bringup/share/saye_bringup/package.bash'
[0.866s] INFO:colcon.colcon_core.shell:Creating package script '/home/yiyi/ackermann_sim/install/saye_bringup/share/saye_bringup/package.zsh'
[0.866s] Level 1:colcon.colcon_core.environment:create_file_with_runtime_dependencies(/home/yiyi/ackermann_sim/install/saye_bringup/share/colcon-core/packages/saye_bringup)
[0.867s] Level 1:colcon.colcon_core.environment:create_environment_scripts_only(saye_bringup)
[0.867s] Level 1:colcon.colcon_core.environment:checking '/home/yiyi/ackermann_sim/install/saye_bringup' for CMake module files
[0.868s] Level 1:colcon.colcon_core.environment:checking '/home/yiyi/ackermann_sim/install/saye_bringup' for CMake config files
[0.868s] Level 1:colcon.colcon_core.shell:create_environment_hook('saye_bringup', 'cmake_prefix_path')
[0.868s] INFO:colcon.colcon_core.shell:Creating environment hook '/home/yiyi/ackermann_sim/install/saye_bringup/share/saye_bringup/hook/cmake_prefix_path.ps1'
[0.869s] INFO:colcon.colcon_core.shell:Creating environment descriptor '/home/yiyi/ackermann_sim/install/saye_bringup/share/saye_bringup/hook/cmake_prefix_path.dsv'
[0.869s] INFO:colcon.colcon_core.shell:Creating environment hook '/home/yiyi/ackermann_sim/install/saye_bringup/share/saye_bringup/hook/cmake_prefix_path.sh'
[0.870s] Level 1:colcon.colcon_core.environment:checking '/home/yiyi/ackermann_sim/install/saye_bringup/bin'
[0.870s] Level 1:colcon.colcon_core.environment:checking '/home/yiyi/ackermann_sim/install/saye_bringup/lib/pkgconfig/saye_bringup.pc'
[0.870s] Level 1:colcon.colcon_core.environment:checking '/home/yiyi/ackermann_sim/install/saye_bringup/lib/python3.12/site-packages'
[0.870s] Level 1:colcon.colcon_core.environment:checking '/home/yiyi/ackermann_sim/install/saye_bringup/bin'
[0.870s] INFO:colcon.colcon_core.shell:Creating package script '/home/yiyi/ackermann_sim/install/saye_bringup/share/saye_bringup/package.ps1'
[0.871s] INFO:colcon.colcon_core.shell:Creating package descriptor '/home/yiyi/ackermann_sim/install/saye_bringup/share/saye_bringup/package.dsv'
[0.872s] INFO:colcon.colcon_core.shell:Creating package script '/home/yiyi/ackermann_sim/install/saye_bringup/share/saye_bringup/package.sh'
[0.872s] INFO:colcon.colcon_core.shell:Creating package script '/home/yiyi/ackermann_sim/install/saye_bringup/share/saye_bringup/package.bash'
[0.872s] INFO:colcon.colcon_core.shell:Creating package script '/home/yiyi/ackermann_sim/install/saye_bringup/share/saye_bringup/package.zsh'
[0.873s] Level 1:colcon.colcon_core.environment:create_file_with_runtime_dependencies(/home/yiyi/ackermann_sim/install/saye_bringup/share/colcon-core/packages/saye_bringup)
[1.123s] DEBUG:colcon.colcon_core.event_handler.log_command:Invoked command in '/home/yiyi/ackermann_sim/build/saye_mppi' returned '0': CMAKE_PREFIX_PATH=${CMAKE_PREFIX_PATH}:/opt/ros/jazzy /usr/bin/cmake --build /home/yiyi/ackermann_sim/build/saye_mppi -- -j16 -l16
[1.125s] DEBUG:colcon.colcon_core.event_handler.log_command:Invoking command in '/home/yiyi/ackermann_sim/build/saye_mppi': CMAKE_PREFIX_PATH=${CMAKE_PREFIX_PATH}:/opt/ros/jazzy /usr/bin/cmake --install /home/yiyi/ackermann_sim/build/saye_mppi
[1.196s] Level 1:colcon.colcon_core.environment:create_environment_scripts_only(saye_mppi)
[1.197s] Level 1:colcon.colcon_core.environment:checking '/home/yiyi/ackermann_sim/install/saye_mppi' for CMake module files
[1.197s] DEBUG:colcon.colcon_core.event_handler.log_command:Invoked command in '/home/yiyi/ackermann_sim/build/saye_mppi' returned '0': CMAKE_PREFIX_PATH=${CMAKE_PREFIX_PATH}:/opt/ros/jazzy /usr/bin/cmake --install /home/yiyi/ackermann_sim/build/saye_mppi
[1.198s] Level 1:colcon.colcon_core.environment:checking '/home/yiyi/ackermann_sim/install/saye_mppi' for CMake config files
[1.199s] Level 1:colcon.colcon_core.shell:create_environment_hook('saye_mppi', 'cmake_prefix_path')
[1.199s] INFO:colcon.colcon_core.shell:Creating environment hook '/home/yiyi/ackermann_sim/install/saye_mppi/share/saye_mppi/hook/cmake_prefix_path.ps1'
[1.200s] INFO:colcon.colcon_core.shell:Creating environment descriptor '/home/yiyi/ackermann_sim/install/saye_mppi/share/saye_mppi/hook/cmake_prefix_path.dsv'
[1.201s] INFO:colcon.colcon_core.shell:Creating environment hook '/home/yiyi/ackermann_sim/install/saye_mppi/share/saye_mppi/hook/cmake_prefix_path.sh'
[1.201s] Level 1:colcon.colcon_core.environment:checking '/home/yiyi/ackermann_sim/install/saye_mppi/lib'
[1.201s] Level 1:colcon.colcon_core.environment:checking '/home/yiyi/ackermann_sim/install/saye_mppi/bin'
[1.201s] Level 1:colcon.colcon_core.environment:checking '/home/yiyi/ackermann_sim/install/saye_mppi/lib/pkgconfig/saye_mppi.pc'
[1.202s] Level 1:colcon.colcon_core.environment:checking '/home/yiyi/ackermann_sim/install/saye_mppi/lib/python3.12/site-packages'
[1.202s] Level 1:colcon.colcon_core.shell:create_environment_hook('saye_mppi', 'pythonpath')
[1.202s] INFO:colcon.colcon_core.shell:Creating environment hook '/home/yiyi/ackermann_sim/install/saye_mppi/share/saye_mppi/hook/pythonpath.ps1'
[1.202s] INFO:colcon.colcon_core.shell:Creating environment descriptor '/home/yiyi/ackermann_sim/install/saye_mppi/share/saye_mppi/hook/pythonpath.dsv'
[1.203s] INFO:colcon.colcon_core.shell:Creating environment hook '/home/yiyi/ackermann_sim/install/saye_mppi/share/saye_mppi/hook/pythonpath.sh'
[1.204s] Level 1:colcon.colcon_core.environment:checking '/home/yiyi/ackermann_sim/install/saye_mppi/bin'
[1.204s] INFO:colcon.colcon_core.shell:Creating package script '/home/yiyi/ackermann_sim/install/saye_mppi/share/saye_mppi/package.ps1'
[1.205s] INFO:colcon.colcon_core.shell:Creating package descriptor '/home/yiyi/ackermann_sim/install/saye_mppi/share/saye_mppi/package.dsv'
[1.205s] INFO:colcon.colcon_core.shell:Creating package script '/home/yiyi/ackermann_sim/install/saye_mppi/share/saye_mppi/package.sh'
[1.206s] INFO:colcon.colcon_core.shell:Creating package script '/home/yiyi/ackermann_sim/install/saye_mppi/share/saye_mppi/package.bash'
[1.206s] INFO:colcon.colcon_core.shell:Creating package script '/home/yiyi/ackermann_sim/install/saye_mppi/share/saye_mppi/package.zsh'
[1.207s] Level 1:colcon.colcon_core.environment:create_file_with_runtime_dependencies(/home/yiyi/ackermann_sim/install/saye_mppi/share/colcon-core/packages/saye_mppi)
[1.207s] Level 1:colcon.colcon_core.environment:create_environment_scripts_only(saye_mppi)
[1.208s] Level 1:colcon.colcon_core.environment:checking '/home/yiyi/ackermann_sim/install/saye_mppi' for CMake module files
[1.208s] Level 1:colcon.colcon_core.environment:checking '/home/yiyi/ackermann_sim/install/saye_mppi' for CMake config files
[1.209s] Level 1:colcon.colcon_core.shell:create_environment_hook('saye_mppi', 'cmake_prefix_path')
[1.209s] INFO:colcon.colcon_core.shell:Creating environment hook '/home/yiyi/ackermann_sim/install/saye_mppi/share/saye_mppi/hook/cmake_prefix_path.ps1'
[1.209s] INFO:colcon.colcon_core.shell:Creating environment descriptor '/home/yiyi/ackermann_sim/install/saye_mppi/share/saye_mppi/hook/cmake_prefix_path.dsv'
[1.210s] INFO:colcon.colcon_core.shell:Creating environment hook '/home/yiyi/ackermann_sim/install/saye_mppi/share/saye_mppi/hook/cmake_prefix_path.sh'
[1.210s] Level 1:colcon.colcon_core.environment:checking '/home/yiyi/ackermann_sim/install/saye_mppi/lib'
[1.210s] Level 1:colcon.colcon_core.environment:checking '/home/yiyi/ackermann_sim/install/saye_mppi/bin'
[1.210s] Level 1:colcon.colcon_core.environment:checking '/home/yiyi/ackermann_sim/install/saye_mppi/lib/pkgconfig/saye_mppi.pc'
[1.210s] Level 1:colcon.colcon_core.environment:checking '/home/yiyi/ackermann_sim/install/saye_mppi/lib/python3.12/site-packages'
[1.211s] Level 1:colcon.colcon_core.shell:create_environment_hook('saye_mppi', 'pythonpath')
[1.211s] INFO:colcon.colcon_core.shell:Creating environment hook '/home/yiyi/ackermann_sim/install/saye_mppi/share/saye_mppi/hook/pythonpath.ps1'
[1.211s] INFO:colcon.colcon_core.shell:Creating environment descriptor '/home/yiyi/ackermann_sim/install/saye_mppi/share/saye_mppi/hook/pythonpath.dsv'
[1.212s] INFO:colcon.colcon_core.shell:Creating environment hook '/home/yiyi/ackermann_sim/install/saye_mppi/share/saye_mppi/hook/pythonpath.sh'
[1.212s] Level 1:colcon.colcon_core.environment:checking '/home/yiyi/ackermann_sim/install/saye_mppi/bin'
[1.213s] INFO:colcon.colcon_core.shell:Creating package script '/home/yiyi/ackermann_sim/install/saye_mppi/share/saye_mppi/package.ps1'
[1.213s] INFO:colcon.colcon_core.shell:Creating package descriptor '/home/yiyi/ackermann_sim/install/saye_mppi/share/saye_mppi/package.dsv'
[1.214s] INFO:colcon.colcon_core.shell:Creating package script '/home/yiyi/ackermann_sim/install/saye_mppi/share/saye_mppi/package.sh'
[1.214s] INFO:colcon.colcon_core.shell:Creating package script '/home/yiyi/ackermann_sim/install/saye_mppi/share/saye_mppi/package.bash'
[1.214s] INFO:colcon.colcon_core.shell:Creating package script '/home/yiyi/ackermann_sim/install/saye_mppi/share/saye_mppi/package.zsh'
[1.215s] Level 1:colcon.colcon_core.environment:create_file_with_runtime_dependencies(/home/yiyi/ackermann_sim/install/saye_mppi/share/colcon-core/packages/saye_mppi)
[1.215s] DEBUG:colcon.colcon_parallel_executor.executor.parallel:closing loop
[1.216s] DEBUG:colcon.colcon_parallel_executor.executor.parallel:loop closed
[1.216s] DEBUG:colcon.colcon_parallel_executor.executor.parallel:run_until_complete finished with '0'
[1.216s] DEBUG:colcon.colcon_core.event_reactor:joining thread
[1.351s] INFO:colcon.colcon_core.plugin_system:Skipping extension 'colcon_notification.desktop_notification.notify_send': Could not find 'notify-send'
[1.351s] INFO:colcon.colcon_core.plugin_system:Skipping extension 'colcon_notification.desktop_notification.terminal_notifier': Not used on non-Darwin systems
[1.351s] INFO:colcon.colcon_core.plugin_system:Skipping extension 'colcon_notification.desktop_notification.win32': Not used on non-Windows systems
[1.351s] INFO:colcon.colcon_notification.desktop_notification:Sending desktop notification using 'notify2'
[1.351s] DEBUG:colcon.colcon_notification.desktop_notification.notify2:Failed to initialize notify2: org.freedesktop.DBus.Error.AccessDenied: Failed to connect to socket /run/user/1000/bus: Operation not permitted
[1.351s] DEBUG:colcon.colcon_core.event_reactor:joined thread
[1.352s] INFO:colcon.colcon_core.shell:Creating prefix script '/home/yiyi/ackermann_sim/install/local_setup.ps1'
[1.353s] INFO:colcon.colcon_core.shell:Creating prefix util module '/home/yiyi/ackermann_sim/install/_local_setup_util_ps1.py'
[1.354s] INFO:colcon.colcon_core.shell:Creating prefix chain script '/home/yiyi/ackermann_sim/install/setup.ps1'
[1.355s] INFO:colcon.colcon_core.shell:Creating prefix script '/home/yiyi/ackermann_sim/install/local_setup.sh'
[1.356s] INFO:colcon.colcon_core.shell:Creating prefix util module '/home/yiyi/ackermann_sim/install/_local_setup_util_sh.py'
[1.356s] INFO:colcon.colcon_core.shell:Creating prefix chain script '/home/yiyi/ackermann_sim/install/setup.sh'
[1.358s] INFO:colcon.colcon_core.shell:Creating prefix script '/home/yiyi/ackermann_sim/install/local_setup.bash'
[1.358s] INFO:colcon.colcon_core.shell:Creating prefix chain script '/home/yiyi/ackermann_sim/install/setup.bash'
[1.359s] INFO:colcon.colcon_core.shell:Creating prefix script '/home/yiyi/ackermann_sim/install/local_setup.zsh'
[1.360s] INFO:colcon.colcon_core.shell:Creating prefix chain script '/home/yiyi/ackermann_sim/install/setup.zsh'
