[0.046s] Invoking command in '/home/yiyi/ackermann_sim/build/saye_mppi': CMAKE_PREFIX_PATH=${CMAKE_PREFIX_PATH}:/opt/ros/jazzy /usr/bin/cmake --build /home/yiyi/ackermann_sim/build/saye_mppi -- -j16 -l16
[0.187s] Built target ament_cmake_python_copy_saye_mppi_setup
[0.271s] Built target ament_cmake_python_copy_saye_mppi
[0.767s] running egg_info
[0.812s] writing saye_mppi.egg-info/PKG-INFO
[0.812s] writing dependency_links to saye_mppi.egg-info/dependency_links.txt
[0.813s] writing top-level names to saye_mppi.egg-info/top_level.txt
[0.941s] reading manifest file 'saye_mppi.egg-info/SOURCES.txt'
[0.943s] writing manifest file 'saye_mppi.egg-info/SOURCES.txt'
[1.049s] Built target ament_cmake_python_build_saye_mppi_egg
[1.079s] Invoked command in '/home/yiyi/ackermann_sim/build/saye_mppi' returned '0': CMAKE_PREFIX_PATH=${CMAKE_PREFIX_PATH}:/opt/ros/jazzy /usr/bin/cmake --build /home/yiyi/ackermann_sim/build/saye_mppi -- -j16 -l16
[1.101s] Invoking command in '/home/yiyi/ackermann_sim/build/saye_mppi': CMAKE_PREFIX_PATH=${CMAKE_PREFIX_PATH}:/opt/ros/jazzy /usr/bin/cmake --install /home/yiyi/ackermann_sim/build/saye_mppi
[1.121s] -- Install configuration: ""
[1.121s] -- Up-to-date: /home/yiyi/ackermann_sim/install/saye_mppi/share/saye_mppi/environment/pythonpath.sh
[1.122s] -- Up-to-date: /home/yiyi/ackermann_sim/install/saye_mppi/share/saye_mppi/environment/pythonpath.dsv
[1.122s] -- Up-to-date: /home/yiyi/ackermann_sim/install/saye_mppi/lib/python3.12/site-packages/saye_mppi-0.0.0-py3.12.egg-info
[1.122s] -- Installing: /home/yiyi/ackermann_sim/install/saye_mppi/lib/python3.12/site-packages/saye_mppi-0.0.0-py3.12.egg-info/PKG-INFO
[1.122s] -- Installing: /home/yiyi/ackermann_sim/install/saye_mppi/lib/python3.12/site-packages/saye_mppi-0.0.0-py3.12.egg-info/SOURCES.txt
[1.122s] -- Installing: /home/yiyi/ackermann_sim/install/saye_mppi/lib/python3.12/site-packages/saye_mppi-0.0.0-py3.12.egg-info/top_level.txt
[1.122s] -- Installing: /home/yiyi/ackermann_sim/install/saye_mppi/lib/python3.12/site-packages/saye_mppi-0.0.0-py3.12.egg-info/dependency_links.txt
[1.122s] -- Up-to-date: /home/yiyi/ackermann_sim/install/saye_mppi/lib/python3.12/site-packages/saye_mppi
[1.122s] -- Up-to-date: /home/yiyi/ackermann_sim/install/saye_mppi/lib/python3.12/site-packages/saye_mppi/__init__.py
[1.123s] -- Installing: /home/yiyi/ackermann_sim/install/saye_mppi/lib/python3.12/site-packages/saye_mppi/path_commander.py
[1.124s] -- Up-to-date: /home/yiyi/ackermann_sim/install/saye_mppi/lib/python3.12/site-packages/saye_mppi/moving_obstacles.py
[1.232s] Listing '/home/yiyi/ackermann_sim/install/saye_mppi/lib/python3.12/site-packages/saye_mppi'...
[1.232s] Compiling '/home/yiyi/ackermann_sim/install/saye_mppi/lib/python3.12/site-packages/saye_mppi/path_commander.py'...
[1.248s] -- Up-to-date: /home/yiyi/ackermann_sim/install/saye_mppi/share/saye_mppi/launch
[1.249s] -- Up-to-date: /home/yiyi/ackermann_sim/install/saye_mppi/share/saye_mppi/launch/mppi_navigation.launch.py
[1.249s] -- Up-to-date: /home/yiyi/ackermann_sim/install/saye_mppi/share/saye_mppi/launch/mppi_experiment.launch.py
[1.249s] -- Up-to-date: /home/yiyi/ackermann_sim/install/saye_mppi/share/saye_mppi/config
[1.249s] -- Up-to-date: /home/yiyi/ackermann_sim/install/saye_mppi/share/saye_mppi/config/mppi_nav2_params.yaml
[1.249s] -- Up-to-date: /home/yiyi/ackermann_sim/install/saye_mppi/share/saye_mppi/config/moving_obstacles.yaml
[1.250s] -- Up-to-date: /home/yiyi/ackermann_sim/install/saye_mppi/share/saye_mppi/config/path_commander.yaml
[1.250s] -- Up-to-date: /home/yiyi/ackermann_sim/install/saye_mppi/share/saye_mppi/worlds
[1.250s] -- Up-to-date: /home/yiyi/ackermann_sim/install/saye_mppi/share/saye_mppi/worlds/saye_mppi_world.sdf
[1.253s] -- Up-to-date: /home/yiyi/ackermann_sim/install/saye_mppi/lib/saye_mppi/straight_path_commander
[1.254s] -- Up-to-date: /home/yiyi/ackermann_sim/install/saye_mppi/lib/saye_mppi/moving_obstacles
[1.254s] -- Up-to-date: /home/yiyi/ackermann_sim/install/saye_mppi/share/ament_index/resource_index/package_run_dependencies/saye_mppi
[1.254s] -- Up-to-date: /home/yiyi/ackermann_sim/install/saye_mppi/share/ament_index/resource_index/parent_prefix_path/saye_mppi
[1.255s] -- Up-to-date: /home/yiyi/ackermann_sim/install/saye_mppi/share/saye_mppi/environment/ament_prefix_path.sh
[1.255s] -- Up-to-date: /home/yiyi/ackermann_sim/install/saye_mppi/share/saye_mppi/environment/ament_prefix_path.dsv
[1.255s] -- Up-to-date: /home/yiyi/ackermann_sim/install/saye_mppi/share/saye_mppi/environment/path.sh
[1.255s] -- Up-to-date: /home/yiyi/ackermann_sim/install/saye_mppi/share/saye_mppi/environment/path.dsv
[1.255s] -- Up-to-date: /home/yiyi/ackermann_sim/install/saye_mppi/share/saye_mppi/local_setup.bash
[1.255s] -- Up-to-date: /home/yiyi/ackermann_sim/install/saye_mppi/share/saye_mppi/local_setup.sh
[1.256s] -- Up-to-date: /home/yiyi/ackermann_sim/install/saye_mppi/share/saye_mppi/local_setup.zsh
[1.256s] -- Up-to-date: /home/yiyi/ackermann_sim/install/saye_mppi/share/saye_mppi/local_setup.dsv
[1.260s] -- Installing: /home/yiyi/ackermann_sim/install/saye_mppi/share/saye_mppi/package.dsv
[1.260s] -- Up-to-date: /home/yiyi/ackermann_sim/install/saye_mppi/share/ament_index/resource_index/packages/saye_mppi
[1.260s] -- Up-to-date: /home/yiyi/ackermann_sim/install/saye_mppi/share/saye_mppi/cmake/saye_mppiConfig.cmake
[1.260s] -- Up-to-date: /home/yiyi/ackermann_sim/install/saye_mppi/share/saye_mppi/cmake/saye_mppiConfig-version.cmake
[1.260s] -- Up-to-date: /home/yiyi/ackermann_sim/install/saye_mppi/share/saye_mppi/package.xml
[1.260s] Invoked command in '/home/yiyi/ackermann_sim/build/saye_mppi' returned '0': CMAKE_PREFIX_PATH=${CMAKE_PREFIX_PATH}:/opt/ros/jazzy /usr/bin/cmake --install /home/yiyi/ackermann_sim/build/saye_mppi
