[0.024s] Invoking command in '/home/yiyi/ackermann_sim/build/saye_description': CMAKE_PREFIX_PATH=${CMAKE_PREFIX_PATH}:/opt/ros/jazzy /usr/bin/cmake --build /home/yiyi/ackermann_sim/build/saye_description -- -j16 -l16
[0.270s] -- Found ament_cmake: 2.5.4 (/opt/ros/jazzy/share/ament_cmake/cmake)
[0.628s] -- Found ament_index_cpp: 1.8.1 (/opt/ros/jazzy/share/ament_index_cpp/cmake)
[0.631s] -- Looking for gz-plugin2 -- found version 2.0.4
[0.650s] -- Searching for dependencies of gz-plugin2
[0.652s] -- Looking for gz-utils2 -- found version 2.2.1
[0.652s] -- Searching for dependencies of gz-utils2
[0.653s] -- Searching for <gz-utils2> component [cli]
[0.655s] -- Looking for gz-utils2-cli -- found version 2.2.1
[0.655s] -- Searching for dependencies of gz-utils2-cli
[0.659s] -- Looking for gz-sim8 -- found version 8.9.0
[0.659s] -- Searching for dependencies of gz-sim8
[0.660s] -- Looking for sdformat14 -- found version 14.8.0
[0.661s] -- Searching for dependencies of sdformat14
[0.672s] -- Checking for module 'tinyxml2'
[0.716s] --   Found tinyxml2, version 10.0.0
[0.787s] -- Looking for gz-math7 -- found version 7.5.2
[0.787s] -- Searching for dependencies of gz-math7
[0.788s] -- Looking for gz-utils2 -- found version 2.2.1
[0.790s] -- Looking for gz-utils2 -- found version 2.2.1
[0.794s] -- Looking for gz-plugin2 -- found version 2.0.4
[0.794s] -- Searching for dependencies of gz-plugin2
[0.795s] -- Looking for gz-utils2 -- found version 2.2.1
[0.795s] -- Searching for <gz-plugin2> component [loader]
[0.796s] -- Looking for gz-plugin2-loader -- found version 2.0.4
[0.796s] -- Searching for dependencies of gz-plugin2-loader
[0.797s] -- Searching for <gz-plugin2> component [register]
[0.798s] -- Looking for gz-plugin2-register -- found version 2.0.4
[0.799s] -- Searching for dependencies of gz-plugin2-register
[0.801s] -- Looking for gz-transport13 -- found version 13.4.1
[0.801s] -- Searching for dependencies of gz-transport13
[6.840s] -- Config-file not installed for ZeroMQ -- checking for pkg-config
[6.849s] -- Checking for module 'libzmq >= 4'
[6.880s] --   Found libzmq, version 4.3.5
[6.987s] -- Checking for module 'uuid'
[7.018s] --   Found uuid, version 2.39.3
[7.088s] -- Looking for gz-utils2 -- found version 2.2.1
[7.090s] -- Looking for gz-msgs10 -- found version 10.3.2
[7.090s] -- Searching for dependencies of gz-msgs10
[10.062s] -- Looking for gz-utils2 -- found version 2.2.1
[10.063s] -- Looking for gz-math7 -- found version 7.5.2
[10.087s] -- Searching for <gz-transport13> component [log]
[10.088s] -- Looking for gz-transport13-log -- found version 13.4.1
[10.089s] -- Searching for dependencies of gz-transport13-log
[10.091s] -- Searching for <gz-transport13> component [parameters]
[10.093s] -- Looking for gz-transport13-parameters -- found version 13.4.1
[10.093s] -- Searching for dependencies of gz-transport13-parameters
[10.096s] -- Looking for gz-msgs10 -- found version 10.3.2
[10.098s] -- Looking for gz-common5 -- found version 5.7.1
[10.098s] -- Searching for dependencies of gz-common5
[10.099s] -- Looking for gz-utils2 -- found version 2.2.1
[10.100s] -- Looking for dlfcn.h - found
[10.100s] -- Looking for libdl - found
[10.116s] -- Searching for <gz-common5> component [av]
[10.119s] -- Looking for gz-common5-av -- found version 5.7.1
[10.119s] -- Searching for dependencies of gz-common5-av
[10.128s] -- Checking for module 'libswscale'
[10.162s] --   Found libswscale, version 7.5.100
[10.247s] -- Checking for module 'libavdevice >= 56.4.100'
[10.277s] --   Found libavdevice, version 60.3.100
[10.385s] -- Checking for module 'libavformat'
[10.415s] --   Found libavformat, version 60.16.100
[10.510s] -- Checking for module 'libavcodec'
[10.542s] --   Found libavcodec, version 60.31.102
[10.633s] -- Checking for module 'libavutil'
[10.664s] --   Found libavutil, version 58.29.100
[10.744s] -- Searching for <gz-common5> component [events]
[10.745s] -- Looking for gz-common5-events -- found version 5.7.1
[10.746s] -- Searching for dependencies of gz-common5-events
[10.746s] -- Looking for gz-math7 -- found version 7.5.2
[10.747s] -- Searching for <gz-common5> component [graphics]
[10.748s] -- Looking for gz-common5-graphics -- found version 5.7.1
[10.749s] -- Searching for dependencies of gz-common5-graphics
[10.749s] -- Looking for gz-math7 -- found version 7.5.2
[10.755s] -- Searching for <gz-common5> component [io]
[10.757s] -- Looking for gz-common5-io -- found version 5.7.1
[10.757s] -- Searching for dependencies of gz-common5-io
[10.758s] -- Searching for <gz-common5> component [profiler]
[10.760s] -- Looking for gz-common5-profiler -- found version 5.7.1
[10.760s] -- Searching for dependencies of gz-common5-profiler
[10.763s] -- Looking for gz-fuel_tools9 -- found version 9.1.1
[10.763s] -- Searching for dependencies of gz-fuel_tools9
[14.387s] -- Checking for module 'jsoncpp'
[14.422s] --   Found jsoncpp, version 1.9.5
[17.540s] -- Checking for module 'yaml-0.1'
[17.575s] --   Found yaml-0.1, version 0.2.5
[17.660s] -- Checking for module 'libzip'
[17.692s] --   Found libzip, version 1.7.3
[17.767s] -- Looking for gz-utils2 -- found version 2.2.1
[17.767s] -- Looking for gz-common5 -- found version 5.7.1
[17.768s] -- Searching for dependencies of gz-common5
[17.768s] -- Looking for gz-utils2 -- found version 2.2.1
[17.768s] -- Looking for dlfcn.h - found
[17.768s] -- Looking for libdl - found
[17.779s] -- Searching for <gz-common5> component [testing]
[17.781s] -- Looking for gz-common5-testing -- found version 5.7.1
[17.782s] -- Searching for dependencies of gz-common5-testing
[17.783s] -- Looking for gz-math7 -- found version 7.5.2
[17.784s] -- Looking for gz-msgs10 -- found version 10.3.2
[17.787s] -- Looking for gz-gui8 -- found version 8.4.0
[17.787s] -- Searching for dependencies of gz-gui8
[20.747s] -- Looking for gz-utils2 -- found version 2.2.1
[20.747s] -- Looking for gz-math7 -- found version 7.5.2
[20.748s] -- Looking for gz-common5 -- found version 5.7.1
[20.748s] -- Looking for gz-plugin2 -- found version 2.0.4
[20.749s] -- Looking for gz-transport13 -- found version 13.4.1
[20.754s] -- Looking for gz-rendering8 -- found version 8.2.2
[20.755s] -- Searching for dependencies of gz-rendering8
[20.755s] -- Looking for gz-math7 -- found version 7.5.2
[20.756s] -- Searching for dependencies of gz-math7
[20.756s] -- Looking for gz-utils2 -- found version 2.2.1
[20.756s] -- Searching for <gz-math7> component [eigen3]
[20.758s] -- Looking for gz-math7-eigen3 -- found version 7.5.2
[20.758s] -- Searching for dependencies of gz-math7-eigen3
[20.764s] -- Looking for gz-common5 -- found version 5.7.1
[20.764s] -- Searching for dependencies of gz-common5
[20.764s] -- Looking for gz-utils2 -- found version 2.2.1
[20.765s] -- Looking for dlfcn.h - found
[20.765s] -- Looking for libdl - found
[20.777s] -- Searching for <gz-common5> component [graphics]
[20.777s] -- Searching for <gz-common5> component [events]
[20.777s] -- Searching for <gz-common5> component [geospatial]
[20.780s] -- Looking for gz-common5-geospatial -- found version 5.7.1
[20.780s] -- Searching for dependencies of gz-common5-geospatial
[20.780s] -- Looking for gz-math7 -- found version 7.5.2
[20.781s] -- Looking for gz-common5 -- found version 5.7.1
[20.784s] -- Looking for gz-plugin2 -- found version 2.0.4
[20.785s] -- Searching for dependencies of gz-plugin2
[20.785s] -- Looking for gz-utils2 -- found version 2.2.1
[20.785s] -- Searching for <gz-plugin2> component [all]
[20.787s] -- Looking for all libraries of gz-plugin2 -- found version 2.0.4
[20.788s] -- Looking for gz-plugin2 -- found version 2.0.4
[20.790s] -- Looking for gz-utils2 -- found version 2.2.1
[20.957s] -- Looking for gz-msgs10 -- found version 10.3.2
[21.343s] -- Looking for gz-physics7 -- found version 7.5.0
[21.343s] -- Searching for dependencies of gz-physics7
[21.344s] -- Looking for gz-common5 -- found version 5.7.1
[21.344s] -- Looking for gz-math7 -- found version 7.5.2
[21.344s] -- Looking for gz-plugin2 -- found version 2.0.4
[21.345s] -- Looking for gz-utils2 -- found version 2.2.1
[21.349s] -- Searching for <gz-physics7> component [heightmap]
[21.351s] -- Looking for gz-physics7-heightmap -- found version 7.5.0
[21.351s] -- Searching for dependencies of gz-physics7-heightmap
[21.352s] -- Looking for gz-common5 -- found version 5.7.1
[21.353s] -- Searching for <gz-physics7> component [mesh]
[21.354s] -- Looking for gz-physics7-mesh -- found version 7.5.0
[21.354s] -- Searching for dependencies of gz-physics7-mesh
[21.355s] -- Looking for gz-common5 -- found version 5.7.1
[21.356s] -- Searching for <gz-physics7> component [sdf]
[21.357s] -- Looking for gz-physics7-sdf -- found version 7.5.0
[21.357s] -- Searching for dependencies of gz-physics7-sdf
[21.358s] -- Looking for sdformat14 -- found version 14.8.0
[21.361s] -- Looking for gz-sensors8 -- found version 8.2.2
[21.361s] -- Searching for dependencies of gz-sensors8
[24.340s] -- Looking for gz-math7 -- found version 7.5.2
[24.340s] -- Looking for gz-common5 -- found version 5.7.1
[24.341s] -- Looking for gz-transport13 -- found version 13.4.1
[24.341s] -- Looking for gz-rendering8 -- found version 8.2.2
[24.342s] -- Looking for gz-msgs10 -- found version 10.3.2
[24.342s] -- Looking for sdformat14 -- found version 14.8.0
[24.349s] -- Searching for <gz-sensors8> component [air_pressure]
[24.350s] -- Looking for gz-sensors8-air_pressure -- found version 8.2.2
[24.351s] -- Searching for dependencies of gz-sensors8-air_pressure
[24.353s] -- Searching for <gz-sensors8> component [air_speed]
[24.356s] -- Looking for gz-sensors8-air_speed -- found version 8.2.2
[24.356s] -- Searching for dependencies of gz-sensors8-air_speed
[24.357s] -- Searching for <gz-sensors8> component [altimeter]
[24.359s] -- Looking for gz-sensors8-altimeter -- found version 8.2.2
[24.360s] -- Searching for dependencies of gz-sensors8-altimeter
[24.362s] -- Searching for <gz-sensors8> component [imu]
[24.364s] -- Looking for gz-sensors8-imu -- found version 8.2.2
[24.364s] -- Searching for dependencies of gz-sensors8-imu
[24.366s] -- Searching for <gz-sensors8> component [force_torque]
[24.368s] -- Looking for gz-sensors8-force_torque -- found version 8.2.2
[24.368s] -- Searching for dependencies of gz-sensors8-force_torque
[24.371s] -- Searching for <gz-sensors8> component [logical_camera]
[24.373s] -- Looking for gz-sensors8-logical_camera -- found version 8.2.2
[24.373s] -- Searching for dependencies of gz-sensors8-logical_camera
[24.374s] -- Searching for <gz-sensors8> component [magnetometer]
[24.376s] -- Looking for gz-sensors8-magnetometer -- found version 8.2.2
[24.377s] -- Searching for dependencies of gz-sensors8-magnetometer
[24.378s] -- Searching for <gz-sensors8> component [navsat]
[24.380s] -- Looking for gz-sensors8-navsat -- found version 8.2.2
[24.381s] -- Searching for dependencies of gz-sensors8-navsat
[24.382s] -- Searching for <gz-sensors8> component [dvl]
[24.384s] -- Looking for gz-sensors8-dvl -- found version 8.2.2
[24.384s] -- Searching for dependencies of gz-sensors8-dvl
[24.385s] -- Looking for gz-sensors8 -- found version 8.2.2
[24.385s] -- Searching for dependencies of gz-sensors8
[27.345s] -- Looking for gz-math7 -- found version 7.5.2
[27.345s] -- Looking for gz-common5 -- found version 5.7.1
[27.346s] -- Looking for gz-transport13 -- found version 13.4.1
[27.346s] -- Looking for gz-rendering8 -- found version 8.2.2
[27.347s] -- Looking for gz-msgs10 -- found version 10.3.2
[27.347s] -- Looking for sdformat14 -- found version 14.8.0
[27.347s] -- Searching for <gz-sensors8> component [rendering]
[27.353s] -- Looking for gz-sensors8-rendering -- found version 8.2.2
[27.353s] -- Searching for dependencies of gz-sensors8-rendering
[27.358s] -- Searching for <gz-sensors8> component [rendering]
[27.358s] -- Searching for <gz-sensors8> component [lidar]
[27.360s] -- Looking for gz-sensors8-lidar -- found version 8.2.2
[27.360s] -- Searching for dependencies of gz-sensors8-lidar
[27.360s] -- Looking for gz-sensors8 -- found version 8.2.2
[27.362s] -- Searching for <gz-sensors8> component [gpu_lidar]
[27.364s] -- Looking for gz-sensors8-gpu_lidar -- found version 8.2.2
[27.364s] -- Searching for dependencies of gz-sensors8-gpu_lidar
[27.365s] -- Looking for gz-sensors8 -- found version 8.2.2
[27.367s] -- Searching for <gz-sensors8> component [camera]
[27.369s] -- Looking for gz-sensors8-camera -- found version 8.2.2
[27.369s] -- Searching for dependencies of gz-sensors8-camera
[27.369s] -- Looking for gz-sensors8 -- found version 8.2.2
[27.372s] -- Searching for <gz-sensors8> component [boundingbox_camera]
[27.374s] -- Looking for gz-sensors8-boundingbox_camera -- found version 8.2.2
[27.374s] -- Searching for dependencies of gz-sensors8-boundingbox_camera
[27.377s] -- Searching for <gz-sensors8> component [segmentation_camera]
[27.378s] -- Looking for gz-sensors8-segmentation_camera -- found version 8.2.2
[27.379s] -- Searching for dependencies of gz-sensors8-segmentation_camera
[27.380s] -- Searching for <gz-sensors8> component [depth_camera]
[27.382s] -- Looking for gz-sensors8-depth_camera -- found version 8.2.2
[27.383s] -- Searching for dependencies of gz-sensors8-depth_camera
[27.383s] -- Looking for gz-sensors8 -- found version 8.2.2
[27.385s] -- Searching for <gz-sensors8> component [rgbd_camera]
[27.387s] -- Looking for gz-sensors8-rgbd_camera -- found version 8.2.2
[27.388s] -- Searching for dependencies of gz-sensors8-rgbd_camera
[27.388s] -- Looking for gz-sensors8 -- found version 8.2.2
[27.390s] -- Searching for <gz-sensors8> component [thermal_camera]
[27.391s] -- Looking for gz-sensors8-thermal_camera -- found version 8.2.2
[27.392s] -- Searching for dependencies of gz-sensors8-thermal_camera
[27.392s] -- Looking for gz-sensors8 -- found version 8.2.2
[27.394s] -- Searching for <gz-sensors8> component [wide_angle_camera]
[27.396s] -- Looking for gz-sensors8-wide_angle_camera -- found version 8.2.2
[27.397s] -- Searching for dependencies of gz-sensors8-wide_angle_camera
[27.400s] -- Looking for gz-rendering8 -- found version 8.2.2
[27.400s] -- Looking for gz-math7 -- found version 7.5.2
[27.401s] -- Looking for gz-utils2 -- found version 2.2.1
[30.408s] -- Found robot_state_publisher: 3.3.3 (/opt/ros/jazzy/share/robot_state_publisher/cmake)
[30.623s] -- Found rosidl_generator_c: 4.6.6 (/opt/ros/jazzy/share/rosidl_generator_c/cmake)
[30.642s] -- Found rosidl_generator_cpp: 4.6.6 (/opt/ros/jazzy/share/rosidl_generator_cpp/cmake)
[30.669s] -- Using all available rosidl_typesupport_c: rosidl_typesupport_fastrtps_c;rosidl_typesupport_introspection_c
[30.700s] -- Using all available rosidl_typesupport_cpp: rosidl_typesupport_fastrtps_cpp;rosidl_typesupport_introspection_cpp
[30.839s] -- Found rmw_implementation_cmake: 7.3.2 (/opt/ros/jazzy/share/rmw_implementation_cmake/cmake)
[30.844s] -- Found rmw_fastrtps_cpp: 8.4.3 (/opt/ros/jazzy/share/rmw_fastrtps_cpp/cmake)
[31.604s] -- Using RMW implementation 'rmw_fastrtps_cpp' as default
[32.533s] -- Found xacro: 2.1.1 (/opt/ros/jazzy/share/xacro/cmake)
[32.537s] -- Looking for sdformat14 -- found version 14.8.0
[32.538s] -- Found ament_lint_auto: 0.17.3 (/opt/ros/jazzy/share/ament_lint_auto/cmake)
[32.897s] -- Added test 'cppcheck' to perform static code analysis on C / C++ code
[32.897s] -- Configured cppcheck include dirs: /home/yiyi/ackermann_sim/src/ackermann-vehicle-gzsim-ros2/saye_description/plugins/pedestrian_manager/include
[32.897s] -- Configured cppcheck exclude dirs and/or files: 
[32.899s] -- Added test 'flake8' to check Python code syntax and style conventions
[32.899s] -- Configured 'flake8' exclude dirs and/or files: 
[32.903s] -- Added test 'lint_cmake' to check CMake code style
[32.906s] -- Added test 'pep257' to check Python code against some of the docstring style conventions in PEP 257
[32.918s] -- Added test 'uncrustify' to check C / C++ code style
[32.918s] -- Configured uncrustify additional arguments: 
[32.920s] -- Added test 'xmllint' to check XML markup files
[32.922s] -- Configuring done (32.7s)
[32.976s] -- Generating done (0.0s)
[32.986s] -- Build files have been written to: /home/yiyi/ackermann_sim/build/saye_description
[33.074s] [ 33%] Generating dynamic corridor world with pedestrians from template
[33.121s] [100%] Built target pedestrian_manager_system
[33.190s] Loading configuration: /home/yiyi/ackermann_sim/src/ackermann-vehicle-gzsim-ros2/saye_description/config/pedestrians.yaml
[33.191s] Validating configuration...
[33.191s] Rendering template: /home/yiyi/ackermann_sim/src/ackermann-vehicle-gzsim-ros2/saye_description/worlds/templates/saye_dynamic_corridor.sdf.jinja2
[33.191s] ✓ Generated world file: /home/yiyi/ackermann_sim/src/ackermann-vehicle-gzsim-ros2/saye_description/worlds/saye_dynamic_corridor_generated.sdf
[33.191s]   - 2 pedestrian(s) configured
[33.191s] ✓ World generation completed successfully
[33.224s] [100%] Built target generate_worlds
[33.248s] Invoked command in '/home/yiyi/ackermann_sim/build/saye_description' returned '0': CMAKE_PREFIX_PATH=${CMAKE_PREFIX_PATH}:/opt/ros/jazzy /usr/bin/cmake --build /home/yiyi/ackermann_sim/build/saye_description -- -j16 -l16
[33.274s] Invoking command in '/home/yiyi/ackermann_sim/build/saye_description': CMAKE_PREFIX_PATH=${CMAKE_PREFIX_PATH}:/opt/ros/jazzy /usr/bin/cmake --install /home/yiyi/ackermann_sim/build/saye_description
[33.291s] -- Install configuration: ""
[33.291s] -- Up-to-date: /home/yiyi/ackermann_sim/install/saye_description/share/saye_description//models
[33.291s] -- Up-to-date: /home/yiyi/ackermann_sim/install/saye_description/share/saye_description//models/walking_actor
[33.292s] -- Up-to-date: /home/yiyi/ackermann_sim/install/saye_description/share/saye_description//models/walking_actor/thumbnails
[33.292s] -- Up-to-date: /home/yiyi/ackermann_sim/install/saye_description/share/saye_description//models/walking_actor/thumbnails/5.png
[33.293s] -- Up-to-date: /home/yiyi/ackermann_sim/install/saye_description/share/saye_description//models/walking_actor/thumbnails/1.png
[33.293s] -- Up-to-date: /home/yiyi/ackermann_sim/install/saye_description/share/saye_description//models/walking_actor/thumbnails/2.png
[33.293s] -- Up-to-date: /home/yiyi/ackermann_sim/install/saye_description/share/saye_description//models/walking_actor/thumbnails/4.png
[33.293s] -- Up-to-date: /home/yiyi/ackermann_sim/install/saye_description/share/saye_description//models/walking_actor/thumbnails/3.png
[33.294s] -- Up-to-date: /home/yiyi/ackermann_sim/install/saye_description/share/saye_description//models/walking_actor/model.config
[33.294s] -- Up-to-date: /home/yiyi/ackermann_sim/install/saye_description/share/saye_description//models/walking_actor/meshes
[33.294s] -- Up-to-date: /home/yiyi/ackermann_sim/install/saye_description/share/saye_description//models/walking_actor/meshes/walk.dae
[33.294s] -- Up-to-date: /home/yiyi/ackermann_sim/install/saye_description/share/saye_description//models/walking_actor/model.sdf
[33.294s] -- Up-to-date: /home/yiyi/ackermann_sim/install/saye_description/share/saye_description//models/saye
[33.295s] -- Up-to-date: /home/yiyi/ackermann_sim/install/saye_description/share/saye_description//models/saye/model.config
[33.295s] -- Up-to-date: /home/yiyi/ackermann_sim/install/saye_description/share/saye_description//models/saye/meshes
[33.295s] -- Up-to-date: /home/yiyi/ackermann_sim/install/saye_description/share/saye_description//models/saye/meshes/STL27L.dae
[33.295s] -- Up-to-date: /home/yiyi/ackermann_sim/install/saye_description/share/saye_description//models/saye/meshes/TopReduced.dae
[33.295s] -- Up-to-date: /home/yiyi/ackermann_sim/install/saye_description/share/saye_description//models/saye/meshes/sensor_rack_lowres_shallow_laser.dae
[33.296s] -- Up-to-date: /home/yiyi/ackermann_sim/install/saye_description/share/saye_description//models/saye/meshes/Wheel.dae
[33.296s] -- Up-to-date: /home/yiyi/ackermann_sim/install/saye_description/share/saye_description//models/saye/meshes/BaseReduced.dae
[33.296s] -- Up-to-date: /home/yiyi/ackermann_sim/install/saye_description/share/saye_description//models/saye/meshes/sensor_rack_support_lowres.dae
[33.296s] -- Up-to-date: /home/yiyi/ackermann_sim/install/saye_description/share/saye_description//models/saye/model.sdf
[33.296s] -- Up-to-date: /home/yiyi/ackermann_sim/install/saye_description/share/saye_description//models/saye/model_2d_lidar.sdf
[33.296s] -- Up-to-date: /home/yiyi/ackermann_sim/install/saye_description/share/saye_description//worlds
[33.297s] -- Installing: /home/yiyi/ackermann_sim/install/saye_description/share/saye_description//worlds/saye_dynamic_corridor_generated.sdf
[33.297s] -- Installing: /home/yiyi/ackermann_sim/install/saye_description/share/saye_description//worlds/templates
[33.297s] -- Installing: /home/yiyi/ackermann_sim/install/saye_description/share/saye_description//worlds/templates/saye_dynamic_corridor.sdf.jinja2
[33.297s] -- Up-to-date: /home/yiyi/ackermann_sim/install/saye_description/share/saye_description//worlds/saye_dynamic_corridor.sdf
[33.297s] -- Up-to-date: /home/yiyi/ackermann_sim/install/saye_description/share/saye_description//worlds/saye_world.sdf
[33.298s] -- Up-to-date: /home/yiyi/ackermann_sim/install/saye_description/share/saye_description//worlds/saye_dynamic_corridor_plugin.sdf
[33.298s] -- Up-to-date: /home/yiyi/ackermann_sim/install/saye_description/share/saye_description//worlds/saye_long_corridor.sdf
[33.298s] -- Up-to-date: /home/yiyi/ackermann_sim/install/saye_description/share/saye_description//worlds/warehouse
[33.298s] -- Up-to-date: /home/yiyi/ackermann_sim/install/saye_description/share/saye_description//worlds/warehouse/thumbnails
[33.298s] -- Up-to-date: /home/yiyi/ackermann_sim/install/saye_description/share/saye_description//worlds/warehouse/thumbnails/1.png
[33.298s] -- Up-to-date: /home/yiyi/ackermann_sim/install/saye_description/share/saye_description//worlds/warehouse/thumbnails/2.png
[33.298s] -- Up-to-date: /home/yiyi/ackermann_sim/install/saye_description/share/saye_description//worlds/warehouse/thumbnails/4.png
[33.298s] -- Up-to-date: /home/yiyi/ackermann_sim/install/saye_description/share/saye_description//worlds/warehouse/thumbnails/3.png
[33.298s] -- Up-to-date: /home/yiyi/ackermann_sim/install/saye_description/share/saye_description//worlds/warehouse/model.config
[33.298s] -- Up-to-date: /home/yiyi/ackermann_sim/install/saye_description/share/saye_description//worlds/warehouse/meshes
[33.298s] -- Up-to-date: /home/yiyi/ackermann_sim/install/saye_description/share/saye_description//worlds/warehouse/meshes/Tape001_1K_Color.png
[33.299s] -- Up-to-date: /home/yiyi/ackermann_sim/install/saye_description/share/saye_description//worlds/warehouse/meshes/Rough_Square_Concrete_Block.jpg
[33.299s] -- Up-to-date: /home/yiyi/ackermann_sim/install/saye_description/share/saye_description//worlds/warehouse/meshes/Asphalt010_1K_Color.jpg
[33.299s] -- Up-to-date: /home/yiyi/ackermann_sim/install/saye_description/share/saye_description//worlds/warehouse/meshes/ground.png
[33.299s] -- Up-to-date: /home/yiyi/ackermann_sim/install/saye_description/share/saye_description//worlds/warehouse/meshes/Terrazzo005_1K_Color.jpg
[33.299s] -- Up-to-date: /home/yiyi/ackermann_sim/install/saye_description/share/saye_description//worlds/warehouse/meshes/warehouse.dae
[33.300s] -- Up-to-date: /home/yiyi/ackermann_sim/install/saye_description/share/saye_description//worlds/warehouse/meshes/warehouse_colision.stl
[33.300s] -- Up-to-date: /home/yiyi/ackermann_sim/install/saye_description/share/saye_description//worlds/warehouse/model.sdf
[33.300s] -- Up-to-date: /home/yiyi/ackermann_sim/install/saye_description/share/saye_description//hooks
[33.300s] -- Up-to-date: /home/yiyi/ackermann_sim/install/saye_description/share/saye_description//hooks/ros_gz_example_description.dsv.in
[33.300s] -- Up-to-date: /home/yiyi/ackermann_sim/install/saye_description/share/saye_description//hooks/ros_gz_example_description.sh.in
[33.300s] -- Up-to-date: /home/yiyi/ackermann_sim/install/saye_description/lib/libpedestrian_manager_system.so
[33.301s] -- Up-to-date: /home/yiyi/ackermann_sim/install/saye_description/share/saye_description/config
[33.301s] -- Up-to-date: /home/yiyi/ackermann_sim/install/saye_description/share/saye_description/config/pedestrian_actors_plugin.yaml
[33.301s] -- Up-to-date: /home/yiyi/ackermann_sim/install/saye_description/share/saye_description/environment/ros_gz_example_description.sh
[33.301s] -- Up-to-date: /home/yiyi/ackermann_sim/install/saye_description/share/saye_description/environment/ros_gz_example_description.dsv
[33.301s] -- Installing: /home/yiyi/ackermann_sim/install/saye_description/share/ament_index/resource_index/package_run_dependencies/saye_description
[33.301s] -- Up-to-date: /home/yiyi/ackermann_sim/install/saye_description/share/ament_index/resource_index/parent_prefix_path/saye_description
[33.301s] -- Up-to-date: /home/yiyi/ackermann_sim/install/saye_description/share/saye_description/environment/ament_prefix_path.sh
[33.302s] -- Up-to-date: /home/yiyi/ackermann_sim/install/saye_description/share/saye_description/environment/ament_prefix_path.dsv
[33.302s] -- Up-to-date: /home/yiyi/ackermann_sim/install/saye_description/share/saye_description/environment/path.sh
[33.302s] -- Up-to-date: /home/yiyi/ackermann_sim/install/saye_description/share/saye_description/environment/path.dsv
[33.302s] -- Up-to-date: /home/yiyi/ackermann_sim/install/saye_description/share/saye_description/local_setup.bash
[33.302s] -- Up-to-date: /home/yiyi/ackermann_sim/install/saye_description/share/saye_description/local_setup.sh
[33.302s] -- Up-to-date: /home/yiyi/ackermann_sim/install/saye_description/share/saye_description/local_setup.zsh
[33.302s] -- Up-to-date: /home/yiyi/ackermann_sim/install/saye_description/share/saye_description/local_setup.dsv
[33.302s] -- Installing: /home/yiyi/ackermann_sim/install/saye_description/share/saye_description/package.dsv
[33.302s] -- Up-to-date: /home/yiyi/ackermann_sim/install/saye_description/share/ament_index/resource_index/packages/saye_description
[33.302s] -- Up-to-date: /home/yiyi/ackermann_sim/install/saye_description/share/saye_description/cmake/saye_descriptionConfig.cmake
[33.302s] -- Up-to-date: /home/yiyi/ackermann_sim/install/saye_description/share/saye_description/cmake/saye_descriptionConfig-version.cmake
[33.302s] -- Installing: /home/yiyi/ackermann_sim/install/saye_description/share/saye_description/package.xml
[33.305s] Invoked command in '/home/yiyi/ackermann_sim/build/saye_description' returned '0': CMAKE_PREFIX_PATH=${CMAKE_PREFIX_PATH}:/opt/ros/jazzy /usr/bin/cmake --install /home/yiyi/ackermann_sim/build/saye_description
