[0.030s] Invoking command in '/home/yiyi/ackermann_sim/build/saye_mppi': CMAKE_PREFIX_PATH=${CMAKE_PREFIX_PATH}:/opt/ros/jazzy /usr/bin/cmake --build /home/yiyi/ackermann_sim/build/saye_mppi -- -j16 -l16
[0.163s] Built target ament_cmake_python_copy_saye_mppi
[0.163s] Built target ament_cmake_python_copy_saye_mppi_setup
[0.657s] running egg_info
[0.716s] writing saye_mppi.egg-info/PKG-INFO
[0.717s] writing dependency_links to saye_mppi.egg-info/dependency_links.txt
[0.717s] writing top-level names to saye_mppi.egg-info/top_level.txt
[0.880s] reading manifest file 'saye_mppi.egg-info/SOURCES.txt'
[0.880s] writing manifest file 'saye_mppi.egg-info/SOURCES.txt'
[0.991s] Built target ament_cmake_python_build_saye_mppi_egg
[1.027s] Invoked command in '/home/yiyi/ackermann_sim/build/saye_mppi' returned '0': CMAKE_PREFIX_PATH=${CMAKE_PREFIX_PATH}:/opt/ros/jazzy /usr/bin/cmake --build /home/yiyi/ackermann_sim/build/saye_mppi -- -j16 -l16
[1.060s] Invoking command in '/home/yiyi/ackermann_sim/build/saye_mppi': CMAKE_PREFIX_PATH=${CMAKE_PREFIX_PATH}:/opt/ros/jazzy /usr/bin/cmake --install /home/yiyi/ackermann_sim/build/saye_mppi
[1.081s] -- Install configuration: ""
[1.081s] -- Up-to-date: /home/yiyi/ackermann_sim/install/saye_mppi/share/saye_mppi/environment/pythonpath.sh
[1.082s] -- Up-to-date: /home/yiyi/ackermann_sim/install/saye_mppi/share/saye_mppi/environment/pythonpath.dsv
[1.082s] -- Up-to-date: /home/yiyi/ackermann_sim/install/saye_mppi/lib/python3.12/site-packages/saye_mppi-0.0.0-py3.12.egg-info
[1.082s] -- Installing: /home/yiyi/ackermann_sim/install/saye_mppi/lib/python3.12/site-packages/saye_mppi-0.0.0-py3.12.egg-info/PKG-INFO
[1.090s] -- Installing: /home/yiyi/ackermann_sim/install/saye_mppi/lib/python3.12/site-packages/saye_mppi-0.0.0-py3.12.egg-info/SOURCES.txt
[1.091s] -- Installing: /home/yiyi/ackermann_sim/install/saye_mppi/lib/python3.12/site-packages/saye_mppi-0.0.0-py3.12.egg-info/top_level.txt
[1.091s] -- Installing: /home/yiyi/ackermann_sim/install/saye_mppi/lib/python3.12/site-packages/saye_mppi-0.0.0-py3.12.egg-info/dependency_links.txt
[1.091s] -- Up-to-date: /home/yiyi/ackermann_sim/install/saye_mppi/lib/python3.12/site-packages/saye_mppi
[1.091s] -- Up-to-date: /home/yiyi/ackermann_sim/install/saye_mppi/lib/python3.12/site-packages/saye_mppi/__init__.py
[1.091s] -- Installing: /home/yiyi/ackermann_sim/install/saye_mppi/lib/python3.12/site-packages/saye_mppi/path_commander.py
[1.091s] -- Installing: /home/yiyi/ackermann_sim/install/saye_mppi/lib/python3.12/site-packages/saye_mppi/moving_obstacles.py
[1.188s] Listing '/home/yiyi/ackermann_sim/install/saye_mppi/lib/python3.12/site-packages/saye_mppi'...
[1.188s] Compiling '/home/yiyi/ackermann_sim/install/saye_mppi/lib/python3.12/site-packages/saye_mppi/moving_obstacles.py'...
[1.188s] Compiling '/home/yiyi/ackermann_sim/install/saye_mppi/lib/python3.12/site-packages/saye_mppi/path_commander.py'...
[1.204s] -- Up-to-date: /home/yiyi/ackermann_sim/install/saye_mppi/share/saye_mppi/launch
[1.204s] -- Up-to-date: /home/yiyi/ackermann_sim/install/saye_mppi/share/saye_mppi/launch/mppi_experiment.launch.py
[1.204s] -- Up-to-date: /home/yiyi/ackermann_sim/install/saye_mppi/share/saye_mppi/config
[1.204s] -- Up-to-date: /home/yiyi/ackermann_sim/install/saye_mppi/share/saye_mppi/config/mppi_nav2_params.yaml
[1.205s] -- Up-to-date: /home/yiyi/ackermann_sim/install/saye_mppi/share/saye_mppi/config/moving_obstacles.yaml
[1.206s] -- Up-to-date: /home/yiyi/ackermann_sim/install/saye_mppi/share/saye_mppi/config/path_commander.yaml
[1.206s] -- Up-to-date: /home/yiyi/ackermann_sim/install/saye_mppi/share/saye_mppi/worlds
[1.206s] -- Up-to-date: /home/yiyi/ackermann_sim/install/saye_mppi/share/saye_mppi/worlds/saye_mppi_world.sdf
[1.206s] -- Up-to-date: /home/yiyi/ackermann_sim/install/saye_mppi/lib/saye_mppi/straight_path_commander
[1.207s] -- Up-to-date: /home/yiyi/ackermann_sim/install/saye_mppi/lib/saye_mppi/moving_obstacles
[1.207s] -- Up-to-date: /home/yiyi/ackermann_sim/install/saye_mppi/share/ament_index/resource_index/package_run_dependencies/saye_mppi
[1.207s] -- Up-to-date: /home/yiyi/ackermann_sim/install/saye_mppi/share/ament_index/resource_index/parent_prefix_path/saye_mppi
[1.207s] -- Up-to-date: /home/yiyi/ackermann_sim/install/saye_mppi/share/saye_mppi/environment/ament_prefix_path.sh
[1.207s] -- Up-to-date: /home/yiyi/ackermann_sim/install/saye_mppi/share/saye_mppi/environment/ament_prefix_path.dsv
[1.207s] -- Up-to-date: /home/yiyi/ackermann_sim/install/saye_mppi/share/saye_mppi/environment/path.sh
[1.207s] -- Up-to-date: /home/yiyi/ackermann_sim/install/saye_mppi/share/saye_mppi/environment/path.dsv
[1.207s] -- Up-to-date: /home/yiyi/ackermann_sim/install/saye_mppi/share/saye_mppi/local_setup.bash
[1.208s] -- Up-to-date: /home/yiyi/ackermann_sim/install/saye_mppi/share/saye_mppi/local_setup.sh
[1.208s] -- Up-to-date: /home/yiyi/ackermann_sim/install/saye_mppi/share/saye_mppi/local_setup.zsh
[1.208s] -- Up-to-date: /home/yiyi/ackermann_sim/install/saye_mppi/share/saye_mppi/local_setup.dsv
[1.208s] -- Installing: /home/yiyi/ackermann_sim/install/saye_mppi/share/saye_mppi/package.dsv
[1.208s] -- Up-to-date: /home/yiyi/ackermann_sim/install/saye_mppi/share/ament_index/resource_index/packages/saye_mppi
[1.208s] -- Up-to-date: /home/yiyi/ackermann_sim/install/saye_mppi/share/saye_mppi/cmake/saye_mppiConfig.cmake
[1.208s] -- Up-to-date: /home/yiyi/ackermann_sim/install/saye_mppi/share/saye_mppi/cmake/saye_mppiConfig-version.cmake
[1.208s] -- Up-to-date: /home/yiyi/ackermann_sim/install/saye_mppi/share/saye_mppi/package.xml
[1.212s] Invoked command in '/home/yiyi/ackermann_sim/build/saye_mppi' returned '0': CMAKE_PREFIX_PATH=${CMAKE_PREFIX_PATH}:/opt/ros/jazzy /usr/bin/cmake --install /home/yiyi/ackermann_sim/build/saye_mppi
