[0.401s] DEBUG:colcon:Command line arguments: ['/usr/bin/colcon', 'build', '--packages-select', 'saye_bringup']
[0.402s] DEBUG:colcon:Parsed command line arguments: Namespace(log_base=None, log_level=None, verb_name='build', build_base='build', install_base='install', merge_install=False, symlink_install=False, test_result_base=None, continue_on_error=False, executor='parallel', parallel_workers=16, event_handlers=None, ignore_user_meta=False, metas=['./colcon.meta'], base_paths=['.'], packages_ignore=None, packages_ignore_regex=None, paths=None, packages_up_to=None, packages_up_to_regex=None, packages_above=None, packages_above_and_dependencies=None, packages_above_depth=None, packages_select_by_dep=None, packages_skip_by_dep=None, packages_skip_up_to=None, packages_select_build_failed=False, packages_skip_build_finished=False, packages_select_test_failures=False, packages_skip_test_passed=False, packages_select=['saye_bringup'], packages_skip=None, packages_select_regex=None, packages_skip_regex=None, packages_start=None, packages_end=None, allow_overriding=[], cmake_args=None, cmake_target=None, cmake_target_skip_unavailable=False, cmake_clean_cache=False, cmake_clean_first=False, cmake_force_configure=False, ament_cmake_args=None, catkin_cmake_args=None, catkin_skip_building_tests=False, verb_parser=<colcon_defaults.argument_parser.defaults.DefaultArgumentsDecorator object at 0x70e149403c80>, verb_extension=<colcon_core.verb.build.BuildVerb object at 0x70e149b99190>, main=<bound method BuildVerb.main of <colcon_core.verb.build.BuildVerb object at 0x70e149b99190>>)
[0.457s] Level 1:colcon.colcon_core.package_discovery:discover_packages(colcon_meta) check parameters
[0.457s] Level 1:colcon.colcon_core.package_discovery:discover_packages(recursive) check parameters
[0.457s] Level 1:colcon.colcon_core.package_discovery:discover_packages(ignore) check parameters
[0.457s] Level 1:colcon.colcon_core.package_discovery:discover_packages(path) check parameters
[0.457s] Level 1:colcon.colcon_core.package_discovery:discover_packages(colcon_meta) discover
[0.458s] Level 1:colcon.colcon_core.package_discovery:discover_packages(recursive) discover
[0.458s] INFO:colcon.colcon_core.package_discovery:Crawling recursively for packages in '/home/yiyi/ackermann_sim'
[0.458s] Level 1:colcon.colcon_core.package_identification:_identify(.) by extensions ['ignore', 'ignore_ament_install']
[0.458s] Level 1:colcon.colcon_core.package_identification:_identify(.) by extension 'ignore'
[0.458s] Level 1:colcon.colcon_core.package_identification:_identify(.) by extension 'ignore_ament_install'
[0.458s] Level 1:colcon.colcon_core.package_identification:_identify(.) by extensions ['colcon_pkg']
[0.458s] Level 1:colcon.colcon_core.package_identification:_identify(.) by extension 'colcon_pkg'
[0.458s] Level 1:colcon.colcon_core.package_identification:_identify(.) by extensions ['colcon_meta']
[0.458s] Level 1:colcon.colcon_core.package_identification:_identify(.) by extension 'colcon_meta'
[0.458s] Level 1:colcon.colcon_core.package_identification:_identify(.) by extensions ['ros']
[0.458s] Level 1:colcon.colcon_core.package_identification:_identify(.) by extension 'ros'
[0.489s] Level 1:colcon.colcon_core.package_identification:_identify(.) by extensions ['cmake', 'python']
[0.489s] Level 1:colcon.colcon_core.package_identification:_identify(.) by extension 'cmake'
[0.489s] Level 1:colcon.colcon_core.package_identification:_identify(.) by extension 'python'
[0.489s] Level 1:colcon.colcon_core.package_identification:_identify(.) by extensions ['python_setup_py']
[0.489s] Level 1:colcon.colcon_core.package_identification:_identify(.) by extension 'python_setup_py'
[0.489s] Level 1:colcon.colcon_core.package_identification:_identify(build) by extensions ['ignore', 'ignore_ament_install']
[0.489s] Level 1:colcon.colcon_core.package_identification:_identify(build) by extension 'ignore'
[0.489s] Level 1:colcon.colcon_core.package_identification:_identify(build) ignored
[0.490s] Level 1:colcon.colcon_core.package_identification:_identify(install) by extensions ['ignore', 'ignore_ament_install']
[0.490s] Level 1:colcon.colcon_core.package_identification:_identify(install) by extension 'ignore'
[0.490s] Level 1:colcon.colcon_core.package_identification:_identify(install) ignored
[0.490s] Level 1:colcon.colcon_core.package_identification:_identify(log) by extensions ['ignore', 'ignore_ament_install']
[0.490s] Level 1:colcon.colcon_core.package_identification:_identify(log) by extension 'ignore'
[0.490s] Level 1:colcon.colcon_core.package_identification:_identify(log) ignored
[0.490s] Level 1:colcon.colcon_core.package_identification:_identify(ros_logs) by extensions ['ignore', 'ignore_ament_install']
[0.491s] Level 1:colcon.colcon_core.package_identification:_identify(ros_logs) by extension 'ignore'
[0.491s] Level 1:colcon.colcon_core.package_identification:_identify(ros_logs) by extension 'ignore_ament_install'
[0.491s] Level 1:colcon.colcon_core.package_identification:_identify(ros_logs) by extensions ['colcon_pkg']
[0.491s] Level 1:colcon.colcon_core.package_identification:_identify(ros_logs) by extension 'colcon_pkg'
[0.491s] Level 1:colcon.colcon_core.package_identification:_identify(ros_logs) by extensions ['colcon_meta']
[0.491s] Level 1:colcon.colcon_core.package_identification:_identify(ros_logs) by extension 'colcon_meta'
[0.491s] Level 1:colcon.colcon_core.package_identification:_identify(ros_logs) by extensions ['ros']
[0.491s] Level 1:colcon.colcon_core.package_identification:_identify(ros_logs) by extension 'ros'
[0.491s] Level 1:colcon.colcon_core.package_identification:_identify(ros_logs) by extensions ['cmake', 'python']
[0.491s] Level 1:colcon.colcon_core.package_identification:_identify(ros_logs) by extension 'cmake'
[0.491s] Level 1:colcon.colcon_core.package_identification:_identify(ros_logs) by extension 'python'
[0.491s] Level 1:colcon.colcon_core.package_identification:_identify(ros_logs) by extensions ['python_setup_py']
[0.491s] Level 1:colcon.colcon_core.package_identification:_identify(ros_logs) by extension 'python_setup_py'
[0.491s] Level 1:colcon.colcon_core.package_identification:_identify(ros_logs/2025-10-24-11-44-08-209871-yiyi-67974) by extensions ['ignore', 'ignore_ament_install']
[0.491s] Level 1:colcon.colcon_core.package_identification:_identify(ros_logs/2025-10-24-11-44-08-209871-yiyi-67974) by extension 'ignore'
[0.491s] Level 1:colcon.colcon_core.package_identification:_identify(ros_logs/2025-10-24-11-44-08-209871-yiyi-67974) by extension 'ignore_ament_install'
[0.491s] Level 1:colcon.colcon_core.package_identification:_identify(ros_logs/2025-10-24-11-44-08-209871-yiyi-67974) by extensions ['colcon_pkg']
[0.491s] Level 1:colcon.colcon_core.package_identification:_identify(ros_logs/2025-10-24-11-44-08-209871-yiyi-67974) by extension 'colcon_pkg'
[0.491s] Level 1:colcon.colcon_core.package_identification:_identify(ros_logs/2025-10-24-11-44-08-209871-yiyi-67974) by extensions ['colcon_meta']
[0.492s] Level 1:colcon.colcon_core.package_identification:_identify(ros_logs/2025-10-24-11-44-08-209871-yiyi-67974) by extension 'colcon_meta'
[0.492s] Level 1:colcon.colcon_core.package_identification:_identify(ros_logs/2025-10-24-11-44-08-209871-yiyi-67974) by extensions ['ros']
[0.492s] Level 1:colcon.colcon_core.package_identification:_identify(ros_logs/2025-10-24-11-44-08-209871-yiyi-67974) by extension 'ros'
[0.492s] Level 1:colcon.colcon_core.package_identification:_identify(ros_logs/2025-10-24-11-44-08-209871-yiyi-67974) by extensions ['cmake', 'python']
[0.492s] Level 1:colcon.colcon_core.package_identification:_identify(ros_logs/2025-10-24-11-44-08-209871-yiyi-67974) by extension 'cmake'
[0.492s] Level 1:colcon.colcon_core.package_identification:_identify(ros_logs/2025-10-24-11-44-08-209871-yiyi-67974) by extension 'python'
[0.492s] Level 1:colcon.colcon_core.package_identification:_identify(ros_logs/2025-10-24-11-44-08-209871-yiyi-67974) by extensions ['python_setup_py']
[0.492s] Level 1:colcon.colcon_core.package_identification:_identify(ros_logs/2025-10-24-11-44-08-209871-yiyi-67974) by extension 'python_setup_py'
[0.492s] Level 1:colcon.colcon_core.package_identification:_identify(ros_logs/2025-10-24-14-59-23-245801-yiyi-3597) by extensions ['ignore', 'ignore_ament_install']
[0.492s] Level 1:colcon.colcon_core.package_identification:_identify(ros_logs/2025-10-24-14-59-23-245801-yiyi-3597) by extension 'ignore'
[0.492s] Level 1:colcon.colcon_core.package_identification:_identify(ros_logs/2025-10-24-14-59-23-245801-yiyi-3597) by extension 'ignore_ament_install'
[0.492s] Level 1:colcon.colcon_core.package_identification:_identify(ros_logs/2025-10-24-14-59-23-245801-yiyi-3597) by extensions ['colcon_pkg']
[0.492s] Level 1:colcon.colcon_core.package_identification:_identify(ros_logs/2025-10-24-14-59-23-245801-yiyi-3597) by extension 'colcon_pkg'
[0.492s] Level 1:colcon.colcon_core.package_identification:_identify(ros_logs/2025-10-24-14-59-23-245801-yiyi-3597) by extensions ['colcon_meta']
[0.492s] Level 1:colcon.colcon_core.package_identification:_identify(ros_logs/2025-10-24-14-59-23-245801-yiyi-3597) by extension 'colcon_meta'
[0.492s] Level 1:colcon.colcon_core.package_identification:_identify(ros_logs/2025-10-24-14-59-23-245801-yiyi-3597) by extensions ['ros']
[0.492s] Level 1:colcon.colcon_core.package_identification:_identify(ros_logs/2025-10-24-14-59-23-245801-yiyi-3597) by extension 'ros'
[0.492s] Level 1:colcon.colcon_core.package_identification:_identify(ros_logs/2025-10-24-14-59-23-245801-yiyi-3597) by extensions ['cmake', 'python']
[0.492s] Level 1:colcon.colcon_core.package_identification:_identify(ros_logs/2025-10-24-14-59-23-245801-yiyi-3597) by extension 'cmake'
[0.493s] Level 1:colcon.colcon_core.package_identification:_identify(ros_logs/2025-10-24-14-59-23-245801-yiyi-3597) by extension 'python'
[0.493s] Level 1:colcon.colcon_core.package_identification:_identify(ros_logs/2025-10-24-14-59-23-245801-yiyi-3597) by extensions ['python_setup_py']
[0.493s] Level 1:colcon.colcon_core.package_identification:_identify(ros_logs/2025-10-24-14-59-23-245801-yiyi-3597) by extension 'python_setup_py'
[0.493s] Level 1:colcon.colcon_core.package_identification:_identify(ros_logs/2025-10-24-18-10-36-096974-yiyi-139307) by extensions ['ignore', 'ignore_ament_install']
[0.493s] Level 1:colcon.colcon_core.package_identification:_identify(ros_logs/2025-10-24-18-10-36-096974-yiyi-139307) by extension 'ignore'
[0.493s] Level 1:colcon.colcon_core.package_identification:_identify(ros_logs/2025-10-24-18-10-36-096974-yiyi-139307) by extension 'ignore_ament_install'
[0.493s] Level 1:colcon.colcon_core.package_identification:_identify(ros_logs/2025-10-24-18-10-36-096974-yiyi-139307) by extensions ['colcon_pkg']
[0.493s] Level 1:colcon.colcon_core.package_identification:_identify(ros_logs/2025-10-24-18-10-36-096974-yiyi-139307) by extension 'colcon_pkg'
[0.493s] Level 1:colcon.colcon_core.package_identification:_identify(ros_logs/2025-10-24-18-10-36-096974-yiyi-139307) by extensions ['colcon_meta']
[0.493s] Level 1:colcon.colcon_core.package_identification:_identify(ros_logs/2025-10-24-18-10-36-096974-yiyi-139307) by extension 'colcon_meta'
[0.493s] Level 1:colcon.colcon_core.package_identification:_identify(ros_logs/2025-10-24-18-10-36-096974-yiyi-139307) by extensions ['ros']
[0.493s] Level 1:colcon.colcon_core.package_identification:_identify(ros_logs/2025-10-24-18-10-36-096974-yiyi-139307) by extension 'ros'
[0.493s] Level 1:colcon.colcon_core.package_identification:_identify(ros_logs/2025-10-24-18-10-36-096974-yiyi-139307) by extensions ['cmake', 'python']
[0.493s] Level 1:colcon.colcon_core.package_identification:_identify(ros_logs/2025-10-24-18-10-36-096974-yiyi-139307) by extension 'cmake'
[0.493s] Level 1:colcon.colcon_core.package_identification:_identify(ros_logs/2025-10-24-18-10-36-096974-yiyi-139307) by extension 'python'
[0.493s] Level 1:colcon.colcon_core.package_identification:_identify(ros_logs/2025-10-24-18-10-36-096974-yiyi-139307) by extensions ['python_setup_py']
[0.493s] Level 1:colcon.colcon_core.package_identification:_identify(ros_logs/2025-10-24-18-10-36-096974-yiyi-139307) by extension 'python_setup_py'
[0.493s] Level 1:colcon.colcon_core.package_identification:_identify(ros_logs/2025-10-24-18-17-33-103458-yiyi-144431) by extensions ['ignore', 'ignore_ament_install']
[0.494s] Level 1:colcon.colcon_core.package_identification:_identify(ros_logs/2025-10-24-18-17-33-103458-yiyi-144431) by extension 'ignore'
[0.494s] Level 1:colcon.colcon_core.package_identification:_identify(ros_logs/2025-10-24-18-17-33-103458-yiyi-144431) by extension 'ignore_ament_install'
[0.494s] Level 1:colcon.colcon_core.package_identification:_identify(ros_logs/2025-10-24-18-17-33-103458-yiyi-144431) by extensions ['colcon_pkg']
[0.494s] Level 1:colcon.colcon_core.package_identification:_identify(ros_logs/2025-10-24-18-17-33-103458-yiyi-144431) by extension 'colcon_pkg'
[0.494s] Level 1:colcon.colcon_core.package_identification:_identify(ros_logs/2025-10-24-18-17-33-103458-yiyi-144431) by extensions ['colcon_meta']
[0.494s] Level 1:colcon.colcon_core.package_identification:_identify(ros_logs/2025-10-24-18-17-33-103458-yiyi-144431) by extension 'colcon_meta'
[0.494s] Level 1:colcon.colcon_core.package_identification:_identify(ros_logs/2025-10-24-18-17-33-103458-yiyi-144431) by extensions ['ros']
[0.494s] Level 1:colcon.colcon_core.package_identification:_identify(ros_logs/2025-10-24-18-17-33-103458-yiyi-144431) by extension 'ros'
[0.494s] Level 1:colcon.colcon_core.package_identification:_identify(ros_logs/2025-10-24-18-17-33-103458-yiyi-144431) by extensions ['cmake', 'python']
[0.494s] Level 1:colcon.colcon_core.package_identification:_identify(ros_logs/2025-10-24-18-17-33-103458-yiyi-144431) by extension 'cmake'
[0.494s] Level 1:colcon.colcon_core.package_identification:_identify(ros_logs/2025-10-24-18-17-33-103458-yiyi-144431) by extension 'python'
[0.494s] Level 1:colcon.colcon_core.package_identification:_identify(ros_logs/2025-10-24-18-17-33-103458-yiyi-144431) by extensions ['python_setup_py']
[0.494s] Level 1:colcon.colcon_core.package_identification:_identify(ros_logs/2025-10-24-18-17-33-103458-yiyi-144431) by extension 'python_setup_py'
[0.494s] Level 1:colcon.colcon_core.package_identification:_identify(ros_logs/2025-10-24-18-36-50-129632-yiyi-158281) by extensions ['ignore', 'ignore_ament_install']
[0.494s] Level 1:colcon.colcon_core.package_identification:_identify(ros_logs/2025-10-24-18-36-50-129632-yiyi-158281) by extension 'ignore'
[0.494s] Level 1:colcon.colcon_core.package_identification:_identify(ros_logs/2025-10-24-18-36-50-129632-yiyi-158281) by extension 'ignore_ament_install'
[0.494s] Level 1:colcon.colcon_core.package_identification:_identify(ros_logs/2025-10-24-18-36-50-129632-yiyi-158281) by extensions ['colcon_pkg']
[0.494s] Level 1:colcon.colcon_core.package_identification:_identify(ros_logs/2025-10-24-18-36-50-129632-yiyi-158281) by extension 'colcon_pkg'
[0.494s] Level 1:colcon.colcon_core.package_identification:_identify(ros_logs/2025-10-24-18-36-50-129632-yiyi-158281) by extensions ['colcon_meta']
[0.494s] Level 1:colcon.colcon_core.package_identification:_identify(ros_logs/2025-10-24-18-36-50-129632-yiyi-158281) by extension 'colcon_meta'
[0.495s] Level 1:colcon.colcon_core.package_identification:_identify(ros_logs/2025-10-24-18-36-50-129632-yiyi-158281) by extensions ['ros']
[0.495s] Level 1:colcon.colcon_core.package_identification:_identify(ros_logs/2025-10-24-18-36-50-129632-yiyi-158281) by extension 'ros'
[0.495s] Level 1:colcon.colcon_core.package_identification:_identify(ros_logs/2025-10-24-18-36-50-129632-yiyi-158281) by extensions ['cmake', 'python']
[0.495s] Level 1:colcon.colcon_core.package_identification:_identify(ros_logs/2025-10-24-18-36-50-129632-yiyi-158281) by extension 'cmake'
[0.495s] Level 1:colcon.colcon_core.package_identification:_identify(ros_logs/2025-10-24-18-36-50-129632-yiyi-158281) by extension 'python'
[0.495s] Level 1:colcon.colcon_core.package_identification:_identify(ros_logs/2025-10-24-18-36-50-129632-yiyi-158281) by extensions ['python_setup_py']
[0.495s] Level 1:colcon.colcon_core.package_identification:_identify(ros_logs/2025-10-24-18-36-50-129632-yiyi-158281) by extension 'python_setup_py'
[0.495s] Level 1:colcon.colcon_core.package_identification:_identify(ros_logs/gz) by extensions ['ignore', 'ignore_ament_install']
[0.495s] Level 1:colcon.colcon_core.package_identification:_identify(ros_logs/gz) by extension 'ignore'
[0.495s] Level 1:colcon.colcon_core.package_identification:_identify(ros_logs/gz) by extension 'ignore_ament_install'
[0.495s] Level 1:colcon.colcon_core.package_identification:_identify(ros_logs/gz) by extensions ['colcon_pkg']
[0.495s] Level 1:colcon.colcon_core.package_identification:_identify(ros_logs/gz) by extension 'colcon_pkg'
[0.495s] Level 1:colcon.colcon_core.package_identification:_identify(ros_logs/gz) by extensions ['colcon_meta']
[0.495s] Level 1:colcon.colcon_core.package_identification:_identify(ros_logs/gz) by extension 'colcon_meta'
[0.495s] Level 1:colcon.colcon_core.package_identification:_identify(ros_logs/gz) by extensions ['ros']
[0.495s] Level 1:colcon.colcon_core.package_identification:_identify(ros_logs/gz) by extension 'ros'
[0.495s] Level 1:colcon.colcon_core.package_identification:_identify(ros_logs/gz) by extensions ['cmake', 'python']
[0.496s] Level 1:colcon.colcon_core.package_identification:_identify(ros_logs/gz) by extension 'cmake'
[0.496s] Level 1:colcon.colcon_core.package_identification:_identify(ros_logs/gz) by extension 'python'
[0.496s] Level 1:colcon.colcon_core.package_identification:_identify(ros_logs/gz) by extensions ['python_setup_py']
[0.496s] Level 1:colcon.colcon_core.package_identification:_identify(ros_logs/gz) by extension 'python_setup_py'
[0.496s] Level 1:colcon.colcon_core.package_identification:_identify(src) by extensions ['ignore', 'ignore_ament_install']
[0.496s] Level 1:colcon.colcon_core.package_identification:_identify(src) by extension 'ignore'
[0.496s] Level 1:colcon.colcon_core.package_identification:_identify(src) by extension 'ignore_ament_install'
[0.496s] Level 1:colcon.colcon_core.package_identification:_identify(src) by extensions ['colcon_pkg']
[0.496s] Level 1:colcon.colcon_core.package_identification:_identify(src) by extension 'colcon_pkg'
[0.496s] Level 1:colcon.colcon_core.package_identification:_identify(src) by extensions ['colcon_meta']
[0.496s] Level 1:colcon.colcon_core.package_identification:_identify(src) by extension 'colcon_meta'
[0.496s] Level 1:colcon.colcon_core.package_identification:_identify(src) by extensions ['ros']
[0.496s] Level 1:colcon.colcon_core.package_identification:_identify(src) by extension 'ros'
[0.496s] Level 1:colcon.colcon_core.package_identification:_identify(src) by extensions ['cmake', 'python']
[0.496s] Level 1:colcon.colcon_core.package_identification:_identify(src) by extension 'cmake'
[0.496s] Level 1:colcon.colcon_core.package_identification:_identify(src) by extension 'python'
[0.496s] Level 1:colcon.colcon_core.package_identification:_identify(src) by extensions ['python_setup_py']
[0.496s] Level 1:colcon.colcon_core.package_identification:_identify(src) by extension 'python_setup_py'
[0.497s] Level 1:colcon.colcon_core.package_identification:_identify(src/ackermann-vehicle-gzsim-ros2) by extensions ['ignore', 'ignore_ament_install']
[0.497s] Level 1:colcon.colcon_core.package_identification:_identify(src/ackermann-vehicle-gzsim-ros2) by extension 'ignore'
[0.497s] Level 1:colcon.colcon_core.package_identification:_identify(src/ackermann-vehicle-gzsim-ros2) by extension 'ignore_ament_install'
[0.497s] Level 1:colcon.colcon_core.package_identification:_identify(src/ackermann-vehicle-gzsim-ros2) by extensions ['colcon_pkg']
[0.497s] Level 1:colcon.colcon_core.package_identification:_identify(src/ackermann-vehicle-gzsim-ros2) by extension 'colcon_pkg'
[0.497s] Level 1:colcon.colcon_core.package_identification:_identify(src/ackermann-vehicle-gzsim-ros2) by extensions ['colcon_meta']
[0.497s] Level 1:colcon.colcon_core.package_identification:_identify(src/ackermann-vehicle-gzsim-ros2) by extension 'colcon_meta'
[0.497s] Level 1:colcon.colcon_core.package_identification:_identify(src/ackermann-vehicle-gzsim-ros2) by extensions ['ros']
[0.497s] Level 1:colcon.colcon_core.package_identification:_identify(src/ackermann-vehicle-gzsim-ros2) by extension 'ros'
[0.497s] Level 1:colcon.colcon_core.package_identification:_identify(src/ackermann-vehicle-gzsim-ros2) by extensions ['cmake', 'python']
[0.497s] Level 1:colcon.colcon_core.package_identification:_identify(src/ackermann-vehicle-gzsim-ros2) by extension 'cmake'
[0.497s] Level 1:colcon.colcon_core.package_identification:_identify(src/ackermann-vehicle-gzsim-ros2) by extension 'python'
[0.497s] Level 1:colcon.colcon_core.package_identification:_identify(src/ackermann-vehicle-gzsim-ros2) by extensions ['python_setup_py']
[0.497s] Level 1:colcon.colcon_core.package_identification:_identify(src/ackermann-vehicle-gzsim-ros2) by extension 'python_setup_py'
[0.498s] Level 1:colcon.colcon_core.package_identification:_identify(src/ackermann-vehicle-gzsim-ros2/saye_behaviortree) by extensions ['ignore', 'ignore_ament_install']
[0.498s] Level 1:colcon.colcon_core.package_identification:_identify(src/ackermann-vehicle-gzsim-ros2/saye_behaviortree) by extension 'ignore'
[0.498s] Level 1:colcon.colcon_core.package_identification:_identify(src/ackermann-vehicle-gzsim-ros2/saye_behaviortree) by extension 'ignore_ament_install'
[0.498s] Level 1:colcon.colcon_core.package_identification:_identify(src/ackermann-vehicle-gzsim-ros2/saye_behaviortree) by extensions ['colcon_pkg']
[0.498s] Level 1:colcon.colcon_core.package_identification:_identify(src/ackermann-vehicle-gzsim-ros2/saye_behaviortree) by extension 'colcon_pkg'
[0.498s] Level 1:colcon.colcon_core.package_identification:_identify(src/ackermann-vehicle-gzsim-ros2/saye_behaviortree) by extensions ['colcon_meta']
[0.498s] Level 1:colcon.colcon_core.package_identification:_identify(src/ackermann-vehicle-gzsim-ros2/saye_behaviortree) by extension 'colcon_meta'
[0.498s] Level 1:colcon.colcon_core.package_identification:_identify(src/ackermann-vehicle-gzsim-ros2/saye_behaviortree) by extensions ['ros']
[0.498s] Level 1:colcon.colcon_core.package_identification:_identify(src/ackermann-vehicle-gzsim-ros2/saye_behaviortree) by extension 'ros'
[0.501s] DEBUG:colcon.colcon_core.package_identification:Package 'src/ackermann-vehicle-gzsim-ros2/saye_behaviortree' with type 'ros.ament_cmake' and name 'saye_behaviortree'
[0.501s] Level 1:colcon.colcon_core.package_identification:_identify(src/ackermann-vehicle-gzsim-ros2/saye_bringup) by extensions ['ignore', 'ignore_ament_install']
[0.501s] Level 1:colcon.colcon_core.package_identification:_identify(src/ackermann-vehicle-gzsim-ros2/saye_bringup) by extension 'ignore'
[0.501s] Level 1:colcon.colcon_core.package_identification:_identify(src/ackermann-vehicle-gzsim-ros2/saye_bringup) by extension 'ignore_ament_install'
[0.501s] Level 1:colcon.colcon_core.package_identification:_identify(src/ackermann-vehicle-gzsim-ros2/saye_bringup) by extensions ['colcon_pkg']
[0.501s] Level 1:colcon.colcon_core.package_identification:_identify(src/ackermann-vehicle-gzsim-ros2/saye_bringup) by extension 'colcon_pkg'
[0.502s] Level 1:colcon.colcon_core.package_identification:_identify(src/ackermann-vehicle-gzsim-ros2/saye_bringup) by extensions ['colcon_meta']
[0.502s] Level 1:colcon.colcon_core.package_identification:_identify(src/ackermann-vehicle-gzsim-ros2/saye_bringup) by extension 'colcon_meta'
[0.502s] Level 1:colcon.colcon_core.package_identification:_identify(src/ackermann-vehicle-gzsim-ros2/saye_bringup) by extensions ['ros']
[0.502s] Level 1:colcon.colcon_core.package_identification:_identify(src/ackermann-vehicle-gzsim-ros2/saye_bringup) by extension 'ros'
[0.503s] DEBUG:colcon.colcon_core.package_identification:Package 'src/ackermann-vehicle-gzsim-ros2/saye_bringup' with type 'ros.ament_cmake' and name 'saye_bringup'
[0.503s] Level 1:colcon.colcon_core.package_identification:_identify(src/ackermann-vehicle-gzsim-ros2/saye_bringup_my) by extensions ['ignore', 'ignore_ament_install']
[0.503s] Level 1:colcon.colcon_core.package_identification:_identify(src/ackermann-vehicle-gzsim-ros2/saye_bringup_my) by extension 'ignore'
[0.503s] Level 1:colcon.colcon_core.package_identification:_identify(src/ackermann-vehicle-gzsim-ros2/saye_bringup_my) by extension 'ignore_ament_install'
[0.503s] Level 1:colcon.colcon_core.package_identification:_identify(src/ackermann-vehicle-gzsim-ros2/saye_bringup_my) by extensions ['colcon_pkg']
[0.503s] Level 1:colcon.colcon_core.package_identification:_identify(src/ackermann-vehicle-gzsim-ros2/saye_bringup_my) by extension 'colcon_pkg'
[0.503s] Level 1:colcon.colcon_core.package_identification:_identify(src/ackermann-vehicle-gzsim-ros2/saye_bringup_my) by extensions ['colcon_meta']
[0.503s] Level 1:colcon.colcon_core.package_identification:_identify(src/ackermann-vehicle-gzsim-ros2/saye_bringup_my) by extension 'colcon_meta'
[0.503s] Level 1:colcon.colcon_core.package_identification:_identify(src/ackermann-vehicle-gzsim-ros2/saye_bringup_my) by extensions ['ros']
[0.503s] Level 1:colcon.colcon_core.package_identification:_identify(src/ackermann-vehicle-gzsim-ros2/saye_bringup_my) by extension 'ros'
[0.505s] DEBUG:colcon.colcon_core.package_identification:Package 'src/ackermann-vehicle-gzsim-ros2/saye_bringup_my' with type 'ros.ament_cmake' and name 'saye_bringup_my'
[0.505s] Level 1:colcon.colcon_core.package_identification:_identify(src/ackermann-vehicle-gzsim-ros2/saye_control) by extensions ['ignore', 'ignore_ament_install']
[0.505s] Level 1:colcon.colcon_core.package_identification:_identify(src/ackermann-vehicle-gzsim-ros2/saye_control) by extension 'ignore'
[0.505s] Level 1:colcon.colcon_core.package_identification:_identify(src/ackermann-vehicle-gzsim-ros2/saye_control) by extension 'ignore_ament_install'
[0.505s] Level 1:colcon.colcon_core.package_identification:_identify(src/ackermann-vehicle-gzsim-ros2/saye_control) by extensions ['colcon_pkg']
[0.505s] Level 1:colcon.colcon_core.package_identification:_identify(src/ackermann-vehicle-gzsim-ros2/saye_control) by extension 'colcon_pkg'
[0.505s] Level 1:colcon.colcon_core.package_identification:_identify(src/ackermann-vehicle-gzsim-ros2/saye_control) by extensions ['colcon_meta']
[0.505s] Level 1:colcon.colcon_core.package_identification:_identify(src/ackermann-vehicle-gzsim-ros2/saye_control) by extension 'colcon_meta'
[0.505s] Level 1:colcon.colcon_core.package_identification:_identify(src/ackermann-vehicle-gzsim-ros2/saye_control) by extensions ['ros']
[0.505s] Level 1:colcon.colcon_core.package_identification:_identify(src/ackermann-vehicle-gzsim-ros2/saye_control) by extension 'ros'
[0.506s] DEBUG:colcon.colcon_core.package_identification:Package 'src/ackermann-vehicle-gzsim-ros2/saye_control' with type 'ros.ament_cmake' and name 'saye_control'
[0.506s] Level 1:colcon.colcon_core.package_identification:_identify(src/ackermann-vehicle-gzsim-ros2/saye_description) by extensions ['ignore', 'ignore_ament_install']
[0.507s] Level 1:colcon.colcon_core.package_identification:_identify(src/ackermann-vehicle-gzsim-ros2/saye_description) by extension 'ignore'
[0.507s] Level 1:colcon.colcon_core.package_identification:_identify(src/ackermann-vehicle-gzsim-ros2/saye_description) by extension 'ignore_ament_install'
[0.507s] Level 1:colcon.colcon_core.package_identification:_identify(src/ackermann-vehicle-gzsim-ros2/saye_description) by extensions ['colcon_pkg']
[0.507s] Level 1:colcon.colcon_core.package_identification:_identify(src/ackermann-vehicle-gzsim-ros2/saye_description) by extension 'colcon_pkg'
[0.507s] Level 1:colcon.colcon_core.package_identification:_identify(src/ackermann-vehicle-gzsim-ros2/saye_description) by extensions ['colcon_meta']
[0.507s] Level 1:colcon.colcon_core.package_identification:_identify(src/ackermann-vehicle-gzsim-ros2/saye_description) by extension 'colcon_meta'
[0.507s] Level 1:colcon.colcon_core.package_identification:_identify(src/ackermann-vehicle-gzsim-ros2/saye_description) by extensions ['ros']
[0.507s] Level 1:colcon.colcon_core.package_identification:_identify(src/ackermann-vehicle-gzsim-ros2/saye_description) by extension 'ros'
[0.508s] DEBUG:colcon.colcon_core.package_identification:Package 'src/ackermann-vehicle-gzsim-ros2/saye_description' with type 'ros.ament_cmake' and name 'saye_description'
[0.508s] Level 1:colcon.colcon_core.package_identification:_identify(src/ackermann-vehicle-gzsim-ros2/saye_localization) by extensions ['ignore', 'ignore_ament_install']
[0.508s] Level 1:colcon.colcon_core.package_identification:_identify(src/ackermann-vehicle-gzsim-ros2/saye_localization) by extension 'ignore'
[0.508s] Level 1:colcon.colcon_core.package_identification:_identify(src/ackermann-vehicle-gzsim-ros2/saye_localization) by extension 'ignore_ament_install'
[0.508s] Level 1:colcon.colcon_core.package_identification:_identify(src/ackermann-vehicle-gzsim-ros2/saye_localization) by extensions ['colcon_pkg']
[0.508s] Level 1:colcon.colcon_core.package_identification:_identify(src/ackermann-vehicle-gzsim-ros2/saye_localization) by extension 'colcon_pkg'
[0.508s] Level 1:colcon.colcon_core.package_identification:_identify(src/ackermann-vehicle-gzsim-ros2/saye_localization) by extensions ['colcon_meta']
[0.508s] Level 1:colcon.colcon_core.package_identification:_identify(src/ackermann-vehicle-gzsim-ros2/saye_localization) by extension 'colcon_meta'
[0.508s] Level 1:colcon.colcon_core.package_identification:_identify(src/ackermann-vehicle-gzsim-ros2/saye_localization) by extensions ['ros']
[0.508s] Level 1:colcon.colcon_core.package_identification:_identify(src/ackermann-vehicle-gzsim-ros2/saye_localization) by extension 'ros'
[0.509s] DEBUG:colcon.colcon_core.package_identification:Package 'src/ackermann-vehicle-gzsim-ros2/saye_localization' with type 'ros.ament_cmake' and name 'saye_localization'
[0.509s] Level 1:colcon.colcon_core.package_identification:_identify(src/ackermann-vehicle-gzsim-ros2/saye_mppi) by extensions ['ignore', 'ignore_ament_install']
[0.509s] Level 1:colcon.colcon_core.package_identification:_identify(src/ackermann-vehicle-gzsim-ros2/saye_mppi) by extension 'ignore'
[0.510s] Level 1:colcon.colcon_core.package_identification:_identify(src/ackermann-vehicle-gzsim-ros2/saye_mppi) by extension 'ignore_ament_install'
[0.510s] Level 1:colcon.colcon_core.package_identification:_identify(src/ackermann-vehicle-gzsim-ros2/saye_mppi) by extensions ['colcon_pkg']
[0.510s] Level 1:colcon.colcon_core.package_identification:_identify(src/ackermann-vehicle-gzsim-ros2/saye_mppi) by extension 'colcon_pkg'
[0.510s] Level 1:colcon.colcon_core.package_identification:_identify(src/ackermann-vehicle-gzsim-ros2/saye_mppi) by extensions ['colcon_meta']
[0.510s] Level 1:colcon.colcon_core.package_identification:_identify(src/ackermann-vehicle-gzsim-ros2/saye_mppi) by extension 'colcon_meta'
[0.510s] Level 1:colcon.colcon_core.package_identification:_identify(src/ackermann-vehicle-gzsim-ros2/saye_mppi) by extensions ['ros']
[0.510s] Level 1:colcon.colcon_core.package_identification:_identify(src/ackermann-vehicle-gzsim-ros2/saye_mppi) by extension 'ros'
[0.511s] DEBUG:colcon.colcon_core.package_identification:Package 'src/ackermann-vehicle-gzsim-ros2/saye_mppi' with type 'ros.ament_cmake' and name 'saye_mppi'
[0.511s] Level 1:colcon.colcon_core.package_identification:_identify(src/ackermann-vehicle-gzsim-ros2/saye_msgs) by extensions ['ignore', 'ignore_ament_install']
[0.511s] Level 1:colcon.colcon_core.package_identification:_identify(src/ackermann-vehicle-gzsim-ros2/saye_msgs) by extension 'ignore'
[0.511s] Level 1:colcon.colcon_core.package_identification:_identify(src/ackermann-vehicle-gzsim-ros2/saye_msgs) by extension 'ignore_ament_install'
[0.511s] Level 1:colcon.colcon_core.package_identification:_identify(src/ackermann-vehicle-gzsim-ros2/saye_msgs) by extensions ['colcon_pkg']
[0.511s] Level 1:colcon.colcon_core.package_identification:_identify(src/ackermann-vehicle-gzsim-ros2/saye_msgs) by extension 'colcon_pkg'
[0.511s] Level 1:colcon.colcon_core.package_identification:_identify(src/ackermann-vehicle-gzsim-ros2/saye_msgs) by extensions ['colcon_meta']
[0.511s] Level 1:colcon.colcon_core.package_identification:_identify(src/ackermann-vehicle-gzsim-ros2/saye_msgs) by extension 'colcon_meta'
[0.511s] Level 1:colcon.colcon_core.package_identification:_identify(src/ackermann-vehicle-gzsim-ros2/saye_msgs) by extensions ['ros']
[0.511s] Level 1:colcon.colcon_core.package_identification:_identify(src/ackermann-vehicle-gzsim-ros2/saye_msgs) by extension 'ros'
[0.512s] DEBUG:colcon.colcon_core.package_identification:Package 'src/ackermann-vehicle-gzsim-ros2/saye_msgs' with type 'ros.ament_cmake' and name 'saye_msgs'
[0.512s] Level 1:colcon.colcon_core.package_discovery:discover_packages(recursive) using defaults
[0.512s] Level 1:colcon.colcon_core.package_discovery:discover_packages(ignore) discover
[0.512s] Level 1:colcon.colcon_core.package_discovery:discover_packages(ignore) using defaults
[0.512s] Level 1:colcon.colcon_core.package_discovery:discover_packages(path) discover
[0.512s] Level 1:colcon.colcon_core.package_discovery:discover_packages(path) using defaults
[0.536s] INFO:colcon.colcon_core.package_selection:Skipping not selected package 'saye_behaviortree' in 'src/ackermann-vehicle-gzsim-ros2/saye_behaviortree'
[0.536s] INFO:colcon.colcon_core.package_selection:Skipping not selected package 'saye_description' in 'src/ackermann-vehicle-gzsim-ros2/saye_description'
[0.536s] INFO:colcon.colcon_core.package_selection:Skipping not selected package 'saye_localization' in 'src/ackermann-vehicle-gzsim-ros2/saye_localization'
[0.536s] INFO:colcon.colcon_core.package_selection:Skipping not selected package 'saye_mppi' in 'src/ackermann-vehicle-gzsim-ros2/saye_mppi'
[0.536s] INFO:colcon.colcon_core.package_selection:Skipping not selected package 'saye_msgs' in 'src/ackermann-vehicle-gzsim-ros2/saye_msgs'
[0.536s] INFO:colcon.colcon_core.package_selection:Skipping not selected package 'saye_bringup_my' in 'src/ackermann-vehicle-gzsim-ros2/saye_bringup_my'
[0.536s] INFO:colcon.colcon_core.package_selection:Skipping not selected package 'saye_control' in 'src/ackermann-vehicle-gzsim-ros2/saye_control'
[0.537s] Level 1:colcon.colcon_core.package_discovery:discover_packages(prefix_path) check parameters
[0.537s] Level 1:colcon.colcon_core.package_discovery:discover_packages(prefix_path) discover
[0.540s] DEBUG:colcon.colcon_installed_package_information.package_discovery:Found 8 installed packages in /home/yiyi/ackermann_sim/install
[0.543s] DEBUG:colcon.colcon_installed_package_information.package_discovery:Found 380 installed packages in /opt/ros/jazzy
[0.545s] Level 1:colcon.colcon_core.package_discovery:discover_packages(prefix_path) using defaults
[0.611s] Level 5:colcon.colcon_core.verb:set package 'saye_bringup' build argument 'cmake_args' from command line to 'None'
[0.611s] Level 5:colcon.colcon_core.verb:set package 'saye_bringup' build argument 'cmake_target' from command line to 'None'
[0.611s] Level 5:colcon.colcon_core.verb:set package 'saye_bringup' build argument 'cmake_target_skip_unavailable' from command line to 'False'
[0.611s] Level 5:colcon.colcon_core.verb:set package 'saye_bringup' build argument 'cmake_clean_cache' from command line to 'False'
[0.611s] Level 5:colcon.colcon_core.verb:set package 'saye_bringup' build argument 'cmake_clean_first' from command line to 'False'
[0.611s] Level 5:colcon.colcon_core.verb:set package 'saye_bringup' build argument 'cmake_force_configure' from command line to 'False'
[0.611s] Level 5:colcon.colcon_core.verb:set package 'saye_bringup' build argument 'ament_cmake_args' from command line to 'None'
[0.611s] Level 5:colcon.colcon_core.verb:set package 'saye_bringup' build argument 'catkin_cmake_args' from command line to 'None'
[0.611s] Level 5:colcon.colcon_core.verb:set package 'saye_bringup' build argument 'catkin_skip_building_tests' from command line to 'False'
[0.611s] DEBUG:colcon.colcon_core.verb:Building package 'saye_bringup' with the following arguments: {'ament_cmake_args': None, 'build_base': '/home/yiyi/ackermann_sim/build/saye_bringup', 'catkin_cmake_args': None, 'catkin_skip_building_tests': False, 'cmake_args': None, 'cmake_clean_cache': False, 'cmake_clean_first': False, 'cmake_force_configure': False, 'cmake_target': None, 'cmake_target_skip_unavailable': False, 'install_base': '/home/yiyi/ackermann_sim/install/saye_bringup', 'merge_install': False, 'path': '/home/yiyi/ackermann_sim/src/ackermann-vehicle-gzsim-ros2/saye_bringup', 'symlink_install': False, 'test_result_base': None}
[0.612s] INFO:colcon.colcon_core.executor:Executing jobs using 'parallel' executor
[0.613s] DEBUG:colcon.colcon_parallel_executor.executor.parallel:run_until_complete
[0.613s] INFO:colcon.colcon_ros.task.ament_cmake.build:Building ROS package in '/home/yiyi/ackermann_sim/src/ackermann-vehicle-gzsim-ros2/saye_bringup' with build type 'ament_cmake'
[0.613s] INFO:colcon.colcon_cmake.task.cmake.build:Building CMake package in '/home/yiyi/ackermann_sim/src/ackermann-vehicle-gzsim-ros2/saye_bringup'
[0.616s] INFO:colcon.colcon_core.plugin_system:Skipping extension 'colcon_core.shell.bat': Not used on non-Windows systems
[0.616s] INFO:colcon.colcon_core.shell:Skip shell extension 'powershell' for command environment: Not usable outside of PowerShell
[0.616s] DEBUG:colcon.colcon_core.shell:Skip shell extension 'dsv' for command environment
[0.909s] DEBUG:colcon.colcon_core.event_handler.log_command:Invoking command in '/home/yiyi/ackermann_sim/build/saye_bringup': CMAKE_PREFIX_PATH=/home/yiyi/ackermann_sim/install/saye_description:/home/yiyi/ackermann_sim/install/saye_control:/home/yiyi/ackermann_sim/install/saye_msgs:/home/yiyi/ackermann_sim/install/saye_mppi:/home/yiyi/ackermann_sim/install/saye_localization:/home/yiyi/ackermann_sim/install/saye_bringup_my:/home/yiyi/ackermann_sim/install/saye_bringup:/home/yiyi/ackermann_sim/install/saye_behaviortree:/opt/ros/jazzy/opt/gz_sim_vendor:/opt/ros/jazzy/opt/gz_sensors_vendor:/opt/ros/jazzy/opt/gz_physics_vendor:/opt/ros/jazzy/opt/sdformat_vendor:/opt/ros/jazzy/opt/gz_gui_vendor:/opt/ros/jazzy/opt/gz_transport_vendor:/opt/ros/jazzy/opt/gz_rendering_vendor:/opt/ros/jazzy/opt/gz_plugin_vendor:/opt/ros/jazzy/opt/gz_fuel_tools_vendor:/opt/ros/jazzy/opt/gz_msgs_vendor:/opt/ros/jazzy/opt/gz_common_vendor:/opt/ros/jazzy/opt/gz_math_vendor:/opt/ros/jazzy/opt/gz_utils_vendor:/opt/ros/jazzy/opt/gz_tools_vendor:/opt/ros/jazzy/opt/gz_ogre_next_vendor:/opt/ros/jazzy/opt/gz_dartsim_vendor:/opt/ros/jazzy/opt/gz_cmake_vendor:/opt/ros/jazzy GZ_SIM_SYSTEM_PLUGIN_PATH=/home/yiyi/ackermann_sim/install/saye_description/lib LD_LIBRARY_PATH=/home/yiyi/ackermann_sim/install/saye_description/lib:/home/yiyi/ackermann_sim/install/saye_msgs/lib:/opt/ros/jazzy/opt/gz_sim_vendor/lib:/opt/ros/jazzy/opt/gz_sensors_vendor/lib:/opt/ros/jazzy/opt/gz_physics_vendor/lib:/opt/ros/jazzy/opt/sdformat_vendor/lib:/opt/ros/jazzy/opt/rviz_ogre_vendor/lib:/opt/ros/jazzy/lib/x86_64-linux-gnu:/opt/ros/jazzy/opt/gz_gui_vendor/lib:/opt/ros/jazzy/opt/gz_transport_vendor/lib:/opt/ros/jazzy/opt/gz_rendering_vendor/lib:/opt/ros/jazzy/opt/gz_plugin_vendor/lib:/opt/ros/jazzy/opt/gz_fuel_tools_vendor/lib:/opt/ros/jazzy/opt/gz_msgs_vendor/lib:/opt/ros/jazzy/opt/gz_common_vendor/lib:/opt/ros/jazzy/opt/gz_math_vendor/lib:/opt/ros/jazzy/opt/gz_utils_vendor/lib:/opt/ros/jazzy/opt/gz_tools_vendor/lib:/opt/ros/jazzy/opt/gz_ogre_next_vendor/lib:/opt/ros/jazzy/opt/gz_dartsim_vendor/lib:/opt/ros/jazzy/opt/gz_cmake_vendor/lib:/opt/ros/jazzy/lib /usr/bin/cmake /home/yiyi/ackermann_sim/src/ackermann-vehicle-gzsim-ros2/saye_bringup -DCMAKE_INSTALL_PREFIX=/home/yiyi/ackermann_sim/install/saye_bringup
[-0.101s] DEBUG:colcon.colcon_core.event_handler.log_command:Invoked command in '/home/yiyi/ackermann_sim/build/saye_bringup' returned '0': CMAKE_PREFIX_PATH=/home/yiyi/ackermann_sim/install/saye_description:/home/yiyi/ackermann_sim/install/saye_control:/home/yiyi/ackermann_sim/install/saye_msgs:/home/yiyi/ackermann_sim/install/saye_mppi:/home/yiyi/ackermann_sim/install/saye_localization:/home/yiyi/ackermann_sim/install/saye_bringup_my:/home/yiyi/ackermann_sim/install/saye_bringup:/home/yiyi/ackermann_sim/install/saye_behaviortree:/opt/ros/jazzy/opt/gz_sim_vendor:/opt/ros/jazzy/opt/gz_sensors_vendor:/opt/ros/jazzy/opt/gz_physics_vendor:/opt/ros/jazzy/opt/sdformat_vendor:/opt/ros/jazzy/opt/gz_gui_vendor:/opt/ros/jazzy/opt/gz_transport_vendor:/opt/ros/jazzy/opt/gz_rendering_vendor:/opt/ros/jazzy/opt/gz_plugin_vendor:/opt/ros/jazzy/opt/gz_fuel_tools_vendor:/opt/ros/jazzy/opt/gz_msgs_vendor:/opt/ros/jazzy/opt/gz_common_vendor:/opt/ros/jazzy/opt/gz_math_vendor:/opt/ros/jazzy/opt/gz_utils_vendor:/opt/ros/jazzy/opt/gz_tools_vendor:/opt/ros/jazzy/opt/gz_ogre_next_vendor:/opt/ros/jazzy/opt/gz_dartsim_vendor:/opt/ros/jazzy/opt/gz_cmake_vendor:/opt/ros/jazzy GZ_SIM_SYSTEM_PLUGIN_PATH=/home/yiyi/ackermann_sim/install/saye_description/lib LD_LIBRARY_PATH=/home/yiyi/ackermann_sim/install/saye_description/lib:/home/yiyi/ackermann_sim/install/saye_msgs/lib:/opt/ros/jazzy/opt/gz_sim_vendor/lib:/opt/ros/jazzy/opt/gz_sensors_vendor/lib:/opt/ros/jazzy/opt/gz_physics_vendor/lib:/opt/ros/jazzy/opt/sdformat_vendor/lib:/opt/ros/jazzy/opt/rviz_ogre_vendor/lib:/opt/ros/jazzy/lib/x86_64-linux-gnu:/opt/ros/jazzy/opt/gz_gui_vendor/lib:/opt/ros/jazzy/opt/gz_transport_vendor/lib:/opt/ros/jazzy/opt/gz_rendering_vendor/lib:/opt/ros/jazzy/opt/gz_plugin_vendor/lib:/opt/ros/jazzy/opt/gz_fuel_tools_vendor/lib:/opt/ros/jazzy/opt/gz_msgs_vendor/lib:/opt/ros/jazzy/opt/gz_common_vendor/lib:/opt/ros/jazzy/opt/gz_math_vendor/lib:/opt/ros/jazzy/opt/gz_utils_vendor/lib:/opt/ros/jazzy/opt/gz_tools_vendor/lib:/opt/ros/jazzy/opt/gz_ogre_next_vendor/lib:/opt/ros/jazzy/opt/gz_dartsim_vendor/lib:/opt/ros/jazzy/opt/gz_cmake_vendor/lib:/opt/ros/jazzy/lib /usr/bin/cmake /home/yiyi/ackermann_sim/src/ackermann-vehicle-gzsim-ros2/saye_bringup -DCMAKE_INSTALL_PREFIX=/home/yiyi/ackermann_sim/install/saye_bringup
[-0.099s] DEBUG:colcon.colcon_core.event_handler.log_command:Invoking command in '/home/yiyi/ackermann_sim/build/saye_bringup': CMAKE_PREFIX_PATH=/home/yiyi/ackermann_sim/install/saye_description:/home/yiyi/ackermann_sim/install/saye_control:/home/yiyi/ackermann_sim/install/saye_msgs:/home/yiyi/ackermann_sim/install/saye_mppi:/home/yiyi/ackermann_sim/install/saye_localization:/home/yiyi/ackermann_sim/install/saye_bringup_my:/home/yiyi/ackermann_sim/install/saye_bringup:/home/yiyi/ackermann_sim/install/saye_behaviortree:/opt/ros/jazzy/opt/gz_sim_vendor:/opt/ros/jazzy/opt/gz_sensors_vendor:/opt/ros/jazzy/opt/gz_physics_vendor:/opt/ros/jazzy/opt/sdformat_vendor:/opt/ros/jazzy/opt/gz_gui_vendor:/opt/ros/jazzy/opt/gz_transport_vendor:/opt/ros/jazzy/opt/gz_rendering_vendor:/opt/ros/jazzy/opt/gz_plugin_vendor:/opt/ros/jazzy/opt/gz_fuel_tools_vendor:/opt/ros/jazzy/opt/gz_msgs_vendor:/opt/ros/jazzy/opt/gz_common_vendor:/opt/ros/jazzy/opt/gz_math_vendor:/opt/ros/jazzy/opt/gz_utils_vendor:/opt/ros/jazzy/opt/gz_tools_vendor:/opt/ros/jazzy/opt/gz_ogre_next_vendor:/opt/ros/jazzy/opt/gz_dartsim_vendor:/opt/ros/jazzy/opt/gz_cmake_vendor:/opt/ros/jazzy GZ_SIM_SYSTEM_PLUGIN_PATH=/home/yiyi/ackermann_sim/install/saye_description/lib LD_LIBRARY_PATH=/home/yiyi/ackermann_sim/install/saye_description/lib:/home/yiyi/ackermann_sim/install/saye_msgs/lib:/opt/ros/jazzy/opt/gz_sim_vendor/lib:/opt/ros/jazzy/opt/gz_sensors_vendor/lib:/opt/ros/jazzy/opt/gz_physics_vendor/lib:/opt/ros/jazzy/opt/sdformat_vendor/lib:/opt/ros/jazzy/opt/rviz_ogre_vendor/lib:/opt/ros/jazzy/lib/x86_64-linux-gnu:/opt/ros/jazzy/opt/gz_gui_vendor/lib:/opt/ros/jazzy/opt/gz_transport_vendor/lib:/opt/ros/jazzy/opt/gz_rendering_vendor/lib:/opt/ros/jazzy/opt/gz_plugin_vendor/lib:/opt/ros/jazzy/opt/gz_fuel_tools_vendor/lib:/opt/ros/jazzy/opt/gz_msgs_vendor/lib:/opt/ros/jazzy/opt/gz_common_vendor/lib:/opt/ros/jazzy/opt/gz_math_vendor/lib:/opt/ros/jazzy/opt/gz_utils_vendor/lib:/opt/ros/jazzy/opt/gz_tools_vendor/lib:/opt/ros/jazzy/opt/gz_ogre_next_vendor/lib:/opt/ros/jazzy/opt/gz_dartsim_vendor/lib:/opt/ros/jazzy/opt/gz_cmake_vendor/lib:/opt/ros/jazzy/lib /usr/bin/cmake --build /home/yiyi/ackermann_sim/build/saye_bringup -- -j16 -l16
[-0.016s] DEBUG:colcon.colcon_core.event_handler.log_command:Invoked command in '/home/yiyi/ackermann_sim/build/saye_bringup' returned '0': CMAKE_PREFIX_PATH=/home/yiyi/ackermann_sim/install/saye_description:/home/yiyi/ackermann_sim/install/saye_control:/home/yiyi/ackermann_sim/install/saye_msgs:/home/yiyi/ackermann_sim/install/saye_mppi:/home/yiyi/ackermann_sim/install/saye_localization:/home/yiyi/ackermann_sim/install/saye_bringup_my:/home/yiyi/ackermann_sim/install/saye_bringup:/home/yiyi/ackermann_sim/install/saye_behaviortree:/opt/ros/jazzy/opt/gz_sim_vendor:/opt/ros/jazzy/opt/gz_sensors_vendor:/opt/ros/jazzy/opt/gz_physics_vendor:/opt/ros/jazzy/opt/sdformat_vendor:/opt/ros/jazzy/opt/gz_gui_vendor:/opt/ros/jazzy/opt/gz_transport_vendor:/opt/ros/jazzy/opt/gz_rendering_vendor:/opt/ros/jazzy/opt/gz_plugin_vendor:/opt/ros/jazzy/opt/gz_fuel_tools_vendor:/opt/ros/jazzy/opt/gz_msgs_vendor:/opt/ros/jazzy/opt/gz_common_vendor:/opt/ros/jazzy/opt/gz_math_vendor:/opt/ros/jazzy/opt/gz_utils_vendor:/opt/ros/jazzy/opt/gz_tools_vendor:/opt/ros/jazzy/opt/gz_ogre_next_vendor:/opt/ros/jazzy/opt/gz_dartsim_vendor:/opt/ros/jazzy/opt/gz_cmake_vendor:/opt/ros/jazzy GZ_SIM_SYSTEM_PLUGIN_PATH=/home/yiyi/ackermann_sim/install/saye_description/lib LD_LIBRARY_PATH=/home/yiyi/ackermann_sim/install/saye_description/lib:/home/yiyi/ackermann_sim/install/saye_msgs/lib:/opt/ros/jazzy/opt/gz_sim_vendor/lib:/opt/ros/jazzy/opt/gz_sensors_vendor/lib:/opt/ros/jazzy/opt/gz_physics_vendor/lib:/opt/ros/jazzy/opt/sdformat_vendor/lib:/opt/ros/jazzy/opt/rviz_ogre_vendor/lib:/opt/ros/jazzy/lib/x86_64-linux-gnu:/opt/ros/jazzy/opt/gz_gui_vendor/lib:/opt/ros/jazzy/opt/gz_transport_vendor/lib:/opt/ros/jazzy/opt/gz_rendering_vendor/lib:/opt/ros/jazzy/opt/gz_plugin_vendor/lib:/opt/ros/jazzy/opt/gz_fuel_tools_vendor/lib:/opt/ros/jazzy/opt/gz_msgs_vendor/lib:/opt/ros/jazzy/opt/gz_common_vendor/lib:/opt/ros/jazzy/opt/gz_math_vendor/lib:/opt/ros/jazzy/opt/gz_utils_vendor/lib:/opt/ros/jazzy/opt/gz_tools_vendor/lib:/opt/ros/jazzy/opt/gz_ogre_next_vendor/lib:/opt/ros/jazzy/opt/gz_dartsim_vendor/lib:/opt/ros/jazzy/opt/gz_cmake_vendor/lib:/opt/ros/jazzy/lib /usr/bin/cmake --build /home/yiyi/ackermann_sim/build/saye_bringup -- -j16 -l16
[0.007s] DEBUG:colcon.colcon_core.event_handler.log_command:Invoking command in '/home/yiyi/ackermann_sim/build/saye_bringup': CMAKE_PREFIX_PATH=/home/yiyi/ackermann_sim/install/saye_description:/home/yiyi/ackermann_sim/install/saye_control:/home/yiyi/ackermann_sim/install/saye_msgs:/home/yiyi/ackermann_sim/install/saye_mppi:/home/yiyi/ackermann_sim/install/saye_localization:/home/yiyi/ackermann_sim/install/saye_bringup_my:/home/yiyi/ackermann_sim/install/saye_bringup:/home/yiyi/ackermann_sim/install/saye_behaviortree:/opt/ros/jazzy/opt/gz_sim_vendor:/opt/ros/jazzy/opt/gz_sensors_vendor:/opt/ros/jazzy/opt/gz_physics_vendor:/opt/ros/jazzy/opt/sdformat_vendor:/opt/ros/jazzy/opt/gz_gui_vendor:/opt/ros/jazzy/opt/gz_transport_vendor:/opt/ros/jazzy/opt/gz_rendering_vendor:/opt/ros/jazzy/opt/gz_plugin_vendor:/opt/ros/jazzy/opt/gz_fuel_tools_vendor:/opt/ros/jazzy/opt/gz_msgs_vendor:/opt/ros/jazzy/opt/gz_common_vendor:/opt/ros/jazzy/opt/gz_math_vendor:/opt/ros/jazzy/opt/gz_utils_vendor:/opt/ros/jazzy/opt/gz_tools_vendor:/opt/ros/jazzy/opt/gz_ogre_next_vendor:/opt/ros/jazzy/opt/gz_dartsim_vendor:/opt/ros/jazzy/opt/gz_cmake_vendor:/opt/ros/jazzy GZ_SIM_SYSTEM_PLUGIN_PATH=/home/yiyi/ackermann_sim/install/saye_description/lib LD_LIBRARY_PATH=/home/yiyi/ackermann_sim/install/saye_description/lib:/home/yiyi/ackermann_sim/install/saye_msgs/lib:/opt/ros/jazzy/opt/gz_sim_vendor/lib:/opt/ros/jazzy/opt/gz_sensors_vendor/lib:/opt/ros/jazzy/opt/gz_physics_vendor/lib:/opt/ros/jazzy/opt/sdformat_vendor/lib:/opt/ros/jazzy/opt/rviz_ogre_vendor/lib:/opt/ros/jazzy/lib/x86_64-linux-gnu:/opt/ros/jazzy/opt/gz_gui_vendor/lib:/opt/ros/jazzy/opt/gz_transport_vendor/lib:/opt/ros/jazzy/opt/gz_rendering_vendor/lib:/opt/ros/jazzy/opt/gz_plugin_vendor/lib:/opt/ros/jazzy/opt/gz_fuel_tools_vendor/lib:/opt/ros/jazzy/opt/gz_msgs_vendor/lib:/opt/ros/jazzy/opt/gz_common_vendor/lib:/opt/ros/jazzy/opt/gz_math_vendor/lib:/opt/ros/jazzy/opt/gz_utils_vendor/lib:/opt/ros/jazzy/opt/gz_tools_vendor/lib:/opt/ros/jazzy/opt/gz_ogre_next_vendor/lib:/opt/ros/jazzy/opt/gz_dartsim_vendor/lib:/opt/ros/jazzy/opt/gz_cmake_vendor/lib:/opt/ros/jazzy/lib /usr/bin/cmake --install /home/yiyi/ackermann_sim/build/saye_bringup
[0.055s] Level 1:colcon.colcon_core.environment:create_environment_scripts_only(saye_bringup)
[0.056s] DEBUG:colcon.colcon_core.event_handler.log_command:Invoked command in '/home/yiyi/ackermann_sim/build/saye_bringup' returned '0': CMAKE_PREFIX_PATH=/home/yiyi/ackermann_sim/install/saye_description:/home/yiyi/ackermann_sim/install/saye_control:/home/yiyi/ackermann_sim/install/saye_msgs:/home/yiyi/ackermann_sim/install/saye_mppi:/home/yiyi/ackermann_sim/install/saye_localization:/home/yiyi/ackermann_sim/install/saye_bringup_my:/home/yiyi/ackermann_sim/install/saye_bringup:/home/yiyi/ackermann_sim/install/saye_behaviortree:/opt/ros/jazzy/opt/gz_sim_vendor:/opt/ros/jazzy/opt/gz_sensors_vendor:/opt/ros/jazzy/opt/gz_physics_vendor:/opt/ros/jazzy/opt/sdformat_vendor:/opt/ros/jazzy/opt/gz_gui_vendor:/opt/ros/jazzy/opt/gz_transport_vendor:/opt/ros/jazzy/opt/gz_rendering_vendor:/opt/ros/jazzy/opt/gz_plugin_vendor:/opt/ros/jazzy/opt/gz_fuel_tools_vendor:/opt/ros/jazzy/opt/gz_msgs_vendor:/opt/ros/jazzy/opt/gz_common_vendor:/opt/ros/jazzy/opt/gz_math_vendor:/opt/ros/jazzy/opt/gz_utils_vendor:/opt/ros/jazzy/opt/gz_tools_vendor:/opt/ros/jazzy/opt/gz_ogre_next_vendor:/opt/ros/jazzy/opt/gz_dartsim_vendor:/opt/ros/jazzy/opt/gz_cmake_vendor:/opt/ros/jazzy GZ_SIM_SYSTEM_PLUGIN_PATH=/home/yiyi/ackermann_sim/install/saye_description/lib LD_LIBRARY_PATH=/home/yiyi/ackermann_sim/install/saye_description/lib:/home/yiyi/ackermann_sim/install/saye_msgs/lib:/opt/ros/jazzy/opt/gz_sim_vendor/lib:/opt/ros/jazzy/opt/gz_sensors_vendor/lib:/opt/ros/jazzy/opt/gz_physics_vendor/lib:/opt/ros/jazzy/opt/sdformat_vendor/lib:/opt/ros/jazzy/opt/rviz_ogre_vendor/lib:/opt/ros/jazzy/lib/x86_64-linux-gnu:/opt/ros/jazzy/opt/gz_gui_vendor/lib:/opt/ros/jazzy/opt/gz_transport_vendor/lib:/opt/ros/jazzy/opt/gz_rendering_vendor/lib:/opt/ros/jazzy/opt/gz_plugin_vendor/lib:/opt/ros/jazzy/opt/gz_fuel_tools_vendor/lib:/opt/ros/jazzy/opt/gz_msgs_vendor/lib:/opt/ros/jazzy/opt/gz_common_vendor/lib:/opt/ros/jazzy/opt/gz_math_vendor/lib:/opt/ros/jazzy/opt/gz_utils_vendor/lib:/opt/ros/jazzy/opt/gz_tools_vendor/lib:/opt/ros/jazzy/opt/gz_ogre_next_vendor/lib:/opt/ros/jazzy/opt/gz_dartsim_vendor/lib:/opt/ros/jazzy/opt/gz_cmake_vendor/lib:/opt/ros/jazzy/lib /usr/bin/cmake --install /home/yiyi/ackermann_sim/build/saye_bringup
[0.059s] Level 1:colcon.colcon_core.environment:checking '/home/yiyi/ackermann_sim/install/saye_bringup' for CMake module files
[0.059s] Level 1:colcon.colcon_core.environment:checking '/home/yiyi/ackermann_sim/install/saye_bringup' for CMake config files
[0.060s] Level 1:colcon.colcon_core.shell:create_environment_hook('saye_bringup', 'cmake_prefix_path')
[0.060s] INFO:colcon.colcon_core.shell:Creating environment hook '/home/yiyi/ackermann_sim/install/saye_bringup/share/saye_bringup/hook/cmake_prefix_path.ps1'
[0.061s] INFO:colcon.colcon_core.shell:Creating environment descriptor '/home/yiyi/ackermann_sim/install/saye_bringup/share/saye_bringup/hook/cmake_prefix_path.dsv'
[0.061s] INFO:colcon.colcon_core.shell:Creating environment hook '/home/yiyi/ackermann_sim/install/saye_bringup/share/saye_bringup/hook/cmake_prefix_path.sh'
[0.062s] Level 1:colcon.colcon_core.environment:checking '/home/yiyi/ackermann_sim/install/saye_bringup/bin'
[0.063s] Level 1:colcon.colcon_core.environment:checking '/home/yiyi/ackermann_sim/install/saye_bringup/lib/pkgconfig/saye_bringup.pc'
[0.063s] Level 1:colcon.colcon_core.environment:checking '/home/yiyi/ackermann_sim/install/saye_bringup/lib/python3.12/site-packages'
[0.063s] Level 1:colcon.colcon_core.environment:checking '/home/yiyi/ackermann_sim/install/saye_bringup/bin'
[0.063s] INFO:colcon.colcon_core.shell:Creating package script '/home/yiyi/ackermann_sim/install/saye_bringup/share/saye_bringup/package.ps1'
[0.064s] INFO:colcon.colcon_core.shell:Creating package descriptor '/home/yiyi/ackermann_sim/install/saye_bringup/share/saye_bringup/package.dsv'
[0.065s] INFO:colcon.colcon_core.shell:Creating package script '/home/yiyi/ackermann_sim/install/saye_bringup/share/saye_bringup/package.sh'
[0.066s] INFO:colcon.colcon_core.shell:Creating package script '/home/yiyi/ackermann_sim/install/saye_bringup/share/saye_bringup/package.bash'
[0.066s] INFO:colcon.colcon_core.shell:Creating package script '/home/yiyi/ackermann_sim/install/saye_bringup/share/saye_bringup/package.zsh'
[0.067s] Level 1:colcon.colcon_core.environment:create_file_with_runtime_dependencies(/home/yiyi/ackermann_sim/install/saye_bringup/share/colcon-core/packages/saye_bringup)
[0.068s] Level 1:colcon.colcon_core.environment:create_environment_scripts_only(saye_bringup)
[0.068s] Level 1:colcon.colcon_core.environment:checking '/home/yiyi/ackermann_sim/install/saye_bringup' for CMake module files
[0.068s] Level 1:colcon.colcon_core.environment:checking '/home/yiyi/ackermann_sim/install/saye_bringup' for CMake config files
[0.069s] Level 1:colcon.colcon_core.shell:create_environment_hook('saye_bringup', 'cmake_prefix_path')
[0.069s] INFO:colcon.colcon_core.shell:Creating environment hook '/home/yiyi/ackermann_sim/install/saye_bringup/share/saye_bringup/hook/cmake_prefix_path.ps1'
[0.070s] INFO:colcon.colcon_core.shell:Creating environment descriptor '/home/yiyi/ackermann_sim/install/saye_bringup/share/saye_bringup/hook/cmake_prefix_path.dsv'
[0.070s] INFO:colcon.colcon_core.shell:Creating environment hook '/home/yiyi/ackermann_sim/install/saye_bringup/share/saye_bringup/hook/cmake_prefix_path.sh'
[0.071s] Level 1:colcon.colcon_core.environment:checking '/home/yiyi/ackermann_sim/install/saye_bringup/bin'
[0.071s] Level 1:colcon.colcon_core.environment:checking '/home/yiyi/ackermann_sim/install/saye_bringup/lib/pkgconfig/saye_bringup.pc'
[0.071s] Level 1:colcon.colcon_core.environment:checking '/home/yiyi/ackermann_sim/install/saye_bringup/lib/python3.12/site-packages'
[0.071s] Level 1:colcon.colcon_core.environment:checking '/home/yiyi/ackermann_sim/install/saye_bringup/bin'
[0.072s] INFO:colcon.colcon_core.shell:Creating package script '/home/yiyi/ackermann_sim/install/saye_bringup/share/saye_bringup/package.ps1'
[0.072s] INFO:colcon.colcon_core.shell:Creating package descriptor '/home/yiyi/ackermann_sim/install/saye_bringup/share/saye_bringup/package.dsv'
[0.073s] INFO:colcon.colcon_core.shell:Creating package script '/home/yiyi/ackermann_sim/install/saye_bringup/share/saye_bringup/package.sh'
[0.073s] INFO:colcon.colcon_core.shell:Creating package script '/home/yiyi/ackermann_sim/install/saye_bringup/share/saye_bringup/package.bash'
[0.074s] INFO:colcon.colcon_core.shell:Creating package script '/home/yiyi/ackermann_sim/install/saye_bringup/share/saye_bringup/package.zsh'
[0.074s] Level 1:colcon.colcon_core.environment:create_file_with_runtime_dependencies(/home/yiyi/ackermann_sim/install/saye_bringup/share/colcon-core/packages/saye_bringup)
[0.075s] DEBUG:colcon.colcon_parallel_executor.executor.parallel:closing loop
[0.075s] DEBUG:colcon.colcon_parallel_executor.executor.parallel:loop closed
[0.076s] DEBUG:colcon.colcon_parallel_executor.executor.parallel:run_until_complete finished with '0'
[0.076s] DEBUG:colcon.colcon_core.event_reactor:joining thread
[0.214s] INFO:colcon.colcon_core.plugin_system:Skipping extension 'colcon_notification.desktop_notification.notify_send': Could not find 'notify-send'
[0.214s] INFO:colcon.colcon_core.plugin_system:Skipping extension 'colcon_notification.desktop_notification.terminal_notifier': Not used on non-Darwin systems
[0.214s] INFO:colcon.colcon_core.plugin_system:Skipping extension 'colcon_notification.desktop_notification.win32': Not used on non-Windows systems
[0.215s] INFO:colcon.colcon_notification.desktop_notification:Sending desktop notification using 'notify2'
[0.216s] DEBUG:colcon.colcon_notification.desktop_notification.notify2:Failed to initialize notify2: org.freedesktop.DBus.Error.ServiceUnknown: The name org.freedesktop.Notifications was not provided by any .service files
[0.216s] DEBUG:colcon.colcon_core.event_reactor:joined thread
[0.217s] INFO:colcon.colcon_core.shell:Creating prefix script '/home/yiyi/ackermann_sim/install/local_setup.ps1'
[0.218s] INFO:colcon.colcon_core.shell:Creating prefix util module '/home/yiyi/ackermann_sim/install/_local_setup_util_ps1.py'
[0.219s] INFO:colcon.colcon_core.shell:Creating prefix chain script '/home/yiyi/ackermann_sim/install/setup.ps1'
[0.221s] INFO:colcon.colcon_core.shell:Creating prefix script '/home/yiyi/ackermann_sim/install/local_setup.sh'
[0.221s] INFO:colcon.colcon_core.shell:Creating prefix util module '/home/yiyi/ackermann_sim/install/_local_setup_util_sh.py'
[0.222s] INFO:colcon.colcon_core.shell:Creating prefix chain script '/home/yiyi/ackermann_sim/install/setup.sh'
[0.224s] INFO:colcon.colcon_core.shell:Creating prefix script '/home/yiyi/ackermann_sim/install/local_setup.bash'
[0.225s] INFO:colcon.colcon_core.shell:Creating prefix chain script '/home/yiyi/ackermann_sim/install/setup.bash'
[0.226s] INFO:colcon.colcon_core.shell:Creating prefix script '/home/yiyi/ackermann_sim/install/local_setup.zsh'
[0.227s] INFO:colcon.colcon_core.shell:Creating prefix chain script '/home/yiyi/ackermann_sim/install/setup.zsh'
